[    0.000000] Linux version 6.8.6-gentoo (root@p53) (gcc (Gentoo 13.2.1_p20240210 p14) 13.2.1 20240210, GNU ld (Gentoo 2.42 p3) 2.42.0) #38 SMP PREEMPT_DYNAMIC Fri Apr 19 12:58:44 -00 2024
[    0.000000] Command line: BOOT_IMAGE=/kernel-6.8.6-gt-64g.efi root=PARTUUID=a8f4911b-b44b-466a-9c9c-d30789efbe40 ro
[    0.000000] BIOS-provided physical RAM map:
[    0.000000] BIOS-e820: [mem 0x0000000000000000-0x000000000009efff] usable
[    0.000000] BIOS-e820: [mem 0x000000000009f000-0x00000000000fffff] reserved
[    0.000000] BIOS-e820: [mem 0x0000000000100000-0x000000006f23bfff] usable
[    0.000000] BIOS-e820: [mem 0x000000006f23c000-0x000000006f23cfff] reserved
[    0.000000] BIOS-e820: [mem 0x000000006f23d000-0x000000007a792fff] usable
[    0.000000] BIOS-e820: [mem 0x000000007a793000-0x000000007fa6cfff] reserved
[    0.000000] BIOS-e820: [mem 0x000000007fa6d000-0x000000007fca9fff] ACPI NVS
[    0.000000] BIOS-e820: [mem 0x000000007fcaa000-0x000000007fd0efff] ACPI data
[    0.000000] BIOS-e820: [mem 0x000000007fd0f000-0x000000007fd0ffff] usable
[    0.000000] BIOS-e820: [mem 0x000000007fd10000-0x0000000087ffffff] reserved
[    0.000000] BIOS-e820: [mem 0x0000000088000000-0x00000000887fffff] usable
[    0.000000] BIOS-e820: [mem 0x0000000088800000-0x000000008f7fffff] reserved
[    0.000000] BIOS-e820: [mem 0x00000000fe010000-0x00000000fe010fff] reserved
[    0.000000] BIOS-e820: [mem 0x0000000100000000-0x000000106e7fffff] usable
[    0.000000] NX (Execute Disable) protection: active
[    0.000000] APIC: Static calls initialized
[    0.000000] efi: EFI v2.6 by Lenovo
[    0.000000] efi: SMBIOS=0x7cebe000 SMBIOS 3.0=0x7ceb1000 ACPI=0x7fd0e000 ACPI 2.0=0x7fd0e014 MEMATTR=0x74fda018 ESRT=0x7cc96000 RNG=0x7fd0d018 
[    0.000000] random: crng init done
[    0.000000] efi: Not removing mem68: MMIO range=[0xfe010000-0xfe010fff] (4KB) from e820 map
[    0.000000] SMBIOS 3.1.1 present.
[    0.000000] DMI: LENOVO 20QQS1H508/20QQS1H508, BIOS N2NET59W (1.44 ) 02/21/2024
[    0.000000] tsc: Detected 2600.000 MHz processor
[    0.000000] tsc: Detected 2599.992 MHz TSC
[    0.000003] e820: update [mem 0x00000000-0x00000fff] usable ==> reserved
[    0.000006] e820: remove [mem 0x000a0000-0x000fffff] usable
[    0.000011] last_pfn = 0x106e800 max_arch_pfn = 0x400000000
[    0.000015] MTRR map: 5 entries (3 fixed + 2 variable; max 23), built from 10 variable MTRRs
[    0.000017] x86/PAT: Configuration [0-7]: WB  WC  UC- UC  WB  WP  UC- WT  
[    0.000365] last_pfn = 0x88800 max_arch_pfn = 0x400000000
[    0.008188] esrt: Reserving ESRT space from 0x000000007cc96000 to 0x000000007cc960b0.
[    0.008195] Using GB pages for direct mapping
[    0.008489] Secure boot disabled
[    0.008491] ACPI: Early table checksum verification disabled
[    0.008492] ACPI: RSDP 0x000000007FD0E014 000024 (v02 LENOVO)
[    0.008496] ACPI: XSDT 0x000000007FD0C188 00010C (v01 LENOVO TP-N2N   00001440 PTEC 00000002)
[    0.008502] ACPI: FACP 0x000000007CCC9000 000114 (v06 LENOVO TP-N2N   00001440 PTEC 00000002)
[    0.008506] ACPI: DSDT 0x000000007CC9D000 027A69 (v02 LENOVO CFL      20170001 INTL 20160422)
[    0.008510] ACPI: FACS 0x000000007FAEB000 000040
[    0.008512] ACPI: SSDT 0x000000007CD20000 001B26 (v02 LENOVO CpuSsdt  00003000 INTL 20160527)
[    0.008515] ACPI: SSDT 0x000000007CD1F000 00056D (v02 LENOVO CtdpB    00001000 INTL 20160527)
[    0.008518] ACPI: SSDT 0x000000007CCE5000 004020 (v02 LENOVO DptfTabl 00001000 INTL 20160527)
[    0.008520] ACPI: SSDT 0x000000007CCCF000 003189 (v02 LENOVO SaSsdt   00003000 INTL 20160527)
[    0.008523] ACPI: SSDT 0x000000007CCCC000 002A59 (v02 LENOVO PegSsdt  00001000 INTL 20160527)
[    0.008526] ACPI: UEFI 0x000000007FB0C000 000042 (v01 LENOVO TP-N2N   00001440 PTEC 00000002)
[    0.008528] ACPI: SSDT 0x000000007CCCA000 000530 (v02 LENOVO PerfTune 00001000 INTL 20160527)
[    0.008531] ACPI: HPET 0x000000007CCC8000 000038 (v01 LENOVO TP-N2N   00001440 PTEC 00000002)
[    0.008533] ACPI: APIC 0x000000007CCC7000 00012C (v03 LENOVO TP-N2N   00001440 PTEC 00000002)
[    0.008536] ACPI: MCFG 0x000000007CCC6000 00003C (v01 LENOVO TP-N2N   00001440 PTEC 00000002)
[    0.008539] ACPI: ECDT 0x000000007CCC5000 000053 (v01 LENOVO TP-N2N   00001440 PTEC 00000002)
[    0.008541] ACPI: SSDT 0x000000007CC9B000 001A5F (v02 LENOVO CflH_Tbt 00001000 INTL 20160527)
[    0.008544] ACPI: SSDT 0x000000007CC98000 002990 (v02 LENOVO ProjSsdt 00000010 INTL 20160527)
[    0.008546] ACPI: BOOT 0x000000007CC97000 000028 (v01 LENOVO TP-N2N   00001440 PTEC 00000002)
[    0.008549] ACPI: SLIC 0x000000007CC95000 000176 (v01 LENOVO TP-N2N   00001440 PTEC 00000002)
[    0.008551] ACPI: SSDT 0x000000007CC94000 000E8A (v02 LENOVO UsbCTabl 00001000 INTL 20160527)
[    0.008554] ACPI: LPIT 0x000000007CC93000 000094 (v01 LENOVO TP-N2N   00001440 PTEC 00000002)
[    0.008557] ACPI: WSMT 0x000000007CC92000 000028 (v01 LENOVO TP-N2N   00001440 PTEC 00000002)
[    0.008559] ACPI: SSDT 0x000000007CC90000 001667 (v02 LENOVO TbtTypeC 00000000 INTL 20160527)
[    0.008562] ACPI: DBGP 0x000000007CC8F000 000034 (v01 LENOVO TP-N2N   00001440 PTEC 00000002)
[    0.008564] ACPI: DBG2 0x000000007CC8E000 000054 (v00 LENOVO TP-N2N   00001440 PTEC 00000002)
[    0.008567] ACPI: MSDM 0x000000007CC8D000 000055 (v03 LENOVO TP-N2N   00001440 PTEC 00000002)
[    0.008570] ACPI: BATB 0x000000007CAAF000 00004A (v02 LENOVO TP-N2N   00001440 PTEC 00000002)
[    0.008572] ACPI: SSDT 0x000000007ACA8000 001DB5 (v01 LENOVO NvOptTbl 00001000 INTL 20160527)
[    0.008575] ACPI: SSDT 0x000000007ACA7000 0000AE (v02 LENOVO SgPeg    00001000 INTL 20160527)
[    0.008577] ACPI: ASF! 0x000000007ACA6000 0000A0 (v32 LENOVO TP-N2N   00001440 PTEC 00000002)
[    0.008580] ACPI: FPDT 0x000000007ACA5000 000034 (v01 LENOVO TP-N2N   00001440 PTEC 00000002)
[    0.008582] ACPI: UEFI 0x000000007FAB7000 00012A (v01 LENOVO TP-N2N   00001440 PTEC 00000002)
[    0.008585] ACPI: Reserving FACP table memory at [mem 0x7ccc9000-0x7ccc9113]
[    0.008586] ACPI: Reserving DSDT table memory at [mem 0x7cc9d000-0x7ccc4a68]
[    0.008587] ACPI: Reserving FACS table memory at [mem 0x7faeb000-0x7faeb03f]
[    0.008588] ACPI: Reserving SSDT table memory at [mem 0x7cd20000-0x7cd21b25]
[    0.008589] ACPI: Reserving SSDT table memory at [mem 0x7cd1f000-0x7cd1f56c]
[    0.008590] ACPI: Reserving SSDT table memory at [mem 0x7cce5000-0x7cce901f]
[    0.008591] ACPI: Reserving SSDT table memory at [mem 0x7cccf000-0x7ccd2188]
[    0.008592] ACPI: Reserving SSDT table memory at [mem 0x7cccc000-0x7cccea58]
[    0.008593] ACPI: Reserving UEFI table memory at [mem 0x7fb0c000-0x7fb0c041]
[    0.008594] ACPI: Reserving SSDT table memory at [mem 0x7ccca000-0x7ccca52f]
[    0.008595] ACPI: Reserving HPET table memory at [mem 0x7ccc8000-0x7ccc8037]
[    0.008596] ACPI: Reserving APIC table memory at [mem 0x7ccc7000-0x7ccc712b]
[    0.008596] ACPI: Reserving MCFG table memory at [mem 0x7ccc6000-0x7ccc603b]
[    0.008597] ACPI: Reserving ECDT table memory at [mem 0x7ccc5000-0x7ccc5052]
[    0.008598] ACPI: Reserving SSDT table memory at [mem 0x7cc9b000-0x7cc9ca5e]
[    0.008599] ACPI: Reserving SSDT table memory at [mem 0x7cc98000-0x7cc9a98f]
[    0.008600] ACPI: Reserving BOOT table memory at [mem 0x7cc97000-0x7cc97027]
[    0.008601] ACPI: Reserving SLIC table memory at [mem 0x7cc95000-0x7cc95175]
[    0.008602] ACPI: Reserving SSDT table memory at [mem 0x7cc94000-0x7cc94e89]
[    0.008603] ACPI: Reserving LPIT table memory at [mem 0x7cc93000-0x7cc93093]
[    0.008603] ACPI: Reserving WSMT table memory at [mem 0x7cc92000-0x7cc92027]
[    0.008604] ACPI: Reserving SSDT table memory at [mem 0x7cc90000-0x7cc91666]
[    0.008605] ACPI: Reserving DBGP table memory at [mem 0x7cc8f000-0x7cc8f033]
[    0.008606] ACPI: Reserving DBG2 table memory at [mem 0x7cc8e000-0x7cc8e053]
[    0.008607] ACPI: Reserving MSDM table memory at [mem 0x7cc8d000-0x7cc8d054]
[    0.008608] ACPI: Reserving BATB table memory at [mem 0x7caaf000-0x7caaf049]
[    0.008609] ACPI: Reserving SSDT table memory at [mem 0x7aca8000-0x7aca9db4]
[    0.008610] ACPI: Reserving SSDT table memory at [mem 0x7aca7000-0x7aca70ad]
[    0.008611] ACPI: Reserving ASF! table memory at [mem 0x7aca6000-0x7aca609f]
[    0.008612] ACPI: Reserving FPDT table memory at [mem 0x7aca5000-0x7aca5033]
[    0.008612] ACPI: Reserving UEFI table memory at [mem 0x7fab7000-0x7fab7129]
[    0.008677] Zone ranges:
[    0.008678]   DMA      [mem 0x0000000000001000-0x0000000000ffffff]
[    0.008680]   DMA32    [mem 0x0000000001000000-0x00000000ffffffff]
[    0.008682]   Normal   [mem 0x0000000100000000-0x000000106e7fffff]
[    0.008683] Movable zone start for each node
[    0.008684] Early memory node ranges
[    0.008684]   node   0: [mem 0x0000000000001000-0x000000000009efff]
[    0.008686]   node   0: [mem 0x0000000000100000-0x000000006f23bfff]
[    0.008687]   node   0: [mem 0x000000006f23d000-0x000000007a792fff]
[    0.008688]   node   0: [mem 0x000000007fd0f000-0x000000007fd0ffff]
[    0.008689]   node   0: [mem 0x0000000088000000-0x00000000887fffff]
[    0.008690]   node   0: [mem 0x0000000100000000-0x000000106e7fffff]
[    0.008695] Initmem setup node 0 [mem 0x0000000000001000-0x000000106e7fffff]
[    0.008698] On node 0, zone DMA: 1 pages in unavailable ranges
[    0.008721] On node 0, zone DMA: 97 pages in unavailable ranges
[    0.011396] On node 0, zone DMA32: 1 pages in unavailable ranges
[    0.011703] On node 0, zone DMA32: 21884 pages in unavailable ranges
[    0.011727] On node 0, zone DMA32: 752 pages in unavailable ranges
[    0.099172] On node 0, zone Normal: 30720 pages in unavailable ranges
[    0.099259] On node 0, zone Normal: 6144 pages in unavailable ranges
[    0.099313] Reserving Intel graphics memory at [mem 0x8b800000-0x8f7fffff]
[    0.099974] ACPI: PM-Timer IO Port: 0x1808
[    0.099980] ACPI: LAPIC_NMI (acpi_id[0x01] high edge lint[0x1])
[    0.099981] ACPI: LAPIC_NMI (acpi_id[0x02] high edge lint[0x1])
[    0.099982] ACPI: LAPIC_NMI (acpi_id[0x03] high edge lint[0x1])
[    0.099983] ACPI: LAPIC_NMI (acpi_id[0x04] high edge lint[0x1])
[    0.099984] ACPI: LAPIC_NMI (acpi_id[0x05] high edge lint[0x1])
[    0.099985] ACPI: LAPIC_NMI (acpi_id[0x06] high edge lint[0x1])
[    0.099985] ACPI: LAPIC_NMI (acpi_id[0x07] high edge lint[0x1])
[    0.099986] ACPI: LAPIC_NMI (acpi_id[0x08] high edge lint[0x1])
[    0.099987] ACPI: LAPIC_NMI (acpi_id[0x09] high edge lint[0x1])
[    0.099988] ACPI: LAPIC_NMI (acpi_id[0x0a] high edge lint[0x1])
[    0.099988] ACPI: LAPIC_NMI (acpi_id[0x0b] high edge lint[0x1])
[    0.099989] ACPI: LAPIC_NMI (acpi_id[0x0c] high edge lint[0x1])
[    0.099990] ACPI: LAPIC_NMI (acpi_id[0x0d] high edge lint[0x1])
[    0.099991] ACPI: LAPIC_NMI (acpi_id[0x0e] high edge lint[0x1])
[    0.099991] ACPI: LAPIC_NMI (acpi_id[0x0f] high edge lint[0x1])
[    0.099992] ACPI: LAPIC_NMI (acpi_id[0x10] high edge lint[0x1])
[    0.100035] IOAPIC[0]: apic_id 2, version 32, address 0xfec00000, GSI 0-119
[    0.100037] ACPI: INT_SRC_OVR (bus 0 bus_irq 0 global_irq 2 dfl dfl)
[    0.100039] ACPI: INT_SRC_OVR (bus 0 bus_irq 9 global_irq 9 high level)
[    0.100043] ACPI: Using ACPI (MADT) for SMP configuration information
[    0.100044] ACPI: HPET id: 0x8086a201 base: 0xfed00000
[    0.100047] TSC deadline timer available
[    0.100048] smpboot: Allowing 12 CPUs, 0 hotplug CPUs
[    0.100061] [mem 0x8f800000-0xfe00ffff] available for PCI devices
[    0.100063] clocksource: refined-jiffies: mask: 0xffffffff max_cycles: 0xffffffff, max_idle_ns: 6370452778343963 ns
[    0.106712] setup_percpu: NR_CPUS:16 nr_cpumask_bits:12 nr_cpu_ids:12 nr_node_ids:1
[    0.107261] percpu: Embedded 55 pages/cpu s187240 r8192 d29848 u262144
[    0.107267] pcpu-alloc: s187240 r8192 d29848 u262144 alloc=1*2097152
[    0.107270] pcpu-alloc: [0] 00 01 02 03 04 05 06 07 [0] 08 09 10 11 -- -- -- -- 
[    0.107291] Kernel command line: root=/dev/nvme0n1p2 net.ifnames=0 vt.global_cursor_default=1 consoleblank=180 init=/lib/systemd/systemd button.lid_init_state=open i915.enable_guc=2 i915.enable_fbc=1 pci=realloc=on,hpiosize=1024,hpmmioprefsize=64G,pcie_scan_all,hpbussize=0x33,rom BOOT_IMAGE=/kernel-6.8.6-gt-64g.efi root=PARTUUID=a8f4911b-b44b-466a-9c9c-d30789efbe40 ro
[    0.107313] ACPI: button: Initial lid state set to 'open'
[    0.107315] Setting dangerous option i915.enable_guc - tainting kernel
[    0.107317] Setting dangerous option i915.enable_fbc - tainting kernel
[    0.107342] Unknown kernel command line parameters "BOOT_IMAGE=/kernel-6.8.6-gt-64g.efi", will be passed to user space.
[    0.107370] printk: log_buf_len individual max cpu contribution: 65536 bytes
[    0.107371] printk: log_buf_len total cpu_extra contributions: 720896 bytes
[    0.107371] printk: log_buf_len min size: 262144 bytes
[    0.108067] printk: log_buf_len: 1048576 bytes
[    0.108067] printk: early log buf free: 250144(95%)
[    0.113381] Dentry cache hash table entries: 8388608 (order: 14, 67108864 bytes, linear)
[    0.116047] Inode-cache hash table entries: 4194304 (order: 13, 33554432 bytes, linear)
[    0.116179] Built 1 zonelists, mobility grouping on.  Total pages: 16423988
[    0.116181] mem auto-init: stack:off, heap alloc:off, heap free:off
[    0.116183] software IO TLB: area num 16.
[    0.236327] Memory: 65394316K/66739396K available (16384K kernel code, 2479K rwdata, 6976K rodata, 1304K init, 1140K bss, 1344820K reserved, 0K cma-reserved)
[    0.236378] SLUB: HWalign=64, Order=0-3, MinObjects=0, CPUs=12, Nodes=1
[    0.237300] Dynamic Preempt: voluntary
[    0.237352] rcu: Preemptible hierarchical RCU implementation.
[    0.237353] rcu: 	RCU restricting CPUs from NR_CPUS=16 to nr_cpu_ids=12.
[    0.237354] 	Trampoline variant of Tasks RCU enabled.
[    0.237355] 	Tracing variant of Tasks RCU enabled.
[    0.237356] rcu: RCU calculated value of scheduler-enlistment delay is 30 jiffies.
[    0.237357] rcu: Adjusting geometry for rcu_fanout_leaf=16, nr_cpu_ids=12
[    0.238558] NR_IRQS: 4352, nr_irqs: 2152, preallocated irqs: 16
[    0.238827] rcu: srcu_init: Setting srcu_struct sizes based on contention.
[    0.239040] Console: colour dummy device 80x25
[    0.239042] printk: legacy console [tty0] enabled
[    0.239377] ACPI: Core revision 20230628
[    0.239672] hpet: HPET dysfunctional in PC10. Force disabled.
[    0.239675] APIC: Switch to symmetric I/O mode setup
[    0.239682] APIC: Switched APIC routing to: physical flat
[    0.244653] clocksource: tsc-early: mask: 0xffffffffffffffff max_cycles: 0x257a34a6eea, max_idle_ns: 440795264358 ns
[    0.244659] Calibrating delay loop (skipped), value calculated using timer frequency.. 5202.65 BogoMIPS (lpj=8666640)
[    0.244686] CPU0: Thermal monitoring enabled (TM1)
[    0.244738] process: using mwait in idle threads
[    0.244742] Last level iTLB entries: 4KB 64, 2MB 8, 4MB 8
[    0.244745] Last level dTLB entries: 4KB 64, 2MB 0, 4MB 0, 1GB 4
[    0.244749] Spectre V1 : Mitigation: usercopy/swapgs barriers and __user pointer sanitization
[    0.244755] Spectre V2 : WARNING: Unprivileged eBPF is enabled with eIBRS on, data leaks possible via Spectre v2 BHB attacks!
[    0.244758] Spectre V2 : Spectre BHI mitigation: SW BHB clearing on vm exit
[    0.244760] Spectre V2 : Mitigation: Enhanced / Automatic IBRS
[    0.244763] Spectre V2 : Spectre v2 / SpectreRSB mitigation: Filling RSB on context switch
[    0.244766] Spectre V2 : Spectre v2 / PBRSB-eIBRS: Retire a single CALL on VMEXIT
[    0.244768] RETBleed: Mitigation: Enhanced IBRS
[    0.244771] Spectre V2 : mitigation: Enabling conditional Indirect Branch Prediction Barrier
[    0.244776] Speculative Store Bypass: Mitigation: Speculative Store Bypass disabled via prctl
[    0.244780] TAA: Mitigation: TSX disabled
[    0.244781] MMIO Stale Data: Mitigation: Clear CPU buffers
[    0.244784] SRBDS: Mitigation: Microcode
[    0.244788] GDS: Mitigation: Microcode
[    0.244793] x86/fpu: Supporting XSAVE feature 0x001: 'x87 floating point registers'
[    0.244797] x86/fpu: Supporting XSAVE feature 0x002: 'SSE registers'
[    0.244799] x86/fpu: Supporting XSAVE feature 0x004: 'AVX registers'
[    0.244801] x86/fpu: Supporting XSAVE feature 0x008: 'MPX bounds registers'
[    0.244804] x86/fpu: Supporting XSAVE feature 0x010: 'MPX CSR'
[    0.244807] x86/fpu: xstate_offset[2]:  576, xstate_sizes[2]:  256
[    0.244810] x86/fpu: xstate_offset[3]:  832, xstate_sizes[3]:   64
[    0.244813] x86/fpu: xstate_offset[4]:  896, xstate_sizes[4]:   64
[    0.244815] x86/fpu: Enabled xstate features 0x1f, context size is 960 bytes, using 'compacted' format.
[    0.245281] Freeing SMP alternatives memory: 48K
[    0.245284] pid_max: default: 32768 minimum: 301
[    0.247992] Mount-cache hash table entries: 131072 (order: 8, 1048576 bytes, linear)
[    0.247992] Mountpoint-cache hash table entries: 131072 (order: 8, 1048576 bytes, linear)
[    0.247992] smpboot: CPU0: Intel(R) Core(TM) i7-9850H CPU @ 2.60GHz (family: 0x6, model: 0x9e, stepping: 0xd)
[    0.247992] RCU Tasks: Setting shift to 4 and lim to 1 rcu_task_cb_adjust=1.
[    0.247992] RCU Tasks Trace: Setting shift to 4 and lim to 1 rcu_task_cb_adjust=1.
[    0.247992] Performance Events: PEBS fmt3+, Skylake events, 32-deep LBR, full-width counters, Intel PMU driver.
[    0.247992] ... version:                4
[    0.247992] ... bit width:              48
[    0.247992] ... generic registers:      4
[    0.247992] ... value mask:             0000ffffffffffff
[    0.247992] ... max period:             00007fffffffffff
[    0.247992] ... fixed-purpose events:   3
[    0.247992] ... event mask:             000000070000000f
[    0.247992] signal: max sigframe size: 2032
[    0.247992] Estimated ratio of average max frequency by base frequency (times 1024): 1693
[    0.247992] rcu: Hierarchical SRCU implementation.
[    0.247992] rcu: 	Max phase no-delay instances is 1000.
[    0.247992] smp: Bringing up secondary CPUs ...
[    0.247992] smpboot: x86: Booting SMP configuration:
[    0.247992] .... node  #0, CPUs:        #1  #2  #3  #4  #5  #6  #7  #8  #9 #10 #11
[    0.248781] MMIO Stale Data CPU bug present and SMT on, data leak possible. See https://www.kernel.org/doc/html/latest/admin-guide/hw-vuln/processor_mmio_stale_data.html for more details.
[    0.248781] smp: Brought up 1 node, 12 CPUs
[    0.248781] smpboot: Max logical packages: 1
[    0.248781] smpboot: Total of 12 processors activated (62424.80 BogoMIPS)
[    0.253523] devtmpfs: initialized
[    0.253523] ACPI: PM: Registering ACPI NVS region [mem 0x7fa6d000-0x7fca9fff] (2347008 bytes)
[    0.253523] clocksource: jiffies: mask: 0xffffffff max_cycles: 0xffffffff, max_idle_ns: 6370867519511994 ns
[    0.253523] futex hash table entries: 4096 (order: 6, 262144 bytes, linear)
[    0.253523] pinctrl core: initialized pinctrl subsystem
[    0.253523] NET: Registered PF_NETLINK/PF_ROUTE protocol family
[    0.253523] thermal_sys: Registered thermal governor 'step_wise'
[    0.253523] thermal_sys: Registered thermal governor 'user_space'
[    0.253523] cpuidle: using governor ladder
[    0.253523] cpuidle: using governor menu
[    0.253523] Simple Boot Flag at 0x47 set to 0x1
[    0.253523] ACPI FADT declares the system doesn't support PCIe ASPM, so disable it
[    0.253523] acpiphp: ACPI Hot Plug PCI Controller Driver version: 0.5
[    0.254678] PCI: ECAM [mem 0xf0000000-0xf7ffffff] (base 0xf0000000) for domain 0000 [bus 00-7f]
[    0.254686] PCI: not using ECAM ([mem 0xf0000000-0xf7ffffff] not reserved)
[    0.254689] PCI: Using configuration type 1 for base access
[    0.254785] HugeTLB: registered 1.00 GiB page size, pre-allocated 0 pages
[    0.254785] HugeTLB: 16380 KiB vmemmap can be freed for a 1.00 GiB page
[    0.254785] HugeTLB: registered 2.00 MiB page size, pre-allocated 0 pages
[    0.254785] HugeTLB: 28 KiB vmemmap can be freed for a 2.00 MiB page
[    0.254785] cryptd: max_cpu_qlen set to 1000
[    0.254785] gpio-f7188x: Unsupported Fintek device 0xffff
[    0.254800] gpio-f7188x: Unsupported Fintek device 0x2011
[    0.254841] ACPI: Added _OSI(Module Device)
[    0.254843] ACPI: Added _OSI(Processor Device)
[    0.254845] ACPI: Added _OSI(3.0 _SCP Extensions)
[    0.254848] ACPI: Added _OSI(Processor Aggregator Device)
[    0.298429] ACPI: 13 ACPI AML tables successfully acquired and loaded
[    0.299367] ACPI: EC: EC started
[    0.299369] ACPI: EC: interrupt blocked
[    0.300047] ACPI: EC: EC_CMD/EC_SC=0x66, EC_DATA=0x62
[    0.300050] ACPI: EC: Boot ECDT EC used to handle transactions
[    0.300252] ACPI: [Firmware Bug]: BIOS _OSI(Linux) query ignored
[    0.401812] ACPI: Dynamic OEM Table Load:
[    0.401820] ACPI: SSDT 0xFFFF8FFCC0C47000 000400 (v02 PmRef  Cpu0Cst  00003001 INTL 20160527)
[    0.402788] ACPI: Dynamic OEM Table Load:
[    0.402798] ACPI: SSDT 0xFFFF8FFCC0C4D800 000600 (v02 PmRef  Cpu0Ist  00003000 INTL 20160527)
[    0.403786] ACPI: Dynamic OEM Table Load:
[    0.403795] ACPI: SSDT 0xFFFF8FFCC01AC500 0000F4 (v02 PmRef  Cpu0Psd  00003000 INTL 20160527)
[    0.405234] ACPI: Dynamic OEM Table Load:
[    0.405243] ACPI: SSDT 0xFFFF8FFCC0809600 000149 (v02 PmRef  Cpu0Hwp  00003000 INTL 20160527)
[    0.406127] ACPI: Dynamic OEM Table Load:
[    0.406136] ACPI: SSDT 0xFFFF8FFCC0C4E000 000724 (v02 PmRef  HwpLvt   00003000 INTL 20160527)
[    0.407204] ACPI: Dynamic OEM Table Load:
[    0.407213] ACPI: SSDT 0xFFFF8FFCC0C4F800 0005FC (v02 PmRef  ApIst    00003000 INTL 20160527)
[    0.408238] ACPI: Dynamic OEM Table Load:
[    0.408247] ACPI: SSDT 0xFFFF8FFCC0C47400 000317 (v02 PmRef  ApHwp    00003000 INTL 20160527)
[    0.409252] ACPI: Dynamic OEM Table Load:
[    0.409262] ACPI: SSDT 0xFFFF8FFCC012E000 000AB0 (v02 PmRef  ApPsd    00003000 INTL 20160527)
[    0.410608] ACPI: Dynamic OEM Table Load:
[    0.410617] ACPI: SSDT 0xFFFF8FFCC0C47800 00030A (v02 PmRef  ApCst    00003000 INTL 20160527)
[    0.414388] ACPI: _OSC evaluated successfully for all CPUs
[    0.414392] ACPI: Interpreter enabled
[    0.414424] ACPI: PM: (supports S0 S3 S5)
[    0.414426] ACPI: Using IOAPIC for interrupt routing
[    0.414459] PCI: ECAM [mem 0xf0000000-0xf7ffffff] (base 0xf0000000) for domain 0000 [bus 00-7f]
[    0.415353] PCI: ECAM [mem 0xf0000000-0xf7ffffff] reserved as ACPI motherboard resource
[    0.415364] PCI: Using host bridge windows from ACPI; if necessary, use "pci=nocrs" and report a bug
[    0.415368] PCI: Ignoring E820 reservations for host bridge windows
[    0.415786] ACPI: Enabled 13 GPEs in block 00 to 7F
[    0.417074] ACPI: \_SB_.PCI0.PEG0.PG00: New power resource
[    0.418136] ACPI: \_SB_.PCI0.PEG1.PG01: New power resource
[    0.418413] ACPI: \_SB_.PCI0.PEG2.PG02: New power resource
[    0.422187] ACPI: \_SB_.PCI0.XHC_.PUBS: New power resource
[    0.424533] ACPI: \_SB_.PCI0.XDCI.USBC: New power resource
[    0.424936] ACPI: \_SB_.PCI0.RP01.PXP_: New power resource
[    0.427910] ACPI: \_SB_.PCI0.RP07.PXP_: New power resource
[    0.432094] ACPI: \_SB_.PCI0.SAT0.VOL0.V0PR: New power resource
[    0.432246] ACPI: \_SB_.PCI0.SAT0.VOL1.V1PR: New power resource
[    0.432393] ACPI: \_SB_.PCI0.SAT0.VOL2.V2PR: New power resource
[    0.437167] ACPI: \_SB_.PCI0.CNVW.WRST: New power resource
[    0.439911] ACPI: \PIN_: New power resource
[    0.439935] ACPI: \PINP: New power resource
[    0.440361] ACPI: PCI Root Bridge [PCI0] (domain 0000 [bus 00-7e])
[    0.440370] acpi PNP0A08:00: _OSC: OS supports [ExtendedConfig ASPM ClockPM Segments MSI HPX-Type3]
[    0.441740] acpi PNP0A08:00: _OSC: platform does not support [AER]
[    0.444442] acpi PNP0A08:00: _OSC: OS now controls [PCIeHotplug PME PCIeCapability LTR]
[    0.444446] acpi PNP0A08:00: FADT indicates ASPM is unsupported, using BIOS configuration
[    0.446956] PCI host bridge to bus 0000:00
[    0.446960] pci_bus 0000:00: root bus resource [io  0x0000-0x0cf7 window]
[    0.446964] pci_bus 0000:00: root bus resource [io  0x0d00-0xffff window]
[    0.446968] pci_bus 0000:00: root bus resource [mem 0x000a0000-0x000bffff window]
[    0.446971] pci_bus 0000:00: root bus resource [mem 0x8f800000-0xefffffff window]
[    0.446974] pci_bus 0000:00: root bus resource [mem 0x4000000000-0x7fffffffff window]
[    0.446977] pci_bus 0000:00: root bus resource [mem 0xfc800000-0xfe7fffff window]
[    0.446981] pci_bus 0000:00: root bus resource [bus 00-7e]
[    0.447012] pci 0000:00:00.0: [8086:3ec4] type 00 class 0x060000 conventional PCI endpoint
[    0.447089] pci 0000:00:01.0: [8086:1901] type 01 class 0x060400 PCIe Root Port
[    0.447105] pci 0000:00:01.0: PCI bridge to [bus 01]
[    0.447109] pci 0000:00:01.0:   bridge window [io  0x2000-0x2fff]
[    0.447113] pci 0000:00:01.0:   bridge window [mem 0xbd000000-0xbe0fffff]
[    0.447119] pci 0000:00:01.0:   bridge window [mem 0x90000000-0xa1ffffff 64bit pref]
[    0.447149] pci 0000:00:01.0: PME# supported from D0 D3hot D3cold
[    0.447498] pci 0000:00:02.0: [8086:3e9b] type 00 class 0x030000 PCIe Root Complex Integrated Endpoint
[    0.447510] pci 0000:00:02.0: BAR 0 [mem 0x6040000000-0x6040ffffff 64bit]
[    0.447518] pci 0000:00:02.0: BAR 2 [mem 0x4000000000-0x400fffffff 64bit pref]
[    0.447523] pci 0000:00:02.0: BAR 4 [io  0x3000-0x303f]
[    0.447540] pci 0000:00:02.0: BAR 2: assigned to efifb
[    0.447545] pci 0000:00:02.0: Video device with shadowed ROM at [mem 0x000c0000-0x000dffff]
[    0.447699] pci 0000:00:04.0: [8086:1903] type 00 class 0x118000 conventional PCI endpoint
[    0.447710] pci 0000:00:04.0: BAR 0 [mem 0x6041000000-0x6041007fff 64bit]
[    0.447984] pci 0000:00:08.0: [8086:1911] type 00 class 0x088000 conventional PCI endpoint
[    0.447999] pci 0000:00:08.0: BAR 0 [mem 0x6041011000-0x6041011fff 64bit]
[    0.448131] pci 0000:00:12.0: [8086:a379] type 00 class 0x118000 conventional PCI endpoint
[    0.448153] pci 0000:00:12.0: BAR 0 [mem 0x6041010000-0x6041010fff 64bit]
[    0.448325] pci 0000:00:14.0: [8086:a36d] type 00 class 0x0c0330 conventional PCI endpoint
[    0.448348] pci 0000:00:14.0: BAR 0 [mem 0xbe220000-0xbe22ffff 64bit]
[    0.448413] pci 0000:00:14.0: PME# supported from D3hot D3cold
[    0.448823] pci 0000:00:14.2: [8086:a36f] type 00 class 0x050000 conventional PCI endpoint
[    0.448855] pci 0000:00:14.2: BAR 0 [mem 0x6041008000-0x6041009fff 64bit]
[    0.448867] pci 0000:00:14.2: BAR 2 [mem 0x604100f000-0x604100ffff 64bit]
[    0.449013] pci 0000:00:15.0: [8086:a368] type 00 class 0x0c8000 conventional PCI endpoint
[    0.449039] pci 0000:00:15.0: BAR 0 [mem 0x604100e000-0x604100efff 64bit]
[    0.449360] pci 0000:00:15.1: [8086:a369] type 00 class 0x0c8000 conventional PCI endpoint
[    0.449386] pci 0000:00:15.1: BAR 0 [mem 0x604100d000-0x604100dfff 64bit]
[    0.449732] pci 0000:00:16.0: [8086:a360] type 00 class 0x078000 conventional PCI endpoint
[    0.449758] pci 0000:00:16.0: BAR 0 [mem 0x604100c000-0x604100cfff 64bit]
[    0.449837] pci 0000:00:16.0: PME# supported from D3hot
[    0.450153] pci 0000:00:1b.0: [8086:a340] type 01 class 0x060400 PCIe Root Port
[    0.450187] pci 0000:00:1b.0: PCI bridge to [bus 02]
[    0.450194] pci 0000:00:1b.0:   bridge window [mem 0xbe100000-0xbe1fffff]
[    0.450277] pci 0000:00:1b.0: PME# supported from D0 D3hot D3cold
[    0.450823] pci 0000:00:1c.0: [8086:a338] type 01 class 0x060400 PCIe Root Port
[    0.450852] pci 0000:00:1c.0: PCI bridge to [bus 04-51]
[    0.450860] pci 0000:00:1c.0:   bridge window [mem 0xa4000000-0xbc1fffff]
[    0.450871] pci 0000:00:1c.0:   bridge window [mem 0x6000000000-0x603fffffff 64bit pref]
[    0.450945] pci 0000:00:1c.0: PME# supported from D0 D3hot D3cold
[    0.451496] pci 0000:00:1e.0: [8086:a328] type 00 class 0x078000 conventional PCI endpoint
[    0.451533] pci 0000:00:1e.0: BAR 0 [mem 0x604100b000-0x604100bfff 64bit]
[    0.451896] pci 0000:00:1f.0: [8086:a30e] type 00 class 0x060100 conventional PCI endpoint
[    0.452365] pci 0000:00:1f.4: [8086:a323] type 00 class 0x0c0500 conventional PCI endpoint
[    0.452393] pci 0000:00:1f.4: BAR 0 [mem 0x604100a000-0x604100a0ff 64bit]
[    0.452416] pci 0000:00:1f.4: BAR 4 [io  0xefa0-0xefbf]
[    0.452675] pci 0000:00:1f.5: [8086:a324] type 00 class 0x0c8000 conventional PCI endpoint
[    0.452695] pci 0000:00:1f.5: BAR 0 [mem 0xfe010000-0xfe010fff]
[    0.452833] pci 0000:00:1f.6: [8086:15bb] type 00 class 0x020000 conventional PCI endpoint
[    0.452869] pci 0000:00:1f.6: BAR 0 [mem 0xbe200000-0xbe21ffff]
[    0.453028] pci 0000:00:1f.6: PME# supported from D0 D3hot D3cold
[    0.453171] pci 0000:01:00.0: [10de:1f36] type 00 class 0x030000 PCIe Legacy Endpoint
[    0.453193] pci 0000:01:00.0: BAR 0 [mem 0xbd000000-0xbdffffff]
[    0.453210] pci 0000:01:00.0: BAR 1 [mem 0x90000000-0x9fffffff 64bit pref]
[    0.453227] pci 0000:01:00.0: BAR 3 [mem 0xa0000000-0xa1ffffff 64bit pref]
[    0.453237] pci 0000:01:00.0: BAR 5 [io  0x2000-0x207f]
[    0.453248] pci 0000:01:00.0: ROM [mem 0xfff80000-0xffffffff pref]
[    0.453336] pci 0000:01:00.0: PME# supported from D0 D3hot
[    0.453582] pci 0000:01:00.1: [10de:10f9] type 00 class 0x040300 PCIe Endpoint
[    0.453603] pci 0000:01:00.1: BAR 0 [mem 0xbe050000-0xbe053fff]
[    0.453819] pci 0000:01:00.2: [10de:1ada] type 00 class 0x0c0330 PCIe Endpoint
[    0.453846] pci 0000:01:00.2: BAR 0 [mem 0xbe000000-0xbe03ffff 64bit pref]
[    0.453871] pci 0000:01:00.2: BAR 3 [mem 0xbe040000-0xbe04ffff 64bit pref]
[    0.453963] pci 0000:01:00.2: PME# supported from D0 D3hot
[    0.454063] pci 0000:01:00.3: [10de:1adb] type 00 class 0x0c8000 PCIe Endpoint
[    0.454084] pci 0000:01:00.3: BAR 0 [mem 0xbe054000-0xbe054fff]
[    0.454207] pci 0000:01:00.3: PME# supported from D0 D3hot
[    0.454321] pci 0000:00:01.0: PCI bridge to [bus 01]
[    0.454560] pci 0000:02:00.0: [144d:a808] type 00 class 0x010802 PCIe Endpoint
[    0.454583] pci 0000:02:00.0: BAR 0 [mem 0xbe100000-0xbe103fff 64bit]
[    0.455077] pci 0000:00:1b.0: PCI bridge to [bus 02]
[    0.455183] pci 0000:04:00.0: [8086:15ea] type 01 class 0x060400 PCIe Switch Upstream Port
[    0.455219] pci 0000:04:00.0: PCI bridge to [bus 05-51]
[    0.455230] pci 0000:04:00.0:   bridge window [mem 0xa4000000-0xbc1fffff]
[    0.455243] pci 0000:04:00.0:   bridge window [mem 0x6000000000-0x603fffffff 64bit pref]
[    0.455258] pci 0000:04:00.0: enabling Extended Tags
[    0.455360] pci 0000:04:00.0: supports D1 D2
[    0.455362] pci 0000:04:00.0: PME# supported from D0 D1 D2 D3hot D3cold
[    0.455660] pci 0000:00:1c.0: PCI bridge to [bus 04-51]
[    0.455785] pci 0000:05:00.0: [8086:15ea] type 01 class 0x060400 PCIe Switch Downstream Port
[    0.455821] pci 0000:05:00.0: PCI bridge to [bus 06]
[    0.455832] pci 0000:05:00.0:   bridge window [mem 0xbc100000-0xbc1fffff]
[    0.455859] pci 0000:05:00.0: enabling Extended Tags
[    0.455961] pci 0000:05:00.0: supports D1 D2
[    0.455963] pci 0000:05:00.0: PME# supported from D0 D1 D2 D3hot D3cold
[    0.456166] pci 0000:05:01.0: [8086:15ea] type 01 class 0x060400 PCIe Switch Downstream Port
[    0.456202] pci 0000:05:01.0: PCI bridge to [bus 07-2b]
[    0.456213] pci 0000:05:01.0:   bridge window [mem 0xa4000000-0xafffffff]
[    0.456226] pci 0000:05:01.0:   bridge window [mem 0x6000000000-0x601fffffff 64bit pref]
[    0.456243] pci 0000:05:01.0: enabling Extended Tags
[    0.456346] pci 0000:05:01.0: supports D1 D2
[    0.456348] pci 0000:05:01.0: PME# supported from D0 D1 D2 D3hot D3cold
[    0.456560] pci 0000:05:02.0: [8086:15ea] type 01 class 0x060400 PCIe Switch Downstream Port
[    0.456596] pci 0000:05:02.0: PCI bridge to [bus 2c]
[    0.456607] pci 0000:05:02.0:   bridge window [mem 0xb0000000-0xb00fffff]
[    0.456634] pci 0000:05:02.0: enabling Extended Tags
[    0.456732] pci 0000:05:02.0: supports D1 D2
[    0.456734] pci 0000:05:02.0: PME# supported from D0 D1 D2 D3hot D3cold
[    0.456973] pci 0000:05:04.0: [8086:15ea] type 01 class 0x060400 PCIe Switch Downstream Port
[    0.457010] pci 0000:05:04.0: PCI bridge to [bus 2d-51]
[    0.457020] pci 0000:05:04.0:   bridge window [mem 0xb0100000-0xbc0fffff]
[    0.457034] pci 0000:05:04.0:   bridge window [mem 0x6020000000-0x603fffffff 64bit pref]
[    0.457051] pci 0000:05:04.0: enabling Extended Tags
[    0.457157] pci 0000:05:04.0: supports D1 D2
[    0.457159] pci 0000:05:04.0: PME# supported from D0 D1 D2 D3hot D3cold
[    0.457365] pci 0000:04:00.0: PCI bridge to [bus 05-51]
[    0.457448] pci 0000:06:00.0: [8086:15eb] type 00 class 0x088000 PCIe Endpoint
[    0.457471] pci 0000:06:00.0: BAR 0 [mem 0xbc100000-0xbc13ffff]
[    0.457484] pci 0000:06:00.0: BAR 1 [mem 0xbc140000-0xbc140fff]
[    0.457545] pci 0000:06:00.0: enabling Extended Tags
[    0.457650] pci 0000:06:00.0: supports D1 D2
[    0.457652] pci 0000:06:00.0: PME# supported from D0 D1 D2 D3hot D3cold
[    0.457894] pci 0000:05:00.0: PCI bridge to [bus 06]
[    0.457997] pci 0000:07:00.0: [8086:15d3] type 01 class 0x060400 PCIe Switch Upstream Port
[    0.458053] pci 0000:07:00.0: PCI bridge to [bus 00]
[    0.458067] pci 0000:07:00.0:   bridge window [io  0x0000-0x0fff]
[    0.458075] pci 0000:07:00.0:   bridge window [mem 0x00000000-0x000fffff]
[    0.458099] pci 0000:07:00.0:   bridge window [mem 0x00000000-0x000fffff 64bit pref]
[    0.458127] pci 0000:07:00.0: enabling Extended Tags
[    0.458314] pci 0000:07:00.0: supports D1 D2
[    0.458316] pci 0000:07:00.0: PME# supported from D0 D1 D2 D3hot D3cold
[    0.458450] pci 0000:07:00.0: 8.000 Gb/s available PCIe bandwidth, limited by 2.5 GT/s PCIe x4 link at 0000:05:01.0 (capable of 31.504 Gb/s with 8.0 GT/s PCIe x4 link)
[    0.468075] pci 0000:05:01.0: PCI bridge to [bus 07-2b]
[    0.468094] pci 0000:07:00.0: bridge configuration invalid ([bus 00-00]), reconfiguring
[    0.468253] pci 0000:08:01.0: [8086:15d3] type 01 class 0x060400 PCIe Switch Downstream Port
[    0.468310] pci 0000:08:01.0: PCI bridge to [bus 00]
[    0.468324] pci 0000:08:01.0:   bridge window [io  0x0000-0x0fff]
[    0.468332] pci 0000:08:01.0:   bridge window [mem 0x00000000-0x000fffff]
[    0.468356] pci 0000:08:01.0:   bridge window [mem 0x00000000-0x000fffff 64bit pref]
[    0.468388] pci 0000:08:01.0: enabling Extended Tags
[    0.468584] pci 0000:08:01.0: supports D1 D2
[    0.468586] pci 0000:08:01.0: PME# supported from D0 D1 D2 D3hot D3cold
[    0.468906] pci 0000:08:04.0: [8086:15d3] type 01 class 0x060400 PCIe Switch Downstream Port
[    0.468963] pci 0000:08:04.0: PCI bridge to [bus 00]
[    0.468977] pci 0000:08:04.0:   bridge window [io  0x0000-0x0fff]
[    0.468985] pci 0000:08:04.0:   bridge window [mem 0x00000000-0x000fffff]
[    0.469009] pci 0000:08:04.0:   bridge window [mem 0x00000000-0x000fffff 64bit pref]
[    0.469041] pci 0000:08:04.0: enabling Extended Tags
[    0.469237] pci 0000:08:04.0: supports D1 D2
[    0.469239] pci 0000:08:04.0: PME# supported from D0 D1 D2 D3hot D3cold
[    0.469564] pci 0000:07:00.0: PCI bridge to [bus 08-2b]
[    0.469593] pci 0000:08:01.0: bridge configuration invalid ([bus 00-00]), reconfiguring
[    0.469608] pci 0000:08:04.0: bridge configuration invalid ([bus 00-00]), reconfiguring
[    0.469745] pci 0000:09:00.0: [10de:2204] type 00 class 0x030000 PCIe Legacy Endpoint
[    0.469780] pci 0000:09:00.0: BAR 0 [mem 0x00000000-0x00ffffff]
[    0.469808] pci 0000:09:00.0: BAR 1 [mem 0x00000000-0x0fffffff 64bit pref]
[    0.469837] pci 0000:09:00.0: BAR 3 [mem 0x00000000-0x01ffffff 64bit pref]
[    0.469854] pci 0000:09:00.0: BAR 5 [io  0x0000-0x007f]
[    0.469871] pci 0000:09:00.0: ROM [mem 0x00000000-0x0007ffff pref]
[    0.470095] pci 0000:09:00.0: PME# supported from D0 D3hot
[    0.470345] pci 0000:09:00.0: 8.000 Gb/s available PCIe bandwidth, limited by 2.5 GT/s PCIe x4 link at 0000:05:01.0 (capable of 252.048 Gb/s with 16.0 GT/s PCIe x16 link)
[    0.470678] pci 0000:09:00.1: [10de:1aef] type 00 class 0x040300 PCIe Endpoint
[    0.470713] pci 0000:09:00.1: BAR 0 [mem 0x00000000-0x00003fff]
[    0.471282] pci 0000:08:01.0: PCI bridge to [bus 09-2b]
[    0.471310] pci_bus 0000:09: busn_res: [bus 09-2b] end is updated to 09
[    0.471494] pci 0000:08:04.0: PCI bridge to [bus 0a-2b]
[    0.471521] pci_bus 0000:0a: busn_res: [bus 0a-2b] end is updated to 2b
[    0.471529] pci_bus 0000:08: busn_res: [bus 08-2b] end is updated to 2b
[    0.471642] pci 0000:2c:00.0: [8086:15ec] type 00 class 0x0c0330 PCIe Endpoint
[    0.471666] pci 0000:2c:00.0: BAR 0 [mem 0xb0000000-0xb000ffff]
[    0.471744] pci 0000:2c:00.0: enabling Extended Tags
[    0.471865] pci 0000:2c:00.0: supports D1 D2
[    0.471867] pci 0000:2c:00.0: PME# supported from D0 D1 D2 D3hot D3cold
[    0.471964] pci 0000:2c:00.0: 8.000 Gb/s available PCIe bandwidth, limited by 2.5 GT/s PCIe x4 link at 0000:05:02.0 (capable of 31.504 Gb/s with 8.0 GT/s PCIe x4 link)
[    0.472204] pci 0000:05:02.0: PCI bridge to [bus 2c]
[    0.472304] pci 0000:05:04.0: PCI bridge to [bus 2d-51]
[    0.472357] pci_bus 0000:00: on NUMA node 0
[    0.474744] ACPI: EC: interrupt unblocked
[    0.474748] ACPI: EC: event unblocked
[    0.474773] ACPI: EC: EC_CMD/EC_SC=0x66, EC_DATA=0x62
[    0.474776] ACPI: EC: GPE=0x16
[    0.474779] ACPI: \_SB_.PCI0.LPCB.EC__: Boot ECDT EC initialization complete
[    0.474783] ACPI: \_SB_.PCI0.LPCB.EC__: EC: Used to handle transactions and events
[    0.474841] iommu: Default domain type: Translated
[    0.474844] iommu: DMA domain TLB invalidation policy: lazy mode
[    0.474890] SCSI subsystem initialized
[    0.474909] ACPI: bus type USB registered
[    0.474921] usbcore: registered new interface driver usbfs
[    0.474928] usbcore: registered new interface driver hub
[    0.474937] usbcore: registered new device driver usb
[    0.474989] efivars: Registered efivars operations
[    0.474989] Bluetooth: Core ver 2.22
[    0.474989] NET: Registered PF_BLUETOOTH protocol family
[    0.474989] Bluetooth: HCI device and connection manager initialized
[    0.474989] Bluetooth: HCI socket layer initialized
[    0.474989] Bluetooth: L2CAP socket layer initialized
[    0.474989] Bluetooth: SCO socket layer initialized
[    0.474989] PCI: Using ACPI for IRQ routing
[    0.487434] PCI: pci_cache_line_size set to 64 bytes
[    0.487938] e820: reserve RAM buffer [mem 0x0009f000-0x0009ffff]
[    0.487941] e820: reserve RAM buffer [mem 0x6f23c000-0x6fffffff]
[    0.487942] e820: reserve RAM buffer [mem 0x7a793000-0x7bffffff]
[    0.487943] e820: reserve RAM buffer [mem 0x7fd10000-0x7fffffff]
[    0.487944] e820: reserve RAM buffer [mem 0x88800000-0x8bffffff]
[    0.487945] e820: reserve RAM buffer [mem 0x106e800000-0x106fffffff]
[    0.487969] pci 0000:00:02.0: vgaarb: setting as boot VGA device
[    0.487969] pci 0000:00:02.0: vgaarb: bridge control possible
[    0.487969] pci 0000:00:02.0: vgaarb: VGA device added: decodes=io+mem,owns=mem,locks=none
[    0.487969] pci 0000:01:00.0: vgaarb: bridge control possible
[    0.487969] pci 0000:01:00.0: vgaarb: VGA device added: decodes=io+mem,owns=none,locks=none
[    0.488035] pci 0000:09:00.0: vgaarb: bridge control possible
[    0.488038] pci 0000:09:00.0: vgaarb: VGA device added: decodes=io+mem,owns=none,locks=none
[    0.488041] vgaarb: loaded
[    0.488921] clocksource: Switched to clocksource tsc-early
[    0.489026] pnp: PnP ACPI init
[    0.489101] system 00:00: [mem 0x40000000-0x403fffff] could not be reserved
[    0.489359] system 00:01: [io  0x1800-0x18fe] has been reserved
[    0.489364] system 00:01: [mem 0xfd000000-0xfd69ffff] has been reserved
[    0.489368] system 00:01: [mem 0xfd6c0000-0xfd6cffff] has been reserved
[    0.489371] system 00:01: [mem 0xfd6f0000-0xfdffffff] has been reserved
[    0.489374] system 00:01: [mem 0xfe000000-0xfe01ffff] could not be reserved
[    0.489377] system 00:01: [mem 0xfe200000-0xfe7fffff] has been reserved
[    0.489380] system 00:01: [mem 0xff000000-0xffffffff] has been reserved
[    0.489622] system 00:02: [io  0xff00-0xfffe] has been reserved
[    0.489688] pnp 00:03: disabling [io  0x002e-0x002f] because it overlaps 0000:09:00.0 BAR 5 [io  0x0000-0x007f]
[    0.489688] pnp 00:03: disabling [io  0x004e-0x004f] because it overlaps 0000:09:00.0 BAR 5 [io  0x0000-0x007f]
[    0.489688] pnp 00:03: disabling [io  0x0061] because it overlaps 0000:09:00.0 BAR 5 [io  0x0000-0x007f]
[    0.489688] pnp 00:03: disabling [io  0x0063] because it overlaps 0000:09:00.0 BAR 5 [io  0x0000-0x007f]
[    0.489688] pnp 00:03: disabling [io  0x0065] because it overlaps 0000:09:00.0 BAR 5 [io  0x0000-0x007f]
[    0.489688] pnp 00:03: disabling [io  0x0067] because it overlaps 0000:09:00.0 BAR 5 [io  0x0000-0x007f]
[    0.489688] pnp 00:03: disabling [io  0x0070] because it overlaps 0000:09:00.0 BAR 5 [io  0x0000-0x007f]
[    0.489688] system 00:03: [io  0x0680-0x069f] has been reserved
[    0.489688] system 00:03: [io  0x164e-0x164f] has been reserved
[    0.489688] system 00:05: [io  0x1854-0x1857] has been reserved
[    0.489688] pnp 00:08: disabling [io  0x0010-0x001f] because it overlaps 0000:09:00.0 BAR 5 [io  0x0000-0x007f]
[    0.489688] pnp 00:08: disabling [io  0x0024-0x0025] because it overlaps 0000:09:00.0 BAR 5 [io  0x0000-0x007f]
[    0.489688] pnp 00:08: disabling [io  0x0028-0x0029] because it overlaps 0000:09:00.0 BAR 5 [io  0x0000-0x007f]
[    0.489688] pnp 00:08: disabling [io  0x002c-0x002d] because it overlaps 0000:09:00.0 BAR 5 [io  0x0000-0x007f]
[    0.489688] pnp 00:08: disabling [io  0x0030-0x0031] because it overlaps 0000:09:00.0 BAR 5 [io  0x0000-0x007f]
[    0.489688] pnp 00:08: disabling [io  0x0034-0x0035] because it overlaps 0000:09:00.0 BAR 5 [io  0x0000-0x007f]
[    0.489688] pnp 00:08: disabling [io  0x0038-0x0039] because it overlaps 0000:09:00.0 BAR 5 [io  0x0000-0x007f]
[    0.489688] pnp 00:08: disabling [io  0x003c-0x003d] because it overlaps 0000:09:00.0 BAR 5 [io  0x0000-0x007f]
[    0.489688] pnp 00:08: disabling [io  0x0050-0x0053] because it overlaps 0000:09:00.0 BAR 5 [io  0x0000-0x007f]
[    0.489688] pnp 00:08: disabling [io  0x0072-0x0077] because it overlaps 0000:09:00.0 BAR 5 [io  0x0000-0x007f]
[    0.489688] system 00:08: [io  0x1800-0x189f] could not be reserved
[    0.489688] system 00:08: [io  0x0800-0x087f] has been reserved
[    0.489688] system 00:08: [io  0x0880-0x08ff] has been reserved
[    0.489688] system 00:08: [io  0x0900-0x097f] has been reserved
[    0.489688] system 00:08: [io  0x0980-0x09ff] has been reserved
[    0.489688] system 00:08: [io  0x0a00-0x0a7f] has been reserved
[    0.489688] system 00:08: [io  0x0a80-0x0aff] has been reserved
[    0.489688] system 00:08: [io  0x0b00-0x0b7f] has been reserved
[    0.489688] system 00:08: [io  0x0b80-0x0bff] has been reserved
[    0.489688] system 00:08: [io  0x15e0-0x15ef] has been reserved
[    0.489688] system 00:08: [io  0x1600-0x167f] could not be reserved
[    0.489688] system 00:08: [io  0x1640-0x165f] could not be reserved
[    0.489688] system 00:08: [mem 0xf0000000-0xf7ffffff] has been reserved
[    0.489688] system 00:08: [mem 0xfed10000-0xfed13fff] has been reserved
[    0.489688] system 00:08: [mem 0xfed18000-0xfed18fff] has been reserved
[    0.489688] system 00:08: [mem 0xfed19000-0xfed19fff] has been reserved
[    0.489688] system 00:08: [mem 0xfeb00000-0xfebfffff] has been reserved
[    0.489688] system 00:08: [mem 0xfed20000-0xfed3ffff] has been reserved
[    0.489688] system 00:08: [mem 0xfed90000-0xfed93fff] has been reserved
[    0.490997] system 00:0a: [mem 0xfed10000-0xfed17fff] could not be reserved
[    0.491003] system 00:0a: [mem 0xfed18000-0xfed18fff] has been reserved
[    0.491006] system 00:0a: [mem 0xfed19000-0xfed19fff] has been reserved
[    0.491009] system 00:0a: [mem 0xf0000000-0xf7ffffff] has been reserved
[    0.491012] system 00:0a: [mem 0xfed20000-0xfed3ffff] has been reserved
[    0.491015] system 00:0a: [mem 0xfed90000-0xfed93fff] has been reserved
[    0.491018] system 00:0a: [mem 0xfed45000-0xfed8ffff] has been reserved
[    0.491021] system 00:0a: [mem 0xfee00000-0xfeefffff] has been reserved
[    0.491182] pnp 00:0b: disabling [mem 0x000c0000-0x000c3fff] because it overlaps 0000:00:02.0 BAR 6 [mem 0x000c0000-0x000dffff]
[    0.491188] pnp 00:0b: disabling [mem 0x000c8000-0x000cbfff] because it overlaps 0000:00:02.0 BAR 6 [mem 0x000c0000-0x000dffff]
[    0.491192] pnp 00:0b: disabling [mem 0x000d0000-0x000d3fff] because it overlaps 0000:00:02.0 BAR 6 [mem 0x000c0000-0x000dffff]
[    0.491196] pnp 00:0b: disabling [mem 0x000d8000-0x000dbfff] because it overlaps 0000:00:02.0 BAR 6 [mem 0x000c0000-0x000dffff]
[    0.491211] pnp 00:0b: disabling [mem 0x00000000-0x0009ffff] because it overlaps 0000:09:00.0 BAR 0 [mem 0x00000000-0x00ffffff]
[    0.491215] pnp 00:0b: disabling [mem 0x000c0000-0x000c3fff disabled] because it overlaps 0000:09:00.0 BAR 0 [mem 0x00000000-0x00ffffff]
[    0.491220] pnp 00:0b: disabling [mem 0x000c8000-0x000cbfff disabled] because it overlaps 0000:09:00.0 BAR 0 [mem 0x00000000-0x00ffffff]
[    0.491224] pnp 00:0b: disabling [mem 0x000d0000-0x000d3fff disabled] because it overlaps 0000:09:00.0 BAR 0 [mem 0x00000000-0x00ffffff]
[    0.491228] pnp 00:0b: disabling [mem 0x000d8000-0x000dbfff disabled] because it overlaps 0000:09:00.0 BAR 0 [mem 0x00000000-0x00ffffff]
[    0.491232] pnp 00:0b: disabling [mem 0x000e0000-0x000e3fff] because it overlaps 0000:09:00.0 BAR 0 [mem 0x00000000-0x00ffffff]
[    0.491237] pnp 00:0b: disabling [mem 0x000e8000-0x000ebfff] because it overlaps 0000:09:00.0 BAR 0 [mem 0x00000000-0x00ffffff]
[    0.491241] pnp 00:0b: disabling [mem 0x000f0000-0x000fffff] because it overlaps 0000:09:00.0 BAR 0 [mem 0x00000000-0x00ffffff]
[    0.491245] pnp 00:0b: disabling [mem 0x00100000-0x8f7fffff] because it overlaps 0000:09:00.0 BAR 0 [mem 0x00000000-0x00ffffff]
[    0.491249] pnp 00:0b: disabling [mem 0x00000000-0x0009ffff disabled] because it overlaps 0000:09:00.0 BAR 1 [mem 0x00000000-0x0fffffff 64bit pref]
[    0.491254] pnp 00:0b: disabling [mem 0x000c0000-0x000c3fff disabled] because it overlaps 0000:09:00.0 BAR 1 [mem 0x00000000-0x0fffffff 64bit pref]
[    0.491258] pnp 00:0b: disabling [mem 0x000c8000-0x000cbfff disabled] because it overlaps 0000:09:00.0 BAR 1 [mem 0x00000000-0x0fffffff 64bit pref]
[    0.491263] pnp 00:0b: disabling [mem 0x000d0000-0x000d3fff disabled] because it overlaps 0000:09:00.0 BAR 1 [mem 0x00000000-0x0fffffff 64bit pref]
[    0.491267] pnp 00:0b: disabling [mem 0x000d8000-0x000dbfff disabled] because it overlaps 0000:09:00.0 BAR 1 [mem 0x00000000-0x0fffffff 64bit pref]
[    0.491272] pnp 00:0b: disabling [mem 0x000e0000-0x000e3fff disabled] because it overlaps 0000:09:00.0 BAR 1 [mem 0x00000000-0x0fffffff 64bit pref]
[    0.491276] pnp 00:0b: disabling [mem 0x000e8000-0x000ebfff disabled] because it overlaps 0000:09:00.0 BAR 1 [mem 0x00000000-0x0fffffff 64bit pref]
[    0.491280] pnp 00:0b: disabling [mem 0x000f0000-0x000fffff disabled] because it overlaps 0000:09:00.0 BAR 1 [mem 0x00000000-0x0fffffff 64bit pref]
[    0.491285] pnp 00:0b: disabling [mem 0x00100000-0x8f7fffff disabled] because it overlaps 0000:09:00.0 BAR 1 [mem 0x00000000-0x0fffffff 64bit pref]
[    0.491290] pnp 00:0b: disabling [mem 0x00000000-0x0009ffff disabled] because it overlaps 0000:09:00.0 BAR 3 [mem 0x00000000-0x01ffffff 64bit pref]
[    0.491294] pnp 00:0b: disabling [mem 0x000c0000-0x000c3fff disabled] because it overlaps 0000:09:00.0 BAR 3 [mem 0x00000000-0x01ffffff 64bit pref]
[    0.491299] pnp 00:0b: disabling [mem 0x000c8000-0x000cbfff disabled] because it overlaps 0000:09:00.0 BAR 3 [mem 0x00000000-0x01ffffff 64bit pref]
[    0.491303] pnp 00:0b: disabling [mem 0x000d0000-0x000d3fff disabled] because it overlaps 0000:09:00.0 BAR 3 [mem 0x00000000-0x01ffffff 64bit pref]
[    0.491308] pnp 00:0b: disabling [mem 0x000d8000-0x000dbfff disabled] because it overlaps 0000:09:00.0 BAR 3 [mem 0x00000000-0x01ffffff 64bit pref]
[    0.491312] pnp 00:0b: disabling [mem 0x000e0000-0x000e3fff disabled] because it overlaps 0000:09:00.0 BAR 3 [mem 0x00000000-0x01ffffff 64bit pref]
[    0.491316] pnp 00:0b: disabling [mem 0x000e8000-0x000ebfff disabled] because it overlaps 0000:09:00.0 BAR 3 [mem 0x00000000-0x01ffffff 64bit pref]
[    0.491321] pnp 00:0b: disabling [mem 0x000f0000-0x000fffff disabled] because it overlaps 0000:09:00.0 BAR 3 [mem 0x00000000-0x01ffffff 64bit pref]
[    0.491325] pnp 00:0b: disabling [mem 0x00100000-0x8f7fffff disabled] because it overlaps 0000:09:00.0 BAR 3 [mem 0x00000000-0x01ffffff 64bit pref]
[    0.491347] system 00:0b: [mem 0xfec00000-0xfed3ffff] could not be reserved
[    0.491351] system 00:0b: [mem 0xfed4c000-0xffffffff] could not be reserved
[    0.491407] pnp: PnP ACPI: found 12 devices
[    0.497001] clocksource: acpi_pm: mask: 0xffffff max_cycles: 0xffffff, max_idle_ns: 2085701024 ns
[    0.497105] NET: Registered PF_INET protocol family
[    0.497251] IP idents hash table entries: 262144 (order: 9, 2097152 bytes, linear)
[    0.500389] tcp_listen_portaddr_hash hash table entries: 32768 (order: 7, 524288 bytes, linear)
[    0.500436] Table-perturb hash table entries: 65536 (order: 6, 262144 bytes, linear)
[    0.500446] TCP established hash table entries: 524288 (order: 10, 4194304 bytes, linear)
[    0.500902] TCP bind hash table entries: 65536 (order: 9, 2097152 bytes, linear)
[    0.501182] TCP: Hash tables configured (established 524288 bind 65536)
[    0.501206] UDP hash table entries: 32768 (order: 8, 1048576 bytes, linear)
[    0.501323] UDP-Lite hash table entries: 32768 (order: 8, 1048576 bytes, linear)
[    0.501448] NET: Registered PF_UNIX/PF_LOCAL protocol family
[    0.501675] pci_bus 0000:00: max bus depth: 5 pci_try_num: 6
[    0.501693] pci 0000:00:1c.0: bridge window [io  0x4000-0x8fff]: assigned
[    0.501698] pci 0000:01:00.0: ROM [mem 0xbe080000-0xbe0fffff pref]: assigned
[    0.501702] pci 0000:00:01.0: PCI bridge to [bus 01]
[    0.501706] pci 0000:00:01.0:   bridge window [io  0x2000-0x2fff]
[    0.501710] pci 0000:00:01.0:   bridge window [mem 0xbd000000-0xbe0fffff]
[    0.501714] pci 0000:00:01.0:   bridge window [mem 0x90000000-0xa1ffffff 64bit pref]
[    0.501720] pci 0000:00:1b.0: PCI bridge to [bus 02]
[    0.501734] pci 0000:00:1b.0:   bridge window [mem 0xbe100000-0xbe1fffff]
[    0.501742] pci 0000:04:00.0: bridge window [io  0x4000-0x7fff]: assigned
[    0.501746] pci 0000:05:01.0: bridge window [io  0x4000-0x6fff]: assigned
[    0.501749] pci 0000:05:04.0: bridge window [io  0x7000-0x7fff]: assigned
[    0.501752] pci 0000:05:00.0: PCI bridge to [bus 06]
[    0.501785] pci 0000:05:00.0:   bridge window [mem 0xbc100000-0xbc1fffff]
[    0.501796] pci 0000:07:00.0: bridge window [mem size 0x1018000000 64bit pref]: can't assign; no space
[    0.501800] pci 0000:07:00.0: bridge window [mem size 0x1018000000 64bit pref]: failed to assign
[    0.501804] pci 0000:07:00.0: bridge window [mem 0xa4000000-0xafffffff]: assigned
[    0.501807] pci 0000:07:00.0: bridge window [io  0x4000-0x6fff]: assigned
[    0.501811] pci 0000:08:01.0: bridge window [mem size 0x18000000 64bit pref]: can't assign; no space
[    0.501815] pci 0000:08:01.0: bridge window [mem size 0x18000000 64bit pref]: failed to assign
[    0.501818] pci 0000:08:01.0: bridge window [mem 0xa4000000-0xa57fffff]: assigned
[    0.501822] pci 0000:08:04.0: bridge window [mem 0xa5800000-0xafffffff]: assigned
[    0.501825] pci 0000:08:04.0: bridge window [mem size 0x1000000000 64bit pref]: can't assign; no space
[    0.501828] pci 0000:08:04.0: bridge window [mem size 0x1000000000 64bit pref]: failed to assign
[    0.501832] pci 0000:08:01.0: bridge window [io  0x4000-0x4fff]: assigned
[    0.501835] pci 0000:08:04.0: bridge window [io  0x5000-0x6fff]: assigned
[    0.501839] pci 0000:09:00.0: BAR 1 [mem size 0x10000000 64bit pref]: can't assign; no space
[    0.501842] pci 0000:09:00.0: BAR 1 [mem size 0x10000000 64bit pref]: failed to assign
[    0.501845] pci 0000:09:00.0: BAR 3 [mem size 0x02000000 64bit pref]: can't assign; no space
[    0.501849] pci 0000:09:00.0: BAR 3 [mem size 0x02000000 64bit pref]: failed to assign
[    0.501852] pci 0000:09:00.0: BAR 0 [mem 0xa4000000-0xa4ffffff]: assigned
[    0.501887] pci 0000:09:00.0: ROM [mem 0xa5000000-0xa507ffff pref]: assigned
[    0.501891] pci 0000:09:00.1: BAR 0 [mem 0xa5080000-0xa5083fff]: assigned
[    0.501899] pci 0000:09:00.0: BAR 5 [io  0x4000-0x407f]: assigned
[    0.501908] pci 0000:08:01.0: PCI bridge to [bus 09]
[    0.501913] pci 0000:08:01.0:   bridge window [io  0x4000-0x4fff]
[    0.501923] pci 0000:08:01.0:   bridge window [mem 0xa4000000-0xa57fffff]
[    0.501940] pci 0000:08:04.0: PCI bridge to [bus 0a-2b]
[    0.501945] pci 0000:08:04.0:   bridge window [io  0x5000-0x6fff]
[    0.501955] pci 0000:08:04.0:   bridge window [mem 0xa5800000-0xafffffff]
[    0.501972] pci 0000:07:00.0: PCI bridge to [bus 08-2b]
[    0.501977] pci 0000:07:00.0:   bridge window [io  0x4000-0x6fff]
[    0.501986] pci 0000:07:00.0:   bridge window [mem 0xa4000000-0xafffffff]
[    0.502003] pci 0000:05:01.0: PCI bridge to [bus 07-2b]
[    0.502007] pci 0000:05:01.0:   bridge window [io  0x4000-0x6fff]
[    0.502013] pci 0000:05:01.0:   bridge window [mem 0xa4000000-0xafffffff]
[    0.502018] pci 0000:05:01.0:   bridge window [mem 0x6000000000-0x601fffffff 64bit pref]
[    0.502027] pci 0000:05:02.0: PCI bridge to [bus 2c]
[    0.502032] pci 0000:05:02.0:   bridge window [mem 0xb0000000-0xb00fffff]
[    0.502042] pci 0000:05:04.0: PCI bridge to [bus 2d-51]
[    0.502046] pci 0000:05:04.0:   bridge window [io  0x7000-0x7fff]
[    0.502052] pci 0000:05:04.0:   bridge window [mem 0xb0100000-0xbc0fffff]
[    0.502057] pci 0000:05:04.0:   bridge window [mem 0x6020000000-0x603fffffff 64bit pref]
[    0.502065] pci 0000:04:00.0: PCI bridge to [bus 05-51]
[    0.502069] pci 0000:04:00.0:   bridge window [io  0x4000-0x7fff]
[    0.502075] pci 0000:04:00.0:   bridge window [mem 0xa4000000-0xbc1fffff]
[    0.502080] pci 0000:04:00.0:   bridge window [mem 0x6000000000-0x603fffffff 64bit pref]
[    0.502088] pci 0000:00:1c.0: PCI bridge to [bus 04-51]
[    0.502091] pci 0000:00:1c.0:   bridge window [io  0x4000-0x8fff]
[    0.502095] pci 0000:00:1c.0:   bridge window [mem 0xa4000000-0xbc1fffff]
[    0.502100] pci 0000:00:1c.0:   bridge window [mem 0x6000000000-0x603fffffff 64bit pref]
[    0.502106] pci_bus 0000:00: No. 2 try to assign unassigned res
[    0.502109] release child resource [mem 0xa4000000-0xa4ffffff]
[    0.502110] release child resource [mem 0xa5000000-0xa507ffff pref]
[    0.502111] release child resource [mem 0xa5080000-0xa5083fff]
[    0.502112] pci 0000:08:01.0: resource 14 [mem 0xa4000000-0xa57fffff] released
[    0.502116] pci 0000:08:01.0: PCI bridge to [bus 09]
[    0.502156] pci 0000:00:01.0: PCI bridge to [bus 01]
[    0.502158] pci 0000:00:01.0:   bridge window [io  0x2000-0x2fff]
[    0.502162] pci 0000:00:01.0:   bridge window [mem 0xbd000000-0xbe0fffff]
[    0.502166] pci 0000:00:01.0:   bridge window [mem 0x90000000-0xa1ffffff 64bit pref]
[    0.502171] pci 0000:00:1b.0: PCI bridge to [bus 02]
[    0.502185] pci 0000:00:1b.0:   bridge window [mem 0xbe100000-0xbe1fffff]
[    0.502193] pci 0000:05:00.0: PCI bridge to [bus 06]
[    0.502219] pci 0000:05:00.0:   bridge window [mem 0xbc100000-0xbc1fffff]
[    0.502229] pci 0000:07:00.0: bridge window [mem size 0x1018000000 64bit pref]: can't assign; no space
[    0.502233] pci 0000:07:00.0: bridge window [mem size 0x1018000000 64bit pref]: failed to assign
[    0.502237] pci 0000:08:01.0: bridge window [mem size 0x18000000 64bit pref]: can't assign; no space
[    0.502241] pci 0000:08:01.0: bridge window [mem size 0x18000000 64bit pref]: failed to assign
[    0.502244] pci 0000:08:01.0: bridge window [mem 0xa4000000-0xa57fffff]: assigned
[    0.502247] pci 0000:08:04.0: bridge window [mem size 0x1000000000 64bit pref]: can't assign; no space
[    0.502251] pci 0000:08:04.0: bridge window [mem size 0x1000000000 64bit pref]: failed to assign
[    0.502255] pci 0000:09:00.0: BAR 1 [mem size 0x10000000 64bit pref]: can't assign; no space
[    0.502258] pci 0000:09:00.0: BAR 1 [mem size 0x10000000 64bit pref]: failed to assign
[    0.502262] pci 0000:09:00.0: BAR 3 [mem size 0x02000000 64bit pref]: can't assign; no space
[    0.502265] pci 0000:09:00.0: BAR 3 [mem size 0x02000000 64bit pref]: failed to assign
[    0.502268] pci 0000:09:00.0: BAR 0 [mem 0xa4000000-0xa4ffffff]: assigned
[    0.502303] pci 0000:09:00.0: ROM [mem 0xa5000000-0xa507ffff pref]: assigned
[    0.502307] pci 0000:09:00.1: BAR 0 [mem 0xa5080000-0xa5083fff]: assigned
[    0.502315] pci 0000:08:01.0: PCI bridge to [bus 09]
[    0.502320] pci 0000:08:01.0:   bridge window [io  0x4000-0x4fff]
[    0.502334] pci 0000:08:01.0:   bridge window [mem 0xa4000000-0xa57fffff]
[    0.502352] pci 0000:08:04.0: PCI bridge to [bus 0a-2b]
[    0.502356] pci 0000:08:04.0:   bridge window [io  0x5000-0x6fff]
[    0.502366] pci 0000:08:04.0:   bridge window [mem 0xa5800000-0xafffffff]
[    0.502383] pci 0000:07:00.0: PCI bridge to [bus 08-2b]
[    0.502388] pci 0000:07:00.0:   bridge window [io  0x4000-0x6fff]
[    0.502398] pci 0000:07:00.0:   bridge window [mem 0xa4000000-0xafffffff]
[    0.502415] pci 0000:05:01.0: PCI bridge to [bus 07-2b]
[    0.502418] pci 0000:05:01.0:   bridge window [io  0x4000-0x6fff]
[    0.502424] pci 0000:05:01.0:   bridge window [mem 0xa4000000-0xafffffff]
[    0.502429] pci 0000:05:01.0:   bridge window [mem 0x6000000000-0x601fffffff 64bit pref]
[    0.502437] pci 0000:05:02.0: PCI bridge to [bus 2c]
[    0.502443] pci 0000:05:02.0:   bridge window [mem 0xb0000000-0xb00fffff]
[    0.502453] pci 0000:05:04.0: PCI bridge to [bus 2d-51]
[    0.502457] pci 0000:05:04.0:   bridge window [io  0x7000-0x7fff]
[    0.502463] pci 0000:05:04.0:   bridge window [mem 0xb0100000-0xbc0fffff]
[    0.502468] pci 0000:05:04.0:   bridge window [mem 0x6020000000-0x603fffffff 64bit pref]
[    0.502476] pci 0000:04:00.0: PCI bridge to [bus 05-51]
[    0.502479] pci 0000:04:00.0:   bridge window [io  0x4000-0x7fff]
[    0.502485] pci 0000:04:00.0:   bridge window [mem 0xa4000000-0xbc1fffff]
[    0.502490] pci 0000:04:00.0:   bridge window [mem 0x6000000000-0x603fffffff 64bit pref]
[    0.502498] pci 0000:00:1c.0: PCI bridge to [bus 04-51]
[    0.502501] pci 0000:00:1c.0:   bridge window [io  0x4000-0x8fff]
[    0.502506] pci 0000:00:1c.0:   bridge window [mem 0xa4000000-0xbc1fffff]
[    0.502510] pci 0000:00:1c.0:   bridge window [mem 0x6000000000-0x603fffffff 64bit pref]
[    0.502517] pci_bus 0000:00: No. 3 try to assign unassigned res
[    0.502519] release child resource [mem 0xa4000000-0xa4ffffff]
[    0.502520] release child resource [mem 0xa5000000-0xa507ffff pref]
[    0.502521] release child resource [mem 0xa5080000-0xa5083fff]
[    0.502522] pci 0000:08:01.0: resource 14 [mem 0xa4000000-0xa57fffff] released
[    0.502525] pci 0000:08:01.0: PCI bridge to [bus 09]
[    0.502559] pci 0000:08:04.0: resource 14 [mem 0xa5800000-0xafffffff] released
[    0.502562] pci 0000:08:04.0: PCI bridge to [bus 0a-2b]
[    0.502569] pci 0000:07:00.0: resource 14 [mem 0xa4000000-0xafffffff] released
[    0.502572] pci 0000:07:00.0: PCI bridge to [bus 08-2b]
[    0.502580] pci 0000:05:01.0: resource 15 [mem 0x6000000000-0x601fffffff 64bit pref] released
[    0.502583] pci 0000:05:01.0: PCI bridge to [bus 07-2b]
[    0.502597] pci 0000:00:01.0: PCI bridge to [bus 01]
[    0.502599] pci 0000:00:01.0:   bridge window [io  0x2000-0x2fff]
[    0.502603] pci 0000:00:01.0:   bridge window [mem 0xbd000000-0xbe0fffff]
[    0.502607] pci 0000:00:01.0:   bridge window [mem 0x90000000-0xa1ffffff 64bit pref]
[    0.502612] pci 0000:00:1b.0: PCI bridge to [bus 02]
[    0.502622] pci 0000:00:1b.0:   bridge window [mem 0xbe100000-0xbe1fffff]
[    0.502632] pci 0000:05:01.0: bridge window [mem size 0x1018000000 64bit pref]: can't assign; no space
[    0.502635] pci 0000:05:01.0: bridge window [mem size 0x1018000000 64bit pref]: failed to assign
[    0.502639] pci 0000:05:00.0: PCI bridge to [bus 06]
[    0.502671] pci 0000:05:00.0:   bridge window [mem 0xbc100000-0xbc1fffff]
[    0.502681] pci 0000:07:00.0: bridge window [mem size 0x1018000000 64bit pref]: can't assign; no space
[    0.502685] pci 0000:07:00.0: bridge window [mem size 0x1018000000 64bit pref]: failed to assign
[    0.502688] pci 0000:07:00.0: bridge window [mem 0xa4000000-0xafffffff]: assigned
[    0.502692] pci 0000:08:01.0: bridge window [mem size 0x18000000 64bit pref]: can't assign; no space
[    0.502695] pci 0000:08:01.0: bridge window [mem size 0x18000000 64bit pref]: failed to assign
[    0.502699] pci 0000:08:01.0: bridge window [mem 0xa4000000-0xa57fffff]: assigned
[    0.502702] pci 0000:08:04.0: bridge window [mem 0xa5800000-0xafffffff]: assigned
[    0.502705] pci 0000:08:04.0: bridge window [mem size 0x1000000000 64bit pref]: can't assign; no space
[    0.502709] pci 0000:08:04.0: bridge window [mem size 0x1000000000 64bit pref]: failed to assign
[    0.502713] pci 0000:09:00.0: BAR 1 [mem size 0x10000000 64bit pref]: can't assign; no space
[    0.502716] pci 0000:09:00.0: BAR 1 [mem size 0x10000000 64bit pref]: failed to assign
[    0.502720] pci 0000:09:00.0: BAR 3 [mem size 0x02000000 64bit pref]: can't assign; no space
[    0.502723] pci 0000:09:00.0: BAR 3 [mem size 0x02000000 64bit pref]: failed to assign
[    0.502726] pci 0000:09:00.0: BAR 0 [mem 0xa4000000-0xa4ffffff]: assigned
[    0.502761] pci 0000:09:00.0: ROM [mem 0xa5000000-0xa507ffff pref]: assigned
[    0.502764] pci 0000:09:00.1: BAR 0 [mem 0xa5080000-0xa5083fff]: assigned
[    0.502773] pci 0000:08:01.0: PCI bridge to [bus 09]
[    0.502778] pci 0000:08:01.0:   bridge window [io  0x4000-0x4fff]
[    0.502788] pci 0000:08:01.0:   bridge window [mem 0xa4000000-0xa57fffff]
[    0.502805] pci 0000:08:04.0: PCI bridge to [bus 0a-2b]
[    0.502810] pci 0000:08:04.0:   bridge window [io  0x5000-0x6fff]
[    0.502819] pci 0000:08:04.0:   bridge window [mem 0xa5800000-0xafffffff]
[    0.502836] pci 0000:07:00.0: PCI bridge to [bus 08-2b]
[    0.502841] pci 0000:07:00.0:   bridge window [io  0x4000-0x6fff]
[    0.502851] pci 0000:07:00.0:   bridge window [mem 0xa4000000-0xafffffff]
[    0.502868] pci 0000:05:01.0: PCI bridge to [bus 07-2b]
[    0.502871] pci 0000:05:01.0:   bridge window [io  0x4000-0x6fff]
[    0.502877] pci 0000:05:01.0:   bridge window [mem 0xa4000000-0xafffffff]
[    0.502887] pci 0000:05:02.0: PCI bridge to [bus 2c]
[    0.502893] pci 0000:05:02.0:   bridge window [mem 0xb0000000-0xb00fffff]
[    0.502903] pci 0000:05:04.0: PCI bridge to [bus 2d-51]
[    0.502906] pci 0000:05:04.0:   bridge window [io  0x7000-0x7fff]
[    0.502912] pci 0000:05:04.0:   bridge window [mem 0xb0100000-0xbc0fffff]
[    0.502917] pci 0000:05:04.0:   bridge window [mem 0x6020000000-0x603fffffff 64bit pref]
[    0.502925] pci 0000:04:00.0: PCI bridge to [bus 05-51]
[    0.502929] pci 0000:04:00.0:   bridge window [io  0x4000-0x7fff]
[    0.502935] pci 0000:04:00.0:   bridge window [mem 0xa4000000-0xbc1fffff]
[    0.502940] pci 0000:04:00.0:   bridge window [mem 0x6000000000-0x603fffffff 64bit pref]
[    0.502947] pci 0000:00:1c.0: PCI bridge to [bus 04-51]
[    0.502950] pci 0000:00:1c.0:   bridge window [io  0x4000-0x8fff]
[    0.502955] pci 0000:00:1c.0:   bridge window [mem 0xa4000000-0xbc1fffff]
[    0.502959] pci 0000:00:1c.0:   bridge window [mem 0x6000000000-0x603fffffff 64bit pref]
[    0.502966] pci_bus 0000:00: No. 4 try to assign unassigned res
[    0.502968] release child resource [mem 0xa4000000-0xa4ffffff]
[    0.502969] release child resource [mem 0xa5000000-0xa507ffff pref]
[    0.502970] release child resource [mem 0xa5080000-0xa5083fff]
[    0.502971] pci 0000:08:01.0: resource 14 [mem 0xa4000000-0xa57fffff] released
[    0.502974] pci 0000:08:01.0: PCI bridge to [bus 09]
[    0.503009] pci 0000:08:04.0: resource 14 [mem 0xa5800000-0xafffffff] released
[    0.503012] pci 0000:08:04.0: PCI bridge to [bus 0a-2b]
[    0.503019] pci 0000:07:00.0: resource 14 [mem 0xa4000000-0xafffffff] released
[    0.503022] pci 0000:07:00.0: PCI bridge to [bus 08-2b]
[    0.503029] pci 0000:05:01.0: resource 14 [mem 0xa4000000-0xafffffff] released
[    0.503032] pci 0000:05:01.0: PCI bridge to [bus 07-2b]
[    0.503037] release child resource [mem 0xbc100000-0xbc13ffff]
[    0.503038] release child resource [mem 0xbc140000-0xbc140fff]
[    0.503039] pci 0000:05:00.0: resource 14 [mem 0xbc100000-0xbc1fffff] released
[    0.503042] pci 0000:05:00.0: PCI bridge to [bus 06]
[    0.503046] release child resource [mem 0xb0000000-0xb000ffff]
[    0.503047] pci 0000:05:02.0: resource 14 [mem 0xb0000000-0xb00fffff] released
[    0.503050] pci 0000:05:02.0: PCI bridge to [bus 2c]
[    0.503055] pci 0000:05:04.0: resource 15 [mem 0x6020000000-0x603fffffff 64bit pref] released
[    0.503058] pci 0000:05:04.0: PCI bridge to [bus 2d-51]
[    0.503067] pci 0000:04:00.0: resource 15 [mem 0x6000000000-0x603fffffff 64bit pref] released
[    0.503070] pci 0000:04:00.0: PCI bridge to [bus 05-51]
[    0.503084] pci 0000:00:01.0: PCI bridge to [bus 01]
[    0.503087] pci 0000:00:01.0:   bridge window [io  0x2000-0x2fff]
[    0.503090] pci 0000:00:01.0:   bridge window [mem 0xbd000000-0xbe0fffff]
[    0.503094] pci 0000:00:01.0:   bridge window [mem 0x90000000-0xa1ffffff 64bit pref]
[    0.503099] pci 0000:00:1b.0: PCI bridge to [bus 02]
[    0.503113] pci 0000:00:1b.0:   bridge window [mem 0xbe100000-0xbe1fffff]
[    0.503122] pci 0000:04:00.0: bridge window [mem size 0x2018000000 64bit pref]: can't assign; no space
[    0.503125] pci 0000:04:00.0: bridge window [mem size 0x2018000000 64bit pref]: failed to assign
[    0.503130] pci 0000:05:01.0: bridge window [mem size 0x1018000000 64bit pref]: can't assign; no space
[    0.503133] pci 0000:05:01.0: bridge window [mem size 0x1018000000 64bit pref]: failed to assign
[    0.503137] pci 0000:05:01.0: bridge window [mem 0xa4000000-0xafffffff]: assigned
[    0.503140] pci 0000:05:00.0: bridge window [mem 0xb0000000-0xb00fffff]: assigned
[    0.503143] pci 0000:05:02.0: bridge window [mem 0xbc100000-0xbc1fffff]: assigned
[    0.503146] pci 0000:05:04.0: bridge window [mem size 0x1000000000 64bit pref]: can't assign; no space
[    0.503150] pci 0000:05:04.0: bridge window [mem size 0x1000000000 64bit pref]: failed to assign
[    0.503154] pci 0000:06:00.0: BAR 0 [mem 0xb0000000-0xb003ffff]: assigned
[    0.503186] pci 0000:06:00.0: BAR 1 [mem 0xb0040000-0xb0040fff]: assigned
[    0.503192] pci 0000:05:00.0: PCI bridge to [bus 06]
[    0.503198] pci 0000:05:00.0:   bridge window [mem 0xb0000000-0xb00fffff]
[    0.503208] pci 0000:07:00.0: bridge window [mem size 0x1018000000 64bit pref]: can't assign; no space
[    0.503211] pci 0000:07:00.0: bridge window [mem size 0x1018000000 64bit pref]: failed to assign
[    0.503215] pci 0000:07:00.0: bridge window [mem 0xa4000000-0xafffffff]: assigned
[    0.503219] pci 0000:08:01.0: bridge window [mem size 0x18000000 64bit pref]: can't assign; no space
[    0.503222] pci 0000:08:01.0: bridge window [mem size 0x18000000 64bit pref]: failed to assign
[    0.503225] pci 0000:08:01.0: bridge window [mem 0xa4000000-0xa57fffff]: assigned
[    0.503229] pci 0000:08:04.0: bridge window [mem 0xa5800000-0xafffffff]: assigned
[    0.503232] pci 0000:08:04.0: bridge window [mem size 0x1000000000 64bit pref]: can't assign; no space
[    0.503235] pci 0000:08:04.0: bridge window [mem size 0x1000000000 64bit pref]: failed to assign
[    0.503239] pci 0000:09:00.0: BAR 1 [mem size 0x10000000 64bit pref]: can't assign; no space
[    0.503243] pci 0000:09:00.0: BAR 1 [mem size 0x10000000 64bit pref]: failed to assign
[    0.503246] pci 0000:09:00.0: BAR 3 [mem size 0x02000000 64bit pref]: can't assign; no space
[    0.503249] pci 0000:09:00.0: BAR 3 [mem size 0x02000000 64bit pref]: failed to assign
[    0.503252] pci 0000:09:00.0: BAR 0 [mem 0xa4000000-0xa4ffffff]: assigned
[    0.503288] pci 0000:09:00.0: ROM [mem 0xa5000000-0xa507ffff pref]: assigned
[    0.503291] pci 0000:09:00.1: BAR 0 [mem 0xa5080000-0xa5083fff]: assigned
[    0.503300] pci 0000:08:01.0: PCI bridge to [bus 09]
[    0.503304] pci 0000:08:01.0:   bridge window [io  0x4000-0x4fff]
[    0.503314] pci 0000:08:01.0:   bridge window [mem 0xa4000000-0xa57fffff]
[    0.503331] pci 0000:08:04.0: PCI bridge to [bus 0a-2b]
[    0.503336] pci 0000:08:04.0:   bridge window [io  0x5000-0x6fff]
[    0.503346] pci 0000:08:04.0:   bridge window [mem 0xa5800000-0xafffffff]
[    0.503363] pci 0000:07:00.0: PCI bridge to [bus 08-2b]
[    0.503368] pci 0000:07:00.0:   bridge window [io  0x4000-0x6fff]
[    0.503377] pci 0000:07:00.0:   bridge window [mem 0xa4000000-0xafffffff]
[    0.503394] pci 0000:05:01.0: PCI bridge to [bus 07-2b]
[    0.503398] pci 0000:05:01.0:   bridge window [io  0x4000-0x6fff]
[    0.503404] pci 0000:05:01.0:   bridge window [mem 0xa4000000-0xafffffff]
[    0.503414] pci 0000:2c:00.0: BAR 0 [mem 0xbc100000-0xbc10ffff]: assigned
[    0.503421] pci 0000:05:02.0: PCI bridge to [bus 2c]
[    0.503427] pci 0000:05:02.0:   bridge window [mem 0xbc100000-0xbc1fffff]
[    0.503436] pci 0000:05:04.0: PCI bridge to [bus 2d-51]
[    0.503440] pci 0000:05:04.0:   bridge window [io  0x7000-0x7fff]
[    0.503446] pci 0000:05:04.0:   bridge window [mem 0xb0100000-0xbc0fffff]
[    0.503456] pci 0000:04:00.0: PCI bridge to [bus 05-51]
[    0.503459] pci 0000:04:00.0:   bridge window [io  0x4000-0x7fff]
[    0.503465] pci 0000:04:00.0:   bridge window [mem 0xa4000000-0xbc1fffff]
[    0.503475] pci 0000:00:1c.0: PCI bridge to [bus 04-51]
[    0.503478] pci 0000:00:1c.0:   bridge window [io  0x4000-0x8fff]
[    0.503483] pci 0000:00:1c.0:   bridge window [mem 0xa4000000-0xbc1fffff]
[    0.503487] pci 0000:00:1c.0:   bridge window [mem 0x6000000000-0x603fffffff 64bit pref]
[    0.503493] pci_bus 0000:00: No. 5 try to assign unassigned res
[    0.503496] release child resource [mem 0xa4000000-0xa4ffffff]
[    0.503496] release child resource [mem 0xa5000000-0xa507ffff pref]
[    0.503497] release child resource [mem 0xa5080000-0xa5083fff]
[    0.503498] pci 0000:08:01.0: resource 14 [mem 0xa4000000-0xa57fffff] released
[    0.503502] pci 0000:08:01.0: PCI bridge to [bus 09]
[    0.503534] pci 0000:08:04.0: resource 14 [mem 0xa5800000-0xafffffff] released
[    0.503537] pci 0000:08:04.0: PCI bridge to [bus 0a-2b]
[    0.503545] pci 0000:07:00.0: resource 14 [mem 0xa4000000-0xafffffff] released
[    0.503548] pci 0000:07:00.0: PCI bridge to [bus 08-2b]
[    0.503555] pci 0000:05:01.0: resource 14 [mem 0xa4000000-0xafffffff] released
[    0.503558] pci 0000:05:01.0: PCI bridge to [bus 07-2b]
[    0.503562] release child resource [mem 0xb0000000-0xb003ffff]
[    0.503563] release child resource [mem 0xb0040000-0xb0040fff]
[    0.503564] pci 0000:05:00.0: resource 14 [mem 0xb0000000-0xb00fffff] released
[    0.503567] pci 0000:05:00.0: PCI bridge to [bus 06]
[    0.503572] release child resource [mem 0xbc100000-0xbc10ffff]
[    0.503573] pci 0000:05:02.0: resource 14 [mem 0xbc100000-0xbc1fffff] released
[    0.503576] pci 0000:05:02.0: PCI bridge to [bus 2c]
[    0.503581] pci 0000:05:04.0: resource 14 [mem 0xb0100000-0xbc0fffff] released
[    0.503584] pci 0000:05:04.0: PCI bridge to [bus 2d-51]
[    0.503588] pci 0000:04:00.0: resource 14 [mem 0xa4000000-0xbc1fffff] released
[    0.503591] pci 0000:04:00.0: PCI bridge to [bus 05-51]
[    0.503597] pci 0000:00:1c.0: resource 15 [mem 0x6000000000-0x603fffffff 64bit pref] released
[    0.503600] pci 0000:00:1c.0: PCI bridge to [bus 04-51]
[    0.503613] pci 0000:00:1c.0: bridge window [mem 0x4010000000-0x6027ffffff 64bit pref]: assigned
[    0.503617] pci 0000:00:01.0: PCI bridge to [bus 01]
[    0.503619] pci 0000:00:01.0:   bridge window [io  0x2000-0x2fff]
[    0.503623] pci 0000:00:01.0:   bridge window [mem 0xbd000000-0xbe0fffff]
[    0.503627] pci 0000:00:01.0:   bridge window [mem 0x90000000-0xa1ffffff 64bit pref]
[    0.503632] pci 0000:00:1b.0: PCI bridge to [bus 02]
[    0.503646] pci 0000:00:1b.0:   bridge window [mem 0xbe100000-0xbe1fffff]
[    0.503654] pci 0000:04:00.0: bridge window [mem 0x4010000000-0x6027ffffff 64bit pref]: assigned
[    0.503658] pci 0000:04:00.0: bridge window [mem size 0x18400000]: can't assign; no space
[    0.503661] pci 0000:04:00.0: bridge window [mem size 0x18400000]: failed to assign
[    0.503665] pci 0000:05:01.0: bridge window [mem 0x4010000000-0x5027ffffff 64bit pref]: assigned
[    0.503669] pci 0000:05:01.0: bridge window [mem size 0x0c000000]: can't assign; no space
[    0.503672] pci 0000:05:01.0: bridge window [mem size 0x0c000000]: failed to assign
[    0.503675] pci 0000:05:00.0: bridge window [mem size 0x00100000]: can't assign; no space
[    0.503679] pci 0000:05:00.0: bridge window [mem size 0x00100000]: failed to assign
[    0.503682] pci 0000:05:02.0: bridge window [mem size 0x00100000]: can't assign; no space
[    0.503685] pci 0000:05:02.0: bridge window [mem size 0x00100000]: failed to assign
[    0.503688] pci 0000:05:04.0: bridge window [mem size 0x0c000000]: can't assign; no space
[    0.503691] pci 0000:05:04.0: bridge window [mem size 0x0c000000]: failed to assign
[    0.503694] pci 0000:05:04.0: bridge window [mem 0x5028000000-0x6027ffffff 64bit pref]: assigned
[    0.503698] pci 0000:06:00.0: BAR 0 [mem size 0x00040000]: can't assign; no space
[    0.503701] pci 0000:06:00.0: BAR 0 [mem size 0x00040000]: failed to assign
[    0.503704] pci 0000:06:00.0: BAR 1 [mem size 0x00001000]: can't assign; no space
[    0.503707] pci 0000:06:00.0: BAR 1 [mem size 0x00001000]: failed to assign
[    0.503710] pci 0000:05:00.0: PCI bridge to [bus 06]
[    0.503750] pci 0000:07:00.0: bridge window [mem 0x4010000000-0x5027ffffff 64bit pref]: assigned
[    0.503753] pci 0000:07:00.0: bridge window [mem size 0x0c000000]: can't assign; no space
[    0.503756] pci 0000:07:00.0: bridge window [mem size 0x0c000000]: failed to assign
[    0.503760] pci 0000:08:01.0: bridge window [mem 0x4010000000-0x4027ffffff 64bit pref]: assigned
[    0.503763] pci 0000:08:01.0: bridge window [mem size 0x01800000]: can't assign; no space
[    0.503767] pci 0000:08:01.0: bridge window [mem size 0x01800000]: failed to assign
[    0.503770] pci 0000:08:04.0: bridge window [mem size 0x0a800000]: can't assign; no space
[    0.503773] pci 0000:08:04.0: bridge window [mem size 0x0a800000]: failed to assign
[    0.503776] pci 0000:08:04.0: bridge window [mem 0x4028000000-0x5027ffffff 64bit pref]: assigned
[    0.503780] pci 0000:09:00.0: BAR 1 [mem 0x4010000000-0x401fffffff 64bit pref]: assigned
[    0.503830] pci 0000:09:00.0: BAR 3 [mem 0x4020000000-0x4021ffffff 64bit pref]: assigned
[    0.503853] pci 0000:09:00.0: BAR 0 [mem size 0x01000000]: can't assign; no space
[    0.503857] pci 0000:09:00.0: BAR 0 [mem size 0x01000000]: failed to assign
[    0.503860] pci 0000:09:00.0: ROM [mem size 0x00080000 pref]: can't assign; no space
[    0.503863] pci 0000:09:00.0: ROM [mem size 0x00080000 pref]: failed to assign
[    0.503866] pci 0000:09:00.1: BAR 0 [mem size 0x00004000]: can't assign; no space
[    0.503869] pci 0000:09:00.1: BAR 0 [mem size 0x00004000]: failed to assign
[    0.503872] pci 0000:08:01.0: PCI bridge to [bus 09]
[    0.503903] pci 0000:08:01.0:   bridge window [io  0x4000-0x4fff]
[    0.503918] pci 0000:08:01.0:   bridge window [mem 0x4010000000-0x4027ffffff 64bit pref]
[    0.503931] pci 0000:08:04.0: PCI bridge to [bus 0a-2b]
[    0.503935] pci 0000:08:04.0:   bridge window [io  0x5000-0x6fff]
[    0.503950] pci 0000:08:04.0:   bridge window [mem 0x4028000000-0x5027ffffff 64bit pref]
[    0.503963] pci 0000:07:00.0: PCI bridge to [bus 08-2b]
[    0.503968] pci 0000:07:00.0:   bridge window [io  0x4000-0x6fff]
[    0.503982] pci 0000:07:00.0:   bridge window [mem 0x4010000000-0x5027ffffff 64bit pref]
[    0.503995] pci 0000:05:01.0: PCI bridge to [bus 07-2b]
[    0.503998] pci 0000:05:01.0:   bridge window [io  0x4000-0x6fff]
[    0.504007] pci 0000:05:01.0:   bridge window [mem 0x4010000000-0x5027ffffff 64bit pref]
[    0.504015] pci 0000:2c:00.0: BAR 0 [mem size 0x00010000]: can't assign; no space
[    0.504018] pci 0000:2c:00.0: BAR 0 [mem size 0x00010000]: failed to assign
[    0.504021] pci 0000:05:02.0: PCI bridge to [bus 2c]
[    0.504050] pci 0000:05:04.0: PCI bridge to [bus 2d-51]
[    0.504054] pci 0000:05:04.0:   bridge window [io  0x7000-0x7fff]
[    0.504062] pci 0000:05:04.0:   bridge window [mem 0x5028000000-0x6027ffffff 64bit pref]
[    0.504070] pci 0000:04:00.0: PCI bridge to [bus 05-51]
[    0.504074] pci 0000:04:00.0:   bridge window [io  0x4000-0x7fff]
[    0.504082] pci 0000:04:00.0:   bridge window [mem 0x4010000000-0x6027ffffff 64bit pref]
[    0.504090] pci 0000:00:1c.0: PCI bridge to [bus 04-51]
[    0.504093] pci 0000:00:1c.0:   bridge window [io  0x4000-0x8fff]
[    0.504097] pci 0000:00:1c.0:   bridge window [mem 0xa4000000-0xbc1fffff]
[    0.504102] pci 0000:00:1c.0:   bridge window [mem 0x4010000000-0x6027ffffff 64bit pref]
[    0.504108] pci_bus 0000:00: No. 6 try to assign unassigned res
[    0.504112] pci 0000:00:1c.0: resource 14 [mem 0xa4000000-0xbc1fffff] released
[    0.504115] pci 0000:00:1c.0: PCI bridge to [bus 04-51]
[    0.504133] pci 0000:00:1c.0: bridge window [mem 0xa2000000-0xba3fffff]: assigned
[    0.504137] pci 0000:00:01.0: PCI bridge to [bus 01]
[    0.504139] pci 0000:00:01.0:   bridge window [io  0x2000-0x2fff]
[    0.504143] pci 0000:00:01.0:   bridge window [mem 0xbd000000-0xbe0fffff]
[    0.504147] pci 0000:00:01.0:   bridge window [mem 0x90000000-0xa1ffffff 64bit pref]
[    0.504152] pci 0000:00:1b.0: PCI bridge to [bus 02]
[    0.504166] pci 0000:00:1b.0:   bridge window [mem 0xbe100000-0xbe1fffff]
[    0.504174] pci 0000:04:00.0: bridge window [mem 0xa2000000-0xba3fffff]: assigned
[    0.504178] pci 0000:05:01.0: bridge window [mem 0xa2000000-0xadffffff]: assigned
[    0.504181] pci 0000:05:00.0: bridge window [mem 0xae000000-0xae0fffff]: assigned
[    0.504184] pci 0000:05:02.0: bridge window [mem 0xae100000-0xae1fffff]: assigned
[    0.504187] pci 0000:05:04.0: bridge window [mem 0xae200000-0xba1fffff]: assigned
[    0.504191] pci 0000:06:00.0: BAR 0 [mem 0xae000000-0xae03ffff]: assigned
[    0.504223] pci 0000:06:00.0: BAR 1 [mem 0xae040000-0xae040fff]: assigned
[    0.504229] pci 0000:05:00.0: PCI bridge to [bus 06]
[    0.504235] pci 0000:05:00.0:   bridge window [mem 0xae000000-0xae0fffff]
[    0.504245] pci 0000:07:00.0: bridge window [mem 0xa2000000-0xadffffff]: assigned
[    0.504248] pci 0000:08:01.0: bridge window [mem 0xa2000000-0xa37fffff]: assigned
[    0.504252] pci 0000:08:04.0: bridge window [mem 0xa3800000-0xadffffff]: assigned
[    0.504255] pci 0000:09:00.0: BAR 0 [mem 0xa2000000-0xa2ffffff]: assigned
[    0.504275] pci 0000:09:00.1: BAR 0 [mem 0xa3000000-0xa3003fff]: assigned
[    0.504284] pci 0000:08:01.0: PCI bridge to [bus 09]
[    0.504289] pci 0000:08:01.0:   bridge window [io  0x4000-0x4fff]
[    0.504299] pci 0000:08:01.0:   bridge window [mem 0xa2000000-0xa37fffff]
[    0.504306] pci 0000:08:01.0:   bridge window [mem 0x4010000000-0x4027ffffff 64bit pref]
[    0.504319] pci 0000:08:04.0: PCI bridge to [bus 0a-2b]
[    0.504324] pci 0000:08:04.0:   bridge window [io  0x5000-0x6fff]
[    0.504334] pci 0000:08:04.0:   bridge window [mem 0xa3800000-0xadffffff]
[    0.504341] pci 0000:08:04.0:   bridge window [mem 0x4028000000-0x5027ffffff 64bit pref]
[    0.504354] pci 0000:07:00.0: PCI bridge to [bus 08-2b]
[    0.504359] pci 0000:07:00.0:   bridge window [io  0x4000-0x6fff]
[    0.504369] pci 0000:07:00.0:   bridge window [mem 0xa2000000-0xadffffff]
[    0.504376] pci 0000:07:00.0:   bridge window [mem 0x4010000000-0x5027ffffff 64bit pref]
[    0.504389] pci 0000:05:01.0: PCI bridge to [bus 07-2b]
[    0.504392] pci 0000:05:01.0:   bridge window [io  0x4000-0x6fff]
[    0.504399] pci 0000:05:01.0:   bridge window [mem 0xa2000000-0xadffffff]
[    0.504404] pci 0000:05:01.0:   bridge window [mem 0x4010000000-0x5027ffffff 64bit pref]
[    0.504412] pci 0000:2c:00.0: BAR 0 [mem 0xae100000-0xae10ffff]: assigned
[    0.504419] pci 0000:05:02.0: PCI bridge to [bus 2c]
[    0.504425] pci 0000:05:02.0:   bridge window [mem 0xae100000-0xae1fffff]
[    0.504434] pci 0000:05:04.0: PCI bridge to [bus 2d-51]
[    0.504438] pci 0000:05:04.0:   bridge window [io  0x7000-0x7fff]
[    0.504444] pci 0000:05:04.0:   bridge window [mem 0xae200000-0xba1fffff]
[    0.504449] pci 0000:05:04.0:   bridge window [mem 0x5028000000-0x6027ffffff 64bit pref]
[    0.504457] pci 0000:04:00.0: PCI bridge to [bus 05-51]
[    0.504461] pci 0000:04:00.0:   bridge window [io  0x4000-0x7fff]
[    0.504467] pci 0000:04:00.0:   bridge window [mem 0xa2000000-0xba3fffff]
[    0.504472] pci 0000:04:00.0:   bridge window [mem 0x4010000000-0x6027ffffff 64bit pref]
[    0.504479] pci 0000:00:1c.0: PCI bridge to [bus 04-51]
[    0.504482] pci 0000:00:1c.0:   bridge window [io  0x4000-0x8fff]
[    0.504487] pci 0000:00:1c.0:   bridge window [mem 0xa2000000-0xba3fffff]
[    0.504491] pci 0000:00:1c.0:   bridge window [mem 0x4010000000-0x6027ffffff 64bit pref]
[    0.504498] pci_bus 0000:00: resource 4 [io  0x0000-0x0cf7 window]
[    0.504501] pci_bus 0000:00: resource 5 [io  0x0d00-0xffff window]
[    0.504504] pci_bus 0000:00: resource 6 [mem 0x000a0000-0x000bffff window]
[    0.504507] pci_bus 0000:00: resource 7 [mem 0x8f800000-0xefffffff window]
[    0.504510] pci_bus 0000:00: resource 8 [mem 0x4000000000-0x7fffffffff window]
[    0.504513] pci_bus 0000:00: resource 9 [mem 0xfc800000-0xfe7fffff window]
[    0.504516] pci_bus 0000:01: resource 0 [io  0x2000-0x2fff]
[    0.504519] pci_bus 0000:01: resource 1 [mem 0xbd000000-0xbe0fffff]
[    0.504521] pci_bus 0000:01: resource 2 [mem 0x90000000-0xa1ffffff 64bit pref]
[    0.504525] pci_bus 0000:02: resource 1 [mem 0xbe100000-0xbe1fffff]
[    0.504527] pci_bus 0000:04: resource 0 [io  0x4000-0x8fff]
[    0.504530] pci_bus 0000:04: resource 1 [mem 0xa2000000-0xba3fffff]
[    0.504533] pci_bus 0000:04: resource 2 [mem 0x4010000000-0x6027ffffff 64bit pref]
[    0.504536] pci_bus 0000:05: resource 0 [io  0x4000-0x7fff]
[    0.504538] pci_bus 0000:05: resource 1 [mem 0xa2000000-0xba3fffff]
[    0.504541] pci_bus 0000:05: resource 2 [mem 0x4010000000-0x6027ffffff 64bit pref]
[    0.504544] pci_bus 0000:06: resource 1 [mem 0xae000000-0xae0fffff]
[    0.504547] pci_bus 0000:07: resource 0 [io  0x4000-0x6fff]
[    0.504550] pci_bus 0000:07: resource 1 [mem 0xa2000000-0xadffffff]
[    0.504552] pci_bus 0000:07: resource 2 [mem 0x4010000000-0x5027ffffff 64bit pref]
[    0.504555] pci_bus 0000:08: resource 0 [io  0x4000-0x6fff]
[    0.504558] pci_bus 0000:08: resource 1 [mem 0xa2000000-0xadffffff]
[    0.504561] pci_bus 0000:08: resource 2 [mem 0x4010000000-0x5027ffffff 64bit pref]
[    0.504564] pci_bus 0000:09: resource 0 [io  0x4000-0x4fff]
[    0.504566] pci_bus 0000:09: resource 1 [mem 0xa2000000-0xa37fffff]
[    0.504569] pci_bus 0000:09: resource 2 [mem 0x4010000000-0x4027ffffff 64bit pref]
[    0.504572] pci_bus 0000:0a: resource 0 [io  0x5000-0x6fff]
[    0.504575] pci_bus 0000:0a: resource 1 [mem 0xa3800000-0xadffffff]
[    0.504577] pci_bus 0000:0a: resource 2 [mem 0x4028000000-0x5027ffffff 64bit pref]
[    0.504580] pci_bus 0000:2c: resource 1 [mem 0xae100000-0xae1fffff]
[    0.504583] pci_bus 0000:2d: resource 0 [io  0x7000-0x7fff]
[    0.504586] pci_bus 0000:2d: resource 1 [mem 0xae200000-0xba1fffff]
[    0.504588] pci_bus 0000:2d: resource 2 [mem 0x5028000000-0x6027ffffff 64bit pref]
[    0.505014] pci 0000:01:00.1: extending delay after power-on from D3hot to 20 msec
[    0.505044] pci 0000:01:00.1: D0 power state depends on 0000:01:00.0
[    0.505079] pci 0000:01:00.2: D0 power state depends on 0000:01:00.0
[    0.505170] pci 0000:01:00.2: enabling device (0000 -> 0002)
[    0.505300] pci 0000:01:00.3: D0 power state depends on 0000:01:00.0
[    0.505543] pci 0000:09:00.1: extending delay after power-on from D3hot to 20 msec
[    0.505575] pci 0000:09:00.1: D0 power state depends on 0000:09:00.0
[    0.506055] PCI: CLS 128 bytes, default 64
[    0.506063] PCI-DMA: Using software bounce buffering for IO (SWIOTLB)
[    0.506065] software IO TLB: mapped [mem 0x000000006f75c000-0x000000007375c000] (64MB)
[    0.506389] RAPL PMU: API unit is 2^-32 Joules, 4 fixed counters, 655360 ms ovfl timer
[    0.506395] RAPL PMU: hw unit of domain pp0-core 2^-14 Joules
[    0.506398] RAPL PMU: hw unit of domain package 2^-14 Joules
[    0.506401] RAPL PMU: hw unit of domain dram 2^-14 Joules
[    0.506403] RAPL PMU: hw unit of domain pp1-gpu 2^-14 Joules
[    0.506475] resource: resource sanity check: requesting [mem 0x00000000fed10000-0x00000000fed15fff], which spans more than pnp 00:08 [mem 0xfed10000-0xfed13fff]
[    0.506482] caller snb_uncore_imc_init_box+0x73/0xd0 mapping multiple BARs
[    0.507844] Initialise system trusted keyrings
[    0.507880] workingset: timestamp_bits=46 max_order=24 bucket_order=0
[    0.520948] NET: Registered PF_ALG protocol family
[    0.520953] Key type asymmetric registered
[    0.520955] Asymmetric key parser 'x509' registered
[    0.520958] Asymmetric key parser 'pkcs8' registered
[    0.520968] Block layer SCSI generic (bsg) driver version 0.4 loaded (major 252)
[    0.521005] io scheduler mq-deadline registered
[    0.521008] io scheduler kyber registered
[    0.521190] gpio_it87: no device
[    0.521378] pcieport 0000:00:01.0: PME: Signaling with IRQ 120
[    0.521609] pcieport 0000:00:1b.0: PME: Signaling with IRQ 121
[    0.521775] pcieport 0000:00:1c.0: PME: Signaling with IRQ 122
[    0.521817] pcieport 0000:00:1c.0: pciehp: Slot #0 AttnBtn- PwrCtrl- MRL- AttnInd- PwrInd- HotPlug+ Surprise+ Interlock- NoCompl+ IbPresDis- LLActRep+
[    0.522480] pcieport 0000:05:01.0: pciehp: Slot #1 AttnBtn- PwrCtrl- MRL- AttnInd- PwrInd- HotPlug+ Surprise+ Interlock- NoCompl+ IbPresDis- LLActRep+
[    0.522967] pcieport 0000:05:04.0: pciehp: Slot #4 AttnBtn- PwrCtrl- MRL- AttnInd- PwrInd- HotPlug+ Surprise+ Interlock- NoCompl+ IbPresDis- LLActRep+
[    0.523170] pcieport 0000:07:00.0: enabling device (0000 -> 0003)
[    0.523425] pcieport 0000:08:01.0: enabling device (0000 -> 0003)
[    0.523771] pcieport 0000:08:04.0: enabling device (0000 -> 0003)
[    0.523952] pcieport 0000:08:04.0: pciehp: Slot #4 AttnBtn- PwrCtrl- MRL- AttnInd- PwrInd- HotPlug+ Surprise+ Interlock- NoCompl+ IbPresDis- LLActRep+
[    0.525636] ACPI: AC: AC Adapter [AC] (on-line)
[    0.525702] input: Sleep Button as /devices/LNXSYSTM:00/LNXSYBUS:00/PNP0C0E:00/input/input0
[    0.525741] ACPI: button: Sleep Button [SLPB]
[    0.525774] input: Lid Switch as /devices/LNXSYSTM:00/LNXSYBUS:00/PNP0C0D:00/input/input1
[    0.525802] ACPI: button: Lid Switch [LID]
[    0.525830] input: Power Button as /devices/LNXSYSTM:00/LNXPWRBN:00/input/input2
[    0.525867] ACPI: button: Power Button [PWRF]
[    0.532293] thermal LNXTHERM:00: registered as thermal_zone0
[    0.532298] ACPI: thermal: Thermal Zone [THM0] (54 C)
[    0.532624] Non-volatile memory driver v1.3
[    0.532629] Linux agpgart interface v0.103
[    0.532638] ACPI: bus type drm_connector registered
[    0.532711] i915 0000:00:02.0: enabling device (0006 -> 0007)
[    0.533574] i915 0000:00:02.0: vgaarb: deactivate vga console
[    0.537431] i915 0000:00:02.0: vgaarb: VGA decodes changed: olddecodes=io+mem,decodes=none:owns=mem
[    0.537452] Loading firmware: i915/kbl_dmc_ver1_04.bin
[    0.539737] i915 0000:00:02.0: [drm] Finished loading DMC firmware i915/kbl_dmc_ver1_04.bin (v1.4)
[    0.565478] ACPI: battery: Slot [BAT0] (battery present)
[    0.583271] Loading firmware: i915/kbl_guc_70.1.1.bin
[    0.583345] Loading firmware: i915/kbl_huc_4.0.0.bin
[    0.586960] i915 0000:00:02.0: [drm] GT0: GuC firmware i915/kbl_guc_70.1.1.bin version 70.1.1
[    0.586968] i915 0000:00:02.0: [drm] GT0: HuC firmware i915/kbl_huc_4.0.0.bin version 4.0.0
[    0.611043] i915 0000:00:02.0: [drm] GT0: HuC: authenticated for all workloads
[    0.611050] i915 0000:00:02.0: [drm] GT0: GUC: submission disabled
[    0.611053] i915 0000:00:02.0: [drm] GT0: GUC: SLPC disabled
[    0.614801] [drm] Initialized i915 1.6.0 20230929 for 0000:00:02.0 on minor 0
[    0.615613] ACPI: video: [Firmware Bug]: ACPI(PEGP) defines _DOD but not _DOS
[    0.615698] ACPI: video: Video Device [PEGP] (multi-head: yes  rom: no  post: no)
[    0.615795] input: Video Bus as /devices/LNXSYSTM:00/LNXSYBUS:00/PNP0A08:00/device:00/LNXVIDEO:00/input/input3
[    0.617715] ACPI: video: Video Device [GFX0] (multi-head: yes  rom: no  post: no)
[    0.617857] input: Video Bus as /devices/LNXSYSTM:00/LNXSYBUS:00/PNP0A08:00/LNXVIDEO:01/input/input4
[    0.617962] i915 display info: display version: 9
[    0.617964] i915 display info: cursor_needs_physical: no
[    0.617965] i915 display info: has_cdclk_crawl: no
[    0.617966] i915 display info: has_cdclk_squash: no
[    0.617967] i915 display info: has_ddi: yes
[    0.617968] i915 display info: has_dp_mst: yes
[    0.617969] i915 display info: has_dsb: no
[    0.617970] i915 display info: has_fpga_dbg: yes
[    0.617971] i915 display info: has_gmch: no
[    0.617972] i915 display info: has_hotplug: yes
[    0.617973] i915 display info: has_hti: no
[    0.617974] i915 display info: has_ipc: yes
[    0.617974] i915 display info: has_overlay: no
[    0.617975] i915 display info: has_psr: yes
[    0.617976] i915 display info: has_psr_hw_tracking: yes
[    0.617977] i915 display info: overlay_needs_physical: no
[    0.617978] i915 display info: supports_tv: no
[    0.617979] i915 display info: has_hdcp: yes
[    0.617979] i915 display info: has_dmc: yes
[    0.617980] i915 display info: has_dsc: no
[    0.619011] fbcon: i915drmfb (fb0) is primary device
[    0.619969] loop: module loaded
[    0.620055] mei_me 0000:00:16.0: enabling device (0000 -> 0002)
[    0.620066] intel-lpss 0000:00:15.0: enabling device (0000 -> 0002)
[    0.620351] intel-lpss 0000:00:15.1: enabling device (0000 -> 0002)
[    0.620540] intel-lpss 0000:00:1e.0: enabling device (0000 -> 0002)
[    0.621093] wireguard: WireGuard 1.0.0 loaded. See www.wireguard.com for information.
[    0.621094] wireguard: Copyright (C) 2015-2019 Jason A. Donenfeld <Jason@zx2c4.com>. All Rights Reserved.
[    0.621155] nvme nvme0: pci function 0000:02:00.0
[    0.621243] tun: Universal TUN/TAP device driver, 1.6
[    0.621303] e1000e: Intel(R) PRO/1000 Network Driver
[    0.621303] e1000e: Copyright(c) 1999 - 2015 Intel Corporation.
[    0.621833] e1000e 0000:00:1f.6: Interrupt Throttling Rate (ints/sec) set to dynamic conservative mode
[    0.631433] nvme nvme0: missing or invalid SUBNQN field.
[    0.631654] nvme nvme0: Shutdown timeout set to 8 seconds
[    0.646868] nvme nvme0: 12/0/0 default/read/poll queues
[    0.651047]  nvme0n1: p1 p2 p3 p4
[    0.765749] e1000e 0000:00:1f.6 eth0: (PCI Express:2.5GT/s:Width x1) f8:75:a4:2f:92:08
[    0.765753] e1000e 0000:00:1f.6 eth0: Intel(R) PRO/1000 Network Connection
[    0.765814] e1000e 0000:00:1f.6 eth0: MAC: 13, PHY: 12, PBA No: FFFFFF-0FF
[    0.766044] xhci_hcd 0000:00:14.0: xHCI Host Controller
[    0.766049] xhci_hcd 0000:00:14.0: new USB bus registered, assigned bus number 1
[    0.767138] xhci_hcd 0000:00:14.0: hcc params 0x200077c1 hci version 0x110 quirks 0x0000000000009810
[    0.767367] xhci_hcd 0000:00:14.0: xHCI Host Controller
[    0.767369] xhci_hcd 0000:00:14.0: new USB bus registered, assigned bus number 2
[    0.767371] xhci_hcd 0000:00:14.0: Host supports USB 3.1 Enhanced SuperSpeed
[    0.767487] usb usb1: New USB device found, idVendor=1d6b, idProduct=0002, bcdDevice= 6.08
[    0.767491] usb usb1: New USB device strings: Mfr=3, Product=2, SerialNumber=1
[    0.767492] usb usb1: Product: xHCI Host Controller
[    0.767494] usb usb1: Manufacturer: Linux 6.8.6-gentoo xhci-hcd
[    0.767495] usb usb1: SerialNumber: 0000:00:14.0
[    0.767723] hub 1-0:1.0: USB hub found
[    0.767783] hub 1-0:1.0: 16 ports detected
[    0.770641] usb usb2: New USB device found, idVendor=1d6b, idProduct=0003, bcdDevice= 6.08
[    0.770645] usb usb2: New USB device strings: Mfr=3, Product=2, SerialNumber=1
[    0.770646] usb usb2: Product: xHCI Host Controller
[    0.770648] usb usb2: Manufacturer: Linux 6.8.6-gentoo xhci-hcd
[    0.770649] usb usb2: SerialNumber: 0000:00:14.0
[    0.770779] hub 2-0:1.0: USB hub found
[    0.770800] hub 2-0:1.0: 10 ports detected
[    0.772456] xhci_hcd 0000:01:00.2: xHCI Host Controller
[    0.772461] xhci_hcd 0000:01:00.2: new USB bus registered, assigned bus number 3
[    0.773064] xhci_hcd 0000:01:00.2: hcc params 0x0180ff05 hci version 0x110 quirks 0x0000000000000010
[    0.773220] xhci_hcd 0000:01:00.2: xHCI Host Controller
[    0.773222] xhci_hcd 0000:01:00.2: new USB bus registered, assigned bus number 4
[    0.773224] xhci_hcd 0000:01:00.2: Host supports USB 3.1 Enhanced SuperSpeed
[    0.773291] usb usb3: New USB device found, idVendor=1d6b, idProduct=0002, bcdDevice= 6.08
[    0.773294] usb usb3: New USB device strings: Mfr=3, Product=2, SerialNumber=1
[    0.773295] usb usb3: Product: xHCI Host Controller
[    0.773296] usb usb3: Manufacturer: Linux 6.8.6-gentoo xhci-hcd
[    0.773297] usb usb3: SerialNumber: 0000:01:00.2
[    0.773419] hub 3-0:1.0: USB hub found
[    0.773429] hub 3-0:1.0: 2 ports detected
[    0.773758] usb usb4: We don't know the algorithms for LPM for this host, disabling LPM.
[    0.773788] usb usb4: New USB device found, idVendor=1d6b, idProduct=0003, bcdDevice= 6.08
[    0.773791] usb usb4: New USB device strings: Mfr=3, Product=2, SerialNumber=1
[    0.773792] usb usb4: Product: xHCI Host Controller
[    0.773793] usb usb4: Manufacturer: Linux 6.8.6-gentoo xhci-hcd
[    0.773794] usb usb4: SerialNumber: 0000:01:00.2
[    0.773909] hub 4-0:1.0: USB hub found
[    0.773921] hub 4-0:1.0: 4 ports detected
[    0.774611] xhci_hcd 0000:2c:00.0: xHCI Host Controller
[    0.774615] xhci_hcd 0000:2c:00.0: new USB bus registered, assigned bus number 5
[    0.775772] xhci_hcd 0000:2c:00.0: hcc params 0x200077c1 hci version 0x110 quirks 0x0000000200009810
[    0.776044] xhci_hcd 0000:2c:00.0: xHCI Host Controller
[    0.776047] xhci_hcd 0000:2c:00.0: new USB bus registered, assigned bus number 6
[    0.776049] xhci_hcd 0000:2c:00.0: Host supports USB 3.1 Enhanced SuperSpeed
[    0.776147] usb usb5: New USB device found, idVendor=1d6b, idProduct=0002, bcdDevice= 6.08
[    0.776151] usb usb5: New USB device strings: Mfr=3, Product=2, SerialNumber=1
[    0.776153] usb usb5: Product: xHCI Host Controller
[    0.776154] usb usb5: Manufacturer: Linux 6.8.6-gentoo xhci-hcd
[    0.776155] usb usb5: SerialNumber: 0000:2c:00.0
[    0.776311] hub 5-0:1.0: USB hub found
[    0.776372] hub 5-0:1.0: 2 ports detected
[    0.777730] usb usb6: New USB device found, idVendor=1d6b, idProduct=0003, bcdDevice= 6.08
[    0.777733] usb usb6: New USB device strings: Mfr=3, Product=2, SerialNumber=1
[    0.777734] usb usb6: Product: xHCI Host Controller
[    0.777735] usb usb6: Manufacturer: Linux 6.8.6-gentoo xhci-hcd
[    0.777736] usb usb6: SerialNumber: 0000:2c:00.0
[    0.777853] hub 6-0:1.0: USB hub found
[    0.777889] hub 6-0:1.0: 2 ports detected
[    0.779494] i8042: PNP: PS/2 Controller [PNP0303:KBD,PNP0f13:MOU] at 0x60,0x64 irq 1,12
[    0.781026] serio: i8042 KBD port at 0x60,0x64 irq 1
[    0.781030] serio: i8042 AUX port at 0x60,0x64 irq 12
[    0.781138] mousedev: PS/2 mouse device common for all mice
[    0.781566] rtc_cmos 00:04: RTC can wake from S4
[    0.782667] input: AT Translated Set 2 keyboard as /devices/platform/i8042/serio0/input/input5
[    0.782815] rtc_cmos 00:04: registered as rtc0
[    0.782862] rtc_cmos 00:04: alarms up to one month, y3k, 242 bytes nvram
[    0.782872] i2c_dev: i2c /dev entries driver
[    0.784786] Consider using thermal netlink events interface
[    0.788908] proc_thermal 0000:00:04.0: enabling device (0000 -> 0002)
[    0.791937] intel_rapl_common: Found RAPL domain package
[    0.791939] intel_rapl_common: Found RAPL domain dram
[    0.792449] intel_pch_thermal 0000:00:12.0: enabling device (0000 -> 0002)
[    0.792598] intel_tcc_cooling: Programmable TCC Offset detected
[    0.793110] intel_pstate: Intel P-state driver initializing
[    0.793940] intel_pstate: Disabling energy efficiency optimization
[    0.793941] intel_pstate: HWP enabled
[    0.794088] hid: raw HID events driver (C) Jiri Kosina
[    0.794121] usbcore: registered new interface driver usbhid
[    0.794122] usbhid: USB HID core driver
[    0.794161] thinkpad_acpi: ThinkPad ACPI Extras v0.26
[    0.794161] thinkpad_acpi: http://ibm-acpi.sf.net/
[    0.794162] thinkpad_acpi: ThinkPad BIOS N2NET59W (1.44 ), EC N2NHT29W
[    0.794162] thinkpad_acpi: Lenovo ThinkPad P53, model 20QQS1H508
[    0.794265] thinkpad_acpi: radio switch found; radios are enabled
[    0.794268] thinkpad_acpi: This ThinkPad has standard ACPI backlight brightness control, supported by the ACPI video driver
[    0.794269] thinkpad_acpi: Disabling thinkpad-acpi brightness events by default...
[    0.800890] thinkpad_acpi: volume: disabled as there is no ALSA support in this kernel
[    0.804099] thinkpad_acpi: secondary fan control detected & enabled
[    0.807706] thinkpad_acpi: battery 1 registered (start 0, stop 100, behaviours: 0x7)
[    0.807711] ACPI: battery: new extension: ThinkPad Battery Extension
[    0.812313] pcieport 0000:08:04.0: pciehp: Slot(4-1): Card present
[    0.812314] pcieport 0000:08:04.0: pciehp: Slot(4-1): Link Up
[    0.812744] input: ThinkPad Extra Buttons as /devices/platform/thinkpad_acpi/input/input8
[    0.942485] pci 0000:0a:00.0: [8086:15d3] type 01 class 0x060400 PCIe Switch Upstream Port
[    0.942563] pci 0000:0a:00.0: PCI bridge to [bus 00]
[    0.942582] pci 0000:0a:00.0:   bridge window [io  0x0000-0x0fff]
[    0.942590] pci 0000:0a:00.0:   bridge window [mem 0x00000000-0x000fffff]
[    0.942622] pci 0000:0a:00.0:   bridge window [mem 0x00000000-0x000fffff 64bit pref]
[    0.942660] pci 0000:0a:00.0: enabling Extended Tags
[    0.943702] pci 0000:0a:00.0: supports D1 D2
[    0.943703] pci 0000:0a:00.0: PME# supported from D0 D1 D2 D3hot D3cold
[    0.943911] pci 0000:0a:00.0: 8.000 Gb/s available PCIe bandwidth, limited by 2.5 GT/s PCIe x4 link at 0000:05:01.0 (capable of 31.504 Gb/s with 8.0 GT/s PCIe x4 link)
[    0.944193] pci 0000:0a:00.0: bridge configuration invalid ([bus 00-00]), reconfiguring
[    0.944402] pci 0000:0b:00.0: [8086:15d3] type 01 class 0x060400 PCIe Switch Downstream Port
[    0.944480] pci 0000:0b:00.0: PCI bridge to [bus 00]
[    0.944499] pci 0000:0b:00.0:   bridge window [io  0x0000-0x0fff]
[    0.944507] pci 0000:0b:00.0:   bridge window [mem 0x00000000-0x000fffff]
[    0.944540] pci 0000:0b:00.0:   bridge window [mem 0x00000000-0x000fffff 64bit pref]
[    0.944582] pci 0000:0b:00.0: enabling Extended Tags
[    0.945472] pci 0000:0b:00.0: supports D1 D2
[    0.945474] pci 0000:0b:00.0: PME# supported from D0 D1 D2 D3hot D3cold
[    0.946112] pci 0000:0b:01.0: [8086:15d3] type 01 class 0x060400 PCIe Switch Downstream Port
[    0.946191] pci 0000:0b:01.0: PCI bridge to [bus 00]
[    0.946210] pci 0000:0b:01.0:   bridge window [io  0x0000-0x0fff]
[    0.946218] pci 0000:0b:01.0:   bridge window [mem 0x00000000-0x000fffff]
[    0.946250] pci 0000:0b:01.0:   bridge window [mem 0x00000000-0x000fffff 64bit pref]
[    0.946293] pci 0000:0b:01.0: enabling Extended Tags
[    0.947168] pci 0000:0b:01.0: supports D1 D2
[    0.947169] pci 0000:0b:01.0: PME# supported from D0 D1 D2 D3hot D3cold
[    0.947610] pci 0000:0b:02.0: [8086:15d3] type 01 class 0x060400 PCIe Switch Downstream Port
[    0.947689] pci 0000:0b:02.0: PCI bridge to [bus 00]
[    0.947707] pci 0000:0b:02.0:   bridge window [io  0x0000-0x0fff]
[    0.947715] pci 0000:0b:02.0:   bridge window [mem 0x00000000-0x000fffff]
[    0.947748] pci 0000:0b:02.0:   bridge window [mem 0x00000000-0x000fffff 64bit pref]
[    0.947791] pci 0000:0b:02.0: enabling Extended Tags
[    0.948756] pci 0000:0b:02.0: supports D1 D2
