[    0.000000] Linux version 6.8.6-gentoo (root@p53) (gcc (Gentoo 13.2.1_p20240210 p14) 13.2.1 20240210, GNU ld (Gentoo 2.42 p3) 2.42.0) #19 SMP PREEMPT_DYNAMIC Thu Apr 18 08:01:48 -00 2024
[    0.000000] Command line: BOOT_IMAGE=/kernel-6.8.6-gt.efi root=PARTUUID=a8f4911b-b44b-466a-9c9c-d30789efbe40 ro
[    0.000000] BIOS-provided physical RAM map:
[    0.000000] BIOS-e820: [mem 0x0000000000000000-0x000000000009efff] usable
[    0.000000] BIOS-e820: [mem 0x000000000009f000-0x00000000000fffff] reserved
[    0.000000] BIOS-e820: [mem 0x0000000000100000-0x000000006f23bfff] usable
[    0.000000] BIOS-e820: [mem 0x000000006f23c000-0x000000006f23cfff] reserved
[    0.000000] BIOS-e820: [mem 0x000000006f23d000-0x000000007a792fff] usable
[    0.000000] BIOS-e820: [mem 0x000000007a793000-0x000000007fa6cfff] reserved
[    0.000000] BIOS-e820: [mem 0x000000007fa6d000-0x000000007fca9fff] ACPI NVS
[    0.000000] BIOS-e820: [mem 0x000000007fcaa000-0x000000007fd0efff] ACPI data
[    0.000000] BIOS-e820: [mem 0x000000007fd0f000-0x000000007fd0ffff] usable
[    0.000000] BIOS-e820: [mem 0x000000007fd10000-0x0000000087ffffff] reserved
[    0.000000] BIOS-e820: [mem 0x0000000088000000-0x00000000887fffff] usable
[    0.000000] BIOS-e820: [mem 0x0000000088800000-0x000000008f7fffff] reserved
[    0.000000] BIOS-e820: [mem 0x00000000fe010000-0x00000000fe010fff] reserved
[    0.000000] BIOS-e820: [mem 0x0000000100000000-0x000000106c7fffff] usable
[    0.000000] NX (Execute Disable) protection: active
[    0.000000] APIC: Static calls initialized
[    0.000000] efi: EFI v2.6 by Lenovo
[    0.000000] efi: SMBIOS=0x7cebe000 SMBIOS 3.0=0x7ceb1000 ACPI=0x7fd0e000 ACPI 2.0=0x7fd0e014 MEMATTR=0x74fbf018 ESRT=0x7cc96000 RNG=0x7fd0d018 
[    0.000000] random: crng init done
[    0.000000] efi: Not removing mem58: MMIO range=[0xfe010000-0xfe010fff] (4KB) from e820 map
[    0.000000] SMBIOS 3.1.1 present.
[    0.000000] DMI: LENOVO 20QQS1H508/20QQS1H508, BIOS N2NET59W (1.44 ) 02/21/2024
[    0.000000] tsc: Detected 2600.000 MHz processor
[    0.000000] tsc: Detected 2599.992 MHz TSC
[    0.000003] e820: update [mem 0x00000000-0x00000fff] usable ==> reserved
[    0.000006] e820: remove [mem 0x000a0000-0x000fffff] usable
[    0.000011] last_pfn = 0x106c800 max_arch_pfn = 0x400000000
[    0.000015] MTRR map: 5 entries (3 fixed + 2 variable; max 23), built from 10 variable MTRRs
[    0.000017] x86/PAT: Configuration [0-7]: WB  WC  UC- UC  WB  WP  UC- WT  
[    0.000365] last_pfn = 0x88800 max_arch_pfn = 0x400000000
[    0.008187] esrt: Reserving ESRT space from 0x000000007cc96000 to 0x000000007cc960b0.
[    0.008194] Using GB pages for direct mapping
[    0.008706] Secure boot disabled
[    0.008707] ACPI: Early table checksum verification disabled
[    0.008709] ACPI: RSDP 0x000000007FD0E014 000024 (v02 LENOVO)
[    0.008714] ACPI: XSDT 0x000000007FD0C188 00011C (v01 LENOVO TP-N2N   00001440 PTEC 00000002)
[    0.008719] ACPI: FACP 0x000000007CCC9000 000114 (v06 LENOVO TP-N2N   00001440 PTEC 00000002)
[    0.008724] ACPI: DSDT 0x000000007CC9D000 027A69 (v02 LENOVO CFL      20170001 INTL 20160422)
[    0.008727] ACPI: FACS 0x000000007FAEB000 000040
[    0.008730] ACPI: SSDT 0x000000007CD20000 001B26 (v02 LENOVO CpuSsdt  00003000 INTL 20160527)
[    0.008732] ACPI: SSDT 0x000000007CD1F000 00056D (v02 LENOVO CtdpB    00001000 INTL 20160527)
[    0.008735] ACPI: SSDT 0x000000007CCE5000 004020 (v02 LENOVO DptfTabl 00001000 INTL 20160527)
[    0.008738] ACPI: SSDT 0x000000007CCCF000 003189 (v02 LENOVO SaSsdt   00003000 INTL 20160527)
[    0.008740] ACPI: SSDT 0x000000007CCCC000 002A59 (v02 LENOVO PegSsdt  00001000 INTL 20160527)
[    0.008743] ACPI: UEFI 0x000000007FB0C000 000042 (v01 LENOVO TP-N2N   00001440 PTEC 00000002)
[    0.008746] ACPI: SSDT 0x000000007CCCA000 000530 (v02 LENOVO PerfTune 00001000 INTL 20160527)
[    0.008748] ACPI: HPET 0x000000007CCC8000 000038 (v01 LENOVO TP-N2N   00001440 PTEC 00000002)
[    0.008751] ACPI: APIC 0x000000007CCC7000 00012C (v03 LENOVO TP-N2N   00001440 PTEC 00000002)
[    0.008753] ACPI: MCFG 0x000000007CCC6000 00003C (v01 LENOVO TP-N2N   00001440 PTEC 00000002)
[    0.008756] ACPI: ECDT 0x000000007CCC5000 000053 (v01 LENOVO TP-N2N   00001440 PTEC 00000002)
[    0.008759] ACPI: SSDT 0x000000007CC9B000 001A5F (v02 LENOVO CflH_Tbt 00001000 INTL 20160527)
[    0.008761] ACPI: SSDT 0x000000007CC98000 002990 (v02 LENOVO ProjSsdt 00000010 INTL 20160527)
[    0.008764] ACPI: BOOT 0x000000007CC97000 000028 (v01 LENOVO TP-N2N   00001440 PTEC 00000002)
[    0.008767] ACPI: SLIC 0x000000007CC95000 000176 (v01 LENOVO TP-N2N   00001440 PTEC 00000002)
[    0.008769] ACPI: SSDT 0x000000007CC94000 000E8A (v02 LENOVO UsbCTabl 00001000 INTL 20160527)
[    0.008772] ACPI: LPIT 0x000000007CC93000 000094 (v01 LENOVO TP-N2N   00001440 PTEC 00000002)
[    0.008774] ACPI: WSMT 0x000000007CC92000 000028 (v01 LENOVO TP-N2N   00001440 PTEC 00000002)
[    0.008777] ACPI: SSDT 0x000000007CC90000 001667 (v02 LENOVO TbtTypeC 00000000 INTL 20160527)
[    0.008779] ACPI: DBGP 0x000000007CC8F000 000034 (v01 LENOVO TP-N2N   00001440 PTEC 00000002)
[    0.008782] ACPI: DBG2 0x000000007CC8E000 000054 (v00 LENOVO TP-N2N   00001440 PTEC 00000002)
[    0.008785] ACPI: MSDM 0x000000007CC8D000 000055 (v03 LENOVO TP-N2N   00001440 PTEC 00000002)
[    0.008787] ACPI: BATB 0x000000007CAAF000 00004A (v02 LENOVO TP-N2N   00001440 PTEC 00000002)
[    0.008790] ACPI: SSDT 0x000000007ACA7000 001DB5 (v01 LENOVO NvOptTbl 00001000 INTL 20160527)
[    0.008792] ACPI: NHLT 0x000000007ACA6000 00002D (v00 LENOVO TP-N2N   00001440 PTEC 00000002)
[    0.008795] ACPI: SSDT 0x000000007ACA5000 0000AE (v02 LENOVO SgPeg    00001000 INTL 20160527)
[    0.008798] ACPI: DMAR 0x000000007ACA9000 0000C8 (v01 LENOVO TP-N2N   00001440 PTEC 00000002)
[    0.008801] ACPI: ASF! 0x000000007ACA4000 0000A0 (v32 LENOVO TP-N2N   00001440 PTEC 00000002)
[    0.008804] ACPI: FPDT 0x000000007ACA3000 000034 (v01 LENOVO TP-N2N   00001440 PTEC 00000002)
[    0.008806] ACPI: UEFI 0x000000007FAB7000 00012A (v01 LENOVO TP-N2N   00001440 PTEC 00000002)
[    0.008809] ACPI: Reserving FACP table memory at [mem 0x7ccc9000-0x7ccc9113]
[    0.008810] ACPI: Reserving DSDT table memory at [mem 0x7cc9d000-0x7ccc4a68]
[    0.008811] ACPI: Reserving FACS table memory at [mem 0x7faeb000-0x7faeb03f]
[    0.008812] ACPI: Reserving SSDT table memory at [mem 0x7cd20000-0x7cd21b25]
[    0.008813] ACPI: Reserving SSDT table memory at [mem 0x7cd1f000-0x7cd1f56c]
[    0.008814] ACPI: Reserving SSDT table memory at [mem 0x7cce5000-0x7cce901f]
[    0.008815] ACPI: Reserving SSDT table memory at [mem 0x7cccf000-0x7ccd2188]
[    0.008816] ACPI: Reserving SSDT table memory at [mem 0x7cccc000-0x7cccea58]
[    0.008816] ACPI: Reserving UEFI table memory at [mem 0x7fb0c000-0x7fb0c041]
[    0.008817] ACPI: Reserving SSDT table memory at [mem 0x7ccca000-0x7ccca52f]
[    0.008818] ACPI: Reserving HPET table memory at [mem 0x7ccc8000-0x7ccc8037]
[    0.008819] ACPI: Reserving APIC table memory at [mem 0x7ccc7000-0x7ccc712b]
[    0.008820] ACPI: Reserving MCFG table memory at [mem 0x7ccc6000-0x7ccc603b]
[    0.008821] ACPI: Reserving ECDT table memory at [mem 0x7ccc5000-0x7ccc5052]
[    0.008822] ACPI: Reserving SSDT table memory at [mem 0x7cc9b000-0x7cc9ca5e]
[    0.008823] ACPI: Reserving SSDT table memory at [mem 0x7cc98000-0x7cc9a98f]
[    0.008824] ACPI: Reserving BOOT table memory at [mem 0x7cc97000-0x7cc97027]
[    0.008824] ACPI: Reserving SLIC table memory at [mem 0x7cc95000-0x7cc95175]
[    0.008825] ACPI: Reserving SSDT table memory at [mem 0x7cc94000-0x7cc94e89]
[    0.008826] ACPI: Reserving LPIT table memory at [mem 0x7cc93000-0x7cc93093]
[    0.008827] ACPI: Reserving WSMT table memory at [mem 0x7cc92000-0x7cc92027]
[    0.008828] ACPI: Reserving SSDT table memory at [mem 0x7cc90000-0x7cc91666]
[    0.008829] ACPI: Reserving DBGP table memory at [mem 0x7cc8f000-0x7cc8f033]
[    0.008830] ACPI: Reserving DBG2 table memory at [mem 0x7cc8e000-0x7cc8e053]
[    0.008831] ACPI: Reserving MSDM table memory at [mem 0x7cc8d000-0x7cc8d054]
[    0.008832] ACPI: Reserving BATB table memory at [mem 0x7caaf000-0x7caaf049]
[    0.008832] ACPI: Reserving SSDT table memory at [mem 0x7aca7000-0x7aca8db4]
[    0.008833] ACPI: Reserving NHLT table memory at [mem 0x7aca6000-0x7aca602c]
[    0.008834] ACPI: Reserving SSDT table memory at [mem 0x7aca5000-0x7aca50ad]
[    0.008835] ACPI: Reserving DMAR table memory at [mem 0x7aca9000-0x7aca90c7]
[    0.008836] ACPI: Reserving ASF! table memory at [mem 0x7aca4000-0x7aca409f]
[    0.008837] ACPI: Reserving FPDT table memory at [mem 0x7aca3000-0x7aca3033]
[    0.008838] ACPI: Reserving UEFI table memory at [mem 0x7fab7000-0x7fab7129]
[    0.008902] Zone ranges:
[    0.008903]   DMA      [mem 0x0000000000001000-0x0000000000ffffff]
[    0.008905]   DMA32    [mem 0x0000000001000000-0x00000000ffffffff]
[    0.008907]   Normal   [mem 0x0000000100000000-0x000000106c7fffff]
[    0.008908] Movable zone start for each node
[    0.008909] Early memory node ranges
[    0.008909]   node   0: [mem 0x0000000000001000-0x000000000009efff]
[    0.008911]   node   0: [mem 0x0000000000100000-0x000000006f23bfff]
[    0.008912]   node   0: [mem 0x000000006f23d000-0x000000007a792fff]
[    0.008913]   node   0: [mem 0x000000007fd0f000-0x000000007fd0ffff]
[    0.008914]   node   0: [mem 0x0000000088000000-0x00000000887fffff]
[    0.008915]   node   0: [mem 0x0000000100000000-0x000000106c7fffff]
[    0.008920] Initmem setup node 0 [mem 0x0000000000001000-0x000000106c7fffff]
[    0.008924] On node 0, zone DMA: 1 pages in unavailable ranges
[    0.008945] On node 0, zone DMA: 97 pages in unavailable ranges
[    0.011629] On node 0, zone DMA32: 1 pages in unavailable ranges
[    0.011944] On node 0, zone DMA32: 21884 pages in unavailable ranges
[    0.011967] On node 0, zone DMA32: 752 pages in unavailable ranges
[    0.099464] On node 0, zone Normal: 30720 pages in unavailable ranges
[    0.099664] On node 0, zone Normal: 14336 pages in unavailable ranges
[    0.099713] Reserving Intel graphics memory at [mem 0x8b800000-0x8f7fffff]
[    0.100362] ACPI: PM-Timer IO Port: 0x1808
[    0.100368] ACPI: LAPIC_NMI (acpi_id[0x01] high edge lint[0x1])
[    0.100370] ACPI: LAPIC_NMI (acpi_id[0x02] high edge lint[0x1])
[    0.100371] ACPI: LAPIC_NMI (acpi_id[0x03] high edge lint[0x1])
[    0.100372] ACPI: LAPIC_NMI (acpi_id[0x04] high edge lint[0x1])
[    0.100373] ACPI: LAPIC_NMI (acpi_id[0x05] high edge lint[0x1])
[    0.100373] ACPI: LAPIC_NMI (acpi_id[0x06] high edge lint[0x1])
[    0.100374] ACPI: LAPIC_NMI (acpi_id[0x07] high edge lint[0x1])
[    0.100375] ACPI: LAPIC_NMI (acpi_id[0x08] high edge lint[0x1])
[    0.100376] ACPI: LAPIC_NMI (acpi_id[0x09] high edge lint[0x1])
[    0.100376] ACPI: LAPIC_NMI (acpi_id[0x0a] high edge lint[0x1])
[    0.100377] ACPI: LAPIC_NMI (acpi_id[0x0b] high edge lint[0x1])
[    0.100378] ACPI: LAPIC_NMI (acpi_id[0x0c] high edge lint[0x1])
[    0.100379] ACPI: LAPIC_NMI (acpi_id[0x0d] high edge lint[0x1])
[    0.100379] ACPI: LAPIC_NMI (acpi_id[0x0e] high edge lint[0x1])
[    0.100380] ACPI: LAPIC_NMI (acpi_id[0x0f] high edge lint[0x1])
[    0.100381] ACPI: LAPIC_NMI (acpi_id[0x10] high edge lint[0x1])
[    0.100413] IOAPIC[0]: apic_id 2, version 32, address 0xfec00000, GSI 0-119
[    0.100415] ACPI: INT_SRC_OVR (bus 0 bus_irq 0 global_irq 2 dfl dfl)
[    0.100417] ACPI: INT_SRC_OVR (bus 0 bus_irq 9 global_irq 9 high level)
[    0.100421] ACPI: Using ACPI (MADT) for SMP configuration information
[    0.100422] ACPI: HPET id: 0x8086a201 base: 0xfed00000
[    0.100425] TSC deadline timer available
[    0.100425] smpboot: Allowing 12 CPUs, 0 hotplug CPUs
[    0.100437] [mem 0x8f800000-0xfe00ffff] available for PCI devices
[    0.100440] clocksource: refined-jiffies: mask: 0xffffffff max_cycles: 0xffffffff, max_idle_ns: 6370452778343963 ns
[    0.107075] setup_percpu: NR_CPUS:16 nr_cpumask_bits:12 nr_cpu_ids:12 nr_node_ids:1
[    0.107638] percpu: Embedded 55 pages/cpu s187240 r8192 d29848 u262144
[    0.107644] pcpu-alloc: s187240 r8192 d29848 u262144 alloc=1*2097152
[    0.107646] pcpu-alloc: [0] 00 01 02 03 04 05 06 07 [0] 08 09 10 11 -- -- -- -- 
[    0.107668] Kernel command line: root=/dev/nvme0n1p2 net.ifnames=0 vt.global_cursor_default=0 consoleblank=180 init=/lib/systemd/systemd button.lid_init_state=open i915.enable_guc=2 i915.enable_fbc=1 pci=realloc=on,hpiosize=64K,hpmemsize=64M,pcie_scan_all,hpbussize=0x33 BOOT_IMAGE=/kernel-6.8.6-gt.efi root=PARTUUID=a8f4911b-b44b-466a-9c9c-d30789efbe40 ro
[    0.107690] ACPI: button: Initial lid state set to 'open'
[    0.107692] Setting dangerous option i915.enable_guc - tainting kernel
[    0.107694] Setting dangerous option i915.enable_fbc - tainting kernel
[    0.107719] Unknown kernel command line parameters "BOOT_IMAGE=/kernel-6.8.6-gt.efi", will be passed to user space.
[    0.107746] printk: log_buf_len individual max cpu contribution: 65536 bytes
[    0.107748] printk: log_buf_len total cpu_extra contributions: 720896 bytes
[    0.107748] printk: log_buf_len min size: 262144 bytes
[    0.108427] printk: log_buf_len: 1048576 bytes
[    0.108428] printk: early log buf free: 249824(95%)
[    0.113763] Dentry cache hash table entries: 8388608 (order: 14, 67108864 bytes, linear)
[    0.116439] Inode-cache hash table entries: 4194304 (order: 13, 33554432 bytes, linear)
[    0.116566] Built 1 zonelists, mobility grouping on.  Total pages: 16415924
[    0.116568] mem auto-init: stack:off, heap alloc:off, heap free:off
[    0.116573] software IO TLB: area num 16.
[    0.236578] Memory: 65392400K/66706628K available (16384K kernel code, 2479K rwdata, 6976K rodata, 1304K init, 1140K bss, 1313968K reserved, 0K cma-reserved)
[    0.236630] SLUB: HWalign=64, Order=0-3, MinObjects=0, CPUs=12, Nodes=1
[    0.237552] Dynamic Preempt: voluntary
[    0.237598] rcu: Preemptible hierarchical RCU implementation.
[    0.237599] rcu: 	RCU restricting CPUs from NR_CPUS=16 to nr_cpu_ids=12.
[    0.237600] 	Trampoline variant of Tasks RCU enabled.
[    0.237601] 	Tracing variant of Tasks RCU enabled.
[    0.237601] rcu: RCU calculated value of scheduler-enlistment delay is 30 jiffies.
[    0.237602] rcu: Adjusting geometry for rcu_fanout_leaf=16, nr_cpu_ids=12
[    0.238807] NR_IRQS: 4352, nr_irqs: 2152, preallocated irqs: 16
[    0.239067] rcu: srcu_init: Setting srcu_struct sizes based on contention.
[    0.239281] Console: colour dummy device 80x25
[    0.239283] printk: legacy console [tty0] enabled
[    0.239626] ACPI: Core revision 20230628
[    0.239925] hpet: HPET dysfunctional in PC10. Force disabled.
[    0.239928] APIC: Switch to symmetric I/O mode setup
[    0.239931] DMAR: Host address width 39
[    0.239933] DMAR: DRHD base: 0x000000fed90000 flags: 0x0
[    0.239941] DMAR: dmar0: reg_base_addr fed90000 ver 1:0 cap 1c0000c40660462 ecap 19e2ff0505e
[    0.239946] DMAR: DRHD base: 0x000000fed91000 flags: 0x1
[    0.239951] DMAR: dmar1: reg_base_addr fed91000 ver 1:0 cap d2008c40660462 ecap f050da
[    0.239955] DMAR: RMRR base: 0x0000007f9aa000 end: 0x0000007f9c9fff
[    0.239959] DMAR: RMRR base: 0x0000008b000000 end: 0x0000008f7fffff
[    0.239961] DMAR: RMRR base: 0x0000007f9db000 end: 0x0000007fa5afff
[    0.239965] DMAR-IR: IOAPIC id 2 under DRHD base  0xfed91000 IOMMU 1
[    0.239968] DMAR-IR: HPET id 0 under DRHD base 0xfed91000
[    0.241738] DMAR-IR: Enabled IRQ remapping in xapic mode
[    0.241757] APIC: Switched APIC routing to: physical flat
[    0.246615] clocksource: tsc-early: mask: 0xffffffffffffffff max_cycles: 0x257a34a6eea, max_idle_ns: 440795264358 ns
[    0.246621] Calibrating delay loop (skipped), value calculated using timer frequency.. 5202.65 BogoMIPS (lpj=8666640)
[    0.246651] CPU0: Thermal monitoring enabled (TM1)
[    0.246710] process: using mwait in idle threads
[    0.246713] Last level iTLB entries: 4KB 64, 2MB 8, 4MB 8
[    0.246716] Last level dTLB entries: 4KB 64, 2MB 0, 4MB 0, 1GB 4
[    0.246720] Spectre V1 : Mitigation: usercopy/swapgs barriers and __user pointer sanitization
[    0.246725] Spectre V2 : WARNING: Unprivileged eBPF is enabled with eIBRS on, data leaks possible via Spectre v2 BHB attacks!
[    0.246729] Spectre V2 : Spectre BHI mitigation: SW BHB clearing on vm exit
[    0.246731] Spectre V2 : Mitigation: Enhanced / Automatic IBRS
[    0.246734] Spectre V2 : Spectre v2 / SpectreRSB mitigation: Filling RSB on context switch
[    0.246737] Spectre V2 : Spectre v2 / PBRSB-eIBRS: Retire a single CALL on VMEXIT
[    0.246739] RETBleed: Mitigation: Enhanced IBRS
[    0.246742] Spectre V2 : mitigation: Enabling conditional Indirect Branch Prediction Barrier
[    0.246747] Speculative Store Bypass: Mitigation: Speculative Store Bypass disabled via prctl
[    0.246751] TAA: Mitigation: TSX disabled
[    0.246752] MMIO Stale Data: Mitigation: Clear CPU buffers
[    0.246755] SRBDS: Mitigation: Microcode
[    0.246758] GDS: Mitigation: Microcode
[    0.246764] x86/fpu: Supporting XSAVE feature 0x001: 'x87 floating point registers'
[    0.246767] x86/fpu: Supporting XSAVE feature 0x002: 'SSE registers'
[    0.246770] x86/fpu: Supporting XSAVE feature 0x004: 'AVX registers'
[    0.246773] x86/fpu: Supporting XSAVE feature 0x008: 'MPX bounds registers'
[    0.246775] x86/fpu: Supporting XSAVE feature 0x010: 'MPX CSR'
[    0.246778] x86/fpu: xstate_offset[2]:  576, xstate_sizes[2]:  256
[    0.246781] x86/fpu: xstate_offset[3]:  832, xstate_sizes[3]:   64
[    0.246784] x86/fpu: xstate_offset[4]:  896, xstate_sizes[4]:   64
[    0.246786] x86/fpu: Enabled xstate features 0x1f, context size is 960 bytes, using 'compacted' format.
[    0.247259] Freeing SMP alternatives memory: 48K
[    0.247262] pid_max: default: 32768 minimum: 301
[    0.249319] Mount-cache hash table entries: 131072 (order: 8, 1048576 bytes, linear)
[    0.249393] Mountpoint-cache hash table entries: 131072 (order: 8, 1048576 bytes, linear)
[    0.249954] smpboot: CPU0: Intel(R) Core(TM) i7-9850H CPU @ 2.60GHz (family: 0x6, model: 0x9e, stepping: 0xd)
[    0.249954] RCU Tasks: Setting shift to 4 and lim to 1 rcu_task_cb_adjust=1.
[    0.249954] RCU Tasks Trace: Setting shift to 4 and lim to 1 rcu_task_cb_adjust=1.
[    0.249954] Performance Events: PEBS fmt3+, Skylake events, 32-deep LBR, full-width counters, Intel PMU driver.
[    0.249954] ... version:                4
[    0.249954] ... bit width:              48
[    0.249954] ... generic registers:      4
[    0.249954] ... value mask:             0000ffffffffffff
[    0.249954] ... max period:             00007fffffffffff
[    0.249954] ... fixed-purpose events:   3
[    0.249954] ... event mask:             000000070000000f
[    0.249954] signal: max sigframe size: 2032
[    0.249954] Estimated ratio of average max frequency by base frequency (times 1024): 1693
[    0.249954] rcu: Hierarchical SRCU implementation.
[    0.249954] rcu: 	Max phase no-delay instances is 1000.
[    0.249954] smp: Bringing up secondary CPUs ...
[    0.249954] smpboot: x86: Booting SMP configuration:
[    0.249954] .... node  #0, CPUs:        #1  #2  #3  #4  #5  #6  #7  #8  #9 #10 #11
[    0.250621] MMIO Stale Data CPU bug present and SMT on, data leak possible. See https://www.kernel.org/doc/html/latest/admin-guide/hw-vuln/processor_mmio_stale_data.html for more details.
[    0.250621] smp: Brought up 1 node, 12 CPUs
[    0.250621] smpboot: Max logical packages: 1
[    0.250621] smpboot: Total of 12 processors activated (62424.80 BogoMIPS)
[    0.255492] devtmpfs: initialized
[    0.255492] ACPI: PM: Registering ACPI NVS region [mem 0x7fa6d000-0x7fca9fff] (2347008 bytes)
[    0.255492] clocksource: jiffies: mask: 0xffffffff max_cycles: 0xffffffff, max_idle_ns: 6370867519511994 ns
[    0.255492] futex hash table entries: 4096 (order: 6, 262144 bytes, linear)
[    0.255492] pinctrl core: initialized pinctrl subsystem
[    0.255492] NET: Registered PF_NETLINK/PF_ROUTE protocol family
[    0.255492] thermal_sys: Registered thermal governor 'step_wise'
[    0.255492] thermal_sys: Registered thermal governor 'user_space'
[    0.255492] cpuidle: using governor ladder
[    0.255492] cpuidle: using governor menu
[    0.255492] Simple Boot Flag at 0x47 set to 0x1
[    0.255492] ACPI FADT declares the system doesn't support PCIe ASPM, so disable it
[    0.255492] acpiphp: ACPI Hot Plug PCI Controller Driver version: 0.5
[    0.256635] PCI: ECAM [mem 0xf0000000-0xf7ffffff] (base 0xf0000000) for domain 0000 [bus 00-7f]
[    0.256642] PCI: not using ECAM ([mem 0xf0000000-0xf7ffffff] not reserved)
[    0.256645] PCI: Using configuration type 1 for base access
[    0.256743] HugeTLB: registered 1.00 GiB page size, pre-allocated 0 pages
[    0.256743] HugeTLB: 16380 KiB vmemmap can be freed for a 1.00 GiB page
[    0.256743] HugeTLB: registered 2.00 MiB page size, pre-allocated 0 pages
[    0.256743] HugeTLB: 28 KiB vmemmap can be freed for a 2.00 MiB page
[    0.256743] cryptd: max_cpu_qlen set to 1000
[    0.256743] gpio-f7188x: Unsupported Fintek device 0xffff
[    0.256754] gpio-f7188x: Unsupported Fintek device 0x2011
[    0.256795] ACPI: Added _OSI(Module Device)
[    0.256798] ACPI: Added _OSI(Processor Device)
[    0.256800] ACPI: Added _OSI(3.0 _SCP Extensions)
[    0.256802] ACPI: Added _OSI(Processor Aggregator Device)
[    0.302142] ACPI: 13 ACPI AML tables successfully acquired and loaded
[    0.303097] ACPI: EC: EC started
[    0.303099] ACPI: EC: interrupt blocked
[    0.303782] ACPI: EC: EC_CMD/EC_SC=0x66, EC_DATA=0x62
[    0.303785] ACPI: EC: Boot ECDT EC used to handle transactions
[    0.304298] ACPI: [Firmware Bug]: BIOS _OSI(Linux) query ignored
[    0.403764] ACPI: Dynamic OEM Table Load:
[    0.403777] ACPI: SSDT 0xFFFFA29081047800 000400 (v02 PmRef  Cpu0Cst  00003001 INTL 20160527)
[    0.404751] ACPI: Dynamic OEM Table Load:
[    0.404761] ACPI: SSDT 0xFFFFA2908104D800 000600 (v02 PmRef  Cpu0Ist  00003000 INTL 20160527)
[    0.405752] ACPI: Dynamic OEM Table Load:
[    0.405761] ACPI: SSDT 0xFFFFA290801E8500 0000F4 (v02 PmRef  Cpu0Psd  00003000 INTL 20160527)
[    0.406779] ACPI: Dynamic OEM Table Load:
[    0.406787] ACPI: SSDT 0xFFFFA290801CA000 000149 (v02 PmRef  Cpu0Hwp  00003000 INTL 20160527)
[    0.407676] ACPI: Dynamic OEM Table Load:
[    0.407686] ACPI: SSDT 0xFFFFA2908104E000 000724 (v02 PmRef  HwpLvt   00003000 INTL 20160527)
[    0.408760] ACPI: Dynamic OEM Table Load:
[    0.408771] ACPI: SSDT 0xFFFFA2908104F800 0005FC (v02 PmRef  ApIst    00003000 INTL 20160527)
[    0.409788] ACPI: Dynamic OEM Table Load:
[    0.409797] ACPI: SSDT 0xFFFFA29081047C00 000317 (v02 PmRef  ApHwp    00003000 INTL 20160527)
[    0.410818] ACPI: Dynamic OEM Table Load:
[    0.410829] ACPI: SSDT 0xFFFFA2908012E000 000AB0 (v02 PmRef  ApPsd    00003000 INTL 20160527)
[    0.412182] ACPI: Dynamic OEM Table Load:
[    0.412191] ACPI: SSDT 0xFFFFA29081220000 00030A (v02 PmRef  ApCst    00003000 INTL 20160527)
[    0.415976] ACPI: _OSC evaluated successfully for all CPUs
[    0.415980] ACPI: Interpreter enabled
[    0.416012] ACPI: PM: (supports S0 S3 S5)
[    0.416015] ACPI: Using IOAPIC for interrupt routing
[    0.416047] PCI: ECAM [mem 0xf0000000-0xf7ffffff] (base 0xf0000000) for domain 0000 [bus 00-7f]
[    0.416945] PCI: ECAM [mem 0xf0000000-0xf7ffffff] reserved as ACPI motherboard resource
[    0.416956] PCI: Using host bridge windows from ACPI; if necessary, use "pci=nocrs" and report a bug
[    0.416960] PCI: Ignoring E820 reservations for host bridge windows
[    0.417358] ACPI: Enabled 13 GPEs in block 00 to 7F
[    0.418647] ACPI: \_SB_.PCI0.PEG0.PG00: New power resource
[    0.419693] ACPI: \_SB_.PCI0.PEG1.PG01: New power resource
[    0.419978] ACPI: \_SB_.PCI0.PEG2.PG02: New power resource
[    0.423731] ACPI: \_SB_.PCI0.XHC_.PUBS: New power resource
[    0.426080] ACPI: \_SB_.PCI0.XDCI.USBC: New power resource
[    0.426454] ACPI: \_SB_.PCI0.RP01.PXP_: New power resource
[    0.429398] ACPI: \_SB_.PCI0.RP06.PXSX.WRST: New power resource
[    0.429455] ACPI: \_SB_.PCI0.RP06.PXSX.DRST: New power resource
[    0.429570] ACPI: \_SB_.PCI0.RP07.PXP_: New power resource
[    0.433747] ACPI: \_SB_.PCI0.SAT0.VOL0.V0PR: New power resource
[    0.433896] ACPI: \_SB_.PCI0.SAT0.VOL1.V1PR: New power resource
[    0.434038] ACPI: \_SB_.PCI0.SAT0.VOL2.V2PR: New power resource
[    0.438792] ACPI: \_SB_.PCI0.CNVW.WRST: New power resource
[    0.441519] ACPI: \PIN_: New power resource
[    0.441544] ACPI: \PINP: New power resource
[    0.441971] ACPI: PCI Root Bridge [PCI0] (domain 0000 [bus 00-7e])
[    0.441979] acpi PNP0A08:00: _OSC: OS supports [ExtendedConfig ASPM ClockPM Segments MSI HPX-Type3]
[    0.443237] acpi PNP0A08:00: _OSC: platform does not support [AER]
[    0.445739] acpi PNP0A08:00: _OSC: OS now controls [PCIeHotplug PME PCIeCapability LTR]
[    0.445744] acpi PNP0A08:00: FADT indicates ASPM is unsupported, using BIOS configuration
[    0.448115] PCI host bridge to bus 0000:00
[    0.448119] pci_bus 0000:00: root bus resource [io  0x0000-0x0cf7 window]
[    0.448124] pci_bus 0000:00: root bus resource [io  0x0d00-0xffff window]
[    0.448127] pci_bus 0000:00: root bus resource [mem 0x000a0000-0x000bffff window]
[    0.448130] pci_bus 0000:00: root bus resource [mem 0x8f800000-0xefffffff window]
[    0.448133] pci_bus 0000:00: root bus resource [mem 0x4000000000-0x7fffffffff window]
[    0.448137] pci_bus 0000:00: root bus resource [mem 0xfc800000-0xfe7fffff window]
[    0.448140] pci_bus 0000:00: root bus resource [bus 00-7e]
[    0.448166] pci 0000:00:00.0: [8086:3ec4] type 00 class 0x060000 conventional PCI endpoint
[    0.448247] pci 0000:00:01.0: [8086:1901] type 01 class 0x060400 PCIe Root Port
[    0.448262] pci 0000:00:01.0: PCI bridge to [bus 01]
[    0.448266] pci 0000:00:01.0:   bridge window [io  0x2000-0x2fff]
[    0.448270] pci 0000:00:01.0:   bridge window [mem 0xbd000000-0xbe0fffff]
[    0.448277] pci 0000:00:01.0:   bridge window [mem 0x90000000-0xa1ffffff 64bit pref]
[    0.448306] pci 0000:00:01.0: PME# supported from D0 D3hot D3cold
[    0.448650] pci 0000:00:02.0: [8086:3e9b] type 00 class 0x030000 PCIe Root Complex Integrated Endpoint
[    0.448662] pci 0000:00:02.0: BAR 0 [mem 0x6040000000-0x6040ffffff 64bit]
[    0.448670] pci 0000:00:02.0: BAR 2 [mem 0x4000000000-0x400fffffff 64bit pref]
[    0.448675] pci 0000:00:02.0: BAR 4 [io  0x3000-0x303f]
[    0.448693] pci 0000:00:02.0: BAR 2: assigned to efifb
[    0.448697] pci 0000:00:02.0: Video device with shadowed ROM at [mem 0x000c0000-0x000dffff]
[    0.448845] pci 0000:00:04.0: [8086:1903] type 00 class 0x118000 conventional PCI endpoint
[    0.448856] pci 0000:00:04.0: BAR 0 [mem 0x6041100000-0x6041107fff 64bit]
[    0.449124] pci 0000:00:08.0: [8086:1911] type 00 class 0x088000 conventional PCI endpoint
[    0.449135] pci 0000:00:08.0: BAR 0 [mem 0x6041115000-0x6041115fff 64bit]
[    0.449255] pci 0000:00:12.0: [8086:a379] type 00 class 0x118000 conventional PCI endpoint
[    0.449273] pci 0000:00:12.0: BAR 0 [mem 0x6041114000-0x6041114fff 64bit]
[    0.449425] pci 0000:00:14.0: [8086:a36d] type 00 class 0x0c0330 conventional PCI endpoint
[    0.449442] pci 0000:00:14.0: BAR 0 [mem 0xbe420000-0xbe42ffff 64bit]
[    0.449501] pci 0000:00:14.0: PME# supported from D3hot D3cold
[    0.449903] pci 0000:00:14.2: [8086:a36f] type 00 class 0x050000 conventional PCI endpoint
[    0.449922] pci 0000:00:14.2: BAR 0 [mem 0x604110c000-0x604110dfff 64bit]
[    0.449935] pci 0000:00:14.2: BAR 2 [mem 0x6041113000-0x6041113fff 64bit]
[    0.450060] pci 0000:00:15.0: [8086:a368] type 00 class 0x0c8000 conventional PCI endpoint
[    0.450082] pci 0000:00:15.0: BAR 0 [mem 0x6041112000-0x6041112fff 64bit]
[    0.450386] pci 0000:00:15.1: [8086:a369] type 00 class 0x0c8000 conventional PCI endpoint
[    0.450409] pci 0000:00:15.1: BAR 0 [mem 0x6041111000-0x6041111fff 64bit]
[    0.450738] pci 0000:00:16.0: [8086:a360] type 00 class 0x078000 conventional PCI endpoint
[    0.450761] pci 0000:00:16.0: BAR 0 [mem 0x6041110000-0x6041110fff 64bit]
[    0.450833] pci 0000:00:16.0: PME# supported from D3hot
[    0.451068] pci 0000:00:16.3: [8086:a363] type 00 class 0x070002 conventional PCI endpoint
[    0.451082] pci 0000:00:16.3: BAR 0 [io  0x3060-0x3067]
[    0.451091] pci 0000:00:16.3: BAR 1 [mem 0xbe431000-0xbe431fff]
[    0.451248] pci 0000:00:1b.0: [8086:a340] type 01 class 0x060400 PCIe Root Port
[    0.451275] pci 0000:00:1b.0: PCI bridge to [bus 02]
[    0.451282] pci 0000:00:1b.0:   bridge window [mem 0xbe300000-0xbe3fffff]
[    0.451355] pci 0000:00:1b.0: PME# supported from D0 D3hot D3cold
[    0.451896] pci 0000:00:1c.0: [8086:a338] type 01 class 0x060400 PCIe Root Port
[    0.451925] pci 0000:00:1c.0: PCI bridge to [bus 04-51]
[    0.451932] pci 0000:00:1c.0:   bridge window [mem 0xa4000000-0xbc1fffff]
[    0.451943] pci 0000:00:1c.0:   bridge window [mem 0x6000000000-0x603fffffff 64bit pref]
[    0.452014] pci 0000:00:1c.0: PME# supported from D0 D3hot D3cold
[    0.452519] pci 0000:00:1c.5: [8086:a33d] type 01 class 0x060400 PCIe Root Port
[    0.452544] pci 0000:00:1c.5: PCI bridge to [bus 52]
[    0.452550] pci 0000:00:1c.5:   bridge window [mem 0xbe200000-0xbe2fffff]
[    0.452616] pci 0000:00:1c.5: PME# supported from D0 D3hot D3cold
[    0.453095] pci 0000:00:1c.7: [8086:a33f] type 01 class 0x060400 PCIe Root Port
[    0.453119] pci 0000:00:1c.7: PCI bridge to [bus 54]
[    0.453126] pci 0000:00:1c.7:   bridge window [mem 0xbe100000-0xbe1fffff]
[    0.453191] pci 0000:00:1c.7: PME# supported from D0 D3hot D3cold
[    0.453687] pci 0000:00:1e.0: [8086:a328] type 00 class 0x078000 conventional PCI endpoint
[    0.453709] pci 0000:00:1e.0: BAR 0 [mem 0x604110f000-0x604110ffff 64bit]
[    0.454063] pci 0000:00:1f.0: [8086:a30e] type 00 class 0x060100 conventional PCI endpoint
[    0.454496] pci 0000:00:1f.3: [8086:a348] type 00 class 0x040380 conventional PCI endpoint
[    0.454531] pci 0000:00:1f.3: BAR 0 [mem 0x6041108000-0x604110bfff 64bit]
[    0.454580] pci 0000:00:1f.3: BAR 4 [mem 0x6041000000-0x60410fffff 64bit]
[    0.454659] pci 0000:00:1f.3: PME# supported from D3hot D3cold
[    0.455049] pci 0000:00:1f.4: [8086:a323] type 00 class 0x0c0500 conventional PCI endpoint
[    0.455072] pci 0000:00:1f.4: BAR 0 [mem 0x604110e000-0x604110e0ff 64bit]
[    0.455095] pci 0000:00:1f.4: BAR 4 [io  0xefa0-0xefbf]
[    0.455355] pci 0000:00:1f.5: [8086:a324] type 00 class 0x0c8000 conventional PCI endpoint
[    0.455372] pci 0000:00:1f.5: BAR 0 [mem 0xbe430000-0xbe430fff]
[    0.455491] pci 0000:00:1f.6: [8086:15bb] type 00 class 0x020000 conventional PCI endpoint
[    0.455523] pci 0000:00:1f.6: BAR 0 [mem 0xbe400000-0xbe41ffff]
[    0.455678] pci 0000:00:1f.6: PME# supported from D0 D3hot D3cold
[    0.455815] pci 0000:01:00.0: [10de:1f36] type 00 class 0x030000 PCIe Legacy Endpoint
[    0.455836] pci 0000:01:00.0: BAR 0 [mem 0xbd000000-0xbdffffff]
[    0.455853] pci 0000:01:00.0: BAR 1 [mem 0x90000000-0x9fffffff 64bit pref]
[    0.455870] pci 0000:01:00.0: BAR 3 [mem 0xa0000000-0xa1ffffff 64bit pref]
[    0.455881] pci 0000:01:00.0: BAR 5 [io  0x2000-0x207f]
[    0.455891] pci 0000:01:00.0: ROM [mem 0xfff80000-0xffffffff pref]
[    0.455978] pci 0000:01:00.0: PME# supported from D0 D3hot
[    0.456227] pci 0000:01:00.1: [10de:10f9] type 00 class 0x040300 PCIe Endpoint
[    0.456248] pci 0000:01:00.1: BAR 0 [mem 0xbe050000-0xbe053fff]
[    0.456460] pci 0000:01:00.2: [10de:1ada] type 00 class 0x0c0330 PCIe Endpoint
[    0.456488] pci 0000:01:00.2: BAR 0 [mem 0xbe000000-0xbe03ffff 64bit pref]
[    0.456512] pci 0000:01:00.2: BAR 3 [mem 0xbe040000-0xbe04ffff 64bit pref]
[    0.456604] pci 0000:01:00.2: PME# supported from D0 D3hot
[    0.456712] pci 0000:01:00.3: [10de:1adb] type 00 class 0x0c8000 PCIe Endpoint
[    0.456733] pci 0000:01:00.3: BAR 0 [mem 0xbe054000-0xbe054fff]
[    0.456855] pci 0000:01:00.3: PME# supported from D0 D3hot
[    0.456969] pci 0000:00:01.0: PCI bridge to [bus 01]
[    0.457198] pci 0000:02:00.0: [144d:a808] type 00 class 0x010802 PCIe Endpoint
[    0.457220] pci 0000:02:00.0: BAR 0 [mem 0xbe300000-0xbe303fff 64bit]
[    0.457701] pci 0000:00:1b.0: PCI bridge to [bus 02]
[    0.457801] pci 0000:04:00.0: [8086:15ea] type 01 class 0x060400 PCIe Switch Upstream Port
[    0.457836] pci 0000:04:00.0: PCI bridge to [bus 05-51]
[    0.457847] pci 0000:04:00.0:   bridge window [mem 0xa4000000-0xbc1fffff]
[    0.457860] pci 0000:04:00.0:   bridge window [mem 0x6000000000-0x603fffffff 64bit pref]
[    0.457875] pci 0000:04:00.0: enabling Extended Tags
[    0.457976] pci 0000:04:00.0: supports D1 D2
[    0.457978] pci 0000:04:00.0: PME# supported from D0 D1 D2 D3hot D3cold
[    0.458262] pci 0000:00:1c.0: PCI bridge to [bus 04-51]
[    0.458375] pci 0000:05:00.0: [8086:15ea] type 01 class 0x060400 PCIe Switch Downstream Port
[    0.458411] pci 0000:05:00.0: PCI bridge to [bus 06]
[    0.458421] pci 0000:05:00.0:   bridge window [mem 0xbc100000-0xbc1fffff]
[    0.458448] pci 0000:05:00.0: enabling Extended Tags
[    0.458549] pci 0000:05:00.0: supports D1 D2
[    0.458551] pci 0000:05:00.0: PME# supported from D0 D1 D2 D3hot D3cold
[    0.458746] pci 0000:05:01.0: [8086:15ea] type 01 class 0x060400 PCIe Switch Downstream Port
[    0.458782] pci 0000:05:01.0: PCI bridge to [bus 07-2b]
[    0.458792] pci 0000:05:01.0:   bridge window [mem 0xa4000000-0xafffffff]
[    0.458806] pci 0000:05:01.0:   bridge window [mem 0x6000000000-0x601fffffff 64bit pref]
[    0.458823] pci 0000:05:01.0: enabling Extended Tags
[    0.458925] pci 0000:05:01.0: supports D1 D2
[    0.458927] pci 0000:05:01.0: PME# supported from D0 D1 D2 D3hot D3cold
[    0.459110] pci 0000:05:02.0: [8086:15ea] type 01 class 0x060400 PCIe Switch Downstream Port
[    0.459146] pci 0000:05:02.0: PCI bridge to [bus 2c]
[    0.459156] pci 0000:05:02.0:   bridge window [mem 0xb0000000-0xb00fffff]
[    0.459183] pci 0000:05:02.0: enabling Extended Tags
[    0.459280] pci 0000:05:02.0: supports D1 D2
[    0.459283] pci 0000:05:02.0: PME# supported from D0 D1 D2 D3hot D3cold
[    0.459508] pci 0000:05:04.0: [8086:15ea] type 01 class 0x060400 PCIe Switch Downstream Port
[    0.459544] pci 0000:05:04.0: PCI bridge to [bus 2d-51]
[    0.459555] pci 0000:05:04.0:   bridge window [mem 0xb0100000-0xbc0fffff]
[    0.459568] pci 0000:05:04.0:   bridge window [mem 0x6020000000-0x603fffffff 64bit pref]
[    0.459585] pci 0000:05:04.0: enabling Extended Tags
[    0.459690] pci 0000:05:04.0: supports D1 D2
[    0.459692] pci 0000:05:04.0: PME# supported from D0 D1 D2 D3hot D3cold
[    0.459900] pci 0000:04:00.0: PCI bridge to [bus 05-51]
[    0.459984] pci 0000:06:00.0: [8086:15eb] type 00 class 0x088000 PCIe Endpoint
[    0.460006] pci 0000:06:00.0: BAR 0 [mem 0xbc100000-0xbc13ffff]
[    0.460019] pci 0000:06:00.0: BAR 1 [mem 0xbc140000-0xbc140fff]
[    0.460081] pci 0000:06:00.0: enabling Extended Tags
[    0.460186] pci 0000:06:00.0: supports D1 D2
[    0.460188] pci 0000:06:00.0: PME# supported from D0 D1 D2 D3hot D3cold
[    0.460429] pci 0000:05:00.0: PCI bridge to [bus 06]
[    0.460533] pci 0000:07:00.0: [8086:15d3] type 01 class 0x060400 PCIe Switch Upstream Port
[    0.460588] pci 0000:07:00.0: PCI bridge to [bus 00]
[    0.460602] pci 0000:07:00.0:   bridge window [io  0x0000-0x0fff]
[    0.460610] pci 0000:07:00.0:   bridge window [mem 0x00000000-0x000fffff]
[    0.460634] pci 0000:07:00.0:   bridge window [mem 0x00000000-0x000fffff 64bit pref]
[    0.460662] pci 0000:07:00.0: enabling Extended Tags
[    0.460848] pci 0000:07:00.0: supports D1 D2
[    0.460850] pci 0000:07:00.0: PME# supported from D0 D1 D2 D3hot D3cold
[    0.460984] pci 0000:07:00.0: 8.000 Gb/s available PCIe bandwidth, limited by 2.5 GT/s PCIe x4 link at 0000:05:01.0 (capable of 31.504 Gb/s with 8.0 GT/s PCIe x4 link)
[    0.470032] pci 0000:05:01.0: PCI bridge to [bus 07-2b]
[    0.470051] pci 0000:07:00.0: bridge configuration invalid ([bus 00-00]), reconfiguring
[    0.470206] pci 0000:08:01.0: [8086:15d3] type 01 class 0x060400 PCIe Switch Downstream Port
[    0.470262] pci 0000:08:01.0: PCI bridge to [bus 00]
[    0.470277] pci 0000:08:01.0:   bridge window [io  0x0000-0x0fff]
[    0.470284] pci 0000:08:01.0:   bridge window [mem 0x00000000-0x000fffff]
[    0.470309] pci 0000:08:01.0:   bridge window [mem 0x00000000-0x000fffff 64bit pref]
[    0.470340] pci 0000:08:01.0: enabling Extended Tags
[    0.470535] pci 0000:08:01.0: supports D1 D2
[    0.470538] pci 0000:08:01.0: PME# supported from D0 D1 D2 D3hot D3cold
[    0.470856] pci 0000:08:04.0: [8086:15d3] type 01 class 0x060400 PCIe Switch Downstream Port
[    0.470912] pci 0000:08:04.0: PCI bridge to [bus 00]
[    0.470927] pci 0000:08:04.0:   bridge window [io  0x0000-0x0fff]
[    0.470934] pci 0000:08:04.0:   bridge window [mem 0x00000000-0x000fffff]
[    0.470958] pci 0000:08:04.0:   bridge window [mem 0x00000000-0x000fffff 64bit pref]
[    0.470990] pci 0000:08:04.0: enabling Extended Tags
[    0.471186] pci 0000:08:04.0: supports D1 D2
[    0.471189] pci 0000:08:04.0: PME# supported from D0 D1 D2 D3hot D3cold
[    0.471510] pci 0000:07:00.0: PCI bridge to [bus 08-2b]
[    0.471539] pci 0000:08:01.0: bridge configuration invalid ([bus 00-00]), reconfiguring
[    0.471554] pci 0000:08:04.0: bridge configuration invalid ([bus 00-00]), reconfiguring
[    0.471691] pci 0000:09:00.0: [10de:2204] type 00 class 0x030000 PCIe Legacy Endpoint
[    0.471726] pci 0000:09:00.0: BAR 0 [mem 0x00000000-0x00ffffff]
[    0.471754] pci 0000:09:00.0: BAR 1 [mem 0x00000000-0x0fffffff 64bit pref]
[    0.471783] pci 0000:09:00.0: BAR 3 [mem 0x00000000-0x01ffffff 64bit pref]
[    0.471800] pci 0000:09:00.0: BAR 5 [io  0x0000-0x007f]
[    0.471817] pci 0000:09:00.0: ROM [mem 0x00000000-0x0007ffff pref]
[    0.472041] pci 0000:09:00.0: PME# supported from D0 D3hot
[    0.472290] pci 0000:09:00.0: 8.000 Gb/s available PCIe bandwidth, limited by 2.5 GT/s PCIe x4 link at 0000:05:01.0 (capable of 252.048 Gb/s with 16.0 GT/s PCIe x16 link)
[    0.472612] pci 0000:09:00.1: [10de:1aef] type 00 class 0x040300 PCIe Endpoint
[    0.472647] pci 0000:09:00.1: BAR 0 [mem 0x00000000-0x00003fff]
[    0.473214] pci 0000:08:01.0: PCI bridge to [bus 09-2b]
[    0.473241] pci_bus 0000:09: busn_res: [bus 09-2b] end is updated to 09
[    0.473416] pci 0000:08:04.0: PCI bridge to [bus 0a-2b]
[    0.473443] pci_bus 0000:0a: busn_res: [bus 0a-2b] end is updated to 2b
[    0.473452] pci_bus 0000:08: busn_res: [bus 08-2b] end is updated to 2b
[    0.473567] pci 0000:2c:00.0: [8086:15ec] type 00 class 0x0c0330 PCIe Endpoint
[    0.473592] pci 0000:2c:00.0: BAR 0 [mem 0xb0000000-0xb000ffff]
[    0.473671] pci 0000:2c:00.0: enabling Extended Tags
[    0.473792] pci 0000:2c:00.0: supports D1 D2
[    0.473794] pci 0000:2c:00.0: PME# supported from D0 D1 D2 D3hot D3cold
[    0.473891] pci 0000:2c:00.0: 8.000 Gb/s available PCIe bandwidth, limited by 2.5 GT/s PCIe x4 link at 0000:05:02.0 (capable of 31.504 Gb/s with 8.0 GT/s PCIe x4 link)
[    0.474129] pci 0000:05:02.0: PCI bridge to [bus 2c]
[    0.474223] pci 0000:05:04.0: PCI bridge to [bus 2d-51]
[    0.474502] pci 0000:52:00.0: [8086:2723] type 00 class 0x028000 PCIe Endpoint
[    0.474575] pci 0000:52:00.0: BAR 0 [mem 0xbe200000-0xbe203fff 64bit]
[    0.474887] pci 0000:52:00.0: PME# supported from D0 D3hot D3cold
[    0.475553] pci 0000:00:1c.5: PCI bridge to [bus 52]
[    0.475621] pci 0000:54:00.0: [10ec:525a] type 00 class 0xff0000 PCIe Endpoint
[    0.475646] pci 0000:54:00.0: BAR 1 [mem 0xbe100000-0xbe100fff]
[    0.475756] pci 0000:54:00.0: supports D1 D2
[    0.475758] pci 0000:54:00.0: PME# supported from D1 D2 D3hot D3cold
[    0.475956] pci 0000:00:1c.7: PCI bridge to [bus 54]
[    0.475986] pci_bus 0000:00: on NUMA node 0
[    0.478465] ACPI: EC: interrupt unblocked
[    0.478469] ACPI: EC: event unblocked
[    0.478481] ACPI: EC: EC_CMD/EC_SC=0x66, EC_DATA=0x62
[    0.478484] ACPI: EC: GPE=0x16
[    0.478486] ACPI: \_SB_.PCI0.LPCB.EC__: Boot ECDT EC initialization complete
[    0.478489] ACPI: \_SB_.PCI0.LPCB.EC__: EC: Used to handle transactions and events
[    0.478548] iommu: Default domain type: Translated
[    0.478551] iommu: DMA domain TLB invalidation policy: lazy mode
[    0.478598] SCSI subsystem initialized
[    0.478615] ACPI: bus type USB registered
[    0.478628] usbcore: registered new interface driver usbfs
[    0.478634] usbcore: registered new interface driver hub
[    0.478642] usbcore: registered new device driver usb
[    0.478696] efivars: Registered efivars operations
[    0.478696] Bluetooth: Core ver 2.22
[    0.478696] NET: Registered PF_BLUETOOTH protocol family
[    0.478696] Bluetooth: HCI device and connection manager initialized
[    0.478696] Bluetooth: HCI socket layer initialized
[    0.478696] Bluetooth: L2CAP socket layer initialized
[    0.478696] Bluetooth: SCO socket layer initialized
[    0.478696] PCI: Using ACPI for IRQ routing
[    0.490744] PCI: pci_cache_line_size set to 64 bytes
[    0.491474] e820: reserve RAM buffer [mem 0x0009f000-0x0009ffff]
[    0.491476] e820: reserve RAM buffer [mem 0x6f23c000-0x6fffffff]
[    0.491478] e820: reserve RAM buffer [mem 0x7a793000-0x7bffffff]
[    0.491479] e820: reserve RAM buffer [mem 0x7fd10000-0x7fffffff]
[    0.491480] e820: reserve RAM buffer [mem 0x88800000-0x8bffffff]
[    0.491481] e820: reserve RAM buffer [mem 0x106c800000-0x106fffffff]
[    0.491507] pci 0000:00:02.0: vgaarb: setting as boot VGA device
[    0.491507] pci 0000:00:02.0: vgaarb: bridge control possible
[    0.491507] pci 0000:00:02.0: vgaarb: VGA device added: decodes=io+mem,owns=mem,locks=none
[    0.491507] pci 0000:01:00.0: vgaarb: bridge control possible
[    0.491507] pci 0000:01:00.0: vgaarb: VGA device added: decodes=io+mem,owns=none,locks=none
[    0.491507] pci 0000:09:00.0: vgaarb: bridge control possible
[    0.491507] pci 0000:09:00.0: vgaarb: VGA device added: decodes=io+mem,owns=none,locks=none
[    0.491507] vgaarb: loaded
[    0.491507] clocksource: Switched to clocksource tsc-early
[    0.491507] pnp: PnP ACPI init
[    0.491507] system 00:00: [mem 0x40000000-0x403fffff] could not be reserved
[    0.491507] system 00:01: [io  0x1800-0x18fe] has been reserved
[    0.491507] system 00:01: [mem 0xfd000000-0xfd69ffff] has been reserved
[    0.491507] system 00:01: [mem 0xfd6c0000-0xfd6cffff] has been reserved
[    0.491507] system 00:01: [mem 0xfd6f0000-0xfdffffff] has been reserved
[    0.491507] system 00:01: [mem 0xfe000000-0xfe01ffff] could not be reserved
[    0.491507] system 00:01: [mem 0xfe200000-0xfe7fffff] has been reserved
[    0.491507] system 00:01: [mem 0xff000000-0xffffffff] has been reserved
[    0.491612] system 00:02: [io  0xff00-0xfffe] has been reserved
[    0.491679] pnp 00:03: disabling [io  0x002e-0x002f] because it overlaps 0000:09:00.0 BAR 5 [io  0x0000-0x007f]
[    0.491679] pnp 00:03: disabling [io  0x004e-0x004f] because it overlaps 0000:09:00.0 BAR 5 [io  0x0000-0x007f]
[    0.491679] pnp 00:03: disabling [io  0x0061] because it overlaps 0000:09:00.0 BAR 5 [io  0x0000-0x007f]
[    0.491679] pnp 00:03: disabling [io  0x0063] because it overlaps 0000:09:00.0 BAR 5 [io  0x0000-0x007f]
[    0.491679] pnp 00:03: disabling [io  0x0065] because it overlaps 0000:09:00.0 BAR 5 [io  0x0000-0x007f]
[    0.491679] pnp 00:03: disabling [io  0x0067] because it overlaps 0000:09:00.0 BAR 5 [io  0x0000-0x007f]
[    0.491679] pnp 00:03: disabling [io  0x0070] because it overlaps 0000:09:00.0 BAR 5 [io  0x0000-0x007f]
[    0.491679] system 00:03: [io  0x0680-0x069f] has been reserved
[    0.491679] system 00:03: [io  0x164e-0x164f] has been reserved
[    0.491679] system 00:05: [io  0x1854-0x1857] has been reserved
[    0.491679] pnp 00:08: disabling [io  0x0010-0x001f] because it overlaps 0000:09:00.0 BAR 5 [io  0x0000-0x007f]
[    0.491679] pnp 00:08: disabling [io  0x0024-0x0025] because it overlaps 0000:09:00.0 BAR 5 [io  0x0000-0x007f]
[    0.491679] pnp 00:08: disabling [io  0x0028-0x0029] because it overlaps 0000:09:00.0 BAR 5 [io  0x0000-0x007f]
[    0.491679] pnp 00:08: disabling [io  0x002c-0x002d] because it overlaps 0000:09:00.0 BAR 5 [io  0x0000-0x007f]
[    0.491679] pnp 00:08: disabling [io  0x0030-0x0031] because it overlaps 0000:09:00.0 BAR 5 [io  0x0000-0x007f]
[    0.491679] pnp 00:08: disabling [io  0x0034-0x0035] because it overlaps 0000:09:00.0 BAR 5 [io  0x0000-0x007f]
[    0.491679] pnp 00:08: disabling [io  0x0038-0x0039] because it overlaps 0000:09:00.0 BAR 5 [io  0x0000-0x007f]
[    0.491679] pnp 00:08: disabling [io  0x003c-0x003d] because it overlaps 0000:09:00.0 BAR 5 [io  0x0000-0x007f]
[    0.491679] pnp 00:08: disabling [io  0x0050-0x0053] because it overlaps 0000:09:00.0 BAR 5 [io  0x0000-0x007f]
[    0.491679] pnp 00:08: disabling [io  0x0072-0x0077] because it overlaps 0000:09:00.0 BAR 5 [io  0x0000-0x007f]
[    0.491679] system 00:08: [io  0x1800-0x189f] could not be reserved
[    0.491679] system 00:08: [io  0x0800-0x087f] has been reserved
[    0.491679] system 00:08: [io  0x0880-0x08ff] has been reserved
[    0.491679] system 00:08: [io  0x0900-0x097f] has been reserved
[    0.491679] system 00:08: [io  0x0980-0x09ff] has been reserved
[    0.491679] system 00:08: [io  0x0a00-0x0a7f] has been reserved
[    0.491679] system 00:08: [io  0x0a80-0x0aff] has been reserved
[    0.491679] system 00:08: [io  0x0b00-0x0b7f] has been reserved
[    0.491679] system 00:08: [io  0x0b80-0x0bff] has been reserved
[    0.491679] system 00:08: [io  0x15e0-0x15ef] has been reserved
[    0.491679] system 00:08: [io  0x1600-0x167f] could not be reserved
[    0.491679] system 00:08: [io  0x1640-0x165f] could not be reserved
[    0.491679] system 00:08: [mem 0xf0000000-0xf7ffffff] has been reserved
[    0.491679] system 00:08: [mem 0xfed10000-0xfed13fff] has been reserved
[    0.491679] system 00:08: [mem 0xfed18000-0xfed18fff] has been reserved
[    0.491679] system 00:08: [mem 0xfed19000-0xfed19fff] has been reserved
[    0.491679] system 00:08: [mem 0xfeb00000-0xfebfffff] has been reserved
[    0.491679] system 00:08: [mem 0xfed20000-0xfed3ffff] has been reserved
[    0.491679] system 00:08: [mem 0xfed90000-0xfed93fff] could not be reserved
[    0.492892] system 00:0a: [mem 0xfed10000-0xfed17fff] could not be reserved
[    0.492897] system 00:0a: [mem 0xfed18000-0xfed18fff] has been reserved
[    0.492900] system 00:0a: [mem 0xfed19000-0xfed19fff] has been reserved
[    0.492903] system 00:0a: [mem 0xf0000000-0xf7ffffff] has been reserved
[    0.492906] system 00:0a: [mem 0xfed20000-0xfed3ffff] has been reserved
[    0.492909] system 00:0a: [mem 0xfed90000-0xfed93fff] could not be reserved
[    0.492912] system 00:0a: [mem 0xfed45000-0xfed8ffff] has been reserved
[    0.492915] system 00:0a: [mem 0xfee00000-0xfeefffff] has been reserved
[    0.493076] pnp 00:0b: disabling [mem 0x000c0000-0x000c3fff] because it overlaps 0000:00:02.0 BAR 6 [mem 0x000c0000-0x000dffff]
[    0.493081] pnp 00:0b: disabling [mem 0x000c8000-0x000cbfff] because it overlaps 0000:00:02.0 BAR 6 [mem 0x000c0000-0x000dffff]
[    0.493086] pnp 00:0b: disabling [mem 0x000d0000-0x000d3fff] because it overlaps 0000:00:02.0 BAR 6 [mem 0x000c0000-0x000dffff]
[    0.493090] pnp 00:0b: disabling [mem 0x000d8000-0x000dbfff] because it overlaps 0000:00:02.0 BAR 6 [mem 0x000c0000-0x000dffff]
[    0.493106] pnp 00:0b: disabling [mem 0x00000000-0x0009ffff] because it overlaps 0000:09:00.0 BAR 0 [mem 0x00000000-0x00ffffff]
[    0.493110] pnp 00:0b: disabling [mem 0x000c0000-0x000c3fff disabled] because it overlaps 0000:09:00.0 BAR 0 [mem 0x00000000-0x00ffffff]
[    0.493115] pnp 00:0b: disabling [mem 0x000c8000-0x000cbfff disabled] because it overlaps 0000:09:00.0 BAR 0 [mem 0x00000000-0x00ffffff]
[    0.493119] pnp 00:0b: disabling [mem 0x000d0000-0x000d3fff disabled] because it overlaps 0000:09:00.0 BAR 0 [mem 0x00000000-0x00ffffff]
[    0.493124] pnp 00:0b: disabling [mem 0x000d8000-0x000dbfff disabled] because it overlaps 0000:09:00.0 BAR 0 [mem 0x00000000-0x00ffffff]
[    0.493128] pnp 00:0b: disabling [mem 0x000e0000-0x000e3fff] because it overlaps 0000:09:00.0 BAR 0 [mem 0x00000000-0x00ffffff]
[    0.493132] pnp 00:0b: disabling [mem 0x000e8000-0x000ebfff] because it overlaps 0000:09:00.0 BAR 0 [mem 0x00000000-0x00ffffff]
[    0.493136] pnp 00:0b: disabling [mem 0x000f0000-0x000fffff] because it overlaps 0000:09:00.0 BAR 0 [mem 0x00000000-0x00ffffff]
[    0.493140] pnp 00:0b: disabling [mem 0x00100000-0x8f7fffff] because it overlaps 0000:09:00.0 BAR 0 [mem 0x00000000-0x00ffffff]
[    0.493144] pnp 00:0b: disabling [mem 0x00000000-0x0009ffff disabled] because it overlaps 0000:09:00.0 BAR 1 [mem 0x00000000-0x0fffffff 64bit pref]
[    0.493149] pnp 00:0b: disabling [mem 0x000c0000-0x000c3fff disabled] because it overlaps 0000:09:00.0 BAR 1 [mem 0x00000000-0x0fffffff 64bit pref]
[    0.493154] pnp 00:0b: disabling [mem 0x000c8000-0x000cbfff disabled] because it overlaps 0000:09:00.0 BAR 1 [mem 0x00000000-0x0fffffff 64bit pref]
[    0.493158] pnp 00:0b: disabling [mem 0x000d0000-0x000d3fff disabled] because it overlaps 0000:09:00.0 BAR 1 [mem 0x00000000-0x0fffffff 64bit pref]
[    0.493162] pnp 00:0b: disabling [mem 0x000d8000-0x000dbfff disabled] because it overlaps 0000:09:00.0 BAR 1 [mem 0x00000000-0x0fffffff 64bit pref]
[    0.493167] pnp 00:0b: disabling [mem 0x000e0000-0x000e3fff disabled] because it overlaps 0000:09:00.0 BAR 1 [mem 0x00000000-0x0fffffff 64bit pref]
[    0.493171] pnp 00:0b: disabling [mem 0x000e8000-0x000ebfff disabled] because it overlaps 0000:09:00.0 BAR 1 [mem 0x00000000-0x0fffffff 64bit pref]
[    0.493176] pnp 00:0b: disabling [mem 0x000f0000-0x000fffff disabled] because it overlaps 0000:09:00.0 BAR 1 [mem 0x00000000-0x0fffffff 64bit pref]
[    0.493180] pnp 00:0b: disabling [mem 0x00100000-0x8f7fffff disabled] because it overlaps 0000:09:00.0 BAR 1 [mem 0x00000000-0x0fffffff 64bit pref]
[    0.493185] pnp 00:0b: disabling [mem 0x00000000-0x0009ffff disabled] because it overlaps 0000:09:00.0 BAR 3 [mem 0x00000000-0x01ffffff 64bit pref]
[    0.493189] pnp 00:0b: disabling [mem 0x000c0000-0x000c3fff disabled] because it overlaps 0000:09:00.0 BAR 3 [mem 0x00000000-0x01ffffff 64bit pref]
[    0.493194] pnp 00:0b: disabling [mem 0x000c8000-0x000cbfff disabled] because it overlaps 0000:09:00.0 BAR 3 [mem 0x00000000-0x01ffffff 64bit pref]
[    0.493198] pnp 00:0b: disabling [mem 0x000d0000-0x000d3fff disabled] because it overlaps 0000:09:00.0 BAR 3 [mem 0x00000000-0x01ffffff 64bit pref]
[    0.493203] pnp 00:0b: disabling [mem 0x000d8000-0x000dbfff disabled] because it overlaps 0000:09:00.0 BAR 3 [mem 0x00000000-0x01ffffff 64bit pref]
[    0.493207] pnp 00:0b: disabling [mem 0x000e0000-0x000e3fff disabled] because it overlaps 0000:09:00.0 BAR 3 [mem 0x00000000-0x01ffffff 64bit pref]
[    0.493211] pnp 00:0b: disabling [mem 0x000e8000-0x000ebfff disabled] because it overlaps 0000:09:00.0 BAR 3 [mem 0x00000000-0x01ffffff 64bit pref]
[    0.493216] pnp 00:0b: disabling [mem 0x000f0000-0x000fffff disabled] because it overlaps 0000:09:00.0 BAR 3 [mem 0x00000000-0x01ffffff 64bit pref]
[    0.493220] pnp 00:0b: disabling [mem 0x00100000-0x8f7fffff disabled] because it overlaps 0000:09:00.0 BAR 3 [mem 0x00000000-0x01ffffff 64bit pref]
[    0.493242] system 00:0b: [mem 0xfec00000-0xfed3ffff] could not be reserved
[    0.493246] system 00:0b: [mem 0xfed4c000-0xffffffff] could not be reserved
[    0.493302] pnp: PnP ACPI: found 12 devices
[    0.498914] clocksource: acpi_pm: mask: 0xffffff max_cycles: 0xffffff, max_idle_ns: 2085701024 ns
[    0.499016] NET: Registered PF_INET protocol family
[    0.499163] IP idents hash table entries: 262144 (order: 9, 2097152 bytes, linear)
[    0.502299] tcp_listen_portaddr_hash hash table entries: 32768 (order: 7, 524288 bytes, linear)
[    0.502346] Table-perturb hash table entries: 65536 (order: 6, 262144 bytes, linear)
[    0.502356] TCP established hash table entries: 524288 (order: 10, 4194304 bytes, linear)
[    0.502807] TCP bind hash table entries: 65536 (order: 9, 2097152 bytes, linear)
[    0.503095] TCP: Hash tables configured (established 524288 bind 65536)
[    0.503119] UDP hash table entries: 32768 (order: 8, 1048576 bytes, linear)
[    0.503227] UDP-Lite hash table entries: 32768 (order: 8, 1048576 bytes, linear)
[    0.503353] NET: Registered PF_UNIX/PF_LOCAL protocol family
[    0.503583] pci 0000:01:00.0: ROM [mem 0xfff80000-0xffffffff pref]: can't claim; no compatible bridge window
[    0.503591] pci_bus 0000:00: max bus depth: 5 pci_try_num: 6
[    0.503607] pci 0000:00:1c.0: bridge window [io  size 0x41000]: can't assign; no space
[    0.503611] pci 0000:00:1c.0: bridge window [io  size 0x41000]: failed to assign
[    0.503616] pci 0000:01:00.0: ROM [mem 0xbe080000-0xbe0fffff pref]: assigned
[    0.503620] pci 0000:00:01.0: PCI bridge to [bus 01]
[    0.503623] pci 0000:00:01.0:   bridge window [io  0x2000-0x2fff]
[    0.503628] pci 0000:00:01.0:   bridge window [mem 0xbd000000-0xbe0fffff]
[    0.503631] pci 0000:00:01.0:   bridge window [mem 0x90000000-0xa1ffffff 64bit pref]
[    0.503638] pci 0000:00:1b.0: PCI bridge to [bus 02]
[    0.503648] pci 0000:00:1b.0:   bridge window [mem 0xbe300000-0xbe3fffff]
[    0.503656] pci 0000:04:00.0: bridge window [io  size 0x31000]: can't assign; no space
[    0.503659] pci 0000:04:00.0: bridge window [io  size 0x31000]: failed to assign
[    0.503663] pci 0000:05:01.0: bridge window [io  size 0x21000]: can't assign; no space
[    0.503666] pci 0000:05:01.0: bridge window [io  size 0x21000]: failed to assign
[    0.503669] pci 0000:05:04.0: bridge window [io  size 0x10000]: can't assign; no space
[    0.503672] pci 0000:05:04.0: bridge window [io  size 0x10000]: failed to assign
[    0.503675] pci 0000:05:00.0: PCI bridge to [bus 06]
[    0.503704] pci 0000:05:00.0:   bridge window [mem 0xbc100000-0xbc1fffff]
[    0.503715] pci 0000:07:00.0: bridge window [mem 0x6000000000-0x601fffffff 64bit pref]: assigned
[    0.503719] pci 0000:07:00.0: bridge window [mem 0xa4000000-0xafffffff]: assigned
[    0.503722] pci 0000:07:00.0: bridge window [io  size 0x21000]: can't assign; no space
[    0.503725] pci 0000:07:00.0: bridge window [io  size 0x21000]: failed to assign
[    0.503729] pci 0000:08:01.0: bridge window [mem 0x6000000000-0x6017ffffff 64bit pref]: assigned
[    0.503733] pci 0000:08:01.0: bridge window [mem 0xa4000000-0xa57fffff]: assigned
[    0.503736] pci 0000:08:04.0: bridge window [mem 0xa5800000-0xafffffff]: assigned
[    0.503739] pci 0000:08:04.0: bridge window [mem 0x6018000000-0x601fffffff 64bit pref]: assigned
[    0.503743] pci 0000:08:01.0: bridge window [io  size 0x1000]: can't assign; no space
[    0.503746] pci 0000:08:01.0: bridge window [io  size 0x1000]: failed to assign
[    0.503749] pci 0000:08:04.0: bridge window [io  size 0x20000]: can't assign; no space
[    0.503752] pci 0000:08:04.0: bridge window [io  size 0x20000]: failed to assign
[    0.503756] pci 0000:09:00.0: BAR 1 [mem 0x6000000000-0x600fffffff 64bit pref]: assigned
[    0.503803] pci 0000:09:00.0: BAR 3 [mem 0x6010000000-0x6011ffffff 64bit pref]: assigned
[    0.503826] pci 0000:09:00.0: BAR 0 [mem 0xa4000000-0xa4ffffff]: assigned
[    0.503835] pci 0000:09:00.0: ROM [mem 0xa5000000-0xa507ffff pref]: assigned
[    0.503838] pci 0000:09:00.1: BAR 0 [mem 0xa5080000-0xa5083fff]: assigned
[    0.503847] pci 0000:09:00.0: BAR 5 [io  size 0x0080]: can't assign; no space
[    0.503850] pci 0000:09:00.0: BAR 5 [io  size 0x0080]: failed to assign
[    0.503853] pci 0000:08:01.0: PCI bridge to [bus 09]
[    0.503862] pci 0000:08:01.0:   bridge window [mem 0xa4000000-0xa57fffff]
[    0.503870] pci 0000:08:01.0:   bridge window [mem 0x6000000000-0x6017ffffff 64bit pref]
[    0.503883] pci 0000:08:04.0: PCI bridge to [bus 0a-2b]
[    0.503892] pci 0000:08:04.0:   bridge window [mem 0xa5800000-0xafffffff]
[    0.503900] pci 0000:08:04.0:   bridge window [mem 0x6018000000-0x601fffffff 64bit pref]
[    0.503913] pci 0000:07:00.0: PCI bridge to [bus 08-2b]
[    0.503922] pci 0000:07:00.0:   bridge window [mem 0xa4000000-0xafffffff]
[    0.503930] pci 0000:07:00.0:   bridge window [mem 0x6000000000-0x601fffffff 64bit pref]
[    0.503942] pci 0000:05:01.0: PCI bridge to [bus 07-2b]
[    0.503948] pci 0000:05:01.0:   bridge window [mem 0xa4000000-0xafffffff]
[    0.503953] pci 0000:05:01.0:   bridge window [mem 0x6000000000-0x601fffffff 64bit pref]
[    0.503961] pci 0000:05:02.0: PCI bridge to [bus 2c]
[    0.503967] pci 0000:05:02.0:   bridge window [mem 0xb0000000-0xb00fffff]
[    0.503977] pci 0000:05:04.0: PCI bridge to [bus 2d-51]
[    0.503983] pci 0000:05:04.0:   bridge window [mem 0xb0100000-0xbc0fffff]
[    0.503988] pci 0000:05:04.0:   bridge window [mem 0x6020000000-0x603fffffff 64bit pref]
[    0.503996] pci 0000:04:00.0: PCI bridge to [bus 05-51]
[    0.504002] pci 0000:04:00.0:   bridge window [mem 0xa4000000-0xbc1fffff]
[    0.504007] pci 0000:04:00.0:   bridge window [mem 0x6000000000-0x603fffffff 64bit pref]
[    0.504015] pci 0000:00:1c.0: PCI bridge to [bus 04-51]
[    0.504020] pci 0000:00:1c.0:   bridge window [mem 0xa4000000-0xbc1fffff]
[    0.504024] pci 0000:00:1c.0:   bridge window [mem 0x6000000000-0x603fffffff 64bit pref]
[    0.504030] pci 0000:00:1c.5: PCI bridge to [bus 52]
[    0.504035] pci 0000:00:1c.5:   bridge window [mem 0xbe200000-0xbe2fffff]
[    0.504042] pci 0000:00:1c.7: PCI bridge to [bus 54]
[    0.504046] pci 0000:00:1c.7:   bridge window [mem 0xbe100000-0xbe1fffff]
[    0.504058] pci_bus 0000:00: No. 2 try to assign unassigned res
[    0.504068] pci 0000:00:1c.0: bridge window [io  size 0x51000]: can't assign; no space
[    0.504071] pci 0000:00:1c.0: bridge window [io  size 0x51000]: failed to assign
[    0.504075] pci 0000:00:01.0: PCI bridge to [bus 01]
[    0.504078] pci 0000:00:01.0:   bridge window [io  0x2000-0x2fff]
[    0.504082] pci 0000:00:01.0:   bridge window [mem 0xbd000000-0xbe0fffff]
[    0.504085] pci 0000:00:01.0:   bridge window [mem 0x90000000-0xa1ffffff 64bit pref]
[    0.504091] pci 0000:00:1b.0: PCI bridge to [bus 02]
[    0.504101] pci 0000:00:1b.0:   bridge window [mem 0xbe300000-0xbe3fffff]
[    0.504109] pci 0000:04:00.0: bridge window [io  size 0x41000]: can't assign; no space
[    0.504112] pci 0000:04:00.0: bridge window [io  size 0x41000]: failed to assign
[    0.504116] pci 0000:05:01.0: bridge window [io  size 0x31000]: can't assign; no space
[    0.504119] pci 0000:05:01.0: bridge window [io  size 0x31000]: failed to assign
[    0.504122] pci 0000:05:04.0: bridge window [io  size 0x10000]: can't assign; no space
[    0.504125] pci 0000:05:04.0: bridge window [io  size 0x10000]: failed to assign
[    0.504128] pci 0000:05:00.0: PCI bridge to [bus 06]
[    0.504157] pci 0000:05:00.0:   bridge window [mem 0xbc100000-0xbc1fffff]
[    0.504167] pci 0000:07:00.0: bridge window [io  size 0x21000]: can't assign; no space
[    0.504170] pci 0000:07:00.0: bridge window [io  size 0x21000]: failed to assign
[    0.504173] pci 0000:08:01.0: bridge window [io  size 0x1000]: can't assign; no space
[    0.504176] pci 0000:08:01.0: bridge window [io  size 0x1000]: failed to assign
[    0.504179] pci 0000:08:04.0: bridge window [io  size 0x20000]: can't assign; no space
[    0.504183] pci 0000:08:04.0: bridge window [io  size 0x20000]: failed to assign
[    0.504186] pci 0000:09:00.0: BAR 5 [io  size 0x0080]: can't assign; no space
[    0.504189] pci 0000:09:00.0: BAR 5 [io  size 0x0080]: failed to assign
[    0.504192] pci 0000:08:01.0: PCI bridge to [bus 09]
[    0.504224] pci 0000:08:01.0:   bridge window [mem 0xa4000000-0xa57fffff]
[    0.504232] pci 0000:08:01.0:   bridge window [mem 0x6000000000-0x6017ffffff 64bit pref]
[    0.504244] pci 0000:08:04.0: PCI bridge to [bus 0a-2b]
[    0.504254] pci 0000:08:04.0:   bridge window [mem 0xa5800000-0xafffffff]
[    0.504262] pci 0000:08:04.0:   bridge window [mem 0x6018000000-0x601fffffff 64bit pref]
[    0.504274] pci 0000:07:00.0: PCI bridge to [bus 08-2b]
[    0.504284] pci 0000:07:00.0:   bridge window [mem 0xa4000000-0xafffffff]
[    0.504291] pci 0000:07:00.0:   bridge window [mem 0x6000000000-0x601fffffff 64bit pref]
[    0.504304] pci 0000:05:01.0: PCI bridge to [bus 07-2b]
[    0.504310] pci 0000:05:01.0:   bridge window [mem 0xa4000000-0xafffffff]
[    0.504315] pci 0000:05:01.0:   bridge window [mem 0x6000000000-0x601fffffff 64bit pref]
[    0.504323] pci 0000:05:02.0: PCI bridge to [bus 2c]
[    0.504329] pci 0000:05:02.0:   bridge window [mem 0xb0000000-0xb00fffff]
[    0.504338] pci 0000:05:04.0: PCI bridge to [bus 2d-51]
[    0.504344] pci 0000:05:04.0:   bridge window [mem 0xb0100000-0xbc0fffff]
[    0.504349] pci 0000:05:04.0:   bridge window [mem 0x6020000000-0x603fffffff 64bit pref]
[    0.504357] pci 0000:04:00.0: PCI bridge to [bus 05-51]
[    0.504363] pci 0000:04:00.0:   bridge window [mem 0xa4000000-0xbc1fffff]
[    0.504368] pci 0000:04:00.0:   bridge window [mem 0x6000000000-0x603fffffff 64bit pref]
[    0.504376] pci 0000:00:1c.0: PCI bridge to [bus 04-51]
[    0.504380] pci 0000:00:1c.0:   bridge window [mem 0xa4000000-0xbc1fffff]
[    0.504385] pci 0000:00:1c.0:   bridge window [mem 0x6000000000-0x603fffffff 64bit pref]
[    0.504391] pci 0000:00:1c.5: PCI bridge to [bus 52]
[    0.504395] pci 0000:00:1c.5:   bridge window [mem 0xbe200000-0xbe2fffff]
[    0.504402] pci 0000:00:1c.7: PCI bridge to [bus 54]
[    0.504407] pci 0000:00:1c.7:   bridge window [mem 0xbe100000-0xbe1fffff]
[    0.504414] pci_bus 0000:00: No. 3 try to assign unassigned res
[    0.504418] release child resource [io  0x2000-0x207f]
[    0.504419] pci 0000:00:01.0: resource 13 [io  0x2000-0x2fff] released
[    0.504422] pci 0000:00:01.0: PCI bridge to [bus 01]
[    0.504432] pci 0000:00:01.0: bridge window [io  0x2000-0x2fff]: assigned
[    0.504435] pci 0000:00:1c.0: bridge window [io  size 0x51000]: can't assign; no space
[    0.504438] pci 0000:00:1c.0: bridge window [io  size 0x51000]: failed to assign
[    0.504442] pci 0000:01:00.0: BAR 5 [io  0x2000-0x207f]: assigned
[    0.504448] pci 0000:00:01.0: PCI bridge to [bus 01]
[    0.504450] pci 0000:00:01.0:   bridge window [io  0x2000-0x2fff]
[    0.504454] pci 0000:00:01.0:   bridge window [mem 0xbd000000-0xbe0fffff]
[    0.504458] pci 0000:00:01.0:   bridge window [mem 0x90000000-0xa1ffffff 64bit pref]
[    0.504463] pci 0000:00:1b.0: PCI bridge to [bus 02]
[    0.504473] pci 0000:00:1b.0:   bridge window [mem 0xbe300000-0xbe3fffff]
[    0.504481] pci 0000:04:00.0: bridge window [io  size 0x41000]: can't assign; no space
[    0.504484] pci 0000:04:00.0: bridge window [io  size 0x41000]: failed to assign
[    0.504488] pci 0000:05:01.0: bridge window [io  size 0x31000]: can't assign; no space
[    0.504491] pci 0000:05:01.0: bridge window [io  size 0x31000]: failed to assign
[    0.504494] pci 0000:05:04.0: bridge window [io  size 0x10000]: can't assign; no space
[    0.504497] pci 0000:05:04.0: bridge window [io  size 0x10000]: failed to assign
[    0.504500] pci 0000:05:00.0: PCI bridge to [bus 06]
[    0.504529] pci 0000:05:00.0:   bridge window [mem 0xbc100000-0xbc1fffff]
[    0.504539] pci 0000:07:00.0: bridge window [io  size 0x21000]: can't assign; no space
[    0.504542] pci 0000:07:00.0: bridge window [io  size 0x21000]: failed to assign
[    0.504545] pci 0000:08:01.0: bridge window [io  size 0x1000]: can't assign; no space
[    0.504548] pci 0000:08:01.0: bridge window [io  size 0x1000]: failed to assign
[    0.504551] pci 0000:08:04.0: bridge window [io  size 0x20000]: can't assign; no space
[    0.504554] pci 0000:08:04.0: bridge window [io  size 0x20000]: failed to assign
[    0.504557] pci 0000:09:00.0: BAR 5 [io  size 0x0080]: can't assign; no space
[    0.504560] pci 0000:09:00.0: BAR 5 [io  size 0x0080]: failed to assign
[    0.504563] pci 0000:08:01.0: PCI bridge to [bus 09]
[    0.504595] pci 0000:08:01.0:   bridge window [mem 0xa4000000-0xa57fffff]
[    0.504603] pci 0000:08:01.0:   bridge window [mem 0x6000000000-0x6017ffffff 64bit pref]
[    0.504616] pci 0000:08:04.0: PCI bridge to [bus 0a-2b]
[    0.504625] pci 0000:08:04.0:   bridge window [mem 0xa5800000-0xafffffff]
[    0.504633] pci 0000:08:04.0:   bridge window [mem 0x6018000000-0x601fffffff 64bit pref]
[    0.504646] pci 0000:07:00.0: PCI bridge to [bus 08-2b]
[    0.504655] pci 0000:07:00.0:   bridge window [mem 0xa4000000-0xafffffff]
[    0.504663] pci 0000:07:00.0:   bridge window [mem 0x6000000000-0x601fffffff 64bit pref]
[    0.504675] pci 0000:05:01.0: PCI bridge to [bus 07-2b]
[    0.504681] pci 0000:05:01.0:   bridge window [mem 0xa4000000-0xafffffff]
[    0.504686] pci 0000:05:01.0:   bridge window [mem 0x6000000000-0x601fffffff 64bit pref]
[    0.504694] pci 0000:05:02.0: PCI bridge to [bus 2c]
[    0.504700] pci 0000:05:02.0:   bridge window [mem 0xb0000000-0xb00fffff]
[    0.504710] pci 0000:05:04.0: PCI bridge to [bus 2d-51]
[    0.504716] pci 0000:05:04.0:   bridge window [mem 0xb0100000-0xbc0fffff]
[    0.504721] pci 0000:05:04.0:   bridge window [mem 0x6020000000-0x603fffffff 64bit pref]
[    0.504729] pci 0000:04:00.0: PCI bridge to [bus 05-51]
[    0.504734] pci 0000:04:00.0:   bridge window [mem 0xa4000000-0xbc1fffff]
[    0.504739] pci 0000:04:00.0:   bridge window [mem 0x6000000000-0x603fffffff 64bit pref]
[    0.504747] pci 0000:00:1c.0: PCI bridge to [bus 04-51]
[    0.504752] pci 0000:00:1c.0:   bridge window [mem 0xa4000000-0xbc1fffff]
[    0.504756] pci 0000:00:1c.0:   bridge window [mem 0x6000000000-0x603fffffff 64bit pref]
[    0.504762] pci 0000:00:1c.5: PCI bridge to [bus 52]
[    0.504766] pci 0000:00:1c.5:   bridge window [mem 0xbe200000-0xbe2fffff]
[    0.504774] pci 0000:00:1c.7: PCI bridge to [bus 54]
[    0.504778] pci 0000:00:1c.7:   bridge window [mem 0xbe100000-0xbe1fffff]
[    0.504785] pci_bus 0000:00: No. 4 try to assign unassigned res
[    0.504788] release child resource [io  0x2000-0x207f]
[    0.504789] pci 0000:00:01.0: resource 13 [io  0x2000-0x2fff] released
[    0.504792] pci 0000:00:01.0: PCI bridge to [bus 01]
[    0.504801] pci 0000:00:01.0: bridge window [io  0x2000-0x2fff]: assigned
[    0.504805] pci 0000:00:1c.0: bridge window [io  size 0x51000]: can't assign; no space
[    0.504808] pci 0000:00:1c.0: bridge window [io  size 0x51000]: failed to assign
[    0.504811] pci 0000:01:00.0: BAR 5 [io  0x2000-0x207f]: assigned
[    0.504817] pci 0000:00:01.0: PCI bridge to [bus 01]
[    0.504820] pci 0000:00:01.0:   bridge window [io  0x2000-0x2fff]
[    0.504824] pci 0000:00:01.0:   bridge window [mem 0xbd000000-0xbe0fffff]
[    0.504827] pci 0000:00:01.0:   bridge window [mem 0x90000000-0xa1ffffff 64bit pref]
[    0.504833] pci 0000:00:1b.0: PCI bridge to [bus 02]
[    0.504843] pci 0000:00:1b.0:   bridge window [mem 0xbe300000-0xbe3fffff]
[    0.504851] pci 0000:04:00.0: bridge window [io  size 0x41000]: can't assign; no space
[    0.504854] pci 0000:04:00.0: bridge window [io  size 0x41000]: failed to assign
[    0.504857] pci 0000:05:01.0: bridge window [io  size 0x31000]: can't assign; no space
[    0.504860] pci 0000:05:01.0: bridge window [io  size 0x31000]: failed to assign
[    0.504863] pci 0000:05:04.0: bridge window [io  size 0x10000]: can't assign; no space
[    0.504866] pci 0000:05:04.0: bridge window [io  size 0x10000]: failed to assign
[    0.504869] pci 0000:05:00.0: PCI bridge to [bus 06]
[    0.504898] pci 0000:05:00.0:   bridge window [mem 0xbc100000-0xbc1fffff]
[    0.504908] pci 0000:07:00.0: bridge window [io  size 0x21000]: can't assign; no space
[    0.504911] pci 0000:07:00.0: bridge window [io  size 0x21000]: failed to assign
[    0.504914] pci 0000:08:01.0: bridge window [io  size 0x1000]: can't assign; no space
[    0.504917] pci 0000:08:01.0: bridge window [io  size 0x1000]: failed to assign
[    0.504920] pci 0000:08:04.0: bridge window [io  size 0x20000]: can't assign; no space
[    0.504923] pci 0000:08:04.0: bridge window [io  size 0x20000]: failed to assign
[    0.504927] pci 0000:09:00.0: BAR 5 [io  size 0x0080]: can't assign; no space
[    0.504929] pci 0000:09:00.0: BAR 5 [io  size 0x0080]: failed to assign
[    0.504932] pci 0000:08:01.0: PCI bridge to [bus 09]
[    0.504965] pci 0000:08:01.0:   bridge window [mem 0xa4000000-0xa57fffff]
[    0.504972] pci 0000:08:01.0:   bridge window [mem 0x6000000000-0x6017ffffff 64bit pref]
[    0.504985] pci 0000:08:04.0: PCI bridge to [bus 0a-2b]
[    0.504995] pci 0000:08:04.0:   bridge window [mem 0xa5800000-0xafffffff]
[    0.505002] pci 0000:08:04.0:   bridge window [mem 0x6018000000-0x601fffffff 64bit pref]
[    0.505015] pci 0000:07:00.0: PCI bridge to [bus 08-2b]
[    0.505024] pci 0000:07:00.0:   bridge window [mem 0xa4000000-0xafffffff]
[    0.505032] pci 0000:07:00.0:   bridge window [mem 0x6000000000-0x601fffffff 64bit pref]
[    0.505045] pci 0000:05:01.0: PCI bridge to [bus 07-2b]
[    0.505050] pci 0000:05:01.0:   bridge window [mem 0xa4000000-0xafffffff]
[    0.505055] pci 0000:05:01.0:   bridge window [mem 0x6000000000-0x601fffffff 64bit pref]
[    0.505063] pci 0000:05:02.0: PCI bridge to [bus 2c]
[    0.505069] pci 0000:05:02.0:   bridge window [mem 0xb0000000-0xb00fffff]
[    0.505079] pci 0000:05:04.0: PCI bridge to [bus 2d-51]
[    0.505085] pci 0000:05:04.0:   bridge window [mem 0xb0100000-0xbc0fffff]
[    0.505090] pci 0000:05:04.0:   bridge window [mem 0x6020000000-0x603fffffff 64bit pref]
[    0.505098] pci 0000:04:00.0: PCI bridge to [bus 05-51]
[    0.505103] pci 0000:04:00.0:   bridge window [mem 0xa4000000-0xbc1fffff]
[    0.505108] pci 0000:04:00.0:   bridge window [mem 0x6000000000-0x603fffffff 64bit pref]
[    0.505116] pci 0000:00:1c.0: PCI bridge to [bus 04-51]
[    0.505121] pci 0000:00:1c.0:   bridge window [mem 0xa4000000-0xbc1fffff]
[    0.505125] pci 0000:00:1c.0:   bridge window [mem 0x6000000000-0x603fffffff 64bit pref]
[    0.505131] pci 0000:00:1c.5: PCI bridge to [bus 52]
[    0.505136] pci 0000:00:1c.5:   bridge window [mem 0xbe200000-0xbe2fffff]
[    0.505143] pci 0000:00:1c.7: PCI bridge to [bus 54]
[    0.505147] pci 0000:00:1c.7:   bridge window [mem 0xbe100000-0xbe1fffff]
[    0.505154] pci_bus 0000:00: No. 5 try to assign unassigned res
[    0.505157] release child resource [io  0x2000-0x207f]
[    0.505158] pci 0000:00:01.0: resource 13 [io  0x2000-0x2fff] released
[    0.505161] pci 0000:00:01.0: PCI bridge to [bus 01]
[    0.505169] pci 0000:00:01.0: bridge window [io  0x2000-0x2fff]: assigned
[    0.505172] pci 0000:00:1c.0: bridge window [io  size 0x51000]: can't assign; no space
[    0.505176] pci 0000:00:1c.0: bridge window [io  size 0x51000]: failed to assign
[    0.505179] pci 0000:01:00.0: BAR 5 [io  0x2000-0x207f]: assigned
[    0.505185] pci 0000:00:01.0: PCI bridge to [bus 01]
[    0.505188] pci 0000:00:01.0:   bridge window [io  0x2000-0x2fff]
[    0.505191] pci 0000:00:01.0:   bridge window [mem 0xbd000000-0xbe0fffff]
[    0.505195] pci 0000:00:01.0:   bridge window [mem 0x90000000-0xa1ffffff 64bit pref]
[    0.505201] pci 0000:00:1b.0: PCI bridge to [bus 02]
[    0.505211] pci 0000:00:1b.0:   bridge window [mem 0xbe300000-0xbe3fffff]
[    0.505218] pci 0000:04:00.0: bridge window [io  size 0x41000]: can't assign; no space
[    0.505222] pci 0000:04:00.0: bridge window [io  size 0x41000]: failed to assign
[    0.505225] pci 0000:05:01.0: bridge window [io  size 0x31000]: can't assign; no space
[    0.505228] pci 0000:05:01.0: bridge window [io  size 0x31000]: failed to assign
[    0.505231] pci 0000:05:04.0: bridge window [io  size 0x10000]: can't assign; no space
[    0.505234] pci 0000:05:04.0: bridge window [io  size 0x10000]: failed to assign
[    0.505237] pci 0000:05:00.0: PCI bridge to [bus 06]
[    0.505266] pci 0000:05:00.0:   bridge window [mem 0xbc100000-0xbc1fffff]
[    0.505276] pci 0000:07:00.0: bridge window [io  size 0x21000]: can't assign; no space
[    0.505279] pci 0000:07:00.0: bridge window [io  size 0x21000]: failed to assign
[    0.505282] pci 0000:08:01.0: bridge window [io  size 0x1000]: can't assign; no space
[    0.505285] pci 0000:08:01.0: bridge window [io  size 0x1000]: failed to assign
[    0.505288] pci 0000:08:04.0: bridge window [io  size 0x20000]: can't assign; no space
[    0.505291] pci 0000:08:04.0: bridge window [io  size 0x20000]: failed to assign
[    0.505294] pci 0000:09:00.0: BAR 5 [io  size 0x0080]: can't assign; no space
[    0.505297] pci 0000:09:00.0: BAR 5 [io  size 0x0080]: failed to assign
[    0.505300] pci 0000:08:01.0: PCI bridge to [bus 09]
[    0.505332] pci 0000:08:01.0:   bridge window [mem 0xa4000000-0xa57fffff]
[    0.505340] pci 0000:08:01.0:   bridge window [mem 0x6000000000-0x6017ffffff 64bit pref]
[    0.505353] pci 0000:08:04.0: PCI bridge to [bus 0a-2b]
[    0.505362] pci 0000:08:04.0:   bridge window [mem 0xa5800000-0xafffffff]
[    0.505370] pci 0000:08:04.0:   bridge window [mem 0x6018000000-0x601fffffff 64bit pref]
[    0.505382] pci 0000:07:00.0: PCI bridge to [bus 08-2b]
[    0.505392] pci 0000:07:00.0:   bridge window [mem 0xa4000000-0xafffffff]
[    0.505399] pci 0000:07:00.0:   bridge window [mem 0x6000000000-0x601fffffff 64bit pref]
[    0.505412] pci 0000:05:01.0: PCI bridge to [bus 07-2b]
[    0.505418] pci 0000:05:01.0:   bridge window [mem 0xa4000000-0xafffffff]
[    0.505423] pci 0000:05:01.0:   bridge window [mem 0x6000000000-0x601fffffff 64bit pref]
[    0.505431] pci 0000:05:02.0: PCI bridge to [bus 2c]
[    0.505437] pci 0000:05:02.0:   bridge window [mem 0xb0000000-0xb00fffff]
[    0.505446] pci 0000:05:04.0: PCI bridge to [bus 2d-51]
[    0.505452] pci 0000:05:04.0:   bridge window [mem 0xb0100000-0xbc0fffff]
[    0.505457] pci 0000:05:04.0:   bridge window [mem 0x6020000000-0x603fffffff 64bit pref]
[    0.505465] pci 0000:04:00.0: PCI bridge to [bus 05-51]
[    0.505471] pci 0000:04:00.0:   bridge window [mem 0xa4000000-0xbc1fffff]
[    0.505476] pci 0000:04:00.0:   bridge window [mem 0x6000000000-0x603fffffff 64bit pref]
[    0.505484] pci 0000:00:1c.0: PCI bridge to [bus 04-51]
[    0.505488] pci 0000:00:1c.0:   bridge window [mem 0xa4000000-0xbc1fffff]
[    0.505492] pci 0000:00:1c.0:   bridge window [mem 0x6000000000-0x603fffffff 64bit pref]
[    0.505498] pci 0000:00:1c.5: PCI bridge to [bus 52]
[    0.505503] pci 0000:00:1c.5:   bridge window [mem 0xbe200000-0xbe2fffff]
[    0.505510] pci 0000:00:1c.7: PCI bridge to [bus 54]
[    0.505514] pci 0000:00:1c.7:   bridge window [mem 0xbe100000-0xbe1fffff]
[    0.505522] pci_bus 0000:00: No. 6 try to assign unassigned res
[    0.505524] release child resource [io  0x2000-0x207f]
[    0.505525] pci 0000:00:01.0: resource 13 [io  0x2000-0x2fff] released
[    0.505528] pci 0000:00:01.0: PCI bridge to [bus 01]
[    0.505538] pci 0000:00:01.0: bridge window [io  0x2000-0x2fff]: assigned
[    0.505541] pci 0000:00:1c.0: bridge window [io  size 0x51000]: can't assign; no space
[    0.505544] pci 0000:00:1c.0: bridge window [io  size 0x51000]: failed to assign
[    0.505547] pci 0000:01:00.0: BAR 5 [io  0x2000-0x207f]: assigned
[    0.505553] pci 0000:00:01.0: PCI bridge to [bus 01]
[    0.505556] pci 0000:00:01.0:   bridge window [io  0x2000-0x2fff]
[    0.505560] pci 0000:00:01.0:   bridge window [mem 0xbd000000-0xbe0fffff]
[    0.505564] pci 0000:00:01.0:   bridge window [mem 0x90000000-0xa1ffffff 64bit pref]
[    0.505569] pci 0000:00:1b.0: PCI bridge to [bus 02]
[    0.505579] pci 0000:00:1b.0:   bridge window [mem 0xbe300000-0xbe3fffff]
[    0.505587] pci 0000:04:00.0: bridge window [io  size 0x41000]: can't assign; no space
[    0.505590] pci 0000:04:00.0: bridge window [io  size 0x41000]: failed to assign
[    0.505593] pci 0000:05:01.0: bridge window [io  size 0x31000]: can't assign; no space
[    0.505596] pci 0000:05:01.0: bridge window [io  size 0x31000]: failed to assign
[    0.505600] pci 0000:05:04.0: bridge window [io  size 0x10000]: can't assign; no space
[    0.505603] pci 0000:05:04.0: bridge window [io  size 0x10000]: failed to assign
[    0.505606] pci 0000:05:00.0: PCI bridge to [bus 06]
[    0.505634] pci 0000:05:00.0:   bridge window [mem 0xbc100000-0xbc1fffff]
[    0.505644] pci 0000:07:00.0: bridge window [io  size 0x21000]: can't assign; no space
[    0.505647] pci 0000:07:00.0: bridge window [io  size 0x21000]: failed to assign
[    0.505651] pci 0000:08:01.0: bridge window [io  size 0x1000]: can't assign; no space
[    0.505654] pci 0000:08:01.0: bridge window [io  size 0x1000]: failed to assign
[    0.505657] pci 0000:08:04.0: bridge window [io  size 0x20000]: can't assign; no space
[    0.505660] pci 0000:08:04.0: bridge window [io  size 0x20000]: failed to assign
[    0.505663] pci 0000:09:00.0: BAR 5 [io  size 0x0080]: can't assign; no space
[    0.505666] pci 0000:09:00.0: BAR 5 [io  size 0x0080]: failed to assign
[    0.505669] pci 0000:08:01.0: PCI bridge to [bus 09]
[    0.505701] pci 0000:08:01.0:   bridge window [mem 0xa4000000-0xa57fffff]
[    0.505709] pci 0000:08:01.0:   bridge window [mem 0x6000000000-0x6017ffffff 64bit pref]
[    0.505721] pci 0000:08:04.0: PCI bridge to [bus 0a-2b]
[    0.505731] pci 0000:08:04.0:   bridge window [mem 0xa5800000-0xafffffff]
[    0.505739] pci 0000:08:04.0:   bridge window [mem 0x6018000000-0x601fffffff 64bit pref]
[    0.505751] pci 0000:07:00.0: PCI bridge to [bus 08-2b]
[    0.505761] pci 0000:07:00.0:   bridge window [mem 0xa4000000-0xafffffff]
[    0.505768] pci 0000:07:00.0:   bridge window [mem 0x6000000000-0x601fffffff 64bit pref]
[    0.505781] pci 0000:05:01.0: PCI bridge to [bus 07-2b]
[    0.505786] pci 0000:05:01.0:   bridge window [mem 0xa4000000-0xafffffff]
[    0.505792] pci 0000:05:01.0:   bridge window [mem 0x6000000000-0x601fffffff 64bit pref]
[    0.505800] pci 0000:05:02.0: PCI bridge to [bus 2c]
[    0.505805] pci 0000:05:02.0:   bridge window [mem 0xb0000000-0xb00fffff]
[    0.505815] pci 0000:05:04.0: PCI bridge to [bus 2d-51]
[    0.505821] pci 0000:05:04.0:   bridge window [mem 0xb0100000-0xbc0fffff]
[    0.505826] pci 0000:05:04.0:   bridge window [mem 0x6020000000-0x603fffffff 64bit pref]
[    0.505834] pci 0000:04:00.0: PCI bridge to [bus 05-51]
[    0.505839] pci 0000:04:00.0:   bridge window [mem 0xa4000000-0xbc1fffff]
[    0.505844] pci 0000:04:00.0:   bridge window [mem 0x6000000000-0x603fffffff 64bit pref]
[    0.505852] pci 0000:00:1c.0: PCI bridge to [bus 04-51]
[    0.505857] pci 0000:00:1c.0:   bridge window [mem 0xa4000000-0xbc1fffff]
[    0.505861] pci 0000:00:1c.0:   bridge window [mem 0x6000000000-0x603fffffff 64bit pref]
[    0.505867] pci 0000:00:1c.5: PCI bridge to [bus 52]
[    0.505871] pci 0000:00:1c.5:   bridge window [mem 0xbe200000-0xbe2fffff]
[    0.505879] pci 0000:00:1c.7: PCI bridge to [bus 54]
[    0.505883] pci 0000:00:1c.7:   bridge window [mem 0xbe100000-0xbe1fffff]
[    0.505891] pci_bus 0000:00: resource 4 [io  0x0000-0x0cf7 window]
[    0.505894] pci_bus 0000:00: resource 5 [io  0x0d00-0xffff window]
[    0.505897] pci_bus 0000:00: resource 6 [mem 0x000a0000-0x000bffff window]
[    0.505900] pci_bus 0000:00: resource 7 [mem 0x8f800000-0xefffffff window]
[    0.505902] pci_bus 0000:00: resource 8 [mem 0x4000000000-0x7fffffffff window]
[    0.505906] pci_bus 0000:00: resource 9 [mem 0xfc800000-0xfe7fffff window]
[    0.505908] pci_bus 0000:01: resource 0 [io  0x2000-0x2fff]
[    0.505911] pci_bus 0000:01: resource 1 [mem 0xbd000000-0xbe0fffff]
[    0.505914] pci_bus 0000:01: resource 2 [mem 0x90000000-0xa1ffffff 64bit pref]
[    0.505917] pci_bus 0000:02: resource 1 [mem 0xbe300000-0xbe3fffff]
[    0.505920] pci_bus 0000:04: resource 1 [mem 0xa4000000-0xbc1fffff]
[    0.505922] pci_bus 0000:04: resource 2 [mem 0x6000000000-0x603fffffff 64bit pref]
[    0.505926] pci_bus 0000:05: resource 1 [mem 0xa4000000-0xbc1fffff]
[    0.505928] pci_bus 0000:05: resource 2 [mem 0x6000000000-0x603fffffff 64bit pref]
[    0.505932] pci_bus 0000:06: resource 1 [mem 0xbc100000-0xbc1fffff]
[    0.505934] pci_bus 0000:07: resource 1 [mem 0xa4000000-0xafffffff]
[    0.505937] pci_bus 0000:07: resource 2 [mem 0x6000000000-0x601fffffff 64bit pref]
[    0.505940] pci_bus 0000:08: resource 1 [mem 0xa4000000-0xafffffff]
[    0.505943] pci_bus 0000:08: resource 2 [mem 0x6000000000-0x601fffffff 64bit pref]
[    0.505946] pci_bus 0000:09: resource 1 [mem 0xa4000000-0xa57fffff]
[    0.505949] pci_bus 0000:09: resource 2 [mem 0x6000000000-0x6017ffffff 64bit pref]
[    0.505952] pci_bus 0000:0a: resource 1 [mem 0xa5800000-0xafffffff]
[    0.505954] pci_bus 0000:0a: resource 2 [mem 0x6018000000-0x601fffffff 64bit pref]
[    0.505958] pci_bus 0000:2c: resource 1 [mem 0xb0000000-0xb00fffff]
[    0.505960] pci_bus 0000:2d: resource 1 [mem 0xb0100000-0xbc0fffff]
[    0.505963] pci_bus 0000:2d: resource 2 [mem 0x6020000000-0x603fffffff 64bit pref]
[    0.505966] pci_bus 0000:52: resource 1 [mem 0xbe200000-0xbe2fffff]
[    0.505969] pci_bus 0000:54: resource 1 [mem 0xbe100000-0xbe1fffff]
[    0.506374] pci 0000:01:00.1: extending delay after power-on from D3hot to 20 msec
[    0.506404] pci 0000:01:00.1: D0 power state depends on 0000:01:00.0
[    0.506435] pci 0000:01:00.2: D0 power state depends on 0000:01:00.0
[    0.506524] pci 0000:01:00.2: enabling device (0000 -> 0002)
[    0.506655] pci 0000:01:00.3: D0 power state depends on 0000:01:00.0
[    0.506894] pci 0000:09:00.1: extending delay after power-on from D3hot to 20 msec
[    0.506927] pci 0000:09:00.1: D0 power state depends on 0000:09:00.0
[    0.507500] PCI: CLS 128 bytes, default 64
[    0.507797] DMAR: No ATSR found
[    0.507799] DMAR: No SATC found
[    0.507801] DMAR: IOMMU feature fl1gp_support inconsistent
[    0.507802] DMAR: IOMMU feature pgsel_inv inconsistent
[    0.507805] DMAR: IOMMU feature nwfs inconsistent
[    0.507807] DMAR: IOMMU feature pasid inconsistent
[    0.507809] DMAR: IOMMU feature eafs inconsistent
[    0.507811] DMAR: IOMMU feature prs inconsistent
[    0.507813] DMAR: IOMMU feature nest inconsistent
[    0.507814] DMAR: IOMMU feature mts inconsistent
[    0.507816] DMAR: IOMMU feature sc_support inconsistent
[    0.507818] DMAR: IOMMU feature dev_iotlb_support inconsistent
[    0.507820] DMAR: dmar0: Using Queued invalidation
[    0.507825] DMAR: dmar1: Using Queued invalidation
[    0.508101] pci 0000:00:02.0: Adding to iommu group 0
[    0.508593] pci 0000:00:00.0: Adding to iommu group 1
[    0.508617] pci 0000:00:01.0: Adding to iommu group 2
[    0.508631] pci 0000:00:04.0: Adding to iommu group 3
[    0.508644] pci 0000:00:08.0: Adding to iommu group 4
[    0.508664] pci 0000:00:12.0: Adding to iommu group 5
[    0.508692] pci 0000:00:14.0: Adding to iommu group 6
[    0.508705] pci 0000:00:14.2: Adding to iommu group 6
[    0.508733] pci 0000:00:15.0: Adding to iommu group 7
[    0.508747] pci 0000:00:15.1: Adding to iommu group 7
[    0.508774] pci 0000:00:16.0: Adding to iommu group 8
[    0.508788] pci 0000:00:16.3: Adding to iommu group 8
[    0.508808] pci 0000:00:1b.0: Adding to iommu group 9
[    0.508826] pci 0000:00:1c.0: Adding to iommu group 10
[    0.508848] pci 0000:00:1c.5: Adding to iommu group 11
[    0.508867] pci 0000:00:1c.7: Adding to iommu group 12
[    0.508887] pci 0000:00:1e.0: Adding to iommu group 13
[    0.508936] pci 0000:00:1f.0: Adding to iommu group 14
[    0.508951] pci 0000:00:1f.3: Adding to iommu group 14
[    0.508966] pci 0000:00:1f.4: Adding to iommu group 14
[    0.508982] pci 0000:00:1f.5: Adding to iommu group 14
[    0.508997] pci 0000:00:1f.6: Adding to iommu group 14
[    0.509002] pci 0000:01:00.0: Adding to iommu group 2
[    0.509007] pci 0000:01:00.1: Adding to iommu group 2
[    0.509012] pci 0000:01:00.2: Adding to iommu group 2
[    0.509018] pci 0000:01:00.3: Adding to iommu group 2
[    0.509038] pci 0000:02:00.0: Adding to iommu group 15
[    0.509055] pci 0000:04:00.0: Adding to iommu group 16
[    0.509073] pci 0000:05:00.0: Adding to iommu group 17
[    0.509088] pci 0000:05:01.0: Adding to iommu group 18
[    0.509105] pci 0000:05:02.0: Adding to iommu group 19
[    0.509123] pci 0000:05:04.0: Adding to iommu group 20
[    0.509159] pci 0000:06:00.0: Adding to iommu group 21
[    0.509199] pci 0000:07:00.0: Adding to iommu group 22
[    0.509235] pci 0000:08:01.0: Adding to iommu group 23
[    0.509262] pci 0000:08:04.0: Adding to iommu group 24
[    0.509268] pci 0000:09:00.0: Adding to iommu group 23
[    0.509272] pci 0000:09:00.1: Adding to iommu group 23
[    0.509312] pci 0000:2c:00.0: Adding to iommu group 25
[    0.509329] pci 0000:52:00.0: Adding to iommu group 26
[    0.509353] pci 0000:54:00.0: Adding to iommu group 27
[    0.510490] DMAR: Intel(R) Virtualization Technology for Directed I/O
[    0.510494] PCI-DMA: Using software bounce buffering for IO (SWIOTLB)
[    0.510496] software IO TLB: mapped [mem 0x0000000075b8e000-0x0000000079b8e000] (64MB)
[    0.510593] RAPL PMU: API unit is 2^-32 Joules, 4 fixed counters, 655360 ms ovfl timer
[    0.510598] RAPL PMU: hw unit of domain pp0-core 2^-14 Joules
[    0.510600] RAPL PMU: hw unit of domain package 2^-14 Joules
[    0.510603] RAPL PMU: hw unit of domain dram 2^-14 Joules
[    0.510605] RAPL PMU: hw unit of domain pp1-gpu 2^-14 Joules
[    0.510679] resource: resource sanity check: requesting [mem 0x00000000fed10000-0x00000000fed15fff], which spans more than pnp 00:08 [mem 0xfed10000-0xfed13fff]
[    0.510685] caller snb_uncore_imc_init_box+0x73/0xd0 mapping multiple BARs
[    0.512033] Initialise system trusted keyrings
[    0.512065] workingset: timestamp_bits=46 max_order=24 bucket_order=0
[    0.525115] NET: Registered PF_ALG protocol family
[    0.525120] Key type asymmetric registered
[    0.525123] Asymmetric key parser 'x509' registered
[    0.525125] Asymmetric key parser 'pkcs8' registered
[    0.525135] Block layer SCSI generic (bsg) driver version 0.4 loaded (major 252)
[    0.525166] io scheduler mq-deadline registered
[    0.525168] io scheduler kyber registered
[    0.525338] gpio_it87: no device
[    0.525523] pcieport 0000:00:01.0: PME: Signaling with IRQ 122
[    0.525728] pcieport 0000:00:1b.0: PME: Signaling with IRQ 123
[    0.525856] pcieport 0000:00:1c.0: PME: Signaling with IRQ 124
[    0.525888] pcieport 0000:00:1c.0: pciehp: Slot #0 AttnBtn- PwrCtrl- MRL- AttnInd- PwrInd- HotPlug+ Surprise+ Interlock- NoCompl+ IbPresDis- LLActRep+
[    0.526151] pcieport 0000:00:1c.5: PME: Signaling with IRQ 125
[    0.526360] pcieport 0000:00:1c.7: PME: Signaling with IRQ 126
[    0.526882] pcieport 0000:05:01.0: pciehp: Slot #1 AttnBtn- PwrCtrl- MRL- AttnInd- PwrInd- HotPlug+ Surprise+ Interlock- NoCompl+ IbPresDis- LLActRep+
[    0.527310] pcieport 0000:05:04.0: pciehp: Slot #4 AttnBtn- PwrCtrl- MRL- AttnInd- PwrInd- HotPlug+ Surprise+ Interlock- NoCompl+ IbPresDis- LLActRep+
[    0.527493] pcieport 0000:07:00.0: enabling device (0000 -> 0002)
[    0.527738] pcieport 0000:08:01.0: enabling device (0000 -> 0002)
[    0.528051] pcieport 0000:08:04.0: enabling device (0000 -> 0002)
[    0.528239] pcieport 0000:08:04.0: pciehp: Slot #4 AttnBtn- PwrCtrl- MRL- AttnInd- PwrInd- HotPlug+ Surprise+ Interlock- NoCompl+ IbPresDis- LLActRep+
[    0.529928] ACPI: AC: AC Adapter [AC] (on-line)
[    0.529989] input: Sleep Button as /devices/LNXSYSTM:00/LNXSYBUS:00/PNP0C0E:00/input/input0
[    0.530101] ACPI: button: Sleep Button [SLPB]
[    0.530145] input: Lid Switch as /devices/LNXSYSTM:00/LNXSYBUS:00/PNP0C0D:00/input/input1
[    0.530255] ACPI: button: Lid Switch [LID]
[    0.530296] input: Power Button as /devices/LNXSYSTM:00/LNXPWRBN:00/input/input2
[    0.530408] ACPI: button: Power Button [PWRF]
[    0.536095] thermal LNXTHERM:00: registered as thermal_zone0
[    0.536101] ACPI: thermal: Thermal Zone [THM0] (56 C)
[    0.536351] Non-volatile memory driver v1.3
[    0.536354] Linux agpgart interface v0.103
[    0.536360] ACPI: bus type drm_connector registered
[    0.536431] i915 0000:00:02.0: enabling device (0006 -> 0007)
[    0.537268] i915 0000:00:02.0: [drm] VT-d active for gfx access
[    0.537274] i915 0000:00:02.0: vgaarb: deactivate vga console
[    0.537316] i915 0000:00:02.0: [drm] Using Transparent Hugepages
[    0.538811] i915 0000:00:02.0: vgaarb: VGA decodes changed: olddecodes=io+mem,decodes=none:owns=mem
[    0.538857] Loading firmware: i915/kbl_dmc_ver1_04.bin
[    0.541307] i915 0000:00:02.0: [drm] Finished loading DMC firmware i915/kbl_dmc_ver1_04.bin (v1.4)
[    0.568523] ACPI: battery: Slot [BAT0] (battery present)
[    0.577944] Loading firmware: i915/kbl_guc_70.1.1.bin
[    0.578013] Loading firmware: i915/kbl_huc_4.0.0.bin
[    0.580471] i915 0000:00:02.0: [drm] GT0: GuC firmware i915/kbl_guc_70.1.1.bin version 70.1.1
[    0.580479] i915 0000:00:02.0: [drm] GT0: HuC firmware i915/kbl_huc_4.0.0.bin version 4.0.0
[    0.603449] i915 0000:00:02.0: [drm] GT0: HuC: authenticated for all workloads
[    0.603456] i915 0000:00:02.0: [drm] GT0: GUC: submission disabled
[    0.603459] i915 0000:00:02.0: [drm] GT0: GUC: SLPC disabled
[    0.606430] [drm] Initialized i915 1.6.0 20230929 for 0000:00:02.0 on minor 0
[    0.606894] ACPI: video: [Firmware Bug]: ACPI(PEGP) defines _DOD but not _DOS
[    0.606942] ACPI: video: Video Device [PEGP] (multi-head: yes  rom: no  post: no)
[    0.607037] input: Video Bus as /devices/LNXSYSTM:00/LNXSYBUS:00/PNP0A08:00/device:00/LNXVIDEO:00/input/input3
[    0.608468] ACPI: video: Video Device [GFX0] (multi-head: yes  rom: no  post: no)
[    0.608602] input: Video Bus as /devices/LNXSYSTM:00/LNXSYBUS:00/PNP0A08:00/LNXVIDEO:01/input/input4
[    0.608685] i915 display info: display version: 9
[    0.608687] i915 display info: cursor_needs_physical: no
[    0.608688] i915 display info: has_cdclk_crawl: no
[    0.608689] i915 display info: has_cdclk_squash: no
[    0.608690] i915 display info: has_ddi: yes
[    0.608691] i915 display info: has_dp_mst: yes
[    0.608692] i915 display info: has_dsb: no
[    0.608693] i915 display info: has_fpga_dbg: yes
[    0.608694] i915 display info: has_gmch: no
[    0.608695] i915 display info: has_hotplug: yes
[    0.608696] i915 display info: has_hti: no
[    0.608696] i915 display info: has_ipc: yes
[    0.608697] i915 display info: has_overlay: no
[    0.608698] i915 display info: has_psr: yes
[    0.608699] i915 display info: has_psr_hw_tracking: yes
[    0.608700] i915 display info: overlay_needs_physical: no
[    0.608701] i915 display info: supports_tv: no
[    0.608701] i915 display info: has_hdcp: yes
[    0.608702] i915 display info: has_dmc: yes
[    0.608703] i915 display info: has_dsc: no
[    0.609684] fbcon: i915drmfb (fb0) is primary device
[    0.610662] loop: module loaded
[    0.610705] mei_me 0000:00:16.0: enabling device (0000 -> 0002)
[    0.610734] rtsx_pci 0000:54:00.0: enabling device (0000 -> 0002)
[    0.621877] intel-lpss 0000:00:15.0: enabling device (0000 -> 0002)
[    0.622044] intel-lpss 0000:00:15.1: enabling device (0000 -> 0002)
[    0.622195] intel-lpss 0000:00:1e.0: enabling device (0000 -> 0002)
[    0.622745] wireguard: WireGuard 1.0.0 loaded. See www.wireguard.com for information.
[    0.622747] wireguard: Copyright (C) 2015-2019 Jason A. Donenfeld <Jason@zx2c4.com>. All Rights Reserved.
[    0.622775] nvme nvme0: pci function 0000:02:00.0
[    0.622897] tun: Universal TUN/TAP device driver, 1.6
[    0.622960] e1000e: Intel(R) PRO/1000 Network Driver
[    0.622961] e1000e: Copyright(c) 1999 - 2015 Intel Corporation.
[    0.623564] e1000e 0000:00:1f.6: Interrupt Throttling Rate (ints/sec) set to dynamic conservative mode
[    0.631162] nvme nvme0: missing or invalid SUBNQN field.
[    0.631387] nvme nvme0: Shutdown timeout set to 8 seconds
[    0.647351] nvme nvme0: 12/0/0 default/read/poll queues
[    0.651414]  nvme0n1: p1 p2 p3 p4
[    0.706730] pcieport 0000:08:04.0: pciehp: Slot(4-1): Card present
[    0.706734] pcieport 0000:08:04.0: pciehp: Slot(4-1): Link Up
[    0.765384] e1000e 0000:00:1f.6 eth0: (PCI Express:2.5GT/s:Width x1) f8:75:a4:2f:92:08
[    0.765389] e1000e 0000:00:1f.6 eth0: Intel(R) PRO/1000 Network Connection
[    0.765450] e1000e 0000:00:1f.6 eth0: MAC: 13, PHY: 12, PBA No: FFFFFF-0FF
[    0.765690] xhci_hcd 0000:00:14.0: xHCI Host Controller
[    0.765696] xhci_hcd 0000:00:14.0: new USB bus registered, assigned bus number 1
[    0.766866] xhci_hcd 0000:00:14.0: hcc params 0x200077c1 hci version 0x110 quirks 0x0000000000009810
[    0.767156] xhci_hcd 0000:00:14.0: xHCI Host Controller
[    0.767159] xhci_hcd 0000:00:14.0: new USB bus registered, assigned bus number 2
[    0.767161] xhci_hcd 0000:00:14.0: Host supports USB 3.1 Enhanced SuperSpeed
[    0.767270] usb usb1: New USB device found, idVendor=1d6b, idProduct=0002, bcdDevice= 6.08
[    0.767274] usb usb1: New USB device strings: Mfr=3, Product=2, SerialNumber=1
[    0.767276] usb usb1: Product: xHCI Host Controller
[    0.767278] usb usb1: Manufacturer: Linux 6.8.6-gentoo xhci-hcd
[    0.767279] usb usb1: SerialNumber: 0000:00:14.0
[    0.767507] hub 1-0:1.0: USB hub found
[    0.767567] hub 1-0:1.0: 16 ports detected
[    0.770397] usb usb2: New USB device found, idVendor=1d6b, idProduct=0003, bcdDevice= 6.08
[    0.770401] usb usb2: New USB device strings: Mfr=3, Product=2, SerialNumber=1
[    0.770402] usb usb2: Product: xHCI Host Controller
[    0.770404] usb usb2: Manufacturer: Linux 6.8.6-gentoo xhci-hcd
[    0.770405] usb usb2: SerialNumber: 0000:00:14.0
[    0.770533] hub 2-0:1.0: USB hub found
[    0.770554] hub 2-0:1.0: 10 ports detected
[    0.771924] xhci_hcd 0000:01:00.2: xHCI Host Controller
[    0.771930] xhci_hcd 0000:01:00.2: new USB bus registered, assigned bus number 3
[    0.772535] xhci_hcd 0000:01:00.2: hcc params 0x0180ff05 hci version 0x110 quirks 0x0000000000000010
[    0.772686] xhci_hcd 0000:01:00.2: xHCI Host Controller
[    0.772689] xhci_hcd 0000:01:00.2: new USB bus registered, assigned bus number 4
[    0.772691] xhci_hcd 0000:01:00.2: Host supports USB 3.1 Enhanced SuperSpeed
[    0.772759] usb usb3: New USB device found, idVendor=1d6b, idProduct=0002, bcdDevice= 6.08
[    0.772762] usb usb3: New USB device strings: Mfr=3, Product=2, SerialNumber=1
[    0.772763] usb usb3: Product: xHCI Host Controller
[    0.772764] usb usb3: Manufacturer: Linux 6.8.6-gentoo xhci-hcd
[    0.772765] usb usb3: SerialNumber: 0000:01:00.2
[    0.772887] hub 3-0:1.0: USB hub found
[    0.772897] hub 3-0:1.0: 2 ports detected
[    0.773225] usb usb4: We don't know the algorithms for LPM for this host, disabling LPM.
[    0.773254] usb usb4: New USB device found, idVendor=1d6b, idProduct=0003, bcdDevice= 6.08
[    0.773257] usb usb4: New USB device strings: Mfr=3, Product=2, SerialNumber=1
[    0.773258] usb usb4: Product: xHCI Host Controller
[    0.773259] usb usb4: Manufacturer: Linux 6.8.6-gentoo xhci-hcd
[    0.773260] usb usb4: SerialNumber: 0000:01:00.2
[    0.773379] hub 4-0:1.0: USB hub found
[    0.773391] hub 4-0:1.0: 4 ports detected
[    0.773972] xhci_hcd 0000:2c:00.0: xHCI Host Controller
[    0.773976] xhci_hcd 0000:2c:00.0: new USB bus registered, assigned bus number 5
[    0.775207] xhci_hcd 0000:2c:00.0: hcc params 0x200077c1 hci version 0x110 quirks 0x0000000200009810
[    0.775554] xhci_hcd 0000:2c:00.0: xHCI Host Controller
[    0.775556] xhci_hcd 0000:2c:00.0: new USB bus registered, assigned bus number 6
[    0.775558] xhci_hcd 0000:2c:00.0: Host supports USB 3.1 Enhanced SuperSpeed
[    0.775653] usb usb5: New USB device found, idVendor=1d6b, idProduct=0002, bcdDevice= 6.08
[    0.775657] usb usb5: New USB device strings: Mfr=3, Product=2, SerialNumber=1
[    0.775659] usb usb5: Product: xHCI Host Controller
[    0.775660] usb usb5: Manufacturer: Linux 6.8.6-gentoo xhci-hcd
[    0.775661] usb usb5: SerialNumber: 0000:2c:00.0
[    0.775829] hub 5-0:1.0: USB hub found
[    0.775901] hub 5-0:1.0: 2 ports detected
[    0.777271] usb usb6: New USB device found, idVendor=1d6b, idProduct=0003, bcdDevice= 6.08
[    0.777273] usb usb6: New USB device strings: Mfr=3, Product=2, SerialNumber=1
[    0.777275] usb usb6: Product: xHCI Host Controller
[    0.777276] usb usb6: Manufacturer: Linux 6.8.6-gentoo xhci-hcd
[    0.777277] usb usb6: SerialNumber: 0000:2c:00.0
[    0.777402] hub 6-0:1.0: USB hub found
[    0.777440] hub 6-0:1.0: 2 ports detected
[    0.779056] i8042: PNP: PS/2 Controller [PNP0303:KBD,PNP0f13:MOU] at 0x60,0x64 irq 1,12
[    0.780587] serio: i8042 KBD port at 0x60,0x64 irq 1
[    0.780591] serio: i8042 AUX port at 0x60,0x64 irq 12
[    0.780702] mousedev: PS/2 mouse device common for all mice
[    0.781159] rtc_cmos 00:04: RTC can wake from S4
[    0.782327] input: AT Translated Set 2 keyboard as /devices/platform/i8042/serio0/input/input5
[    0.782431] rtc_cmos 00:04: registered as rtc0
[    0.782457] rtc_cmos 00:04: alarms up to one month, y3k, 242 bytes nvram
[    0.782466] i2c_dev: i2c /dev entries driver
[    0.783981] Consider using thermal netlink events interface
[    0.787352] proc_thermal 0000:00:04.0: enabling device (0000 -> 0002)
[    0.790246] intel_rapl_common: Found RAPL domain package
[    0.790248] intel_rapl_common: Found RAPL domain dram
[    0.790641] intel_pch_thermal 0000:00:12.0: enabling device (0000 -> 0002)
[    0.790811] intel_tcc_cooling: Programmable TCC Offset detected
[    0.791318] intel_pstate: Intel P-state driver initializing
[    0.792142] intel_pstate: Disabling energy efficiency optimization
[    0.792142] intel_pstate: HWP enabled
[    0.792293] hid: raw HID events driver (C) Jiri Kosina
[    0.792326] usbcore: registered new interface driver usbhid
[    0.792327] usbhid: USB HID core driver
[    0.792366] thinkpad_acpi: ThinkPad ACPI Extras v0.26
[    0.792367] thinkpad_acpi: http://ibm-acpi.sf.net/
[    0.792367] thinkpad_acpi: ThinkPad BIOS N2NET59W (1.44 ), EC N2NHT29W
[    0.792367] thinkpad_acpi: Lenovo ThinkPad P53, model 20QQS1H508
[    0.792491] thinkpad_acpi: radio switch found; radios are enabled
[    0.792494] thinkpad_acpi: This ThinkPad has standard ACPI backlight brightness control, supported by the ACPI video driver
[    0.792494] thinkpad_acpi: Disabling thinkpad-acpi brightness events by default...
[    0.793128] thinkpad_acpi: rfkill switch tpacpi_bluetooth_sw: radio is unblocked
[    0.798764] thinkpad_acpi: volume: disabled as there is no ALSA support in this kernel
[    0.801338] thinkpad_acpi: secondary fan control detected & enabled
[    0.804772] thinkpad_acpi: battery 1 registered (start 0, stop 100, behaviours: 0x7)
[    0.804777] ACPI: battery: new extension: ThinkPad Battery Extension
[    0.809525] input: ThinkPad Extra Buttons as /devices/platform/thinkpad_acpi/input/input8
[    0.837551] pci 0000:0a:00.0: [8086:15d3] type 01 class 0x060400 PCIe Switch Upstream Port
[    0.837630] pci 0000:0a:00.0: PCI bridge to [bus 00]
[    0.837649] pci 0000:0a:00.0:   bridge window [io  0x0000-0x0fff]
[    0.837657] pci 0000:0a:00.0:   bridge window [mem 0x00000000-0x000fffff]
[    0.837689] pci 0000:0a:00.0:   bridge window [mem 0x00000000-0x000fffff 64bit pref]
[    0.837727] pci 0000:0a:00.0: enabling Extended Tags
[    0.838929] pci 0000:0a:00.0: supports D1 D2
[    0.838931] pci 0000:0a:00.0: PME# supported from D0 D1 D2 D3hot D3cold
[    0.839138] pci 0000:0a:00.0: 8.000 Gb/s available PCIe bandwidth, limited by 2.5 GT/s PCIe x4 link at 0000:05:01.0 (capable of 31.504 Gb/s with 8.0 GT/s PCIe x4 link)
[    0.839352] pci 0000:0a:00.0: Adding to iommu group 24
[    0.839446] pci 0000:0a:00.0: bridge configuration invalid ([bus 00-00]), reconfiguring
[    0.839655] pci 0000:0b:00.0: [8086:15d3] type 01 class 0x060400 PCIe Switch Downstream Port
[    0.839734] pci 0000:0b:00.0: PCI bridge to [bus 00]
[    0.839753] pci 0000:0b:00.0:   bridge window [io  0x0000-0x0fff]
[    0.839760] pci 0000:0b:00.0:   bridge window [mem 0x00000000-0x000fffff]
[    0.839793] pci 0000:0b:00.0:   bridge window [mem 0x00000000-0x000fffff 64bit pref]
[    0.839836] pci 0000:0b:00.0: enabling Extended Tags
[    0.840736] pci 0000:0b:00.0: supports D1 D2
