[    0.000000] Linux version 6.8.6-gentoo (root@p53) (gcc (Gentoo 13.2.1_p20240210 p14) 13.2.1 20240210, GNU ld (Gentoo 2.42 p3) 2.42.0) #17 SMP PREEMPT_DYNAMIC Thu Apr 18 05:40:00 -00 2024
[    0.000000] Command line: BOOT_IMAGE=/kernel-6.8.6-gt.efi root=PARTUUID=a8f4911b-b44b-466a-9c9c-d30789efbe40 ro
[    0.000000] BIOS-provided physical RAM map:
[    0.000000] BIOS-e820: [mem 0x0000000000000000-0x000000000009efff] usable
[    0.000000] BIOS-e820: [mem 0x000000000009f000-0x00000000000fffff] reserved
[    0.000000] BIOS-e820: [mem 0x0000000000100000-0x000000006f23bfff] usable
[    0.000000] BIOS-e820: [mem 0x000000006f23c000-0x000000006f23cfff] reserved
[    0.000000] BIOS-e820: [mem 0x000000006f23d000-0x000000007a792fff] usable
[    0.000000] BIOS-e820: [mem 0x000000007a793000-0x000000007fa6cfff] reserved
[    0.000000] BIOS-e820: [mem 0x000000007fa6d000-0x000000007fca9fff] ACPI NVS
[    0.000000] BIOS-e820: [mem 0x000000007fcaa000-0x000000007fd0efff] ACPI data
[    0.000000] BIOS-e820: [mem 0x000000007fd0f000-0x000000007fd0ffff] usable
[    0.000000] BIOS-e820: [mem 0x000000007fd10000-0x0000000087ffffff] reserved
[    0.000000] BIOS-e820: [mem 0x0000000088000000-0x00000000887fffff] usable
[    0.000000] BIOS-e820: [mem 0x0000000088800000-0x000000008f7fffff] reserved
[    0.000000] BIOS-e820: [mem 0x00000000fe010000-0x00000000fe010fff] reserved
[    0.000000] BIOS-e820: [mem 0x0000000100000000-0x000000106c7fffff] usable
[    0.000000] NX (Execute Disable) protection: active
[    0.000000] APIC: Static calls initialized
[    0.000000] efi: EFI v2.6 by Lenovo
[    0.000000] efi: SMBIOS=0x7cebe000 SMBIOS 3.0=0x7ceb1000 ACPI=0x7fd0e000 ACPI 2.0=0x7fd0e014 MEMATTR=0x74fce018 ESRT=0x7cc96000 RNG=0x7fd0d018 
[    0.000000] random: crng init done
[    0.000000] efi: Not removing mem60: MMIO range=[0xfe010000-0xfe010fff] (4KB) from e820 map
[    0.000000] SMBIOS 3.1.1 present.
[    0.000000] DMI: LENOVO 20QQS1H508/20QQS1H508, BIOS N2NET59W (1.44 ) 02/21/2024
[    0.000000] tsc: Detected 2600.000 MHz processor
[    0.000000] tsc: Detected 2599.992 MHz TSC
[    0.000003] e820: update [mem 0x00000000-0x00000fff] usable ==> reserved
[    0.000006] e820: remove [mem 0x000a0000-0x000fffff] usable
[    0.000011] last_pfn = 0x106c800 max_arch_pfn = 0x400000000
[    0.000015] MTRR map: 5 entries (3 fixed + 2 variable; max 23), built from 10 variable MTRRs
[    0.000017] x86/PAT: Configuration [0-7]: WB  WC  UC- UC  WB  WP  UC- WT  
[    0.000367] last_pfn = 0x88800 max_arch_pfn = 0x400000000
[    0.008083] esrt: Reserving ESRT space from 0x000000007cc96000 to 0x000000007cc960b0.
[    0.008091] Using GB pages for direct mapping
[    0.008502] Secure boot disabled
[    0.008504] ACPI: Early table checksum verification disabled
[    0.008506] ACPI: RSDP 0x000000007FD0E014 000024 (v02 LENOVO)
[    0.008509] ACPI: XSDT 0x000000007FD0C188 00011C (v01 LENOVO TP-N2N   00001440 PTEC 00000002)
[    0.008515] ACPI: FACP 0x000000007CCC9000 000114 (v06 LENOVO TP-N2N   00001440 PTEC 00000002)
[    0.008520] ACPI: DSDT 0x000000007CC9D000 027A69 (v02 LENOVO CFL      20170001 INTL 20160422)
[    0.008523] ACPI: FACS 0x000000007FAEB000 000040
[    0.008525] ACPI: SSDT 0x000000007CD20000 001B26 (v02 LENOVO CpuSsdt  00003000 INTL 20160527)
[    0.008528] ACPI: SSDT 0x000000007CD1F000 00056D (v02 LENOVO CtdpB    00001000 INTL 20160527)
[    0.008530] ACPI: SSDT 0x000000007CCE5000 004020 (v02 LENOVO DptfTabl 00001000 INTL 20160527)
[    0.008533] ACPI: SSDT 0x000000007CCCF000 003189 (v02 LENOVO SaSsdt   00003000 INTL 20160527)
[    0.008536] ACPI: SSDT 0x000000007CCCC000 002A59 (v02 LENOVO PegSsdt  00001000 INTL 20160527)
[    0.008538] ACPI: UEFI 0x000000007FB0C000 000042 (v01 LENOVO TP-N2N   00001440 PTEC 00000002)
[    0.008541] ACPI: SSDT 0x000000007CCCA000 000530 (v02 LENOVO PerfTune 00001000 INTL 20160527)
[    0.008543] ACPI: HPET 0x000000007CCC8000 000038 (v01 LENOVO TP-N2N   00001440 PTEC 00000002)
[    0.008546] ACPI: APIC 0x000000007CCC7000 00012C (v03 LENOVO TP-N2N   00001440 PTEC 00000002)
[    0.008548] ACPI: MCFG 0x000000007CCC6000 00003C (v01 LENOVO TP-N2N   00001440 PTEC 00000002)
[    0.008551] ACPI: ECDT 0x000000007CCC5000 000053 (v01 LENOVO TP-N2N   00001440 PTEC 00000002)
[    0.008554] ACPI: SSDT 0x000000007CC9B000 001A5F (v02 LENOVO CflH_Tbt 00001000 INTL 20160527)
[    0.008556] ACPI: SSDT 0x000000007CC98000 002990 (v02 LENOVO ProjSsdt 00000010 INTL 20160527)
[    0.008559] ACPI: BOOT 0x000000007CC97000 000028 (v01 LENOVO TP-N2N   00001440 PTEC 00000002)
[    0.008561] ACPI: SLIC 0x000000007CC95000 000176 (v01 LENOVO TP-N2N   00001440 PTEC 00000002)
[    0.008564] ACPI: SSDT 0x000000007CC94000 000E8A (v02 LENOVO UsbCTabl 00001000 INTL 20160527)
[    0.008566] ACPI: LPIT 0x000000007CC93000 000094 (v01 LENOVO TP-N2N   00001440 PTEC 00000002)
[    0.008569] ACPI: WSMT 0x000000007CC92000 000028 (v01 LENOVO TP-N2N   00001440 PTEC 00000002)
[    0.008572] ACPI: SSDT 0x000000007CC90000 001667 (v02 LENOVO TbtTypeC 00000000 INTL 20160527)
[    0.008574] ACPI: DBGP 0x000000007CC8F000 000034 (v01 LENOVO TP-N2N   00001440 PTEC 00000002)
[    0.008577] ACPI: DBG2 0x000000007CC8E000 000054 (v00 LENOVO TP-N2N   00001440 PTEC 00000002)
[    0.008579] ACPI: MSDM 0x000000007CC8D000 000055 (v03 LENOVO TP-N2N   00001440 PTEC 00000002)
[    0.008582] ACPI: BATB 0x000000007CAAF000 00004A (v02 LENOVO TP-N2N   00001440 PTEC 00000002)
[    0.008584] ACPI: SSDT 0x000000007ACA7000 001DB5 (v01 LENOVO NvOptTbl 00001000 INTL 20160527)
[    0.008587] ACPI: NHLT 0x000000007ACA6000 00002D (v00 LENOVO TP-N2N   00001440 PTEC 00000002)
[    0.008589] ACPI: SSDT 0x000000007ACA5000 0000AE (v02 LENOVO SgPeg    00001000 INTL 20160527)
[    0.008592] ACPI: DMAR 0x000000007ACA9000 0000C8 (v01 LENOVO TP-N2N   00001440 PTEC 00000002)
[    0.008595] ACPI: ASF! 0x000000007ACA4000 0000A0 (v32 LENOVO TP-N2N   00001440 PTEC 00000002)
[    0.008597] ACPI: FPDT 0x000000007ACA3000 000034 (v01 LENOVO TP-N2N   00001440 PTEC 00000002)
[    0.008600] ACPI: UEFI 0x000000007FAB7000 00012A (v01 LENOVO TP-N2N   00001440 PTEC 00000002)
[    0.008602] ACPI: Reserving FACP table memory at [mem 0x7ccc9000-0x7ccc9113]
[    0.008604] ACPI: Reserving DSDT table memory at [mem 0x7cc9d000-0x7ccc4a68]
[    0.008605] ACPI: Reserving FACS table memory at [mem 0x7faeb000-0x7faeb03f]
[    0.008606] ACPI: Reserving SSDT table memory at [mem 0x7cd20000-0x7cd21b25]
[    0.008607] ACPI: Reserving SSDT table memory at [mem 0x7cd1f000-0x7cd1f56c]
[    0.008607] ACPI: Reserving SSDT table memory at [mem 0x7cce5000-0x7cce901f]
[    0.008608] ACPI: Reserving SSDT table memory at [mem 0x7cccf000-0x7ccd2188]
[    0.008609] ACPI: Reserving SSDT table memory at [mem 0x7cccc000-0x7cccea58]
[    0.008610] ACPI: Reserving UEFI table memory at [mem 0x7fb0c000-0x7fb0c041]
[    0.008611] ACPI: Reserving SSDT table memory at [mem 0x7ccca000-0x7ccca52f]
[    0.008612] ACPI: Reserving HPET table memory at [mem 0x7ccc8000-0x7ccc8037]
[    0.008613] ACPI: Reserving APIC table memory at [mem 0x7ccc7000-0x7ccc712b]
[    0.008614] ACPI: Reserving MCFG table memory at [mem 0x7ccc6000-0x7ccc603b]
[    0.008615] ACPI: Reserving ECDT table memory at [mem 0x7ccc5000-0x7ccc5052]
[    0.008616] ACPI: Reserving SSDT table memory at [mem 0x7cc9b000-0x7cc9ca5e]
[    0.008616] ACPI: Reserving SSDT table memory at [mem 0x7cc98000-0x7cc9a98f]
[    0.008617] ACPI: Reserving BOOT table memory at [mem 0x7cc97000-0x7cc97027]
[    0.008618] ACPI: Reserving SLIC table memory at [mem 0x7cc95000-0x7cc95175]
[    0.008619] ACPI: Reserving SSDT table memory at [mem 0x7cc94000-0x7cc94e89]
[    0.008620] ACPI: Reserving LPIT table memory at [mem 0x7cc93000-0x7cc93093]
[    0.008621] ACPI: Reserving WSMT table memory at [mem 0x7cc92000-0x7cc92027]
[    0.008622] ACPI: Reserving SSDT table memory at [mem 0x7cc90000-0x7cc91666]
[    0.008623] ACPI: Reserving DBGP table memory at [mem 0x7cc8f000-0x7cc8f033]
[    0.008624] ACPI: Reserving DBG2 table memory at [mem 0x7cc8e000-0x7cc8e053]
[    0.008624] ACPI: Reserving MSDM table memory at [mem 0x7cc8d000-0x7cc8d054]
[    0.008625] ACPI: Reserving BATB table memory at [mem 0x7caaf000-0x7caaf049]
[    0.008626] ACPI: Reserving SSDT table memory at [mem 0x7aca7000-0x7aca8db4]
[    0.008627] ACPI: Reserving NHLT table memory at [mem 0x7aca6000-0x7aca602c]
[    0.008628] ACPI: Reserving SSDT table memory at [mem 0x7aca5000-0x7aca50ad]
[    0.008629] ACPI: Reserving DMAR table memory at [mem 0x7aca9000-0x7aca90c7]
[    0.008630] ACPI: Reserving ASF! table memory at [mem 0x7aca4000-0x7aca409f]
[    0.008631] ACPI: Reserving FPDT table memory at [mem 0x7aca3000-0x7aca3033]
[    0.008632] ACPI: Reserving UEFI table memory at [mem 0x7fab7000-0x7fab7129]
[    0.008654] No NUMA configuration found
[    0.008655] Faking a node at [mem 0x0000000000000000-0x000000106c7fffff]
[    0.008658] NODE_DATA(0) allocated [mem 0x106c7fb000-0x106c7fffff]
[    0.008715] Zone ranges:
[    0.008716]   DMA      [mem 0x0000000000001000-0x0000000000ffffff]
[    0.008718]   DMA32    [mem 0x0000000001000000-0x00000000ffffffff]
[    0.008719]   Normal   [mem 0x0000000100000000-0x000000106c7fffff]
[    0.008721] Movable zone start for each node
[    0.008722] Early memory node ranges
[    0.008722]   node   0: [mem 0x0000000000001000-0x000000000009efff]
[    0.008724]   node   0: [mem 0x0000000000100000-0x000000006f23bfff]
[    0.008725]   node   0: [mem 0x000000006f23d000-0x000000007a792fff]
[    0.008726]   node   0: [mem 0x000000007fd0f000-0x000000007fd0ffff]
[    0.008727]   node   0: [mem 0x0000000088000000-0x00000000887fffff]
[    0.008728]   node   0: [mem 0x0000000100000000-0x000000106c7fffff]
[    0.008733] Initmem setup node 0 [mem 0x0000000000001000-0x000000106c7fffff]
[    0.008737] On node 0, zone DMA: 1 pages in unavailable ranges
[    0.008759] On node 0, zone DMA: 97 pages in unavailable ranges
[    0.011436] On node 0, zone DMA32: 1 pages in unavailable ranges
[    0.011750] On node 0, zone DMA32: 21884 pages in unavailable ranges
[    0.011774] On node 0, zone DMA32: 752 pages in unavailable ranges
[    0.099186] On node 0, zone Normal: 30720 pages in unavailable ranges
[    0.099395] On node 0, zone Normal: 14336 pages in unavailable ranges
[    0.099445] Reserving Intel graphics memory at [mem 0x8b800000-0x8f7fffff]
[    0.100094] ACPI: PM-Timer IO Port: 0x1808
[    0.100100] ACPI: LAPIC_NMI (acpi_id[0x01] high edge lint[0x1])
[    0.100102] ACPI: LAPIC_NMI (acpi_id[0x02] high edge lint[0x1])
[    0.100103] ACPI: LAPIC_NMI (acpi_id[0x03] high edge lint[0x1])
[    0.100104] ACPI: LAPIC_NMI (acpi_id[0x04] high edge lint[0x1])
[    0.100105] ACPI: LAPIC_NMI (acpi_id[0x05] high edge lint[0x1])
[    0.100105] ACPI: LAPIC_NMI (acpi_id[0x06] high edge lint[0x1])
[    0.100106] ACPI: LAPIC_NMI (acpi_id[0x07] high edge lint[0x1])
[    0.100107] ACPI: LAPIC_NMI (acpi_id[0x08] high edge lint[0x1])
[    0.100108] ACPI: LAPIC_NMI (acpi_id[0x09] high edge lint[0x1])
[    0.100108] ACPI: LAPIC_NMI (acpi_id[0x0a] high edge lint[0x1])
[    0.100109] ACPI: LAPIC_NMI (acpi_id[0x0b] high edge lint[0x1])
[    0.100110] ACPI: LAPIC_NMI (acpi_id[0x0c] high edge lint[0x1])
[    0.100111] ACPI: LAPIC_NMI (acpi_id[0x0d] high edge lint[0x1])
[    0.100111] ACPI: LAPIC_NMI (acpi_id[0x0e] high edge lint[0x1])
[    0.100112] ACPI: LAPIC_NMI (acpi_id[0x0f] high edge lint[0x1])
[    0.100113] ACPI: LAPIC_NMI (acpi_id[0x10] high edge lint[0x1])
[    0.100152] IOAPIC[0]: apic_id 2, version 32, address 0xfec00000, GSI 0-119
[    0.100155] ACPI: INT_SRC_OVR (bus 0 bus_irq 0 global_irq 2 dfl dfl)
[    0.100158] ACPI: INT_SRC_OVR (bus 0 bus_irq 9 global_irq 9 high level)
[    0.100164] ACPI: Using ACPI (MADT) for SMP configuration information
[    0.100165] ACPI: HPET id: 0x8086a201 base: 0xfed00000
[    0.100167] TSC deadline timer available
[    0.100168] smpboot: Allowing 12 CPUs, 0 hotplug CPUs
[    0.100181] [mem 0x8f800000-0xfe00ffff] available for PCI devices
[    0.100184] clocksource: refined-jiffies: mask: 0xffffffff max_cycles: 0xffffffff, max_idle_ns: 6370452778343963 ns
[    0.106856] setup_percpu: NR_CPUS:16 nr_cpumask_bits:12 nr_cpu_ids:12 nr_node_ids:1
[    0.107404] percpu: Embedded 55 pages/cpu s187304 r8192 d29784 u262144
[    0.107411] pcpu-alloc: s187304 r8192 d29784 u262144 alloc=1*2097152
[    0.107413] pcpu-alloc: [0] 00 01 02 03 04 05 06 07 [0] 08 09 10 11 -- -- -- -- 
[    0.107435] Kernel command line: root=/dev/nvme0n1p2 net.ifnames=0 vt.global_cursor_default=0 consoleblank=180 init=/lib/systemd/systemd button.lid_init_state=open i915.enable_guc=2 i915.enable_fbc=1 pci=realloc=on,hpiosize=16K,hpmemsize=64M,pcie_scan_all,hpbussize=0x33 BOOT_IMAGE=/kernel-6.8.6-gt.efi root=PARTUUID=a8f4911b-b44b-466a-9c9c-d30789efbe40 ro
[    0.107458] ACPI: button: Initial lid state set to 'open'
[    0.107460] Setting dangerous option i915.enable_guc - tainting kernel
[    0.107462] Setting dangerous option i915.enable_fbc - tainting kernel
[    0.107486] Unknown kernel command line parameters "BOOT_IMAGE=/kernel-6.8.6-gt.efi", will be passed to user space.
[    0.107513] printk: log_buf_len individual max cpu contribution: 65536 bytes
[    0.107514] printk: log_buf_len total cpu_extra contributions: 720896 bytes
[    0.107515] printk: log_buf_len min size: 262144 bytes
[    0.108211] printk: log_buf_len: 1048576 bytes
[    0.108212] printk: early log buf free: 249648(95%)
[    0.113521] Dentry cache hash table entries: 8388608 (order: 14, 67108864 bytes, linear)
[    0.116188] Inode-cache hash table entries: 4194304 (order: 13, 33554432 bytes, linear)
[    0.116315] Fallback order for Node 0: 0 
[    0.116318] Built 1 zonelists, mobility grouping on.  Total pages: 16415924
[    0.116320] Policy zone: Normal
[    0.116321] mem auto-init: stack:off, heap alloc:off, heap free:off
[    0.116333] software IO TLB: area num 16.
[    0.236362] Memory: 65359580K/66706628K available (16384K kernel code, 2539K rwdata, 6988K rodata, 1356K init, 1004K bss, 1346788K reserved, 0K cma-reserved)
[    0.236414] SLUB: HWalign=64, Order=0-3, MinObjects=0, CPUs=12, Nodes=1
[    0.237319] Dynamic Preempt: voluntary
[    0.237364] rcu: Preemptible hierarchical RCU implementation.
[    0.237365] rcu: 	RCU restricting CPUs from NR_CPUS=16 to nr_cpu_ids=12.
[    0.237366] 	Trampoline variant of Tasks RCU enabled.
[    0.237367] 	Tracing variant of Tasks RCU enabled.
[    0.237367] rcu: RCU calculated value of scheduler-enlistment delay is 30 jiffies.
[    0.237368] rcu: Adjusting geometry for rcu_fanout_leaf=16, nr_cpu_ids=12
[    0.238581] NR_IRQS: 4352, nr_irqs: 2152, preallocated irqs: 16
[    0.238841] rcu: srcu_init: Setting srcu_struct sizes based on contention.
[    0.239069] Console: colour dummy device 80x25
[    0.239071] printk: legacy console [tty0] enabled
[    0.239429] ACPI: Core revision 20230628
[    0.239725] hpet: HPET dysfunctional in PC10. Force disabled.
[    0.239728] APIC: Switch to symmetric I/O mode setup
[    0.239731] DMAR: Host address width 39
[    0.239734] DMAR: DRHD base: 0x000000fed90000 flags: 0x0
[    0.239742] DMAR: dmar0: reg_base_addr fed90000 ver 1:0 cap 1c0000c40660462 ecap 19e2ff0505e
[    0.239747] DMAR: DRHD base: 0x000000fed91000 flags: 0x1
[    0.239752] DMAR: dmar1: reg_base_addr fed91000 ver 1:0 cap d2008c40660462 ecap f050da
[    0.239756] DMAR: RMRR base: 0x0000007f9aa000 end: 0x0000007f9c9fff
[    0.239759] DMAR: RMRR base: 0x0000008b000000 end: 0x0000008f7fffff
[    0.239762] DMAR: RMRR base: 0x0000007f9db000 end: 0x0000007fa5afff
[    0.239765] DMAR-IR: IOAPIC id 2 under DRHD base  0xfed91000 IOMMU 1
[    0.239768] DMAR-IR: HPET id 0 under DRHD base 0xfed91000
[    0.241545] DMAR-IR: Enabled IRQ remapping in xapic mode
[    0.241564] APIC: Switched APIC routing to: physical flat
[    0.246162] clocksource: tsc-early: mask: 0xffffffffffffffff max_cycles: 0x257a34a6eea, max_idle_ns: 440795264358 ns
[    0.246169] Calibrating delay loop (skipped), value calculated using timer frequency.. 5202.65 BogoMIPS (lpj=8666640)
[    0.246199] CPU0: Thermal monitoring enabled (TM1)
[    0.246252] process: using mwait in idle threads
[    0.246256] Last level iTLB entries: 4KB 64, 2MB 8, 4MB 8
[    0.246259] Last level dTLB entries: 4KB 64, 2MB 0, 4MB 0, 1GB 4
[    0.246263] Spectre V1 : Mitigation: usercopy/swapgs barriers and __user pointer sanitization
[    0.246268] Spectre V2 : WARNING: Unprivileged eBPF is enabled with eIBRS on, data leaks possible via Spectre v2 BHB attacks!
[    0.246272] Spectre V2 : Spectre BHI mitigation: SW BHB clearing on vm exit
[    0.246274] Spectre V2 : Mitigation: Enhanced / Automatic IBRS
[    0.246277] Spectre V2 : Spectre v2 / SpectreRSB mitigation: Filling RSB on context switch
[    0.246280] Spectre V2 : Spectre v2 / PBRSB-eIBRS: Retire a single CALL on VMEXIT
[    0.246282] RETBleed: Mitigation: Enhanced IBRS
[    0.246285] Spectre V2 : mitigation: Enabling conditional Indirect Branch Prediction Barrier
[    0.246290] Speculative Store Bypass: Mitigation: Speculative Store Bypass disabled via prctl
[    0.246294] TAA: Mitigation: TSX disabled
[    0.246296] MMIO Stale Data: Mitigation: Clear CPU buffers
[    0.246299] SRBDS: Mitigation: Microcode
[    0.246302] GDS: Mitigation: Microcode
[    0.246307] x86/fpu: Supporting XSAVE feature 0x001: 'x87 floating point registers'
[    0.246311] x86/fpu: Supporting XSAVE feature 0x002: 'SSE registers'
[    0.246313] x86/fpu: Supporting XSAVE feature 0x004: 'AVX registers'
[    0.246316] x86/fpu: Supporting XSAVE feature 0x008: 'MPX bounds registers'
[    0.246318] x86/fpu: Supporting XSAVE feature 0x010: 'MPX CSR'
[    0.246321] x86/fpu: xstate_offset[2]:  576, xstate_sizes[2]:  256
[    0.246324] x86/fpu: xstate_offset[3]:  832, xstate_sizes[3]:   64
[    0.246327] x86/fpu: xstate_offset[4]:  896, xstate_sizes[4]:   64
[    0.246329] x86/fpu: Enabled xstate features 0x1f, context size is 960 bytes, using 'compacted' format.
[    0.246801] Freeing SMP alternatives memory: 48K
[    0.246804] pid_max: default: 32768 minimum: 301
[    0.249502] Mount-cache hash table entries: 131072 (order: 8, 1048576 bytes, linear)
[    0.249502] Mountpoint-cache hash table entries: 131072 (order: 8, 1048576 bytes, linear)
[    0.249502] smpboot: CPU0: Intel(R) Core(TM) i7-9850H CPU @ 2.60GHz (family: 0x6, model: 0x9e, stepping: 0xd)
[    0.249502] RCU Tasks: Setting shift to 4 and lim to 1 rcu_task_cb_adjust=1.
[    0.249502] RCU Tasks Trace: Setting shift to 4 and lim to 1 rcu_task_cb_adjust=1.
[    0.249502] Performance Events: PEBS fmt3+, Skylake events, 32-deep LBR, full-width counters, Intel PMU driver.
[    0.249502] ... version:                4
[    0.249502] ... bit width:              48
[    0.249502] ... generic registers:      4
[    0.249502] ... value mask:             0000ffffffffffff
[    0.249502] ... max period:             00007fffffffffff
[    0.249502] ... fixed-purpose events:   3
[    0.249502] ... event mask:             000000070000000f
[    0.249502] signal: max sigframe size: 2032
[    0.249502] Estimated ratio of average max frequency by base frequency (times 1024): 1693
[    0.249502] rcu: Hierarchical SRCU implementation.
[    0.249502] rcu: 	Max phase no-delay instances is 1000.
[    0.249502] smp: Bringing up secondary CPUs ...
[    0.249502] smpboot: x86: Booting SMP configuration:
[    0.249502] .... node  #0, CPUs:        #1  #2  #3  #4  #5  #6  #7  #8  #9 #10 #11
[    0.250423] MMIO Stale Data CPU bug present and SMT on, data leak possible. See https://www.kernel.org/doc/html/latest/admin-guide/hw-vuln/processor_mmio_stale_data.html for more details.
[    0.250423] smp: Brought up 1 node, 12 CPUs
[    0.250423] smpboot: Max logical packages: 1
[    0.250423] smpboot: Total of 12 processors activated (62424.80 BogoMIPS)
[    0.254973] devtmpfs: initialized
[    0.254973] ACPI: PM: Registering ACPI NVS region [mem 0x7fa6d000-0x7fca9fff] (2347008 bytes)
[    0.254973] clocksource: jiffies: mask: 0xffffffff max_cycles: 0xffffffff, max_idle_ns: 6370867519511994 ns
[    0.254973] futex hash table entries: 4096 (order: 6, 262144 bytes, linear)
[    0.254973] pinctrl core: initialized pinctrl subsystem
[    0.254973] NET: Registered PF_NETLINK/PF_ROUTE protocol family
[    0.254973] thermal_sys: Registered thermal governor 'step_wise'
[    0.254973] thermal_sys: Registered thermal governor 'user_space'
[    0.254973] cpuidle: using governor ladder
[    0.254973] cpuidle: using governor menu
[    0.254973] Simple Boot Flag at 0x47 set to 0x1
[    0.254973] ACPI FADT declares the system doesn't support PCIe ASPM, so disable it
[    0.254973] acpiphp: ACPI Hot Plug PCI Controller Driver version: 0.5
[    0.256186] PCI: ECAM [mem 0xf0000000-0xf7ffffff] (base 0xf0000000) for domain 0000 [bus 00-7f]
[    0.256193] PCI: not using ECAM ([mem 0xf0000000-0xf7ffffff] not reserved)
[    0.256197] PCI: Using configuration type 1 for base access
[    0.256294] HugeTLB: registered 1.00 GiB page size, pre-allocated 0 pages
[    0.256294] HugeTLB: 16380 KiB vmemmap can be freed for a 1.00 GiB page
[    0.256294] HugeTLB: registered 2.00 MiB page size, pre-allocated 0 pages
[    0.256294] HugeTLB: 28 KiB vmemmap can be freed for a 2.00 MiB page
[    0.256306] cryptd: max_cpu_qlen set to 1000
[    0.256306] gpio-f7188x: Unsupported Fintek device 0xffff
[    0.256306] gpio-f7188x: Unsupported Fintek device 0x2011
[    0.256346] ACPI: Added _OSI(Module Device)
[    0.256349] ACPI: Added _OSI(Processor Device)
[    0.256351] ACPI: Added _OSI(3.0 _SCP Extensions)
[    0.256353] ACPI: Added _OSI(Processor Aggregator Device)
[    0.300112] ACPI: 13 ACPI AML tables successfully acquired and loaded
[    0.301055] ACPI: EC: EC started
[    0.301057] ACPI: EC: interrupt blocked
[    0.301738] ACPI: EC: EC_CMD/EC_SC=0x66, EC_DATA=0x62
[    0.301741] ACPI: EC: Boot ECDT EC used to handle transactions
[    0.302995] ACPI: [Firmware Bug]: BIOS _OSI(Linux) query ignored
[    0.403308] ACPI: Dynamic OEM Table Load:
[    0.403322] ACPI: SSDT 0xFFFF99AF41068800 000400 (v02 PmRef  Cpu0Cst  00003001 INTL 20160527)
[    0.404291] ACPI: Dynamic OEM Table Load:
[    0.404302] ACPI: SSDT 0xFFFF99AF4104D800 000600 (v02 PmRef  Cpu0Ist  00003000 INTL 20160527)
[    0.405292] ACPI: Dynamic OEM Table Load:
[    0.405300] ACPI: SSDT 0xFFFF99AF4013A900 0000F4 (v02 PmRef  Cpu0Psd  00003000 INTL 20160527)
[    0.406332] ACPI: Dynamic OEM Table Load:
[    0.406340] ACPI: SSDT 0xFFFF99AF40A0A600 000149 (v02 PmRef  Cpu0Hwp  00003000 INTL 20160527)
[    0.407227] ACPI: Dynamic OEM Table Load:
[    0.407237] ACPI: SSDT 0xFFFF99AF4104E000 000724 (v02 PmRef  HwpLvt   00003000 INTL 20160527)
[    0.408307] ACPI: Dynamic OEM Table Load:
[    0.408317] ACPI: SSDT 0xFFFF99AF4104F800 0005FC (v02 PmRef  ApIst    00003000 INTL 20160527)
[    0.409328] ACPI: Dynamic OEM Table Load:
[    0.409337] ACPI: SSDT 0xFFFF99AF41068C00 000317 (v02 PmRef  ApHwp    00003000 INTL 20160527)
[    0.410353] ACPI: Dynamic OEM Table Load:
[    0.410364] ACPI: SSDT 0xFFFF99AF4012E000 000AB0 (v02 PmRef  ApPsd    00003000 INTL 20160527)
[    0.411711] ACPI: Dynamic OEM Table Load:
[    0.411720] ACPI: SSDT 0xFFFF99AF41069000 00030A (v02 PmRef  ApCst    00003000 INTL 20160527)
[    0.415510] ACPI: _OSC evaluated successfully for all CPUs
[    0.415514] ACPI: Interpreter enabled
[    0.415546] ACPI: PM: (supports S0 S3 S5)
[    0.415549] ACPI: Using IOAPIC for interrupt routing
[    0.415582] PCI: ECAM [mem 0xf0000000-0xf7ffffff] (base 0xf0000000) for domain 0000 [bus 00-7f]
[    0.416480] PCI: ECAM [mem 0xf0000000-0xf7ffffff] reserved as ACPI motherboard resource
[    0.416491] PCI: Using host bridge windows from ACPI; if necessary, use "pci=nocrs" and report a bug
[    0.416495] PCI: Ignoring E820 reservations for host bridge windows
[    0.416883] ACPI: Enabled 13 GPEs in block 00 to 7F
[    0.418181] ACPI: \_SB_.PCI0.PEG0.PG00: New power resource
[    0.419223] ACPI: \_SB_.PCI0.PEG1.PG01: New power resource
[    0.419508] ACPI: \_SB_.PCI0.PEG2.PG02: New power resource
[    0.423296] ACPI: \_SB_.PCI0.XHC_.PUBS: New power resource
[    0.425637] ACPI: \_SB_.PCI0.XDCI.USBC: New power resource
[    0.426010] ACPI: \_SB_.PCI0.RP01.PXP_: New power resource
[    0.428953] ACPI: \_SB_.PCI0.RP06.PXSX.WRST: New power resource
[    0.429012] ACPI: \_SB_.PCI0.RP06.PXSX.DRST: New power resource
[    0.429127] ACPI: \_SB_.PCI0.RP07.PXP_: New power resource
[    0.433290] ACPI: \_SB_.PCI0.SAT0.VOL0.V0PR: New power resource
[    0.433438] ACPI: \_SB_.PCI0.SAT0.VOL1.V1PR: New power resource
[    0.433580] ACPI: \_SB_.PCI0.SAT0.VOL2.V2PR: New power resource
[    0.438304] ACPI: \_SB_.PCI0.CNVW.WRST: New power resource
[    0.441019] ACPI: \PIN_: New power resource
[    0.441043] ACPI: \PINP: New power resource
[    0.441468] ACPI: PCI Root Bridge [PCI0] (domain 0000 [bus 00-7e])
[    0.441477] acpi PNP0A08:00: _OSC: OS supports [ExtendedConfig ASPM ClockPM Segments MSI HPX-Type3]
[    0.442732] acpi PNP0A08:00: _OSC: platform does not support [AER]
[    0.445228] acpi PNP0A08:00: _OSC: OS now controls [PCIeHotplug PME PCIeCapability LTR]
[    0.445233] acpi PNP0A08:00: FADT indicates ASPM is unsupported, using BIOS configuration
[    0.447637] PCI host bridge to bus 0000:00
[    0.447641] pci_bus 0000:00: root bus resource [io  0x0000-0x0cf7 window]
[    0.447645] pci_bus 0000:00: root bus resource [io  0x0d00-0xffff window]
[    0.447648] pci_bus 0000:00: root bus resource [mem 0x000a0000-0x000bffff window]
[    0.447651] pci_bus 0000:00: root bus resource [mem 0x8f800000-0xefffffff window]
[    0.447655] pci_bus 0000:00: root bus resource [mem 0x4000000000-0x7fffffffff window]
[    0.447658] pci_bus 0000:00: root bus resource [mem 0xfc800000-0xfe7fffff window]
[    0.447661] pci_bus 0000:00: root bus resource [bus 00-7e]
[    0.447691] pci 0000:00:00.0: [8086:3ec4] type 00 class 0x060000 conventional PCI endpoint
[    0.447768] pci 0000:00:01.0: [8086:1901] type 01 class 0x060400 PCIe Root Port
[    0.447784] pci 0000:00:01.0: PCI bridge to [bus 01]
[    0.447788] pci 0000:00:01.0:   bridge window [io  0x2000-0x2fff]
[    0.447792] pci 0000:00:01.0:   bridge window [mem 0xbd000000-0xbe0fffff]
[    0.447799] pci 0000:00:01.0:   bridge window [mem 0x90000000-0xa1ffffff 64bit pref]
[    0.447828] pci 0000:00:01.0: PME# supported from D0 D3hot D3cold
[    0.448174] pci 0000:00:02.0: [8086:3e9b] type 00 class 0x030000 PCIe Root Complex Integrated Endpoint
[    0.448186] pci 0000:00:02.0: BAR 0 [mem 0x6040000000-0x6040ffffff 64bit]
[    0.448193] pci 0000:00:02.0: BAR 2 [mem 0x4000000000-0x400fffffff 64bit pref]
[    0.448199] pci 0000:00:02.0: BAR 4 [io  0x3000-0x303f]
[    0.448216] pci 0000:00:02.0: BAR 2: assigned to efifb
[    0.448222] pci 0000:00:02.0: Video device with shadowed ROM at [mem 0x000c0000-0x000dffff]
[    0.448372] pci 0000:00:04.0: [8086:1903] type 00 class 0x118000 conventional PCI endpoint
[    0.448383] pci 0000:00:04.0: BAR 0 [mem 0x6041100000-0x6041107fff 64bit]
[    0.448653] pci 0000:00:08.0: [8086:1911] type 00 class 0x088000 conventional PCI endpoint
[    0.448664] pci 0000:00:08.0: BAR 0 [mem 0x6041115000-0x6041115fff 64bit]
[    0.448786] pci 0000:00:12.0: [8086:a379] type 00 class 0x118000 conventional PCI endpoint
[    0.448805] pci 0000:00:12.0: BAR 0 [mem 0x6041114000-0x6041114fff 64bit]
[    0.448960] pci 0000:00:14.0: [8086:a36d] type 00 class 0x0c0330 conventional PCI endpoint
[    0.448976] pci 0000:00:14.0: BAR 0 [mem 0xbe420000-0xbe42ffff 64bit]
[    0.449035] pci 0000:00:14.0: PME# supported from D3hot D3cold
[    0.449439] pci 0000:00:14.2: [8086:a36f] type 00 class 0x050000 conventional PCI endpoint
[    0.449458] pci 0000:00:14.2: BAR 0 [mem 0x604110c000-0x604110dfff 64bit]
[    0.449470] pci 0000:00:14.2: BAR 2 [mem 0x6041113000-0x6041113fff 64bit]
[    0.449593] pci 0000:00:15.0: [8086:a368] type 00 class 0x0c8000 conventional PCI endpoint
[    0.449616] pci 0000:00:15.0: BAR 0 [mem 0x6041112000-0x6041112fff 64bit]
[    0.449922] pci 0000:00:15.1: [8086:a369] type 00 class 0x0c8000 conventional PCI endpoint
[    0.449945] pci 0000:00:15.1: BAR 0 [mem 0x6041111000-0x6041111fff 64bit]
[    0.450283] pci 0000:00:16.0: [8086:a360] type 00 class 0x078000 conventional PCI endpoint
[    0.450305] pci 0000:00:16.0: BAR 0 [mem 0x6041110000-0x6041110fff 64bit]
[    0.450379] pci 0000:00:16.0: PME# supported from D3hot
[    0.450615] pci 0000:00:16.3: [8086:a363] type 00 class 0x070002 conventional PCI endpoint
[    0.450629] pci 0000:00:16.3: BAR 0 [io  0x3060-0x3067]
[    0.450638] pci 0000:00:16.3: BAR 1 [mem 0xbe431000-0xbe431fff]
[    0.450792] pci 0000:00:1b.0: [8086:a340] type 01 class 0x060400 PCIe Root Port
[    0.450819] pci 0000:00:1b.0: PCI bridge to [bus 02]
[    0.450825] pci 0000:00:1b.0:   bridge window [mem 0xbe300000-0xbe3fffff]
[    0.450900] pci 0000:00:1b.0: PME# supported from D0 D3hot D3cold
[    0.451438] pci 0000:00:1c.0: [8086:a338] type 01 class 0x060400 PCIe Root Port
[    0.451466] pci 0000:00:1c.0: PCI bridge to [bus 04-51]
[    0.451474] pci 0000:00:1c.0:   bridge window [mem 0xa4000000-0xbc1fffff]
[    0.451484] pci 0000:00:1c.0:   bridge window [mem 0x6000000000-0x603fffffff 64bit pref]
[    0.451556] pci 0000:00:1c.0: PME# supported from D0 D3hot D3cold
[    0.452053] pci 0000:00:1c.5: [8086:a33d] type 01 class 0x060400 PCIe Root Port
[    0.452077] pci 0000:00:1c.5: PCI bridge to [bus 52]
[    0.452083] pci 0000:00:1c.5:   bridge window [mem 0xbe200000-0xbe2fffff]
[    0.452148] pci 0000:00:1c.5: PME# supported from D0 D3hot D3cold
[    0.452632] pci 0000:00:1c.7: [8086:a33f] type 01 class 0x060400 PCIe Root Port
[    0.452656] pci 0000:00:1c.7: PCI bridge to [bus 54]
[    0.452662] pci 0000:00:1c.7:   bridge window [mem 0xbe100000-0xbe1fffff]
[    0.452728] pci 0000:00:1c.7: PME# supported from D0 D3hot D3cold
[    0.453229] pci 0000:00:1e.0: [8086:a328] type 00 class 0x078000 conventional PCI endpoint
[    0.453253] pci 0000:00:1e.0: BAR 0 [mem 0x604110f000-0x604110ffff 64bit]
[    0.453602] pci 0000:00:1f.0: [8086:a30e] type 00 class 0x060100 conventional PCI endpoint
[    0.454035] pci 0000:00:1f.3: [8086:a348] type 00 class 0x040380 conventional PCI endpoint
[    0.454071] pci 0000:00:1f.3: BAR 0 [mem 0x6041108000-0x604110bfff 64bit]
[    0.454121] pci 0000:00:1f.3: BAR 4 [mem 0x6041000000-0x60410fffff 64bit]
[    0.454200] pci 0000:00:1f.3: PME# supported from D3hot D3cold
[    0.454587] pci 0000:00:1f.4: [8086:a323] type 00 class 0x0c0500 conventional PCI endpoint
[    0.454610] pci 0000:00:1f.4: BAR 0 [mem 0x604110e000-0x604110e0ff 64bit]
[    0.454633] pci 0000:00:1f.4: BAR 4 [io  0xefa0-0xefbf]
[    0.454887] pci 0000:00:1f.5: [8086:a324] type 00 class 0x0c8000 conventional PCI endpoint
[    0.454905] pci 0000:00:1f.5: BAR 0 [mem 0xbe430000-0xbe430fff]
[    0.455023] pci 0000:00:1f.6: [8086:15bb] type 00 class 0x020000 conventional PCI endpoint
[    0.455055] pci 0000:00:1f.6: BAR 0 [mem 0xbe400000-0xbe41ffff]
[    0.455210] pci 0000:00:1f.6: PME# supported from D0 D3hot D3cold
[    0.455349] pci 0000:01:00.0: [10de:1f36] type 00 class 0x030000 PCIe Legacy Endpoint
[    0.455371] pci 0000:01:00.0: BAR 0 [mem 0xbd000000-0xbdffffff]
[    0.455387] pci 0000:01:00.0: BAR 1 [mem 0x90000000-0x9fffffff 64bit pref]
[    0.455404] pci 0000:01:00.0: BAR 3 [mem 0xa0000000-0xa1ffffff 64bit pref]
[    0.455415] pci 0000:01:00.0: BAR 5 [io  0x2000-0x207f]
[    0.455426] pci 0000:01:00.0: ROM [mem 0xfff80000-0xffffffff pref]
[    0.455514] pci 0000:01:00.0: PME# supported from D0 D3hot
[    0.455761] pci 0000:01:00.1: [10de:10f9] type 00 class 0x040300 PCIe Endpoint
[    0.455783] pci 0000:01:00.1: BAR 0 [mem 0xbe050000-0xbe053fff]
[    0.456000] pci 0000:01:00.2: [10de:1ada] type 00 class 0x0c0330 PCIe Endpoint
[    0.456028] pci 0000:01:00.2: BAR 0 [mem 0xbe000000-0xbe03ffff 64bit pref]
[    0.456052] pci 0000:01:00.2: BAR 3 [mem 0xbe040000-0xbe04ffff 64bit pref]
[    0.456144] pci 0000:01:00.2: PME# supported from D0 D3hot
[    0.456249] pci 0000:01:00.3: [10de:1adb] type 00 class 0x0c8000 PCIe Endpoint
[    0.456271] pci 0000:01:00.3: BAR 0 [mem 0xbe054000-0xbe054fff]
[    0.456393] pci 0000:01:00.3: PME# supported from D0 D3hot
[    0.456508] pci 0000:00:01.0: PCI bridge to [bus 01]
[    0.456742] pci 0000:02:00.0: [144d:a808] type 00 class 0x010802 PCIe Endpoint
[    0.456765] pci 0000:02:00.0: BAR 0 [mem 0xbe300000-0xbe303fff 64bit]
[    0.457247] pci 0000:00:1b.0: PCI bridge to [bus 02]
[    0.457348] pci 0000:04:00.0: [8086:15ea] type 01 class 0x060400 PCIe Switch Upstream Port
[    0.457384] pci 0000:04:00.0: PCI bridge to [bus 05-51]
[    0.457394] pci 0000:04:00.0:   bridge window [mem 0xa4000000-0xbc1fffff]
[    0.457407] pci 0000:04:00.0:   bridge window [mem 0x6000000000-0x603fffffff 64bit pref]
[    0.457423] pci 0000:04:00.0: enabling Extended Tags
[    0.457524] pci 0000:04:00.0: supports D1 D2
[    0.457526] pci 0000:04:00.0: PME# supported from D0 D1 D2 D3hot D3cold
[    0.457822] pci 0000:00:1c.0: PCI bridge to [bus 04-51]
[    0.457943] pci 0000:05:00.0: [8086:15ea] type 01 class 0x060400 PCIe Switch Downstream Port
[    0.457979] pci 0000:05:00.0: PCI bridge to [bus 06]
[    0.457990] pci 0000:05:00.0:   bridge window [mem 0xbc100000-0xbc1fffff]
[    0.458017] pci 0000:05:00.0: enabling Extended Tags
[    0.458118] pci 0000:05:00.0: supports D1 D2
[    0.458120] pci 0000:05:00.0: PME# supported from D0 D1 D2 D3hot D3cold
[    0.458326] pci 0000:05:01.0: [8086:15ea] type 01 class 0x060400 PCIe Switch Downstream Port
[    0.458362] pci 0000:05:01.0: PCI bridge to [bus 07-2b]
[    0.458373] pci 0000:05:01.0:   bridge window [mem 0xa4000000-0xafffffff]
[    0.458386] pci 0000:05:01.0:   bridge window [mem 0x6000000000-0x601fffffff 64bit pref]
[    0.458404] pci 0000:05:01.0: enabling Extended Tags
[    0.458506] pci 0000:05:01.0: supports D1 D2
[    0.458508] pci 0000:05:01.0: PME# supported from D0 D1 D2 D3hot D3cold
[    0.458722] pci 0000:05:02.0: [8086:15ea] type 01 class 0x060400 PCIe Switch Downstream Port
[    0.458758] pci 0000:05:02.0: PCI bridge to [bus 2c]
[    0.458769] pci 0000:05:02.0:   bridge window [mem 0xb0000000-0xb00fffff]
[    0.458796] pci 0000:05:02.0: enabling Extended Tags
[    0.458894] pci 0000:05:02.0: supports D1 D2
[    0.458896] pci 0000:05:02.0: PME# supported from D0 D1 D2 D3hot D3cold
[    0.459138] pci 0000:05:04.0: [8086:15ea] type 01 class 0x060400 PCIe Switch Downstream Port
[    0.459175] pci 0000:05:04.0: PCI bridge to [bus 2d-51]
[    0.459185] pci 0000:05:04.0:   bridge window [mem 0xb0100000-0xbc0fffff]
[    0.459199] pci 0000:05:04.0:   bridge window [mem 0x6020000000-0x603fffffff 64bit pref]
[    0.459216] pci 0000:05:04.0: enabling Extended Tags
[    0.459322] pci 0000:05:04.0: supports D1 D2
[    0.459324] pci 0000:05:04.0: PME# supported from D0 D1 D2 D3hot D3cold
[    0.459533] pci 0000:04:00.0: PCI bridge to [bus 05-51]
[    0.459620] pci 0000:06:00.0: [8086:15eb] type 00 class 0x088000 PCIe Endpoint
[    0.459643] pci 0000:06:00.0: BAR 0 [mem 0xbc100000-0xbc13ffff]
[    0.459656] pci 0000:06:00.0: BAR 1 [mem 0xbc140000-0xbc140fff]
[    0.459717] pci 0000:06:00.0: enabling Extended Tags
[    0.459823] pci 0000:06:00.0: supports D1 D2
[    0.459825] pci 0000:06:00.0: PME# supported from D0 D1 D2 D3hot D3cold
[    0.460066] pci 0000:05:00.0: PCI bridge to [bus 06]
[    0.460170] pci 0000:07:00.0: [8086:15d3] type 01 class 0x060400 PCIe Switch Upstream Port
[    0.460226] pci 0000:07:00.0: PCI bridge to [bus 00]
[    0.460240] pci 0000:07:00.0:   bridge window [io  0x0000-0x0fff]
[    0.460248] pci 0000:07:00.0:   bridge window [mem 0x00000000-0x000fffff]
[    0.460272] pci 0000:07:00.0:   bridge window [mem 0x00000000-0x000fffff 64bit pref]
[    0.460300] pci 0000:07:00.0: enabling Extended Tags
[    0.460486] pci 0000:07:00.0: supports D1 D2
[    0.460488] pci 0000:07:00.0: PME# supported from D0 D1 D2 D3hot D3cold
[    0.460622] pci 0000:07:00.0: 8.000 Gb/s available PCIe bandwidth, limited by 2.5 GT/s PCIe x4 link at 0000:05:01.0 (capable of 31.504 Gb/s with 8.0 GT/s PCIe x4 link)
[    0.469580] pci 0000:05:01.0: PCI bridge to [bus 07-2b]
[    0.469598] pci 0000:07:00.0: bridge configuration invalid ([bus 00-00]), reconfiguring
[    0.469753] pci 0000:08:01.0: [8086:15d3] type 01 class 0x060400 PCIe Switch Downstream Port
[    0.469810] pci 0000:08:01.0: PCI bridge to [bus 00]
[    0.469824] pci 0000:08:01.0:   bridge window [io  0x0000-0x0fff]
[    0.469832] pci 0000:08:01.0:   bridge window [mem 0x00000000-0x000fffff]
[    0.469856] pci 0000:08:01.0:   bridge window [mem 0x00000000-0x000fffff 64bit pref]
[    0.469888] pci 0000:08:01.0: enabling Extended Tags
[    0.470083] pci 0000:08:01.0: supports D1 D2
[    0.470086] pci 0000:08:01.0: PME# supported from D0 D1 D2 D3hot D3cold
[    0.470404] pci 0000:08:04.0: [8086:15d3] type 01 class 0x060400 PCIe Switch Downstream Port
[    0.470460] pci 0000:08:04.0: PCI bridge to [bus 00]
[    0.470474] pci 0000:08:04.0:   bridge window [io  0x0000-0x0fff]
[    0.470482] pci 0000:08:04.0:   bridge window [mem 0x00000000-0x000fffff]
[    0.470506] pci 0000:08:04.0:   bridge window [mem 0x00000000-0x000fffff 64bit pref]
[    0.470538] pci 0000:08:04.0: enabling Extended Tags
[    0.470734] pci 0000:08:04.0: supports D1 D2
[    0.470736] pci 0000:08:04.0: PME# supported from D0 D1 D2 D3hot D3cold
[    0.471060] pci 0000:07:00.0: PCI bridge to [bus 08-2b]
[    0.471089] pci 0000:08:01.0: bridge configuration invalid ([bus 00-00]), reconfiguring
[    0.471105] pci 0000:08:04.0: bridge configuration invalid ([bus 00-00]), reconfiguring
[    0.471240] pci 0000:09:00.0: [10de:2204] type 00 class 0x030000 PCIe Legacy Endpoint
[    0.471275] pci 0000:09:00.0: BAR 0 [mem 0x00000000-0x00ffffff]
[    0.471304] pci 0000:09:00.0: BAR 1 [mem 0x00000000-0x0fffffff 64bit pref]
[    0.471332] pci 0000:09:00.0: BAR 3 [mem 0x00000000-0x01ffffff 64bit pref]
[    0.471350] pci 0000:09:00.0: BAR 5 [io  0x0000-0x007f]
[    0.471366] pci 0000:09:00.0: ROM [mem 0x00000000-0x0007ffff pref]
[    0.471591] pci 0000:09:00.0: PME# supported from D0 D3hot
[    0.471839] pci 0000:09:00.0: 8.000 Gb/s available PCIe bandwidth, limited by 2.5 GT/s PCIe x4 link at 0000:05:01.0 (capable of 252.048 Gb/s with 16.0 GT/s PCIe x16 link)
[    0.472151] pci 0000:09:00.1: [10de:1aef] type 00 class 0x040300 PCIe Endpoint
[    0.472186] pci 0000:09:00.1: BAR 0 [mem 0x00000000-0x00003fff]
[    0.472755] pci 0000:08:01.0: PCI bridge to [bus 09-2b]
[    0.472782] pci_bus 0000:09: busn_res: [bus 09-2b] end is updated to 09
[    0.472956] pci 0000:08:04.0: PCI bridge to [bus 0a-2b]
[    0.472983] pci_bus 0000:0a: busn_res: [bus 0a-2b] end is updated to 2b
[    0.472991] pci_bus 0000:08: busn_res: [bus 08-2b] end is updated to 2b
[    0.473105] pci 0000:2c:00.0: [8086:15ec] type 00 class 0x0c0330 PCIe Endpoint
[    0.473130] pci 0000:2c:00.0: BAR 0 [mem 0xb0000000-0xb000ffff]
[    0.473208] pci 0000:2c:00.0: enabling Extended Tags
[    0.473329] pci 0000:2c:00.0: supports D1 D2
[    0.473331] pci 0000:2c:00.0: PME# supported from D0 D1 D2 D3hot D3cold
[    0.473428] pci 0000:2c:00.0: 8.000 Gb/s available PCIe bandwidth, limited by 2.5 GT/s PCIe x4 link at 0000:05:02.0 (capable of 31.504 Gb/s with 8.0 GT/s PCIe x4 link)
[    0.473667] pci 0000:05:02.0: PCI bridge to [bus 2c]
[    0.473760] pci 0000:05:04.0: PCI bridge to [bus 2d-51]
[    0.474041] pci 0000:52:00.0: [8086:2723] type 00 class 0x028000 PCIe Endpoint
[    0.474114] pci 0000:52:00.0: BAR 0 [mem 0xbe200000-0xbe203fff 64bit]
[    0.474426] pci 0000:52:00.0: PME# supported from D0 D3hot D3cold
[    0.475091] pci 0000:00:1c.5: PCI bridge to [bus 52]
[    0.475159] pci 0000:54:00.0: [10ec:525a] type 00 class 0xff0000 PCIe Endpoint
[    0.475184] pci 0000:54:00.0: BAR 1 [mem 0xbe100000-0xbe100fff]
[    0.475294] pci 0000:54:00.0: supports D1 D2
[    0.475296] pci 0000:54:00.0: PME# supported from D1 D2 D3hot D3cold
[    0.475495] pci 0000:00:1c.7: PCI bridge to [bus 54]
[    0.478303] ACPI: EC: interrupt unblocked
[    0.478306] ACPI: EC: event unblocked
[    0.478318] ACPI: EC: EC_CMD/EC_SC=0x66, EC_DATA=0x62
[    0.478321] ACPI: EC: GPE=0x16
[    0.478324] ACPI: \_SB_.PCI0.LPCB.EC__: Boot ECDT EC initialization complete
[    0.478328] ACPI: \_SB_.PCI0.LPCB.EC__: EC: Used to handle transactions and events
[    0.478387] iommu: Default domain type: Translated
[    0.478390] iommu: DMA domain TLB invalidation policy: lazy mode
[    0.478437] SCSI subsystem initialized
[    0.478454] ACPI: bus type USB registered
[    0.478467] usbcore: registered new interface driver usbfs
[    0.478474] usbcore: registered new interface driver hub
[    0.478482] usbcore: registered new device driver usb
[    0.478536] efivars: Registered efivars operations
[    0.478536] Bluetooth: Core ver 2.22
[    0.478536] NET: Registered PF_BLUETOOTH protocol family
[    0.478536] Bluetooth: HCI device and connection manager initialized
[    0.478536] Bluetooth: HCI socket layer initialized
[    0.478536] Bluetooth: L2CAP socket layer initialized
[    0.478536] Bluetooth: SCO socket layer initialized
[    0.478536] PCI: Using ACPI for IRQ routing
[    0.490599] PCI: pci_cache_line_size set to 64 bytes
[    0.491332] e820: reserve RAM buffer [mem 0x0009f000-0x0009ffff]
[    0.491334] e820: reserve RAM buffer [mem 0x6f23c000-0x6fffffff]
[    0.491335] e820: reserve RAM buffer [mem 0x7a793000-0x7bffffff]
[    0.491336] e820: reserve RAM buffer [mem 0x7fd10000-0x7fffffff]
[    0.491337] e820: reserve RAM buffer [mem 0x88800000-0x8bffffff]
[    0.491338] e820: reserve RAM buffer [mem 0x106c800000-0x106fffffff]
[    0.491366] pci 0000:00:02.0: vgaarb: setting as boot VGA device
[    0.491366] pci 0000:00:02.0: vgaarb: bridge control possible
[    0.491366] pci 0000:00:02.0: vgaarb: VGA device added: decodes=io+mem,owns=mem,locks=none
[    0.491366] pci 0000:01:00.0: vgaarb: bridge control possible
[    0.491366] pci 0000:01:00.0: vgaarb: VGA device added: decodes=io+mem,owns=none,locks=none
[    0.491366] pci 0000:09:00.0: vgaarb: bridge control possible
[    0.491366] pci 0000:09:00.0: vgaarb: VGA device added: decodes=io+mem,owns=none,locks=none
[    0.491366] vgaarb: loaded
[    0.491366] clocksource: Switched to clocksource tsc-early
[    0.491366] pnp: PnP ACPI init
[    0.491366] system 00:00: [mem 0x40000000-0x403fffff] could not be reserved
[    0.491366] system 00:01: [io  0x1800-0x18fe] has been reserved
[    0.491366] system 00:01: [mem 0xfd000000-0xfd69ffff] has been reserved
[    0.491366] system 00:01: [mem 0xfd6c0000-0xfd6cffff] has been reserved
[    0.491366] system 00:01: [mem 0xfd6f0000-0xfdffffff] has been reserved
[    0.491366] system 00:01: [mem 0xfe000000-0xfe01ffff] could not be reserved
[    0.491366] system 00:01: [mem 0xfe200000-0xfe7fffff] has been reserved
[    0.491366] system 00:01: [mem 0xff000000-0xffffffff] has been reserved
[    0.491366] system 00:02: [io  0xff00-0xfffe] has been reserved
[    0.491366] pnp 00:03: disabling [io  0x002e-0x002f] because it overlaps 0000:09:00.0 BAR 5 [io  0x0000-0x007f]
[    0.491366] pnp 00:03: disabling [io  0x004e-0x004f] because it overlaps 0000:09:00.0 BAR 5 [io  0x0000-0x007f]
[    0.491366] pnp 00:03: disabling [io  0x0061] because it overlaps 0000:09:00.0 BAR 5 [io  0x0000-0x007f]
[    0.491366] pnp 00:03: disabling [io  0x0063] because it overlaps 0000:09:00.0 BAR 5 [io  0x0000-0x007f]
[    0.491366] pnp 00:03: disabling [io  0x0065] because it overlaps 0000:09:00.0 BAR 5 [io  0x0000-0x007f]
[    0.491366] pnp 00:03: disabling [io  0x0067] because it overlaps 0000:09:00.0 BAR 5 [io  0x0000-0x007f]
[    0.491366] pnp 00:03: disabling [io  0x0070] because it overlaps 0000:09:00.0 BAR 5 [io  0x0000-0x007f]
[    0.491366] system 00:03: [io  0x0680-0x069f] has been reserved
[    0.491366] system 00:03: [io  0x164e-0x164f] has been reserved
[    0.491366] system 00:05: [io  0x1854-0x1857] has been reserved
[    0.491366] pnp 00:08: disabling [io  0x0010-0x001f] because it overlaps 0000:09:00.0 BAR 5 [io  0x0000-0x007f]
[    0.491366] pnp 00:08: disabling [io  0x0024-0x0025] because it overlaps 0000:09:00.0 BAR 5 [io  0x0000-0x007f]
[    0.491366] pnp 00:08: disabling [io  0x0028-0x0029] because it overlaps 0000:09:00.0 BAR 5 [io  0x0000-0x007f]
[    0.491366] pnp 00:08: disabling [io  0x002c-0x002d] because it overlaps 0000:09:00.0 BAR 5 [io  0x0000-0x007f]
[    0.491366] pnp 00:08: disabling [io  0x0030-0x0031] because it overlaps 0000:09:00.0 BAR 5 [io  0x0000-0x007f]
[    0.491366] pnp 00:08: disabling [io  0x0034-0x0035] because it overlaps 0000:09:00.0 BAR 5 [io  0x0000-0x007f]
[    0.491366] pnp 00:08: disabling [io  0x0038-0x0039] because it overlaps 0000:09:00.0 BAR 5 [io  0x0000-0x007f]
[    0.491366] pnp 00:08: disabling [io  0x003c-0x003d] because it overlaps 0000:09:00.0 BAR 5 [io  0x0000-0x007f]
[    0.491366] pnp 00:08: disabling [io  0x0050-0x0053] because it overlaps 0000:09:00.0 BAR 5 [io  0x0000-0x007f]
[    0.491366] pnp 00:08: disabling [io  0x0072-0x0077] because it overlaps 0000:09:00.0 BAR 5 [io  0x0000-0x007f]
[    0.491366] system 00:08: [io  0x1800-0x189f] could not be reserved
[    0.491366] system 00:08: [io  0x0800-0x087f] has been reserved
[    0.491366] system 00:08: [io  0x0880-0x08ff] has been reserved
[    0.491366] system 00:08: [io  0x0900-0x097f] has been reserved
[    0.491366] system 00:08: [io  0x0980-0x09ff] has been reserved
[    0.491366] system 00:08: [io  0x0a00-0x0a7f] has been reserved
[    0.491366] system 00:08: [io  0x0a80-0x0aff] has been reserved
[    0.491366] system 00:08: [io  0x0b00-0x0b7f] has been reserved
[    0.491366] system 00:08: [io  0x0b80-0x0bff] has been reserved
[    0.491366] system 00:08: [io  0x15e0-0x15ef] has been reserved
[    0.491366] system 00:08: [io  0x1600-0x167f] could not be reserved
[    0.491366] system 00:08: [io  0x1640-0x165f] could not be reserved
[    0.491366] system 00:08: [mem 0xf0000000-0xf7ffffff] has been reserved
[    0.491366] system 00:08: [mem 0xfed10000-0xfed13fff] has been reserved
[    0.491366] system 00:08: [mem 0xfed18000-0xfed18fff] has been reserved
[    0.491366] system 00:08: [mem 0xfed19000-0xfed19fff] has been reserved
[    0.491366] system 00:08: [mem 0xfeb00000-0xfebfffff] has been reserved
[    0.491366] system 00:08: [mem 0xfed20000-0xfed3ffff] has been reserved
[    0.491366] system 00:08: [mem 0xfed90000-0xfed93fff] could not be reserved
[    0.492466] system 00:0a: [mem 0xfed10000-0xfed17fff] could not be reserved
[    0.492472] system 00:0a: [mem 0xfed18000-0xfed18fff] has been reserved
[    0.492475] system 00:0a: [mem 0xfed19000-0xfed19fff] has been reserved
[    0.492478] system 00:0a: [mem 0xf0000000-0xf7ffffff] has been reserved
[    0.492481] system 00:0a: [mem 0xfed20000-0xfed3ffff] has been reserved
[    0.492484] system 00:0a: [mem 0xfed90000-0xfed93fff] could not be reserved
[    0.492487] system 00:0a: [mem 0xfed45000-0xfed8ffff] has been reserved
[    0.492490] system 00:0a: [mem 0xfee00000-0xfeefffff] has been reserved
[    0.492651] pnp 00:0b: disabling [mem 0x000c0000-0x000c3fff] because it overlaps 0000:00:02.0 BAR 6 [mem 0x000c0000-0x000dffff]
[    0.492656] pnp 00:0b: disabling [mem 0x000c8000-0x000cbfff] because it overlaps 0000:00:02.0 BAR 6 [mem 0x000c0000-0x000dffff]
[    0.492661] pnp 00:0b: disabling [mem 0x000d0000-0x000d3fff] because it overlaps 0000:00:02.0 BAR 6 [mem 0x000c0000-0x000dffff]
[    0.492665] pnp 00:0b: disabling [mem 0x000d8000-0x000dbfff] because it overlaps 0000:00:02.0 BAR 6 [mem 0x000c0000-0x000dffff]
[    0.492682] pnp 00:0b: disabling [mem 0x00000000-0x0009ffff] because it overlaps 0000:09:00.0 BAR 0 [mem 0x00000000-0x00ffffff]
[    0.492686] pnp 00:0b: disabling [mem 0x000c0000-0x000c3fff disabled] because it overlaps 0000:09:00.0 BAR 0 [mem 0x00000000-0x00ffffff]
[    0.492691] pnp 00:0b: disabling [mem 0x000c8000-0x000cbfff disabled] because it overlaps 0000:09:00.0 BAR 0 [mem 0x00000000-0x00ffffff]
[    0.492695] pnp 00:0b: disabling [mem 0x000d0000-0x000d3fff disabled] because it overlaps 0000:09:00.0 BAR 0 [mem 0x00000000-0x00ffffff]
[    0.492699] pnp 00:0b: disabling [mem 0x000d8000-0x000dbfff disabled] because it overlaps 0000:09:00.0 BAR 0 [mem 0x00000000-0x00ffffff]
[    0.492703] pnp 00:0b: disabling [mem 0x000e0000-0x000e3fff] because it overlaps 0000:09:00.0 BAR 0 [mem 0x00000000-0x00ffffff]
[    0.492707] pnp 00:0b: disabling [mem 0x000e8000-0x000ebfff] because it overlaps 0000:09:00.0 BAR 0 [mem 0x00000000-0x00ffffff]
[    0.492712] pnp 00:0b: disabling [mem 0x000f0000-0x000fffff] because it overlaps 0000:09:00.0 BAR 0 [mem 0x00000000-0x00ffffff]
[    0.492716] pnp 00:0b: disabling [mem 0x00100000-0x8f7fffff] because it overlaps 0000:09:00.0 BAR 0 [mem 0x00000000-0x00ffffff]
[    0.492720] pnp 00:0b: disabling [mem 0x00000000-0x0009ffff disabled] because it overlaps 0000:09:00.0 BAR 1 [mem 0x00000000-0x0fffffff 64bit pref]
[    0.492725] pnp 00:0b: disabling [mem 0x000c0000-0x000c3fff disabled] because it overlaps 0000:09:00.0 BAR 1 [mem 0x00000000-0x0fffffff 64bit pref]
[    0.492729] pnp 00:0b: disabling [mem 0x000c8000-0x000cbfff disabled] because it overlaps 0000:09:00.0 BAR 1 [mem 0x00000000-0x0fffffff 64bit pref]
[    0.492734] pnp 00:0b: disabling [mem 0x000d0000-0x000d3fff disabled] because it overlaps 0000:09:00.0 BAR 1 [mem 0x00000000-0x0fffffff 64bit pref]
[    0.492738] pnp 00:0b: disabling [mem 0x000d8000-0x000dbfff disabled] because it overlaps 0000:09:00.0 BAR 1 [mem 0x00000000-0x0fffffff 64bit pref]
[    0.492743] pnp 00:0b: disabling [mem 0x000e0000-0x000e3fff disabled] because it overlaps 0000:09:00.0 BAR 1 [mem 0x00000000-0x0fffffff 64bit pref]
[    0.492747] pnp 00:0b: disabling [mem 0x000e8000-0x000ebfff disabled] because it overlaps 0000:09:00.0 BAR 1 [mem 0x00000000-0x0fffffff 64bit pref]
[    0.492751] pnp 00:0b: disabling [mem 0x000f0000-0x000fffff disabled] because it overlaps 0000:09:00.0 BAR 1 [mem 0x00000000-0x0fffffff 64bit pref]
[    0.492756] pnp 00:0b: disabling [mem 0x00100000-0x8f7fffff disabled] because it overlaps 0000:09:00.0 BAR 1 [mem 0x00000000-0x0fffffff 64bit pref]
[    0.492761] pnp 00:0b: disabling [mem 0x00000000-0x0009ffff disabled] because it overlaps 0000:09:00.0 BAR 3 [mem 0x00000000-0x01ffffff 64bit pref]
[    0.492765] pnp 00:0b: disabling [mem 0x000c0000-0x000c3fff disabled] because it overlaps 0000:09:00.0 BAR 3 [mem 0x00000000-0x01ffffff 64bit pref]
[    0.492769] pnp 00:0b: disabling [mem 0x000c8000-0x000cbfff disabled] because it overlaps 0000:09:00.0 BAR 3 [mem 0x00000000-0x01ffffff 64bit pref]
[    0.492774] pnp 00:0b: disabling [mem 0x000d0000-0x000d3fff disabled] because it overlaps 0000:09:00.0 BAR 3 [mem 0x00000000-0x01ffffff 64bit pref]
[    0.492778] pnp 00:0b: disabling [mem 0x000d8000-0x000dbfff disabled] because it overlaps 0000:09:00.0 BAR 3 [mem 0x00000000-0x01ffffff 64bit pref]
[    0.492783] pnp 00:0b: disabling [mem 0x000e0000-0x000e3fff disabled] because it overlaps 0000:09:00.0 BAR 3 [mem 0x00000000-0x01ffffff 64bit pref]
[    0.492787] pnp 00:0b: disabling [mem 0x000e8000-0x000ebfff disabled] because it overlaps 0000:09:00.0 BAR 3 [mem 0x00000000-0x01ffffff 64bit pref]
[    0.492792] pnp 00:0b: disabling [mem 0x000f0000-0x000fffff disabled] because it overlaps 0000:09:00.0 BAR 3 [mem 0x00000000-0x01ffffff 64bit pref]
[    0.492796] pnp 00:0b: disabling [mem 0x00100000-0x8f7fffff disabled] because it overlaps 0000:09:00.0 BAR 3 [mem 0x00000000-0x01ffffff 64bit pref]
[    0.492817] system 00:0b: [mem 0xfec00000-0xfed3ffff] could not be reserved
[    0.492821] system 00:0b: [mem 0xfed4c000-0xffffffff] could not be reserved
[    0.492877] pnp: PnP ACPI: found 12 devices
[    0.498488] clocksource: acpi_pm: mask: 0xffffff max_cycles: 0xffffff, max_idle_ns: 2085701024 ns
[    0.498581] NET: Registered PF_INET protocol family
[    0.498727] IP idents hash table entries: 262144 (order: 9, 2097152 bytes, linear)
[    0.501876] tcp_listen_portaddr_hash hash table entries: 32768 (order: 7, 524288 bytes, linear)
[    0.501927] Table-perturb hash table entries: 65536 (order: 6, 262144 bytes, linear)
[    0.501937] TCP established hash table entries: 524288 (order: 10, 4194304 bytes, linear)
[    0.502389] TCP bind hash table entries: 65536 (order: 9, 2097152 bytes, linear)
[    0.502673] TCP: Hash tables configured (established 524288 bind 65536)
[    0.502697] UDP hash table entries: 32768 (order: 8, 1048576 bytes, linear)
[    0.502804] UDP-Lite hash table entries: 32768 (order: 8, 1048576 bytes, linear)
[    0.502929] NET: Registered PF_UNIX/PF_LOCAL protocol family
[    0.503170] pci 0000:01:00.0: ROM [mem 0xfff80000-0xffffffff pref]: can't claim; no compatible bridge window
[    0.503178] pci_bus 0000:00: max bus depth: 5 pci_try_num: 6
[    0.503193] pci 0000:00:1c.0: bridge window [io  size 0x11000]: can't assign; no space
[    0.503197] pci 0000:00:1c.0: bridge window [io  size 0x11000]: failed to assign
[    0.503202] pci 0000:01:00.0: ROM [mem 0xbe080000-0xbe0fffff pref]: assigned
[    0.503206] pci 0000:00:01.0: PCI bridge to [bus 01]
[    0.503209] pci 0000:00:01.0:   bridge window [io  0x2000-0x2fff]
[    0.503213] pci 0000:00:01.0:   bridge window [mem 0xbd000000-0xbe0fffff]
[    0.503217] pci 0000:00:01.0:   bridge window [mem 0x90000000-0xa1ffffff 64bit pref]
[    0.503223] pci 0000:00:1b.0: PCI bridge to [bus 02]
[    0.503234] pci 0000:00:1b.0:   bridge window [mem 0xbe300000-0xbe3fffff]
[    0.503242] pci 0000:04:00.0: bridge window [io  size 0xd000]: can't assign; no space
[    0.503245] pci 0000:04:00.0: bridge window [io  size 0xd000]: failed to assign
[    0.503249] pci 0000:05:01.0: bridge window [io  size 0x9000]: can't assign; no space
[    0.503252] pci 0000:05:01.0: bridge window [io  size 0x9000]: failed to assign
[    0.503255] pci 0000:05:04.0: bridge window [io  size 0x4000]: can't assign; no space
[    0.503258] pci 0000:05:04.0: bridge window [io  size 0x4000]: failed to assign
[    0.503261] pci 0000:05:00.0: PCI bridge to [bus 06]
[    0.503290] pci 0000:05:00.0:   bridge window [mem 0xbc100000-0xbc1fffff]
[    0.503300] pci 0000:07:00.0: bridge window [mem 0x6000000000-0x601fffffff 64bit pref]: assigned
[    0.503304] pci 0000:07:00.0: bridge window [mem 0xa4000000-0xafffffff]: assigned
[    0.503307] pci 0000:07:00.0: bridge window [io  size 0x9000]: can't assign; no space
[    0.503310] pci 0000:07:00.0: bridge window [io  size 0x9000]: failed to assign
[    0.503314] pci 0000:08:01.0: bridge window [mem 0x6000000000-0x6017ffffff 64bit pref]: assigned
[    0.503318] pci 0000:08:01.0: bridge window [mem 0xa4000000-0xa57fffff]: assigned
[    0.503321] pci 0000:08:04.0: bridge window [mem 0xa5800000-0xafffffff]: assigned
[    0.503324] pci 0000:08:04.0: bridge window [mem 0x6018000000-0x601fffffff 64bit pref]: assigned
[    0.503328] pci 0000:08:01.0: bridge window [io  size 0x1000]: can't assign; no space
[    0.503331] pci 0000:08:01.0: bridge window [io  size 0x1000]: failed to assign
[    0.503334] pci 0000:08:04.0: bridge window [io  size 0x8000]: can't assign; no space
[    0.503337] pci 0000:08:04.0: bridge window [io  size 0x8000]: failed to assign
[    0.503341] pci 0000:09:00.0: BAR 1 [mem 0x6000000000-0x600fffffff 64bit pref]: assigned
[    0.503386] pci 0000:09:00.0: BAR 3 [mem 0x6010000000-0x6011ffffff 64bit pref]: assigned
[    0.503410] pci 0000:09:00.0: BAR 0 [mem 0xa4000000-0xa4ffffff]: assigned
[    0.503418] pci 0000:09:00.0: ROM [mem 0xa5000000-0xa507ffff pref]: assigned
[    0.503422] pci 0000:09:00.1: BAR 0 [mem 0xa5080000-0xa5083fff]: assigned
[    0.503430] pci 0000:09:00.0: BAR 5 [io  size 0x0080]: can't assign; no space
[    0.503433] pci 0000:09:00.0: BAR 5 [io  size 0x0080]: failed to assign
[    0.503437] pci 0000:08:01.0: PCI bridge to [bus 09]
[    0.503450] pci 0000:08:01.0:   bridge window [mem 0xa4000000-0xa57fffff]
[    0.503458] pci 0000:08:01.0:   bridge window [mem 0x6000000000-0x6017ffffff 64bit pref]
[    0.503471] pci 0000:08:04.0: PCI bridge to [bus 0a-2b]
[    0.503481] pci 0000:08:04.0:   bridge window [mem 0xa5800000-0xafffffff]
[    0.503488] pci 0000:08:04.0:   bridge window [mem 0x6018000000-0x601fffffff 64bit pref]
[    0.503501] pci 0000:07:00.0: PCI bridge to [bus 08-2b]
[    0.503510] pci 0000:07:00.0:   bridge window [mem 0xa4000000-0xafffffff]
[    0.503518] pci 0000:07:00.0:   bridge window [mem 0x6000000000-0x601fffffff 64bit pref]
[    0.503531] pci 0000:05:01.0: PCI bridge to [bus 07-2b]
[    0.503537] pci 0000:05:01.0:   bridge window [mem 0xa4000000-0xafffffff]
[    0.503542] pci 0000:05:01.0:   bridge window [mem 0x6000000000-0x601fffffff 64bit pref]
[    0.503550] pci 0000:05:02.0: PCI bridge to [bus 2c]
[    0.503556] pci 0000:05:02.0:   bridge window [mem 0xb0000000-0xb00fffff]
[    0.503565] pci 0000:05:04.0: PCI bridge to [bus 2d-51]
[    0.503571] pci 0000:05:04.0:   bridge window [mem 0xb0100000-0xbc0fffff]
[    0.503576] pci 0000:05:04.0:   bridge window [mem 0x6020000000-0x603fffffff 64bit pref]
[    0.503584] pci 0000:04:00.0: PCI bridge to [bus 05-51]
[    0.503590] pci 0000:04:00.0:   bridge window [mem 0xa4000000-0xbc1fffff]
[    0.503595] pci 0000:04:00.0:   bridge window [mem 0x6000000000-0x603fffffff 64bit pref]
[    0.503603] pci 0000:00:1c.0: PCI bridge to [bus 04-51]
[    0.503607] pci 0000:00:1c.0:   bridge window [mem 0xa4000000-0xbc1fffff]
[    0.503611] pci 0000:00:1c.0:   bridge window [mem 0x6000000000-0x603fffffff 64bit pref]
[    0.503618] pci 0000:00:1c.5: PCI bridge to [bus 52]
[    0.503622] pci 0000:00:1c.5:   bridge window [mem 0xbe200000-0xbe2fffff]
[    0.503629] pci 0000:00:1c.7: PCI bridge to [bus 54]
[    0.503634] pci 0000:00:1c.7:   bridge window [mem 0xbe100000-0xbe1fffff]
[    0.503641] pci_bus 0000:00: No. 2 try to assign unassigned res
[    0.503651] pci 0000:00:1c.0: bridge window [io  size 0x15000]: can't assign; no space
[    0.503654] pci 0000:00:1c.0: bridge window [io  size 0x15000]: failed to assign
[    0.503658] pci 0000:00:01.0: PCI bridge to [bus 01]
[    0.503661] pci 0000:00:01.0:   bridge window [io  0x2000-0x2fff]
[    0.503665] pci 0000:00:01.0:   bridge window [mem 0xbd000000-0xbe0fffff]
[    0.503668] pci 0000:00:01.0:   bridge window [mem 0x90000000-0xa1ffffff 64bit pref]
[    0.503674] pci 0000:00:1b.0: PCI bridge to [bus 02]
[    0.503685] pci 0000:00:1b.0:   bridge window [mem 0xbe300000-0xbe3fffff]
[    0.503693] pci 0000:04:00.0: bridge window [io  size 0x11000]: can't assign; no space
[    0.503697] pci 0000:04:00.0: bridge window [io  size 0x11000]: failed to assign
[    0.503700] pci 0000:05:01.0: bridge window [io  size 0xd000]: can't assign; no space
[    0.503703] pci 0000:05:01.0: bridge window [io  size 0xd000]: failed to assign
[    0.503706] pci 0000:05:04.0: bridge window [io  size 0x4000]: can't assign; no space
[    0.503709] pci 0000:05:04.0: bridge window [io  size 0x4000]: failed to assign
[    0.503712] pci 0000:05:00.0: PCI bridge to [bus 06]
[    0.503741] pci 0000:05:00.0:   bridge window [mem 0xbc100000-0xbc1fffff]
[    0.503751] pci 0000:07:00.0: bridge window [io  size 0x9000]: can't assign; no space
[    0.503754] pci 0000:07:00.0: bridge window [io  size 0x9000]: failed to assign
[    0.503757] pci 0000:08:01.0: bridge window [io  size 0x1000]: can't assign; no space
[    0.503760] pci 0000:08:01.0: bridge window [io  size 0x1000]: failed to assign
[    0.503763] pci 0000:08:04.0: bridge window [io  size 0x8000]: can't assign; no space
[    0.503766] pci 0000:08:04.0: bridge window [io  size 0x8000]: failed to assign
[    0.503770] pci 0000:09:00.0: BAR 5 [io  size 0x0080]: can't assign; no space
[    0.503772] pci 0000:09:00.0: BAR 5 [io  size 0x0080]: failed to assign
[    0.503775] pci 0000:08:01.0: PCI bridge to [bus 09]
[    0.503805] pci 0000:08:01.0:   bridge window [mem 0xa4000000-0xa57fffff]
[    0.503818] pci 0000:08:01.0:   bridge window [mem 0x6000000000-0x6017ffffff 64bit pref]
[    0.503832] pci 0000:08:04.0: PCI bridge to [bus 0a-2b]
[    0.503841] pci 0000:08:04.0:   bridge window [mem 0xa5800000-0xafffffff]
[    0.503848] pci 0000:08:04.0:   bridge window [mem 0x6018000000-0x601fffffff 64bit pref]
[    0.503861] pci 0000:07:00.0: PCI bridge to [bus 08-2b]
[    0.503871] pci 0000:07:00.0:   bridge window [mem 0xa4000000-0xafffffff]
[    0.503878] pci 0000:07:00.0:   bridge window [mem 0x6000000000-0x601fffffff 64bit pref]
[    0.503891] pci 0000:05:01.0: PCI bridge to [bus 07-2b]
[    0.503897] pci 0000:05:01.0:   bridge window [mem 0xa4000000-0xafffffff]
[    0.503902] pci 0000:05:01.0:   bridge window [mem 0x6000000000-0x601fffffff 64bit pref]
[    0.503910] pci 0000:05:02.0: PCI bridge to [bus 2c]
[    0.503915] pci 0000:05:02.0:   bridge window [mem 0xb0000000-0xb00fffff]
[    0.503925] pci 0000:05:04.0: PCI bridge to [bus 2d-51]
[    0.503931] pci 0000:05:04.0:   bridge window [mem 0xb0100000-0xbc0fffff]
[    0.503936] pci 0000:05:04.0:   bridge window [mem 0x6020000000-0x603fffffff 64bit pref]
[    0.503944] pci 0000:04:00.0: PCI bridge to [bus 05-51]
[    0.503950] pci 0000:04:00.0:   bridge window [mem 0xa4000000-0xbc1fffff]
[    0.503955] pci 0000:04:00.0:   bridge window [mem 0x6000000000-0x603fffffff 64bit pref]
[    0.503962] pci 0000:00:1c.0: PCI bridge to [bus 04-51]
[    0.503967] pci 0000:00:1c.0:   bridge window [mem 0xa4000000-0xbc1fffff]
[    0.503971] pci 0000:00:1c.0:   bridge window [mem 0x6000000000-0x603fffffff 64bit pref]
[    0.503977] pci 0000:00:1c.5: PCI bridge to [bus 52]
[    0.503982] pci 0000:00:1c.5:   bridge window [mem 0xbe200000-0xbe2fffff]
[    0.503989] pci 0000:00:1c.7: PCI bridge to [bus 54]
[    0.503993] pci 0000:00:1c.7:   bridge window [mem 0xbe100000-0xbe1fffff]
[    0.504001] pci_bus 0000:00: No. 3 try to assign unassigned res
[    0.504004] release child resource [io  0x2000-0x207f]
[    0.504006] pci 0000:00:01.0: resource 13 [io  0x2000-0x2fff] released
[    0.504009] pci 0000:00:01.0: PCI bridge to [bus 01]
[    0.504019] pci 0000:00:01.0: bridge window [io  0x2000-0x2fff]: assigned
[    0.504023] pci 0000:00:1c.0: bridge window [io  size 0x15000]: can't assign; no space
[    0.504026] pci 0000:00:1c.0: bridge window [io  size 0x15000]: failed to assign
[    0.504030] pci 0000:01:00.0: BAR 5 [io  0x2000-0x207f]: assigned
[    0.504036] pci 0000:00:01.0: PCI bridge to [bus 01]
[    0.504038] pci 0000:00:01.0:   bridge window [io  0x2000-0x2fff]
[    0.504042] pci 0000:00:01.0:   bridge window [mem 0xbd000000-0xbe0fffff]
[    0.504046] pci 0000:00:01.0:   bridge window [mem 0x90000000-0xa1ffffff 64bit pref]
[    0.504051] pci 0000:00:1b.0: PCI bridge to [bus 02]
[    0.504061] pci 0000:00:1b.0:   bridge window [mem 0xbe300000-0xbe3fffff]
[    0.504069] pci 0000:04:00.0: bridge window [io  size 0x11000]: can't assign; no space
[    0.504072] pci 0000:04:00.0: bridge window [io  size 0x11000]: failed to assign
[    0.504076] pci 0000:05:01.0: bridge window [io  size 0xd000]: can't assign; no space
[    0.504079] pci 0000:05:01.0: bridge window [io  size 0xd000]: failed to assign
[    0.504082] pci 0000:05:04.0: bridge window [io  size 0x4000]: can't assign; no space
[    0.504085] pci 0000:05:04.0: bridge window [io  size 0x4000]: failed to assign
[    0.504088] pci 0000:05:00.0: PCI bridge to [bus 06]
[    0.504118] pci 0000:05:00.0:   bridge window [mem 0xbc100000-0xbc1fffff]
[    0.504128] pci 0000:07:00.0: bridge window [io  size 0x9000]: can't assign; no space
[    0.504131] pci 0000:07:00.0: bridge window [io  size 0x9000]: failed to assign
[    0.504134] pci 0000:08:01.0: bridge window [io  size 0x1000]: can't assign; no space
[    0.504137] pci 0000:08:01.0: bridge window [io  size 0x1000]: failed to assign
[    0.504140] pci 0000:08:04.0: bridge window [io  size 0x8000]: can't assign; no space
[    0.504143] pci 0000:08:04.0: bridge window [io  size 0x8000]: failed to assign
[    0.504146] pci 0000:09:00.0: BAR 5 [io  size 0x0080]: can't assign; no space
[    0.504149] pci 0000:09:00.0: BAR 5 [io  size 0x0080]: failed to assign
[    0.504152] pci 0000:08:01.0: PCI bridge to [bus 09]
[    0.504184] pci 0000:08:01.0:   bridge window [mem 0xa4000000-0xa57fffff]
[    0.504192] pci 0000:08:01.0:   bridge window [mem 0x6000000000-0x6017ffffff 64bit pref]
[    0.504205] pci 0000:08:04.0: PCI bridge to [bus 0a-2b]
[    0.504214] pci 0000:08:04.0:   bridge window [mem 0xa5800000-0xafffffff]
[    0.504222] pci 0000:08:04.0:   bridge window [mem 0x6018000000-0x601fffffff 64bit pref]
[    0.504234] pci 0000:07:00.0: PCI bridge to [bus 08-2b]
[    0.504244] pci 0000:07:00.0:   bridge window [mem 0xa4000000-0xafffffff]
[    0.504251] pci 0000:07:00.0:   bridge window [mem 0x6000000000-0x601fffffff 64bit pref]
[    0.504264] pci 0000:05:01.0: PCI bridge to [bus 07-2b]
[    0.504270] pci 0000:05:01.0:   bridge window [mem 0xa4000000-0xafffffff]
[    0.504275] pci 0000:05:01.0:   bridge window [mem 0x6000000000-0x601fffffff 64bit pref]
[    0.504283] pci 0000:05:02.0: PCI bridge to [bus 2c]
[    0.504288] pci 0000:05:02.0:   bridge window [mem 0xb0000000-0xb00fffff]
[    0.504298] pci 0000:05:04.0: PCI bridge to [bus 2d-51]
[    0.504304] pci 0000:05:04.0:   bridge window [mem 0xb0100000-0xbc0fffff]
[    0.504309] pci 0000:05:04.0:   bridge window [mem 0x6020000000-0x603fffffff 64bit pref]
[    0.504317] pci 0000:04:00.0: PCI bridge to [bus 05-51]
[    0.504322] pci 0000:04:00.0:   bridge window [mem 0xa4000000-0xbc1fffff]
[    0.504327] pci 0000:04:00.0:   bridge window [mem 0x6000000000-0x603fffffff 64bit pref]
[    0.504335] pci 0000:00:1c.0: PCI bridge to [bus 04-51]
[    0.504340] pci 0000:00:1c.0:   bridge window [mem 0xa4000000-0xbc1fffff]
[    0.504344] pci 0000:00:1c.0:   bridge window [mem 0x6000000000-0x603fffffff 64bit pref]
[    0.504350] pci 0000:00:1c.5: PCI bridge to [bus 52]
[    0.504354] pci 0000:00:1c.5:   bridge window [mem 0xbe200000-0xbe2fffff]
[    0.504361] pci 0000:00:1c.7: PCI bridge to [bus 54]
[    0.504366] pci 0000:00:1c.7:   bridge window [mem 0xbe100000-0xbe1fffff]
[    0.504373] pci_bus 0000:00: No. 4 try to assign unassigned res
[    0.504376] release child resource [io  0x2000-0x207f]
[    0.504377] pci 0000:00:01.0: resource 13 [io  0x2000-0x2fff] released
[    0.504380] pci 0000:00:01.0: PCI bridge to [bus 01]
[    0.504389] pci 0000:00:01.0: bridge window [io  0x2000-0x2fff]: assigned
[    0.504392] pci 0000:00:1c.0: bridge window [io  size 0x15000]: can't assign; no space
[    0.504395] pci 0000:00:1c.0: bridge window [io  size 0x15000]: failed to assign
[    0.504399] pci 0000:01:00.0: BAR 5 [io  0x2000-0x207f]: assigned
[    0.504405] pci 0000:00:01.0: PCI bridge to [bus 01]
[    0.504407] pci 0000:00:01.0:   bridge window [io  0x2000-0x2fff]
[    0.504411] pci 0000:00:01.0:   bridge window [mem 0xbd000000-0xbe0fffff]
[    0.504415] pci 0000:00:01.0:   bridge window [mem 0x90000000-0xa1ffffff 64bit pref]
[    0.504420] pci 0000:00:1b.0: PCI bridge to [bus 02]
[    0.504430] pci 0000:00:1b.0:   bridge window [mem 0xbe300000-0xbe3fffff]
[    0.504438] pci 0000:04:00.0: bridge window [io  size 0x11000]: can't assign; no space
[    0.504441] pci 0000:04:00.0: bridge window [io  size 0x11000]: failed to assign
[    0.504444] pci 0000:05:01.0: bridge window [io  size 0xd000]: can't assign; no space
[    0.504448] pci 0000:05:01.0: bridge window [io  size 0xd000]: failed to assign
[    0.504451] pci 0000:05:04.0: bridge window [io  size 0x4000]: can't assign; no space
[    0.504454] pci 0000:05:04.0: bridge window [io  size 0x4000]: failed to assign
[    0.504457] pci 0000:05:00.0: PCI bridge to [bus 06]
[    0.504485] pci 0000:05:00.0:   bridge window [mem 0xbc100000-0xbc1fffff]
[    0.504495] pci 0000:07:00.0: bridge window [io  size 0x9000]: can't assign; no space
[    0.504498] pci 0000:07:00.0: bridge window [io  size 0x9000]: failed to assign
[    0.504501] pci 0000:08:01.0: bridge window [io  size 0x1000]: can't assign; no space
[    0.504504] pci 0000:08:01.0: bridge window [io  size 0x1000]: failed to assign
[    0.504507] pci 0000:08:04.0: bridge window [io  size 0x8000]: can't assign; no space
[    0.504511] pci 0000:08:04.0: bridge window [io  size 0x8000]: failed to assign
[    0.504514] pci 0000:09:00.0: BAR 5 [io  size 0x0080]: can't assign; no space
[    0.504517] pci 0000:09:00.0: BAR 5 [io  size 0x0080]: failed to assign
[    0.504519] pci 0000:08:01.0: PCI bridge to [bus 09]
[    0.504552] pci 0000:08:01.0:   bridge window [mem 0xa4000000-0xa57fffff]
[    0.504559] pci 0000:08:01.0:   bridge window [mem 0x6000000000-0x6017ffffff 64bit pref]
[    0.504572] pci 0000:08:04.0: PCI bridge to [bus 0a-2b]
[    0.504582] pci 0000:08:04.0:   bridge window [mem 0xa5800000-0xafffffff]
[    0.504589] pci 0000:08:04.0:   bridge window [mem 0x6018000000-0x601fffffff 64bit pref]
[    0.504602] pci 0000:07:00.0: PCI bridge to [bus 08-2b]
[    0.504611] pci 0000:07:00.0:   bridge window [mem 0xa4000000-0xafffffff]
[    0.504619] pci 0000:07:00.0:   bridge window [mem 0x6000000000-0x601fffffff 64bit pref]
[    0.504631] pci 0000:05:01.0: PCI bridge to [bus 07-2b]
[    0.504637] pci 0000:05:01.0:   bridge window [mem 0xa4000000-0xafffffff]
[    0.504642] pci 0000:05:01.0:   bridge window [mem 0x6000000000-0x601fffffff 64bit pref]
[    0.504650] pci 0000:05:02.0: PCI bridge to [bus 2c]
[    0.504656] pci 0000:05:02.0:   bridge window [mem 0xb0000000-0xb00fffff]
[    0.504666] pci 0000:05:04.0: PCI bridge to [bus 2d-51]
[    0.504671] pci 0000:05:04.0:   bridge window [mem 0xb0100000-0xbc0fffff]
[    0.504677] pci 0000:05:04.0:   bridge window [mem 0x6020000000-0x603fffffff 64bit pref]
[    0.504684] pci 0000:04:00.0: PCI bridge to [bus 05-51]
[    0.504690] pci 0000:04:00.0:   bridge window [mem 0xa4000000-0xbc1fffff]
[    0.504695] pci 0000:04:00.0:   bridge window [mem 0x6000000000-0x603fffffff 64bit pref]
[    0.504703] pci 0000:00:1c.0: PCI bridge to [bus 04-51]
[    0.504707] pci 0000:00:1c.0:   bridge window [mem 0xa4000000-0xbc1fffff]
[    0.504711] pci 0000:00:1c.0:   bridge window [mem 0x6000000000-0x603fffffff 64bit pref]
[    0.504718] pci 0000:00:1c.5: PCI bridge to [bus 52]
[    0.504722] pci 0000:00:1c.5:   bridge window [mem 0xbe200000-0xbe2fffff]
[    0.504729] pci 0000:00:1c.7: PCI bridge to [bus 54]
[    0.504734] pci 0000:00:1c.7:   bridge window [mem 0xbe100000-0xbe1fffff]
[    0.504741] pci_bus 0000:00: No. 5 try to assign unassigned res
[    0.504744] release child resource [io  0x2000-0x207f]
[    0.504745] pci 0000:00:01.0: resource 13 [io  0x2000-0x2fff] released
[    0.504747] pci 0000:00:01.0: PCI bridge to [bus 01]
[    0.504756] pci 0000:00:01.0: bridge window [io  0x2000-0x2fff]: assigned
[    0.504759] pci 0000:00:1c.0: bridge window [io  size 0x15000]: can't assign; no space
[    0.504762] pci 0000:00:1c.0: bridge window [io  size 0x15000]: failed to assign
[    0.504765] pci 0000:01:00.0: BAR 5 [io  0x2000-0x207f]: assigned
[    0.504771] pci 0000:00:01.0: PCI bridge to [bus 01]
[    0.504774] pci 0000:00:01.0:   bridge window [io  0x2000-0x2fff]
[    0.504778] pci 0000:00:01.0:   bridge window [mem 0xbd000000-0xbe0fffff]
[    0.504781] pci 0000:00:01.0:   bridge window [mem 0x90000000-0xa1ffffff 64bit pref]
[    0.504787] pci 0000:00:1b.0: PCI bridge to [bus 02]
[    0.504797] pci 0000:00:1b.0:   bridge window [mem 0xbe300000-0xbe3fffff]
[    0.504805] pci 0000:04:00.0: bridge window [io  size 0x11000]: can't assign; no space
[    0.504808] pci 0000:04:00.0: bridge window [io  size 0x11000]: failed to assign
[    0.504811] pci 0000:05:01.0: bridge window [io  size 0xd000]: can't assign; no space
[    0.504814] pci 0000:05:01.0: bridge window [io  size 0xd000]: failed to assign
[    0.504817] pci 0000:05:04.0: bridge window [io  size 0x4000]: can't assign; no space
[    0.504820] pci 0000:05:04.0: bridge window [io  size 0x4000]: failed to assign
[    0.504823] pci 0000:05:00.0: PCI bridge to [bus 06]
[    0.504852] pci 0000:05:00.0:   bridge window [mem 0xbc100000-0xbc1fffff]
[    0.504862] pci 0000:07:00.0: bridge window [io  size 0x9000]: can't assign; no space
[    0.504865] pci 0000:07:00.0: bridge window [io  size 0x9000]: failed to assign
[    0.504868] pci 0000:08:01.0: bridge window [io  size 0x1000]: can't assign; no space
[    0.504871] pci 0000:08:01.0: bridge window [io  size 0x1000]: failed to assign
[    0.504874] pci 0000:08:04.0: bridge window [io  size 0x8000]: can't assign; no space
[    0.504877] pci 0000:08:04.0: bridge window [io  size 0x8000]: failed to assign
[    0.504880] pci 0000:09:00.0: BAR 5 [io  size 0x0080]: can't assign; no space
[    0.504883] pci 0000:09:00.0: BAR 5 [io  size 0x0080]: failed to assign
[    0.504886] pci 0000:08:01.0: PCI bridge to [bus 09]
[    0.504918] pci 0000:08:01.0:   bridge window [mem 0xa4000000-0xa57fffff]
[    0.504926] pci 0000:08:01.0:   bridge window [mem 0x6000000000-0x6017ffffff 64bit pref]
[    0.504938] pci 0000:08:04.0: PCI bridge to [bus 0a-2b]
[    0.504948] pci 0000:08:04.0:   bridge window [mem 0xa5800000-0xafffffff]
[    0.504956] pci 0000:08:04.0:   bridge window [mem 0x6018000000-0x601fffffff 64bit pref]
[    0.504968] pci 0000:07:00.0: PCI bridge to [bus 08-2b]
[    0.504978] pci 0000:07:00.0:   bridge window [mem 0xa4000000-0xafffffff]
[    0.504985] pci 0000:07:00.0:   bridge window [mem 0x6000000000-0x601fffffff 64bit pref]
[    0.504998] pci 0000:05:01.0: PCI bridge to [bus 07-2b]
[    0.505004] pci 0000:05:01.0:   bridge window [mem 0xa4000000-0xafffffff]
[    0.505009] pci 0000:05:01.0:   bridge window [mem 0x6000000000-0x601fffffff 64bit pref]
[    0.505017] pci 0000:05:02.0: PCI bridge to [bus 2c]
[    0.505022] pci 0000:05:02.0:   bridge window [mem 0xb0000000-0xb00fffff]
[    0.505032] pci 0000:05:04.0: PCI bridge to [bus 2d-51]
[    0.505038] pci 0000:05:04.0:   bridge window [mem 0xb0100000-0xbc0fffff]
[    0.505043] pci 0000:05:04.0:   bridge window [mem 0x6020000000-0x603fffffff 64bit pref]
[    0.505051] pci 0000:04:00.0: PCI bridge to [bus 05-51]
[    0.505056] pci 0000:04:00.0:   bridge window [mem 0xa4000000-0xbc1fffff]
[    0.505061] pci 0000:04:00.0:   bridge window [mem 0x6000000000-0x603fffffff 64bit pref]
[    0.505069] pci 0000:00:1c.0: PCI bridge to [bus 04-51]
[    0.505074] pci 0000:00:1c.0:   bridge window [mem 0xa4000000-0xbc1fffff]
[    0.505078] pci 0000:00:1c.0:   bridge window [mem 0x6000000000-0x603fffffff 64bit pref]
[    0.505084] pci 0000:00:1c.5: PCI bridge to [bus 52]
[    0.505088] pci 0000:00:1c.5:   bridge window [mem 0xbe200000-0xbe2fffff]
[    0.505095] pci 0000:00:1c.7: PCI bridge to [bus 54]
[    0.505100] pci 0000:00:1c.7:   bridge window [mem 0xbe100000-0xbe1fffff]
[    0.505107] pci_bus 0000:00: No. 6 try to assign unassigned res
[    0.505110] release child resource [io  0x2000-0x207f]
[    0.505111] pci 0000:00:01.0: resource 13 [io  0x2000-0x2fff] released
[    0.505113] pci 0000:00:01.0: PCI bridge to [bus 01]
[    0.505123] pci 0000:00:01.0: bridge window [io  0x2000-0x2fff]: assigned
[    0.505126] pci 0000:00:1c.0: bridge window [io  size 0x15000]: can't assign; no space
[    0.505129] pci 0000:00:1c.0: bridge window [io  size 0x15000]: failed to assign
[    0.505132] pci 0000:01:00.0: BAR 5 [io  0x2000-0x207f]: assigned
[    0.505138] pci 0000:00:01.0: PCI bridge to [bus 01]
[    0.505141] pci 0000:00:01.0:   bridge window [io  0x2000-0x2fff]
[    0.505145] pci 0000:00:01.0:   bridge window [mem 0xbd000000-0xbe0fffff]
[    0.505148] pci 0000:00:01.0:   bridge window [mem 0x90000000-0xa1ffffff 64bit pref]
[    0.505154] pci 0000:00:1b.0: PCI bridge to [bus 02]
[    0.505164] pci 0000:00:1b.0:   bridge window [mem 0xbe300000-0xbe3fffff]
[    0.505172] pci 0000:04:00.0: bridge window [io  size 0x11000]: can't assign; no space
[    0.505175] pci 0000:04:00.0: bridge window [io  size 0x11000]: failed to assign
[    0.505178] pci 0000:05:01.0: bridge window [io  size 0xd000]: can't assign; no space
[    0.505181] pci 0000:05:01.0: bridge window [io  size 0xd000]: failed to assign
[    0.505184] pci 0000:05:04.0: bridge window [io  size 0x4000]: can't assign; no space
[    0.505187] pci 0000:05:04.0: bridge window [io  size 0x4000]: failed to assign
[    0.505190] pci 0000:05:00.0: PCI bridge to [bus 06]
[    0.505219] pci 0000:05:00.0:   bridge window [mem 0xbc100000-0xbc1fffff]
[    0.505229] pci 0000:07:00.0: bridge window [io  size 0x9000]: can't assign; no space
[    0.505232] pci 0000:07:00.0: bridge window [io  size 0x9000]: failed to assign
[    0.505235] pci 0000:08:01.0: bridge window [io  size 0x1000]: can't assign; no space
[    0.505238] pci 0000:08:01.0: bridge window [io  size 0x1000]: failed to assign
[    0.505241] pci 0000:08:04.0: bridge window [io  size 0x8000]: can't assign; no space
[    0.505244] pci 0000:08:04.0: bridge window [io  size 0x8000]: failed to assign
[    0.505247] pci 0000:09:00.0: BAR 5 [io  size 0x0080]: can't assign; no space
[    0.505250] pci 0000:09:00.0: BAR 5 [io  size 0x0080]: failed to assign
[    0.505253] pci 0000:08:01.0: PCI bridge to [bus 09]
[    0.505285] pci 0000:08:01.0:   bridge window [mem 0xa4000000-0xa57fffff]
[    0.505293] pci 0000:08:01.0:   bridge window [mem 0x6000000000-0x6017ffffff 64bit pref]
[    0.505306] pci 0000:08:04.0: PCI bridge to [bus 0a-2b]
[    0.505315] pci 0000:08:04.0:   bridge window [mem 0xa5800000-0xafffffff]
[    0.505323] pci 0000:08:04.0:   bridge window [mem 0x6018000000-0x601fffffff 64bit pref]
[    0.505335] pci 0000:07:00.0: PCI bridge to [bus 08-2b]
[    0.505345] pci 0000:07:00.0:   bridge window [mem 0xa4000000-0xafffffff]
[    0.505352] pci 0000:07:00.0:   bridge window [mem 0x6000000000-0x601fffffff 64bit pref]
[    0.505365] pci 0000:05:01.0: PCI bridge to [bus 07-2b]
[    0.505371] pci 0000:05:01.0:   bridge window [mem 0xa4000000-0xafffffff]
[    0.505376] pci 0000:05:01.0:   bridge window [mem 0x6000000000-0x601fffffff 64bit pref]
[    0.505384] pci 0000:05:02.0: PCI bridge to [bus 2c]
[    0.505389] pci 0000:05:02.0:   bridge window [mem 0xb0000000-0xb00fffff]
[    0.505399] pci 0000:05:04.0: PCI bridge to [bus 2d-51]
[    0.505405] pci 0000:05:04.0:   bridge window [mem 0xb0100000-0xbc0fffff]
[    0.505410] pci 0000:05:04.0:   bridge window [mem 0x6020000000-0x603fffffff 64bit pref]
[    0.505418] pci 0000:04:00.0: PCI bridge to [bus 05-51]
[    0.505424] pci 0000:04:00.0:   bridge window [mem 0xa4000000-0xbc1fffff]
[    0.505429] pci 0000:04:00.0:   bridge window [mem 0x6000000000-0x603fffffff 64bit pref]
[    0.505436] pci 0000:00:1c.0: PCI bridge to [bus 04-51]
[    0.505441] pci 0000:00:1c.0:   bridge window [mem 0xa4000000-0xbc1fffff]
[    0.505445] pci 0000:00:1c.0:   bridge window [mem 0x6000000000-0x603fffffff 64bit pref]
[    0.505451] pci 0000:00:1c.5: PCI bridge to [bus 52]
[    0.505456] pci 0000:00:1c.5:   bridge window [mem 0xbe200000-0xbe2fffff]
[    0.505463] pci 0000:00:1c.7: PCI bridge to [bus 54]
[    0.505467] pci 0000:00:1c.7:   bridge window [mem 0xbe100000-0xbe1fffff]
[    0.505475] pci_bus 0000:00: resource 4 [io  0x0000-0x0cf7 window]
[    0.505478] pci_bus 0000:00: resource 5 [io  0x0d00-0xffff window]
[    0.505481] pci_bus 0000:00: resource 6 [mem 0x000a0000-0x000bffff window]
[    0.505484] pci_bus 0000:00: resource 7 [mem 0x8f800000-0xefffffff window]
[    0.505487] pci_bus 0000:00: resource 8 [mem 0x4000000000-0x7fffffffff window]
[    0.505490] pci_bus 0000:00: resource 9 [mem 0xfc800000-0xfe7fffff window]
[    0.505493] pci_bus 0000:01: resource 0 [io  0x2000-0x2fff]
[    0.505496] pci_bus 0000:01: resource 1 [mem 0xbd000000-0xbe0fffff]
[    0.505498] pci_bus 0000:01: resource 2 [mem 0x90000000-0xa1ffffff 64bit pref]
[    0.505502] pci_bus 0000:02: resource 1 [mem 0xbe300000-0xbe3fffff]
[    0.505504] pci_bus 0000:04: resource 1 [mem 0xa4000000-0xbc1fffff]
[    0.505507] pci_bus 0000:04: resource 2 [mem 0x6000000000-0x603fffffff 64bit pref]
[    0.505510] pci_bus 0000:05: resource 1 [mem 0xa4000000-0xbc1fffff]
[    0.505513] pci_bus 0000:05: resource 2 [mem 0x6000000000-0x603fffffff 64bit pref]
[    0.505516] pci_bus 0000:06: resource 1 [mem 0xbc100000-0xbc1fffff]
[    0.505519] pci_bus 0000:07: resource 1 [mem 0xa4000000-0xafffffff]
[    0.505521] pci_bus 0000:07: resource 2 [mem 0x6000000000-0x601fffffff 64bit pref]
[    0.505524] pci_bus 0000:08: resource 1 [mem 0xa4000000-0xafffffff]
[    0.505527] pci_bus 0000:08: resource 2 [mem 0x6000000000-0x601fffffff 64bit pref]
[    0.505530] pci_bus 0000:09: resource 1 [mem 0xa4000000-0xa57fffff]
[    0.505533] pci_bus 0000:09: resource 2 [mem 0x6000000000-0x6017ffffff 64bit pref]
[    0.505536] pci_bus 0000:0a: resource 1 [mem 0xa5800000-0xafffffff]
[    0.505539] pci_bus 0000:0a: resource 2 [mem 0x6018000000-0x601fffffff 64bit pref]
[    0.505542] pci_bus 0000:2c: resource 1 [mem 0xb0000000-0xb00fffff]
[    0.505545] pci_bus 0000:2d: resource 1 [mem 0xb0100000-0xbc0fffff]
[    0.505547] pci_bus 0000:2d: resource 2 [mem 0x6020000000-0x603fffffff 64bit pref]
[    0.505550] pci_bus 0000:52: resource 1 [mem 0xbe200000-0xbe2fffff]
[    0.505553] pci_bus 0000:54: resource 1 [mem 0xbe100000-0xbe1fffff]
[    0.505939] pci 0000:01:00.1: extending delay after power-on from D3hot to 20 msec
[    0.505969] pci 0000:01:00.1: D0 power state depends on 0000:01:00.0
[    0.506047] pci 0000:01:00.2: D0 power state depends on 0000:01:00.0
[    0.506183] pci 0000:01:00.2: enabling device (0000 -> 0002)
[    0.506316] pci 0000:01:00.3: D0 power state depends on 0000:01:00.0
[    0.506557] pci 0000:09:00.1: extending delay after power-on from D3hot to 20 msec
[    0.506637] pci 0000:09:00.1: D0 power state depends on 0000:09:00.0
[    0.507321] PCI: CLS 128 bytes, default 64
[    0.507344] DMAR: No ATSR found
[    0.507346] DMAR: No SATC found
[    0.507347] DMAR: IOMMU feature fl1gp_support inconsistent
[    0.507349] DMAR: IOMMU feature pgsel_inv inconsistent
[    0.507351] DMAR: IOMMU feature nwfs inconsistent
[    0.507353] DMAR: IOMMU feature pasid inconsistent
[    0.507355] DMAR: IOMMU feature eafs inconsistent
[    0.507357] DMAR: IOMMU feature prs inconsistent
[    0.507359] DMAR: IOMMU feature nest inconsistent
[    0.507360] DMAR: IOMMU feature mts inconsistent
[    0.507362] DMAR: IOMMU feature sc_support inconsistent
[    0.507364] DMAR: IOMMU feature dev_iotlb_support inconsistent
[    0.507366] DMAR: dmar0: Using Queued invalidation
[    0.507372] DMAR: dmar1: Using Queued invalidation
[    0.507646] pci 0000:00:02.0: Adding to iommu group 0
[    0.508164] pci 0000:00:00.0: Adding to iommu group 1
[    0.508187] pci 0000:00:01.0: Adding to iommu group 2
[    0.508201] pci 0000:00:04.0: Adding to iommu group 3
[    0.508215] pci 0000:00:08.0: Adding to iommu group 4
[    0.508235] pci 0000:00:12.0: Adding to iommu group 5
[    0.508265] pci 0000:00:14.0: Adding to iommu group 6
[    0.508279] pci 0000:00:14.2: Adding to iommu group 6
[    0.508307] pci 0000:00:15.0: Adding to iommu group 7
[    0.508320] pci 0000:00:15.1: Adding to iommu group 7
[    0.508347] pci 0000:00:16.0: Adding to iommu group 8
[    0.508362] pci 0000:00:16.3: Adding to iommu group 8
[    0.508379] pci 0000:00:1b.0: Adding to iommu group 9
[    0.508397] pci 0000:00:1c.0: Adding to iommu group 10
[    0.508418] pci 0000:00:1c.5: Adding to iommu group 11
[    0.508438] pci 0000:00:1c.7: Adding to iommu group 12
[    0.508459] pci 0000:00:1e.0: Adding to iommu group 13
[    0.508507] pci 0000:00:1f.0: Adding to iommu group 14
[    0.508522] pci 0000:00:1f.3: Adding to iommu group 14
[    0.508538] pci 0000:00:1f.4: Adding to iommu group 14
[    0.508553] pci 0000:00:1f.5: Adding to iommu group 14
[    0.508567] pci 0000:00:1f.6: Adding to iommu group 14
[    0.508573] pci 0000:01:00.0: Adding to iommu group 2
[    0.508577] pci 0000:01:00.1: Adding to iommu group 2
[    0.508582] pci 0000:01:00.2: Adding to iommu group 2
[    0.508587] pci 0000:01:00.3: Adding to iommu group 2
[    0.508605] pci 0000:02:00.0: Adding to iommu group 15
[    0.508623] pci 0000:04:00.0: Adding to iommu group 16
[    0.508641] pci 0000:05:00.0: Adding to iommu group 17
[    0.508657] pci 0000:05:01.0: Adding to iommu group 18
[    0.508674] pci 0000:05:02.0: Adding to iommu group 19
[    0.508689] pci 0000:05:04.0: Adding to iommu group 20
[    0.508728] pci 0000:06:00.0: Adding to iommu group 21
[    0.508756] pci 0000:07:00.0: Adding to iommu group 22
[    0.508782] pci 0000:08:01.0: Adding to iommu group 23
[    0.508819] pci 0000:08:04.0: Adding to iommu group 24
[    0.508824] pci 0000:09:00.0: Adding to iommu group 23
[    0.508830] pci 0000:09:00.1: Adding to iommu group 23
[    0.508867] pci 0000:2c:00.0: Adding to iommu group 25
[    0.508885] pci 0000:52:00.0: Adding to iommu group 26
[    0.508904] pci 0000:54:00.0: Adding to iommu group 27
[    0.510061] DMAR: Intel(R) Virtualization Technology for Directed I/O
[    0.510064] PCI-DMA: Using software bounce buffering for IO (SWIOTLB)
[    0.510066] software IO TLB: mapped [mem 0x000000006f74c000-0x000000007374c000] (64MB)
[    0.510165] RAPL PMU: API unit is 2^-32 Joules, 4 fixed counters, 655360 ms ovfl timer
[    0.510169] RAPL PMU: hw unit of domain pp0-core 2^-14 Joules
[    0.510172] RAPL PMU: hw unit of domain package 2^-14 Joules
[    0.510174] RAPL PMU: hw unit of domain dram 2^-14 Joules
[    0.510176] RAPL PMU: hw unit of domain pp1-gpu 2^-14 Joules
[    0.510247] resource: resource sanity check: requesting [mem 0x00000000fed10000-0x00000000fed15fff], which spans more than pnp 00:08 [mem 0xfed10000-0xfed13fff]
[    0.510254] caller snb_uncore_imc_init_box+0x73/0xd0 mapping multiple BARs
[    0.511625] Initialise system trusted keyrings
[    0.511662] workingset: timestamp_bits=40 max_order=24 bucket_order=0
[    0.524817] NET: Registered PF_ALG protocol family
[    0.524823] Key type asymmetric registered
[    0.524825] Asymmetric key parser 'x509' registered
[    0.524827] Asymmetric key parser 'pkcs8' registered
[    0.524838] Block layer SCSI generic (bsg) driver version 0.4 loaded (major 252)
[    0.524871] io scheduler mq-deadline registered
[    0.524874] io scheduler kyber registered
[    0.525047] gpio_it87: no device
[    0.525236] pcieport 0000:00:01.0: PME: Signaling with IRQ 122
[    0.525444] pcieport 0000:00:1b.0: PME: Signaling with IRQ 123
[    0.525583] pcieport 0000:00:1c.0: PME: Signaling with IRQ 124
[    0.525620] pcieport 0000:00:1c.0: pciehp: Slot #0 AttnBtn- PwrCtrl- MRL- AttnInd- PwrInd- HotPlug+ Surprise+ Interlock- NoCompl+ IbPresDis- LLActRep+
[    0.525890] pcieport 0000:00:1c.5: PME: Signaling with IRQ 125
[    0.526105] pcieport 0000:00:1c.7: PME: Signaling with IRQ 126
[    0.526675] pcieport 0000:05:01.0: pciehp: Slot #1 AttnBtn- PwrCtrl- MRL- AttnInd- PwrInd- HotPlug+ Surprise+ Interlock- NoCompl+ IbPresDis- LLActRep+
[    0.527206] pcieport 0000:05:04.0: pciehp: Slot #4 AttnBtn- PwrCtrl- MRL- AttnInd- PwrInd- HotPlug+ Surprise+ Interlock- NoCompl+ IbPresDis- LLActRep+
[    0.527417] pcieport 0000:07:00.0: enabling device (0000 -> 0002)
[    0.527668] pcieport 0000:08:01.0: enabling device (0000 -> 0002)
[    0.528001] pcieport 0000:08:04.0: enabling device (0000 -> 0002)
[    0.528204] pcieport 0000:08:04.0: pciehp: Slot #4 AttnBtn- PwrCtrl- MRL- AttnInd- PwrInd- HotPlug+ Surprise+ Interlock- NoCompl+ IbPresDis- LLActRep+
[    0.529878] ACPI: AC: AC Adapter [AC] (on-line)
[    0.529937] input: Sleep Button as /devices/LNXSYSTM:00/LNXSYBUS:00/PNP0C0E:00/input/input0
[    0.529970] ACPI: button: Sleep Button [SLPB]
[    0.530001] input: Lid Switch as /devices/LNXSYSTM:00/LNXSYBUS:00/PNP0C0D:00/input/input1
[    0.530026] ACPI: button: Lid Switch [LID]
[    0.530055] input: Power Button as /devices/LNXSYSTM:00/LNXPWRBN:00/input/input2
[    0.530083] ACPI: button: Power Button [PWRF]
[    0.535762] thermal LNXTHERM:00: registered as thermal_zone0
[    0.535768] ACPI: thermal: Thermal Zone [THM0] (51 C)
[    0.536047] Non-volatile memory driver v1.3
[    0.536051] Linux agpgart interface v0.103
[    0.536057] ACPI: bus type drm_connector registered
[    0.536133] i915 0000:00:02.0: enabling device (0006 -> 0007)
[    0.536982] i915 0000:00:02.0: [drm] VT-d active for gfx access
[    0.536987] i915 0000:00:02.0: vgaarb: deactivate vga console
[    0.537026] i915 0000:00:02.0: [drm] Using Transparent Hugepages
[    0.538372] i915 0000:00:02.0: vgaarb: VGA decodes changed: olddecodes=io+mem,decodes=none:owns=mem
[    0.539022] Loading firmware: i915/kbl_dmc_ver1_04.bin
[    0.541942] i915 0000:00:02.0: [drm] Finished loading DMC firmware i915/kbl_dmc_ver1_04.bin (v1.4)
[    0.568297] ACPI: battery: Slot [BAT0] (battery present)
[    0.577699] Loading firmware: i915/kbl_guc_70.1.1.bin
[    0.577776] Loading firmware: i915/kbl_huc_4.0.0.bin
[    0.580245] i915 0000:00:02.0: [drm] GT0: GuC firmware i915/kbl_guc_70.1.1.bin version 70.1.1
[    0.580253] i915 0000:00:02.0: [drm] GT0: HuC firmware i915/kbl_huc_4.0.0.bin version 4.0.0
[    0.603213] i915 0000:00:02.0: [drm] GT0: HuC: authenticated for all workloads
[    0.603220] i915 0000:00:02.0: [drm] GT0: GUC: submission disabled
[    0.603224] i915 0000:00:02.0: [drm] GT0: GUC: SLPC disabled
[    0.615824] [drm] Initialized i915 1.6.0 20230929 for 0000:00:02.0 on minor 0
[    0.616653] ACPI: video: [Firmware Bug]: ACPI(PEGP) defines _DOD but not _DOS
[    0.616702] ACPI: video: Video Device [PEGP] (multi-head: yes  rom: no  post: no)
[    0.616796] input: Video Bus as /devices/LNXSYSTM:00/LNXSYBUS:00/PNP0A08:00/device:00/LNXVIDEO:00/input/input3
[    0.618730] ACPI: video: Video Device [GFX0] (multi-head: yes  rom: no  post: no)
[    0.618882] input: Video Bus as /devices/LNXSYSTM:00/LNXSYBUS:00/PNP0A08:00/LNXVIDEO:01/input/input4
[    0.618971] i915 display info: display version: 9
[    0.618974] i915 display info: cursor_needs_physical: no
[    0.618975] i915 display info: has_cdclk_crawl: no
[    0.618976] i915 display info: has_cdclk_squash: no
[    0.618977] i915 display info: has_ddi: yes
[    0.618978] i915 display info: has_dp_mst: yes
[    0.618978] i915 display info: has_dsb: no
[    0.618979] i915 display info: has_fpga_dbg: yes
[    0.618980] i915 display info: has_gmch: no
[    0.618981] i915 display info: has_hotplug: yes
[    0.618982] i915 display info: has_hti: no
[    0.618983] i915 display info: has_ipc: yes
[    0.618983] i915 display info: has_overlay: no
[    0.618984] i915 display info: has_psr: yes
[    0.618985] i915 display info: has_psr_hw_tracking: yes
[    0.618986] i915 display info: overlay_needs_physical: no
[    0.618987] i915 display info: supports_tv: no
[    0.618988] i915 display info: has_hdcp: yes
[    0.618989] i915 display info: has_dmc: yes
[    0.618989] i915 display info: has_dsc: no
[    0.619969] fbcon: i915drmfb (fb0) is primary device
[    0.621090] loop: module loaded
[    0.621141] mei_me 0000:00:16.0: enabling device (0000 -> 0002)
[    0.621155] rtsx_pci 0000:54:00.0: enabling device (0000 -> 0002)
[    0.632297] intel-lpss 0000:00:15.0: enabling device (0000 -> 0002)
[    0.632458] intel-lpss 0000:00:15.1: enabling device (0000 -> 0002)
[    0.632608] intel-lpss 0000:00:1e.0: enabling device (0000 -> 0002)
[    0.633397] wireguard: WireGuard 1.0.0 loaded. See www.wireguard.com for information.
[    0.633399] wireguard: Copyright (C) 2015-2019 Jason A. Donenfeld <Jason@zx2c4.com>. All Rights Reserved.
[    0.633457] nvme nvme0: pci function 0000:02:00.0
[    0.633551] tun: Universal TUN/TAP device driver, 1.6
[    0.633639] e1000e: Intel(R) PRO/1000 Network Driver
[    0.633640] e1000e: Copyright(c) 1999 - 2015 Intel Corporation.
[    0.634211] e1000e 0000:00:1f.6: Interrupt Throttling Rate (ints/sec) set to dynamic conservative mode
[    0.642992] nvme nvme0: missing or invalid SUBNQN field.
[    0.643246] nvme nvme0: Shutdown timeout set to 8 seconds
[    0.659244] nvme nvme0: 12/0/0 default/read/poll queues
[    0.663500]  nvme0n1: p1 p2 p3 p4
[    0.704122] pcieport 0000:08:04.0: pciehp: Slot(4-1): Card present
[    0.704126] pcieport 0000:08:04.0: pciehp: Slot(4-1): Link Up
[    0.775287] e1000e 0000:00:1f.6 eth0: (PCI Express:2.5GT/s:Width x1) f8:75:a4:2f:92:08
[    0.775291] e1000e 0000:00:1f.6 eth0: Intel(R) PRO/1000 Network Connection
[    0.775352] e1000e 0000:00:1f.6 eth0: MAC: 13, PHY: 12, PBA No: FFFFFF-0FF
[    0.775589] xhci_hcd 0000:00:14.0: xHCI Host Controller
[    0.775594] xhci_hcd 0000:00:14.0: new USB bus registered, assigned bus number 1
[    0.776760] xhci_hcd 0000:00:14.0: hcc params 0x200077c1 hci version 0x110 quirks 0x0000000000009810
[    0.777050] xhci_hcd 0000:00:14.0: xHCI Host Controller
[    0.777052] xhci_hcd 0000:00:14.0: new USB bus registered, assigned bus number 2
[    0.777055] xhci_hcd 0000:00:14.0: Host supports USB 3.1 Enhanced SuperSpeed
[    0.777181] usb usb1: New USB device found, idVendor=1d6b, idProduct=0002, bcdDevice= 6.08
[    0.777185] usb usb1: New USB device strings: Mfr=3, Product=2, SerialNumber=1
[    0.777187] usb usb1: Product: xHCI Host Controller
[    0.777188] usb usb1: Manufacturer: Linux 6.8.6-gentoo xhci-hcd
[    0.777189] usb usb1: SerialNumber: 0000:00:14.0
[    0.777424] hub 1-0:1.0: USB hub found
[    0.777483] hub 1-0:1.0: 16 ports detected
[    0.779946] usb usb2: New USB device found, idVendor=1d6b, idProduct=0003, bcdDevice= 6.08
[    0.779949] usb usb2: New USB device strings: Mfr=3, Product=2, SerialNumber=1
[    0.779950] usb usb2: Product: xHCI Host Controller
[    0.779951] usb usb2: Manufacturer: Linux 6.8.6-gentoo xhci-hcd
[    0.779952] usb usb2: SerialNumber: 0000:00:14.0
[    0.780076] hub 2-0:1.0: USB hub found
[    0.780096] hub 2-0:1.0: 10 ports detected
[    0.781677] xhci_hcd 0000:01:00.2: enabling device (0000 -> 0002)
[    0.781742] xhci_hcd 0000:01:00.2: xHCI Host Controller
[    0.781746] xhci_hcd 0000:01:00.2: new USB bus registered, assigned bus number 3
[    0.782364] xhci_hcd 0000:01:00.2: hcc params 0x0180ff05 hci version 0x110 quirks 0x0000000000000010
[    0.782518] xhci_hcd 0000:01:00.2: xHCI Host Controller
[    0.782521] xhci_hcd 0000:01:00.2: new USB bus registered, assigned bus number 4
[    0.782523] xhci_hcd 0000:01:00.2: Host supports USB 3.1 Enhanced SuperSpeed
[    0.782590] usb usb3: New USB device found, idVendor=1d6b, idProduct=0002, bcdDevice= 6.08
[    0.782592] usb usb3: New USB device strings: Mfr=3, Product=2, SerialNumber=1
[    0.782593] usb usb3: Product: xHCI Host Controller
[    0.782594] usb usb3: Manufacturer: Linux 6.8.6-gentoo xhci-hcd
[    0.782595] usb usb3: SerialNumber: 0000:01:00.2
[    0.782718] hub 3-0:1.0: USB hub found
[    0.782728] hub 3-0:1.0: 2 ports detected
[    0.783054] usb usb4: We don't know the algorithms for LPM for this host, disabling LPM.
[    0.783084] usb usb4: New USB device found, idVendor=1d6b, idProduct=0003, bcdDevice= 6.08
[    0.783086] usb usb4: New USB device strings: Mfr=3, Product=2, SerialNumber=1
[    0.783088] usb usb4: Product: xHCI Host Controller
[    0.783089] usb usb4: Manufacturer: Linux 6.8.6-gentoo xhci-hcd
[    0.783090] usb usb4: SerialNumber: 0000:01:00.2
[    0.783206] hub 4-0:1.0: USB hub found
[    0.783218] hub 4-0:1.0: 4 ports detected
[    0.783919] xhci_hcd 0000:2c:00.0: xHCI Host Controller
[    0.783923] xhci_hcd 0000:2c:00.0: new USB bus registered, assigned bus number 5
[    0.785152] xhci_hcd 0000:2c:00.0: hcc params 0x200077c1 hci version 0x110 quirks 0x0000000200009810
[    0.785494] xhci_hcd 0000:2c:00.0: xHCI Host Controller
[    0.785496] xhci_hcd 0000:2c:00.0: new USB bus registered, assigned bus number 6
[    0.785498] xhci_hcd 0000:2c:00.0: Host supports USB 3.1 Enhanced SuperSpeed
[    0.785597] usb usb5: New USB device found, idVendor=1d6b, idProduct=0002, bcdDevice= 6.08
[    0.785601] usb usb5: New USB device strings: Mfr=3, Product=2, SerialNumber=1
[    0.785602] usb usb5: Product: xHCI Host Controller
[    0.785603] usb usb5: Manufacturer: Linux 6.8.6-gentoo xhci-hcd
[    0.785604] usb usb5: SerialNumber: 0000:2c:00.0
[    0.785777] hub 5-0:1.0: USB hub found
[    0.785853] hub 5-0:1.0: 2 ports detected
[    0.787218] usb usb6: New USB device found, idVendor=1d6b, idProduct=0003, bcdDevice= 6.08
[    0.787220] usb usb6: New USB device strings: Mfr=3, Product=2, SerialNumber=1
[    0.787222] usb usb6: Product: xHCI Host Controller
[    0.787223] usb usb6: Manufacturer: Linux 6.8.6-gentoo xhci-hcd
[    0.787224] usb usb6: SerialNumber: 0000:2c:00.0
[    0.787346] hub 6-0:1.0: USB hub found
[    0.787383] hub 6-0:1.0: 2 ports detected
[    0.788980] i8042: PNP: PS/2 Controller [PNP0303:KBD,PNP0f13:MOU] at 0x60,0x64 irq 1,12
[    0.790524] serio: i8042 KBD port at 0x60,0x64 irq 1
[    0.790528] serio: i8042 AUX port at 0x60,0x64 irq 12
[    0.790638] mousedev: PS/2 mouse device common for all mice
[    0.791056] rtc_cmos 00:04: RTC can wake from S4
[    0.792233] rtc_cmos 00:04: registered as rtc0
[    0.792285] rtc_cmos 00:04: alarms up to one month, y3k, 242 bytes nvram
[    0.792294] i2c_dev: i2c /dev entries driver
[    0.792346] input: AT Translated Set 2 keyboard as /devices/platform/i8042/serio0/input/input5
[    0.793977] Consider using thermal netlink events interface
[    0.797445] proc_thermal 0000:00:04.0: enabling device (0000 -> 0002)
[    0.800198] intel_rapl_common: Found RAPL domain package
[    0.800201] intel_rapl_common: Found RAPL domain dram
[    0.800570] intel_pch_thermal 0000:00:12.0: enabling device (0000 -> 0002)
[    0.800723] intel_tcc_cooling: Programmable TCC Offset detected
[    0.801260] intel_pstate: Intel P-state driver initializing
[    0.802056] intel_pstate: Disabling energy efficiency optimization
[    0.802056] intel_pstate: HWP enabled
[    0.802237] hid: raw HID events driver (C) Jiri Kosina
[    0.802272] usbcore: registered new interface driver usbhid
[    0.802273] usbhid: USB HID core driver
[    0.802313] thinkpad_acpi: ThinkPad ACPI Extras v0.26
[    0.802314] thinkpad_acpi: http://ibm-acpi.sf.net/
[    0.802314] thinkpad_acpi: ThinkPad BIOS N2NET59W (1.44 ), EC N2NHT29W
[    0.802315] thinkpad_acpi: Lenovo ThinkPad P53, model 20QQS1H508
[    0.802434] thinkpad_acpi: radio switch found; radios are enabled
[    0.802438] thinkpad_acpi: This ThinkPad has standard ACPI backlight brightness control, supported by the ACPI video driver
[    0.802438] thinkpad_acpi: Disabling thinkpad-acpi brightness events by default...
[    0.803043] thinkpad_acpi: rfkill switch tpacpi_bluetooth_sw: radio is unblocked
[    0.808723] thinkpad_acpi: volume: disabled as there is no ALSA support in this kernel
[    0.811333] thinkpad_acpi: secondary fan control detected & enabled
[    0.814776] thinkpad_acpi: battery 1 registered (start 0, stop 100, behaviours: 0x7)
[    0.814782] ACPI: battery: new extension: ThinkPad Battery Extension
[    0.819495] input: ThinkPad Extra Buttons as /devices/platform/thinkpad_acpi/input/input8
[    0.837311] pci 0000:0a:00.0: [8086:15d3] type 01 class 0x060400 PCIe Switch Upstream Port
[    0.837390] pci 0000:0a:00.0: PCI bridge to [bus 00]
[    0.837409] pci 0000:0a:00.0:   bridge window [io  0x0000-0x0fff]
[    0.837417] pci 0000:0a:00.0:   bridge window [mem 0x00000000-0x000fffff]
[    0.837449] pci 0000:0a:00.0:   bridge window [mem 0x00000000-0x000fffff 64bit pref]
[    0.837487] pci 0000:0a:00.0: enabling Extended Tags
[    0.838769] pci 0000:0a:00.0: supports D1 D2
[    0.838771] pci 0000:0a:00.0: PME# supported from D0 D1 D2 D3hot D3cold
[    0.838978] pci 0000:0a:00.0: 8.000 Gb/s available PCIe bandwidth, limited by 2.5 GT/s PCIe x4 link at 0000:05:01.0 (capable of 31.504 Gb/s with 8.0 GT/s PCIe x4 link)
[    0.839196] pci 0000:0a:00.0: Adding to iommu group 24
[    0.839290] pci 0000:0a:00.0: bridge configuration invalid ([bus 00-00]), reconfiguring
[    0.839498] pci 0000:0b:00.0: [8086:15d3] type 01 class 0x060400 PCIe Switch Downstream Port
[    0.839577] pci 0000:0b:00.0: PCI bridge to [bus 00]
[    0.839595] pci 0000:0b:00.0:   bridge window [io  0x0000-0x0fff]
