[    0.000000] Linux version 6.8.6-gentoo (root@p53) (gcc (Gentoo 13.2.1_p20240210 p14) 13.2.1 20240210, GNU ld (Gentoo 2.42 p3) 2.42.0) #21 SMP PREEMPT_DYNAMIC Thu Apr 18 15:29:42 -00 2024
[    0.000000] Command line: BOOT_IMAGE=/kernel-6.8.6-gt-64g.efi root=PARTUUID=a8f4911b-b44b-466a-9c9c-d30789efbe40 ro
[    0.000000] BIOS-provided physical RAM map:
[    0.000000] BIOS-e820: [mem 0x0000000000000000-0x000000000009efff] usable
[    0.000000] BIOS-e820: [mem 0x000000000009f000-0x00000000000fffff] reserved
[    0.000000] BIOS-e820: [mem 0x0000000000100000-0x000000006f23bfff] usable
[    0.000000] BIOS-e820: [mem 0x000000006f23c000-0x000000006f23cfff] reserved
[    0.000000] BIOS-e820: [mem 0x000000006f23d000-0x000000007a792fff] usable
[    0.000000] BIOS-e820: [mem 0x000000007a793000-0x000000007fa6cfff] reserved
[    0.000000] BIOS-e820: [mem 0x000000007fa6d000-0x000000007fca9fff] ACPI NVS
[    0.000000] BIOS-e820: [mem 0x000000007fcaa000-0x000000007fd0efff] ACPI data
[    0.000000] BIOS-e820: [mem 0x000000007fd0f000-0x000000007fd0ffff] usable
[    0.000000] BIOS-e820: [mem 0x000000007fd10000-0x0000000087ffffff] reserved
[    0.000000] BIOS-e820: [mem 0x0000000088000000-0x00000000887fffff] usable
[    0.000000] BIOS-e820: [mem 0x0000000088800000-0x000000008f7fffff] reserved
[    0.000000] BIOS-e820: [mem 0x00000000fe010000-0x00000000fe010fff] reserved
[    0.000000] BIOS-e820: [mem 0x0000000100000000-0x000000106e7fffff] usable
[    0.000000] NX (Execute Disable) protection: active
[    0.000000] APIC: Static calls initialized
[    0.000000] efi: EFI v2.6 by Lenovo
[    0.000000] efi: SMBIOS=0x7cebe000 SMBIOS 3.0=0x7ceb1000 ACPI=0x7fd0e000 ACPI 2.0=0x7fd0e014 MEMATTR=0x74fd4018 ESRT=0x7cc96000 RNG=0x7fd0d018 
[    0.000000] random: crng init done
[    0.000000] efi: Not removing mem58: MMIO range=[0xfe010000-0xfe010fff] (4KB) from e820 map
[    0.000000] SMBIOS 3.1.1 present.
[    0.000000] DMI: LENOVO 20QQS1H508/20QQS1H508, BIOS N2NET59W (1.44 ) 02/21/2024
[    0.000000] tsc: Detected 2600.000 MHz processor
[    0.000000] tsc: Detected 2599.992 MHz TSC
[    0.000003] e820: update [mem 0x00000000-0x00000fff] usable ==> reserved
[    0.000006] e820: remove [mem 0x000a0000-0x000fffff] usable
[    0.000011] last_pfn = 0x106e800 max_arch_pfn = 0x400000000
[    0.000015] MTRR map: 5 entries (3 fixed + 2 variable; max 23), built from 10 variable MTRRs
[    0.000017] x86/PAT: Configuration [0-7]: WB  WC  UC- UC  WB  WP  UC- WT  
[    0.000365] last_pfn = 0x88800 max_arch_pfn = 0x400000000
[    0.008183] esrt: Reserving ESRT space from 0x000000007cc96000 to 0x000000007cc960b0.
[    0.008189] Using GB pages for direct mapping
[    0.008409] Secure boot disabled
[    0.008410] ACPI: Early table checksum verification disabled
[    0.008413] ACPI: RSDP 0x000000007FD0E014 000024 (v02 LENOVO)
[    0.008417] ACPI: XSDT 0x000000007FD0C188 000114 (v01 LENOVO TP-N2N   00001440 PTEC 00000002)
[    0.008422] ACPI: FACP 0x000000007CCC9000 000114 (v06 LENOVO TP-N2N   00001440 PTEC 00000002)
[    0.008427] ACPI: DSDT 0x000000007CC9D000 027A69 (v02 LENOVO CFL      20170001 INTL 20160422)
[    0.008430] ACPI: FACS 0x000000007FAEB000 000040
[    0.008432] ACPI: SSDT 0x000000007CD20000 001B26 (v02 LENOVO CpuSsdt  00003000 INTL 20160527)
[    0.008435] ACPI: SSDT 0x000000007CD1F000 00056D (v02 LENOVO CtdpB    00001000 INTL 20160527)
[    0.008438] ACPI: SSDT 0x000000007CCE5000 004020 (v02 LENOVO DptfTabl 00001000 INTL 20160527)
[    0.008440] ACPI: SSDT 0x000000007CCCF000 003189 (v02 LENOVO SaSsdt   00003000 INTL 20160527)
[    0.008443] ACPI: SSDT 0x000000007CCCC000 002A59 (v02 LENOVO PegSsdt  00001000 INTL 20160527)
[    0.008446] ACPI: UEFI 0x000000007FB0C000 000042 (v01 LENOVO TP-N2N   00001440 PTEC 00000002)
[    0.008448] ACPI: SSDT 0x000000007CCCA000 000530 (v02 LENOVO PerfTune 00001000 INTL 20160527)
[    0.008451] ACPI: HPET 0x000000007CCC8000 000038 (v01 LENOVO TP-N2N   00001440 PTEC 00000002)
[    0.008453] ACPI: APIC 0x000000007CCC7000 00012C (v03 LENOVO TP-N2N   00001440 PTEC 00000002)
[    0.008456] ACPI: MCFG 0x000000007CCC6000 00003C (v01 LENOVO TP-N2N   00001440 PTEC 00000002)
[    0.008459] ACPI: ECDT 0x000000007CCC5000 000053 (v01 LENOVO TP-N2N   00001440 PTEC 00000002)
[    0.008461] ACPI: SSDT 0x000000007CC9B000 001A5F (v02 LENOVO CflH_Tbt 00001000 INTL 20160527)
[    0.008464] ACPI: SSDT 0x000000007CC98000 002990 (v02 LENOVO ProjSsdt 00000010 INTL 20160527)
[    0.008466] ACPI: BOOT 0x000000007CC97000 000028 (v01 LENOVO TP-N2N   00001440 PTEC 00000002)
[    0.008469] ACPI: SLIC 0x000000007CC95000 000176 (v01 LENOVO TP-N2N   00001440 PTEC 00000002)
[    0.008471] ACPI: SSDT 0x000000007CC94000 000E8A (v02 LENOVO UsbCTabl 00001000 INTL 20160527)
[    0.008474] ACPI: LPIT 0x000000007CC93000 000094 (v01 LENOVO TP-N2N   00001440 PTEC 00000002)
[    0.008477] ACPI: WSMT 0x000000007CC92000 000028 (v01 LENOVO TP-N2N   00001440 PTEC 00000002)
[    0.008480] ACPI: SSDT 0x000000007CC90000 001667 (v02 LENOVO TbtTypeC 00000000 INTL 20160527)
[    0.008484] ACPI: DBGP 0x000000007CC8F000 000034 (v01 LENOVO TP-N2N   00001440 PTEC 00000002)
[    0.008487] ACPI: DBG2 0x000000007CC8E000 000054 (v00 LENOVO TP-N2N   00001440 PTEC 00000002)
[    0.008490] ACPI: MSDM 0x000000007CC8D000 000055 (v03 LENOVO TP-N2N   00001440 PTEC 00000002)
[    0.008492] ACPI: BATB 0x000000007CAAF000 00004A (v02 LENOVO TP-N2N   00001440 PTEC 00000002)
[    0.008495] ACPI: SSDT 0x000000007ACA7000 001DB5 (v01 LENOVO NvOptTbl 00001000 INTL 20160527)
[    0.008498] ACPI: SSDT 0x000000007ACA6000 0000AE (v02 LENOVO SgPeg    00001000 INTL 20160527)
[    0.008500] ACPI: DMAR 0x000000007ACA9000 0000C8 (v01 LENOVO TP-N2N   00001440 PTEC 00000002)
[    0.008503] ACPI: ASF! 0x000000007ACA5000 0000A0 (v32 LENOVO TP-N2N   00001440 PTEC 00000002)
[    0.008505] ACPI: FPDT 0x000000007ACA4000 000034 (v01 LENOVO TP-N2N   00001440 PTEC 00000002)
[    0.008508] ACPI: UEFI 0x000000007FAB7000 00012A (v01 LENOVO TP-N2N   00001440 PTEC 00000002)
[    0.008510] ACPI: Reserving FACP table memory at [mem 0x7ccc9000-0x7ccc9113]
[    0.008512] ACPI: Reserving DSDT table memory at [mem 0x7cc9d000-0x7ccc4a68]
[    0.008513] ACPI: Reserving FACS table memory at [mem 0x7faeb000-0x7faeb03f]
[    0.008514] ACPI: Reserving SSDT table memory at [mem 0x7cd20000-0x7cd21b25]
[    0.008515] ACPI: Reserving SSDT table memory at [mem 0x7cd1f000-0x7cd1f56c]
[    0.008515] ACPI: Reserving SSDT table memory at [mem 0x7cce5000-0x7cce901f]
[    0.008516] ACPI: Reserving SSDT table memory at [mem 0x7cccf000-0x7ccd2188]
[    0.008517] ACPI: Reserving SSDT table memory at [mem 0x7cccc000-0x7cccea58]
[    0.008518] ACPI: Reserving UEFI table memory at [mem 0x7fb0c000-0x7fb0c041]
[    0.008519] ACPI: Reserving SSDT table memory at [mem 0x7ccca000-0x7ccca52f]
[    0.008520] ACPI: Reserving HPET table memory at [mem 0x7ccc8000-0x7ccc8037]
[    0.008521] ACPI: Reserving APIC table memory at [mem 0x7ccc7000-0x7ccc712b]
[    0.008522] ACPI: Reserving MCFG table memory at [mem 0x7ccc6000-0x7ccc603b]
[    0.008522] ACPI: Reserving ECDT table memory at [mem 0x7ccc5000-0x7ccc5052]
[    0.008523] ACPI: Reserving SSDT table memory at [mem 0x7cc9b000-0x7cc9ca5e]
[    0.008524] ACPI: Reserving SSDT table memory at [mem 0x7cc98000-0x7cc9a98f]
[    0.008525] ACPI: Reserving BOOT table memory at [mem 0x7cc97000-0x7cc97027]
[    0.008526] ACPI: Reserving SLIC table memory at [mem 0x7cc95000-0x7cc95175]
[    0.008527] ACPI: Reserving SSDT table memory at [mem 0x7cc94000-0x7cc94e89]
[    0.008528] ACPI: Reserving LPIT table memory at [mem 0x7cc93000-0x7cc93093]
[    0.008529] ACPI: Reserving WSMT table memory at [mem 0x7cc92000-0x7cc92027]
[    0.008529] ACPI: Reserving SSDT table memory at [mem 0x7cc90000-0x7cc91666]
[    0.008530] ACPI: Reserving DBGP table memory at [mem 0x7cc8f000-0x7cc8f033]
[    0.008531] ACPI: Reserving DBG2 table memory at [mem 0x7cc8e000-0x7cc8e053]
[    0.008532] ACPI: Reserving MSDM table memory at [mem 0x7cc8d000-0x7cc8d054]
[    0.008533] ACPI: Reserving BATB table memory at [mem 0x7caaf000-0x7caaf049]
[    0.008534] ACPI: Reserving SSDT table memory at [mem 0x7aca7000-0x7aca8db4]
[    0.008535] ACPI: Reserving SSDT table memory at [mem 0x7aca6000-0x7aca60ad]
[    0.008536] ACPI: Reserving DMAR table memory at [mem 0x7aca9000-0x7aca90c7]
[    0.008537] ACPI: Reserving ASF! table memory at [mem 0x7aca5000-0x7aca509f]
[    0.008537] ACPI: Reserving FPDT table memory at [mem 0x7aca4000-0x7aca4033]
[    0.008538] ACPI: Reserving UEFI table memory at [mem 0x7fab7000-0x7fab7129]
[    0.008606] Zone ranges:
[    0.008607]   DMA      [mem 0x0000000000001000-0x0000000000ffffff]
[    0.008609]   DMA32    [mem 0x0000000001000000-0x00000000ffffffff]
[    0.008611]   Normal   [mem 0x0000000100000000-0x000000106e7fffff]
[    0.008612] Movable zone start for each node
[    0.008613] Early memory node ranges
[    0.008613]   node   0: [mem 0x0000000000001000-0x000000000009efff]
[    0.008615]   node   0: [mem 0x0000000000100000-0x000000006f23bfff]
[    0.008616]   node   0: [mem 0x000000006f23d000-0x000000007a792fff]
[    0.008617]   node   0: [mem 0x000000007fd0f000-0x000000007fd0ffff]
[    0.008618]   node   0: [mem 0x0000000088000000-0x00000000887fffff]
[    0.008619]   node   0: [mem 0x0000000100000000-0x000000106e7fffff]
[    0.008624] Initmem setup node 0 [mem 0x0000000000001000-0x000000106e7fffff]
[    0.008628] On node 0, zone DMA: 1 pages in unavailable ranges
[    0.008650] On node 0, zone DMA: 97 pages in unavailable ranges
[    0.011328] On node 0, zone DMA32: 1 pages in unavailable ranges
[    0.011642] On node 0, zone DMA32: 21884 pages in unavailable ranges
[    0.011665] On node 0, zone DMA32: 752 pages in unavailable ranges
[    0.099182] On node 0, zone Normal: 30720 pages in unavailable ranges
[    0.099268] On node 0, zone Normal: 6144 pages in unavailable ranges
[    0.099322] Reserving Intel graphics memory at [mem 0x8b800000-0x8f7fffff]
[    0.099986] ACPI: PM-Timer IO Port: 0x1808
[    0.099992] ACPI: LAPIC_NMI (acpi_id[0x01] high edge lint[0x1])
[    0.099993] ACPI: LAPIC_NMI (acpi_id[0x02] high edge lint[0x1])
[    0.099994] ACPI: LAPIC_NMI (acpi_id[0x03] high edge lint[0x1])
[    0.099995] ACPI: LAPIC_NMI (acpi_id[0x04] high edge lint[0x1])
[    0.099996] ACPI: LAPIC_NMI (acpi_id[0x05] high edge lint[0x1])
[    0.099996] ACPI: LAPIC_NMI (acpi_id[0x06] high edge lint[0x1])
[    0.099997] ACPI: LAPIC_NMI (acpi_id[0x07] high edge lint[0x1])
[    0.099998] ACPI: LAPIC_NMI (acpi_id[0x08] high edge lint[0x1])
[    0.099999] ACPI: LAPIC_NMI (acpi_id[0x09] high edge lint[0x1])
[    0.100000] ACPI: LAPIC_NMI (acpi_id[0x0a] high edge lint[0x1])
[    0.100000] ACPI: LAPIC_NMI (acpi_id[0x0b] high edge lint[0x1])
[    0.100001] ACPI: LAPIC_NMI (acpi_id[0x0c] high edge lint[0x1])
[    0.100002] ACPI: LAPIC_NMI (acpi_id[0x0d] high edge lint[0x1])
[    0.100003] ACPI: LAPIC_NMI (acpi_id[0x0e] high edge lint[0x1])
[    0.100003] ACPI: LAPIC_NMI (acpi_id[0x0f] high edge lint[0x1])
[    0.100004] ACPI: LAPIC_NMI (acpi_id[0x10] high edge lint[0x1])
[    0.100045] IOAPIC[0]: apic_id 2, version 32, address 0xfec00000, GSI 0-119
[    0.100048] ACPI: INT_SRC_OVR (bus 0 bus_irq 0 global_irq 2 dfl dfl)
[    0.100050] ACPI: INT_SRC_OVR (bus 0 bus_irq 9 global_irq 9 high level)
[    0.100054] ACPI: Using ACPI (MADT) for SMP configuration information
[    0.100055] ACPI: HPET id: 0x8086a201 base: 0xfed00000
[    0.100058] TSC deadline timer available
[    0.100058] smpboot: Allowing 12 CPUs, 0 hotplug CPUs
[    0.100071] [mem 0x8f800000-0xfe00ffff] available for PCI devices
[    0.100073] clocksource: refined-jiffies: mask: 0xffffffff max_cycles: 0xffffffff, max_idle_ns: 6370452778343963 ns
[    0.106748] setup_percpu: NR_CPUS:16 nr_cpumask_bits:12 nr_cpu_ids:12 nr_node_ids:1
[    0.107312] percpu: Embedded 55 pages/cpu s187240 r8192 d29848 u262144
[    0.107318] pcpu-alloc: s187240 r8192 d29848 u262144 alloc=1*2097152
[    0.107321] pcpu-alloc: [0] 00 01 02 03 04 05 06 07 [0] 08 09 10 11 -- -- -- -- 
[    0.107342] Kernel command line: root=/dev/nvme0n1p2 net.ifnames=0 vt.global_cursor_default=0 consoleblank=180 init=/lib/systemd/systemd button.lid_init_state=open i915.enable_guc=2 i915.enable_fbc=1 pci=realloc=on,hpiosize=64K,hpmemsize=64M,hpmmioprefsize=64G,pcie_scan_all,hpbussize=0x33 BOOT_IMAGE=/kernel-6.8.6-gt-64g.efi root=PARTUUID=a8f4911b-b44b-466a-9c9c-d30789efbe40 ro
[    0.107364] ACPI: button: Initial lid state set to 'open'
[    0.107366] Setting dangerous option i915.enable_guc - tainting kernel
[    0.107368] Setting dangerous option i915.enable_fbc - tainting kernel
[    0.107393] Unknown kernel command line parameters "BOOT_IMAGE=/kernel-6.8.6-gt-64g.efi", will be passed to user space.
[    0.107420] printk: log_buf_len individual max cpu contribution: 65536 bytes
[    0.107422] printk: log_buf_len total cpu_extra contributions: 720896 bytes
[    0.107422] printk: log_buf_len min size: 262144 bytes
[    0.108097] printk: log_buf_len: 1048576 bytes
[    0.108098] printk: early log buf free: 249968(95%)
[    0.113434] Dentry cache hash table entries: 8388608 (order: 14, 67108864 bytes, linear)
[    0.116098] Inode-cache hash table entries: 4194304 (order: 13, 33554432 bytes, linear)
[    0.116231] Built 1 zonelists, mobility grouping on.  Total pages: 16423988
[    0.116233] mem auto-init: stack:off, heap alloc:off, heap free:off
[    0.116237] software IO TLB: area num 16.
[    0.236373] Memory: 65392604K/66739396K available (16384K kernel code, 2479K rwdata, 6976K rodata, 1304K init, 1140K bss, 1346532K reserved, 0K cma-reserved)
[    0.236423] SLUB: HWalign=64, Order=0-3, MinObjects=0, CPUs=12, Nodes=1
[    0.237343] Dynamic Preempt: voluntary
[    0.237388] rcu: Preemptible hierarchical RCU implementation.
[    0.237389] rcu: 	RCU restricting CPUs from NR_CPUS=16 to nr_cpu_ids=12.
[    0.237390] 	Trampoline variant of Tasks RCU enabled.
[    0.237391] 	Tracing variant of Tasks RCU enabled.
[    0.237392] rcu: RCU calculated value of scheduler-enlistment delay is 30 jiffies.
[    0.237393] rcu: Adjusting geometry for rcu_fanout_leaf=16, nr_cpu_ids=12
[    0.238599] NR_IRQS: 4352, nr_irqs: 2152, preallocated irqs: 16
[    0.238869] rcu: srcu_init: Setting srcu_struct sizes based on contention.
[    0.239087] Console: colour dummy device 80x25
[    0.239090] printk: legacy console [tty0] enabled
[    0.239429] ACPI: Core revision 20230628
[    0.239729] hpet: HPET dysfunctional in PC10. Force disabled.
[    0.239732] APIC: Switch to symmetric I/O mode setup
[    0.239735] DMAR: Host address width 39
[    0.239737] DMAR: DRHD base: 0x000000fed90000 flags: 0x0
[    0.239745] DMAR: dmar0: reg_base_addr fed90000 ver 1:0 cap 1c0000c40660462 ecap 19e2ff0505e
[    0.239750] DMAR: DRHD base: 0x000000fed91000 flags: 0x1
[    0.239755] DMAR: dmar1: reg_base_addr fed91000 ver 1:0 cap d2008c40660462 ecap f050da
[    0.239760] DMAR: RMRR base: 0x0000007f9aa000 end: 0x0000007f9c9fff
[    0.239763] DMAR: RMRR base: 0x0000008b000000 end: 0x0000008f7fffff
[    0.239765] DMAR: RMRR base: 0x0000007f9db000 end: 0x0000007fa5afff
[    0.239769] DMAR-IR: IOAPIC id 2 under DRHD base  0xfed91000 IOMMU 1
[    0.239772] DMAR-IR: HPET id 0 under DRHD base 0xfed91000
[    0.241678] DMAR-IR: Enabled IRQ remapping in xapic mode
[    0.241701] APIC: Switched APIC routing to: physical flat
[    0.246515] clocksource: tsc-early: mask: 0xffffffffffffffff max_cycles: 0x257a34a6eea, max_idle_ns: 440795264358 ns
[    0.246522] Calibrating delay loop (skipped), value calculated using timer frequency.. 5202.65 BogoMIPS (lpj=8666640)
[    0.246551] CPU0: Thermal monitoring enabled (TM1)
[    0.246603] process: using mwait in idle threads
[    0.246608] Last level iTLB entries: 4KB 64, 2MB 8, 4MB 8
[    0.246610] Last level dTLB entries: 4KB 64, 2MB 0, 4MB 0, 1GB 4
[    0.246615] Spectre V1 : Mitigation: usercopy/swapgs barriers and __user pointer sanitization
[    0.246620] Spectre V2 : WARNING: Unprivileged eBPF is enabled with eIBRS on, data leaks possible via Spectre v2 BHB attacks!
[    0.246624] Spectre V2 : Spectre BHI mitigation: SW BHB clearing on vm exit
[    0.246626] Spectre V2 : Mitigation: Enhanced / Automatic IBRS
[    0.246628] Spectre V2 : Spectre v2 / SpectreRSB mitigation: Filling RSB on context switch
[    0.246631] Spectre V2 : Spectre v2 / PBRSB-eIBRS: Retire a single CALL on VMEXIT
[    0.246634] RETBleed: Mitigation: Enhanced IBRS
[    0.246637] Spectre V2 : mitigation: Enabling conditional Indirect Branch Prediction Barrier
[    0.246642] Speculative Store Bypass: Mitigation: Speculative Store Bypass disabled via prctl
[    0.246645] TAA: Mitigation: TSX disabled
[    0.246647] MMIO Stale Data: Mitigation: Clear CPU buffers
[    0.246650] SRBDS: Mitigation: Microcode
[    0.246653] GDS: Mitigation: Microcode
[    0.246658] x86/fpu: Supporting XSAVE feature 0x001: 'x87 floating point registers'
[    0.246662] x86/fpu: Supporting XSAVE feature 0x002: 'SSE registers'
[    0.246665] x86/fpu: Supporting XSAVE feature 0x004: 'AVX registers'
[    0.246667] x86/fpu: Supporting XSAVE feature 0x008: 'MPX bounds registers'
[    0.246670] x86/fpu: Supporting XSAVE feature 0x010: 'MPX CSR'
[    0.246672] x86/fpu: xstate_offset[2]:  576, xstate_sizes[2]:  256
[    0.246675] x86/fpu: xstate_offset[3]:  832, xstate_sizes[3]:   64
[    0.246678] x86/fpu: xstate_offset[4]:  896, xstate_sizes[4]:   64
[    0.246681] x86/fpu: Enabled xstate features 0x1f, context size is 960 bytes, using 'compacted' format.
[    0.247145] Freeing SMP alternatives memory: 48K
[    0.247148] pid_max: default: 32768 minimum: 301
[    0.249855] Mount-cache hash table entries: 131072 (order: 8, 1048576 bytes, linear)
[    0.249855] Mountpoint-cache hash table entries: 131072 (order: 8, 1048576 bytes, linear)
[    0.249855] smpboot: CPU0: Intel(R) Core(TM) i7-9850H CPU @ 2.60GHz (family: 0x6, model: 0x9e, stepping: 0xd)
[    0.249855] RCU Tasks: Setting shift to 4 and lim to 1 rcu_task_cb_adjust=1.
[    0.249855] RCU Tasks Trace: Setting shift to 4 and lim to 1 rcu_task_cb_adjust=1.
[    0.249855] Performance Events: PEBS fmt3+, Skylake events, 32-deep LBR, full-width counters, Intel PMU driver.
[    0.249855] ... version:                4
[    0.249855] ... bit width:              48
[    0.249855] ... generic registers:      4
[    0.249855] ... value mask:             0000ffffffffffff
[    0.249855] ... max period:             00007fffffffffff
[    0.249855] ... fixed-purpose events:   3
[    0.249855] ... event mask:             000000070000000f
[    0.249855] signal: max sigframe size: 2032
[    0.249855] Estimated ratio of average max frequency by base frequency (times 1024): 1693
[    0.249855] rcu: Hierarchical SRCU implementation.
[    0.249855] rcu: 	Max phase no-delay instances is 1000.
[    0.249855] smp: Bringing up secondary CPUs ...
[    0.249855] smpboot: x86: Booting SMP configuration:
[    0.249855] .... node  #0, CPUs:        #1  #2  #3  #4  #5  #6  #7  #8  #9 #10 #11
[    0.250578] MMIO Stale Data CPU bug present and SMT on, data leak possible. See https://www.kernel.org/doc/html/latest/admin-guide/hw-vuln/processor_mmio_stale_data.html for more details.
[    0.250578] smp: Brought up 1 node, 12 CPUs
[    0.250578] smpboot: Max logical packages: 1
[    0.250578] smpboot: Total of 12 processors activated (62424.80 BogoMIPS)
[    0.255394] devtmpfs: initialized
[    0.255394] ACPI: PM: Registering ACPI NVS region [mem 0x7fa6d000-0x7fca9fff] (2347008 bytes)
[    0.255394] clocksource: jiffies: mask: 0xffffffff max_cycles: 0xffffffff, max_idle_ns: 6370867519511994 ns
[    0.255394] futex hash table entries: 4096 (order: 6, 262144 bytes, linear)
[    0.255394] pinctrl core: initialized pinctrl subsystem
[    0.255394] NET: Registered PF_NETLINK/PF_ROUTE protocol family
[    0.255394] thermal_sys: Registered thermal governor 'step_wise'
[    0.255394] thermal_sys: Registered thermal governor 'user_space'
[    0.255394] cpuidle: using governor ladder
[    0.255394] cpuidle: using governor menu
[    0.255394] Simple Boot Flag at 0x47 set to 0x1
[    0.255394] ACPI FADT declares the system doesn't support PCIe ASPM, so disable it
[    0.255394] acpiphp: ACPI Hot Plug PCI Controller Driver version: 0.5
[    0.256541] PCI: ECAM [mem 0xf0000000-0xf7ffffff] (base 0xf0000000) for domain 0000 [bus 00-7f]
[    0.256548] PCI: not using ECAM ([mem 0xf0000000-0xf7ffffff] not reserved)
[    0.256551] PCI: Using configuration type 1 for base access
[    0.256648] HugeTLB: registered 1.00 GiB page size, pre-allocated 0 pages
[    0.256648] HugeTLB: 16380 KiB vmemmap can be freed for a 1.00 GiB page
[    0.256648] HugeTLB: registered 2.00 MiB page size, pre-allocated 0 pages
[    0.256648] HugeTLB: 28 KiB vmemmap can be freed for a 2.00 MiB page
[    0.256648] cryptd: max_cpu_qlen set to 1000
[    0.256648] gpio-f7188x: Unsupported Fintek device 0xffff
[    0.256663] gpio-f7188x: Unsupported Fintek device 0x2011
[    0.256705] ACPI: Added _OSI(Module Device)
[    0.256708] ACPI: Added _OSI(Processor Device)
[    0.256710] ACPI: Added _OSI(3.0 _SCP Extensions)
[    0.256712] ACPI: Added _OSI(Processor Aggregator Device)
[    0.300290] ACPI: 13 ACPI AML tables successfully acquired and loaded
[    0.301228] ACPI: EC: EC started
[    0.301231] ACPI: EC: interrupt blocked
[    0.301908] ACPI: EC: EC_CMD/EC_SC=0x66, EC_DATA=0x62
[    0.301911] ACPI: EC: Boot ECDT EC used to handle transactions
[    0.302116] ACPI: [Firmware Bug]: BIOS _OSI(Linux) query ignored
[    0.403671] ACPI: Dynamic OEM Table Load:
[    0.403684] ACPI: SSDT 0xFFFF8EE7C1047800 000400 (v02 PmRef  Cpu0Cst  00003001 INTL 20160527)
[    0.404653] ACPI: Dynamic OEM Table Load:
[    0.404663] ACPI: SSDT 0xFFFF8EE7C104D800 000600 (v02 PmRef  Cpu0Ist  00003000 INTL 20160527)
[    0.405652] ACPI: Dynamic OEM Table Load:
[    0.405660] ACPI: SSDT 0xFFFF8EE7C01E8500 0000F4 (v02 PmRef  Cpu0Psd  00003000 INTL 20160527)
[    0.407029] ACPI: Dynamic OEM Table Load:
[    0.407037] ACPI: SSDT 0xFFFF8EE7C01C9E00 000149 (v02 PmRef  Cpu0Hwp  00003000 INTL 20160527)
[    0.407924] ACPI: Dynamic OEM Table Load:
[    0.407934] ACPI: SSDT 0xFFFF8EE7C104E000 000724 (v02 PmRef  HwpLvt   00003000 INTL 20160527)
[    0.409005] ACPI: Dynamic OEM Table Load:
[    0.409015] ACPI: SSDT 0xFFFF8EE7C104F800 0005FC (v02 PmRef  ApIst    00003000 INTL 20160527)
[    0.410036] ACPI: Dynamic OEM Table Load:
[    0.410045] ACPI: SSDT 0xFFFF8EE7C1047C00 000317 (v02 PmRef  ApHwp    00003000 INTL 20160527)
[    0.411050] ACPI: Dynamic OEM Table Load:
[    0.411060] ACPI: SSDT 0xFFFF8EE7C012E000 000AB0 (v02 PmRef  ApPsd    00003000 INTL 20160527)
[    0.412406] ACPI: Dynamic OEM Table Load:
[    0.412416] ACPI: SSDT 0xFFFF8EE7C1220000 00030A (v02 PmRef  ApCst    00003000 INTL 20160527)
[    0.416209] ACPI: _OSC evaluated successfully for all CPUs
[    0.416213] ACPI: Interpreter enabled
[    0.416245] ACPI: PM: (supports S0 S3 S5)
[    0.416248] ACPI: Using IOAPIC for interrupt routing
[    0.416281] PCI: ECAM [mem 0xf0000000-0xf7ffffff] (base 0xf0000000) for domain 0000 [bus 00-7f]
[    0.417172] PCI: ECAM [mem 0xf0000000-0xf7ffffff] reserved as ACPI motherboard resource
[    0.417183] PCI: Using host bridge windows from ACPI; if necessary, use "pci=nocrs" and report a bug
[    0.417187] PCI: Ignoring E820 reservations for host bridge windows
[    0.417579] ACPI: Enabled 13 GPEs in block 00 to 7F
[    0.418876] ACPI: \_SB_.PCI0.PEG0.PG00: New power resource
[    0.419931] ACPI: \_SB_.PCI0.PEG1.PG01: New power resource
[    0.420208] ACPI: \_SB_.PCI0.PEG2.PG02: New power resource
[    0.423971] ACPI: \_SB_.PCI0.XHC_.PUBS: New power resource
[    0.426318] ACPI: \_SB_.PCI0.XDCI.USBC: New power resource
[    0.426690] ACPI: \_SB_.PCI0.RP01.PXP_: New power resource
[    0.429652] ACPI: \_SB_.PCI0.RP07.PXP_: New power resource
[    0.433813] ACPI: \_SB_.PCI0.SAT0.VOL0.V0PR: New power resource
[    0.433967] ACPI: \_SB_.PCI0.SAT0.VOL1.V1PR: New power resource
[    0.434115] ACPI: \_SB_.PCI0.SAT0.VOL2.V2PR: New power resource
[    0.438929] ACPI: \_SB_.PCI0.CNVW.WRST: New power resource
[    0.441665] ACPI: \PIN_: New power resource
[    0.441688] ACPI: \PINP: New power resource
[    0.442114] ACPI: PCI Root Bridge [PCI0] (domain 0000 [bus 00-7e])
[    0.442123] acpi PNP0A08:00: _OSC: OS supports [ExtendedConfig ASPM ClockPM Segments MSI HPX-Type3]
[    0.443479] acpi PNP0A08:00: _OSC: platform does not support [AER]
[    0.446178] acpi PNP0A08:00: _OSC: OS now controls [PCIeHotplug PME PCIeCapability LTR]
[    0.446182] acpi PNP0A08:00: FADT indicates ASPM is unsupported, using BIOS configuration
[    0.448655] PCI host bridge to bus 0000:00
[    0.448659] pci_bus 0000:00: root bus resource [io  0x0000-0x0cf7 window]
[    0.448664] pci_bus 0000:00: root bus resource [io  0x0d00-0xffff window]
[    0.448667] pci_bus 0000:00: root bus resource [mem 0x000a0000-0x000bffff window]
[    0.448670] pci_bus 0000:00: root bus resource [mem 0x8f800000-0xefffffff window]
[    0.448673] pci_bus 0000:00: root bus resource [mem 0x4000000000-0x7fffffffff window]
[    0.448677] pci_bus 0000:00: root bus resource [mem 0xfc800000-0xfe7fffff window]
[    0.448680] pci_bus 0000:00: root bus resource [bus 00-7e]
[    0.448706] pci 0000:00:00.0: [8086:3ec4] type 00 class 0x060000 conventional PCI endpoint
[    0.448784] pci 0000:00:01.0: [8086:1901] type 01 class 0x060400 PCIe Root Port
[    0.448800] pci 0000:00:01.0: PCI bridge to [bus 01]
[    0.448804] pci 0000:00:01.0:   bridge window [io  0x2000-0x2fff]
[    0.448808] pci 0000:00:01.0:   bridge window [mem 0xbd000000-0xbe0fffff]
[    0.448815] pci 0000:00:01.0:   bridge window [mem 0x90000000-0xa1ffffff 64bit pref]
[    0.448844] pci 0000:00:01.0: PME# supported from D0 D3hot D3cold
[    0.449186] pci 0000:00:02.0: [8086:3e9b] type 00 class 0x030000 PCIe Root Complex Integrated Endpoint
[    0.449198] pci 0000:00:02.0: BAR 0 [mem 0x6040000000-0x6040ffffff 64bit]
[    0.449205] pci 0000:00:02.0: BAR 2 [mem 0x4000000000-0x400fffffff 64bit pref]
[    0.449211] pci 0000:00:02.0: BAR 4 [io  0x3000-0x303f]
[    0.449228] pci 0000:00:02.0: BAR 2: assigned to efifb
[    0.449232] pci 0000:00:02.0: Video device with shadowed ROM at [mem 0x000c0000-0x000dffff]
[    0.449388] pci 0000:00:04.0: [8086:1903] type 00 class 0x118000 conventional PCI endpoint
[    0.449400] pci 0000:00:04.0: BAR 0 [mem 0x6041000000-0x6041007fff 64bit]
[    0.449666] pci 0000:00:08.0: [8086:1911] type 00 class 0x088000 conventional PCI endpoint
[    0.449677] pci 0000:00:08.0: BAR 0 [mem 0x6041011000-0x6041011fff 64bit]
[    0.449800] pci 0000:00:12.0: [8086:a379] type 00 class 0x118000 conventional PCI endpoint
[    0.449818] pci 0000:00:12.0: BAR 0 [mem 0x6041010000-0x6041010fff 64bit]
[    0.449983] pci 0000:00:14.0: [8086:a36d] type 00 class 0x0c0330 conventional PCI endpoint
[    0.450001] pci 0000:00:14.0: BAR 0 [mem 0xbe220000-0xbe22ffff 64bit]
[    0.450060] pci 0000:00:14.0: PME# supported from D3hot D3cold
[    0.450471] pci 0000:00:14.2: [8086:a36f] type 00 class 0x050000 conventional PCI endpoint
[    0.450504] pci 0000:00:14.2: BAR 0 [mem 0x6041008000-0x6041009fff 64bit]
[    0.450516] pci 0000:00:14.2: BAR 2 [mem 0x604100f000-0x604100ffff 64bit]
[    0.450659] pci 0000:00:15.0: [8086:a368] type 00 class 0x0c8000 conventional PCI endpoint
[    0.450684] pci 0000:00:15.0: BAR 0 [mem 0x604100e000-0x604100efff 64bit]
[    0.451005] pci 0000:00:15.1: [8086:a369] type 00 class 0x0c8000 conventional PCI endpoint
[    0.451031] pci 0000:00:15.1: BAR 0 [mem 0x604100d000-0x604100dfff 64bit]
[    0.451377] pci 0000:00:16.0: [8086:a360] type 00 class 0x078000 conventional PCI endpoint
[    0.451402] pci 0000:00:16.0: BAR 0 [mem 0x604100c000-0x604100cfff 64bit]
[    0.451480] pci 0000:00:16.0: PME# supported from D3hot
[    0.451726] pci 0000:00:16.3: [8086:a363] type 00 class 0x070002 conventional PCI endpoint
[    0.451751] pci 0000:00:16.3: BAR 0 [io  0x3060-0x3067]
[    0.451760] pci 0000:00:16.3: BAR 1 [mem 0xbe231000-0xbe231fff]
[    0.451925] pci 0000:00:1b.0: [8086:a340] type 01 class 0x060400 PCIe Root Port
[    0.451959] pci 0000:00:1b.0: PCI bridge to [bus 02]
[    0.451966] pci 0000:00:1b.0:   bridge window [mem 0xbe100000-0xbe1fffff]
[    0.452041] pci 0000:00:1b.0: PME# supported from D0 D3hot D3cold
[    0.452584] pci 0000:00:1c.0: [8086:a338] type 01 class 0x060400 PCIe Root Port
[    0.452617] pci 0000:00:1c.0: PCI bridge to [bus 04-51]
[    0.452624] pci 0000:00:1c.0:   bridge window [mem 0xa4000000-0xbc1fffff]
[    0.452635] pci 0000:00:1c.0:   bridge window [mem 0x6000000000-0x603fffffff 64bit pref]
[    0.452710] pci 0000:00:1c.0: PME# supported from D0 D3hot D3cold
[    0.453270] pci 0000:00:1e.0: [8086:a328] type 00 class 0x078000 conventional PCI endpoint
[    0.453307] pci 0000:00:1e.0: BAR 0 [mem 0x604100b000-0x604100bfff 64bit]
[    0.453675] pci 0000:00:1f.0: [8086:a30e] type 00 class 0x060100 conventional PCI endpoint
[    0.454135] pci 0000:00:1f.4: [8086:a323] type 00 class 0x0c0500 conventional PCI endpoint
[    0.454174] pci 0000:00:1f.4: BAR 0 [mem 0x604100a000-0x604100a0ff 64bit]
[    0.454196] pci 0000:00:1f.4: BAR 4 [io  0xefa0-0xefbf]
[    0.454468] pci 0000:00:1f.5: [8086:a324] type 00 class 0x0c8000 conventional PCI endpoint
[    0.454489] pci 0000:00:1f.5: BAR 0 [mem 0xfe010000-0xfe010fff]
[    0.454633] pci 0000:00:1f.6: [8086:15bb] type 00 class 0x020000 conventional PCI endpoint
[    0.454665] pci 0000:00:1f.6: BAR 0 [mem 0xbe200000-0xbe21ffff]
[    0.454824] pci 0000:00:1f.6: PME# supported from D0 D3hot D3cold
[    0.454966] pci 0000:01:00.0: [10de:1f36] type 00 class 0x030000 PCIe Legacy Endpoint
[    0.454987] pci 0000:01:00.0: BAR 0 [mem 0xbd000000-0xbdffffff]
[    0.455004] pci 0000:01:00.0: BAR 1 [mem 0x90000000-0x9fffffff 64bit pref]
[    0.455021] pci 0000:01:00.0: BAR 3 [mem 0xa0000000-0xa1ffffff 64bit pref]
[    0.455032] pci 0000:01:00.0: BAR 5 [io  0x2000-0x207f]
[    0.455043] pci 0000:01:00.0: ROM [mem 0xfff80000-0xffffffff pref]
[    0.455129] pci 0000:01:00.0: PME# supported from D0 D3hot
[    0.455376] pci 0000:01:00.1: [10de:10f9] type 00 class 0x040300 PCIe Endpoint
[    0.455398] pci 0000:01:00.1: BAR 0 [mem 0xbe050000-0xbe053fff]
[    0.455611] pci 0000:01:00.2: [10de:1ada] type 00 class 0x0c0330 PCIe Endpoint
[    0.455638] pci 0000:01:00.2: BAR 0 [mem 0xbe000000-0xbe03ffff 64bit pref]
[    0.455663] pci 0000:01:00.2: BAR 3 [mem 0xbe040000-0xbe04ffff 64bit pref]
[    0.455754] pci 0000:01:00.2: PME# supported from D0 D3hot
[    0.455856] pci 0000:01:00.3: [10de:1adb] type 00 class 0x0c8000 PCIe Endpoint
[    0.455876] pci 0000:01:00.3: BAR 0 [mem 0xbe054000-0xbe054fff]
[    0.455998] pci 0000:01:00.3: PME# supported from D0 D3hot
[    0.456111] pci 0000:00:01.0: PCI bridge to [bus 01]
[    0.456351] pci 0000:02:00.0: [144d:a808] type 00 class 0x010802 PCIe Endpoint
[    0.456373] pci 0000:02:00.0: BAR 0 [mem 0xbe100000-0xbe103fff 64bit]
[    0.456856] pci 0000:00:1b.0: PCI bridge to [bus 02]
[    0.456960] pci 0000:04:00.0: [8086:15ea] type 01 class 0x060400 PCIe Switch Upstream Port
[    0.456996] pci 0000:04:00.0: PCI bridge to [bus 05-51]
[    0.457006] pci 0000:04:00.0:   bridge window [mem 0xa4000000-0xbc1fffff]
[    0.457020] pci 0000:04:00.0:   bridge window [mem 0x6000000000-0x603fffffff 64bit pref]
[    0.457035] pci 0000:04:00.0: enabling Extended Tags
[    0.457136] pci 0000:04:00.0: supports D1 D2
[    0.457138] pci 0000:04:00.0: PME# supported from D0 D1 D2 D3hot D3cold
[    0.457437] pci 0000:00:1c.0: PCI bridge to [bus 04-51]
[    0.457539] pci 0000:05:00.0: [8086:15ea] type 01 class 0x060400 PCIe Switch Downstream Port
[    0.457575] pci 0000:05:00.0: PCI bridge to [bus 06]
[    0.457586] pci 0000:05:00.0:   bridge window [mem 0xbc100000-0xbc1fffff]
[    0.457613] pci 0000:05:00.0: enabling Extended Tags
[    0.457713] pci 0000:05:00.0: supports D1 D2
[    0.457716] pci 0000:05:00.0: PME# supported from D0 D1 D2 D3hot D3cold
[    0.457915] pci 0000:05:01.0: [8086:15ea] type 01 class 0x060400 PCIe Switch Downstream Port
[    0.457952] pci 0000:05:01.0: PCI bridge to [bus 07-2b]
[    0.457962] pci 0000:05:01.0:   bridge window [mem 0xa4000000-0xafffffff]
[    0.457976] pci 0000:05:01.0:   bridge window [mem 0x6000000000-0x601fffffff 64bit pref]
[    0.457993] pci 0000:05:01.0: enabling Extended Tags
[    0.458094] pci 0000:05:01.0: supports D1 D2
[    0.458097] pci 0000:05:01.0: PME# supported from D0 D1 D2 D3hot D3cold
[    0.458293] pci 0000:05:02.0: [8086:15ea] type 01 class 0x060400 PCIe Switch Downstream Port
[    0.458328] pci 0000:05:02.0: PCI bridge to [bus 2c]
[    0.458339] pci 0000:05:02.0:   bridge window [mem 0xb0000000-0xb00fffff]
[    0.458366] pci 0000:05:02.0: enabling Extended Tags
[    0.458462] pci 0000:05:02.0: supports D1 D2
[    0.458464] pci 0000:05:02.0: PME# supported from D0 D1 D2 D3hot D3cold
[    0.458677] pci 0000:05:04.0: [8086:15ea] type 01 class 0x060400 PCIe Switch Downstream Port
[    0.458713] pci 0000:05:04.0: PCI bridge to [bus 2d-51]
[    0.458723] pci 0000:05:04.0:   bridge window [mem 0xb0100000-0xbc0fffff]
[    0.458737] pci 0000:05:04.0:   bridge window [mem 0x6020000000-0x603fffffff 64bit pref]
[    0.458754] pci 0000:05:04.0: enabling Extended Tags
[    0.458858] pci 0000:05:04.0: supports D1 D2
[    0.458861] pci 0000:05:04.0: PME# supported from D0 D1 D2 D3hot D3cold
[    0.459066] pci 0000:04:00.0: PCI bridge to [bus 05-51]
[    0.459153] pci 0000:06:00.0: [8086:15eb] type 00 class 0x088000 PCIe Endpoint
[    0.459175] pci 0000:06:00.0: BAR 0 [mem 0xbc100000-0xbc13ffff]
[    0.459188] pci 0000:06:00.0: BAR 1 [mem 0xbc140000-0xbc140fff]
[    0.459248] pci 0000:06:00.0: enabling Extended Tags
[    0.459353] pci 0000:06:00.0: supports D1 D2
[    0.459355] pci 0000:06:00.0: PME# supported from D0 D1 D2 D3hot D3cold
[    0.459577] pci 0000:05:00.0: PCI bridge to [bus 06]
[    0.459681] pci 0000:07:00.0: [8086:15d3] type 01 class 0x060400 PCIe Switch Upstream Port
[    0.459737] pci 0000:07:00.0: PCI bridge to [bus 00]
[    0.459751] pci 0000:07:00.0:   bridge window [io  0x0000-0x0fff]
[    0.459759] pci 0000:07:00.0:   bridge window [mem 0x00000000-0x000fffff]
[    0.459783] pci 0000:07:00.0:   bridge window [mem 0x00000000-0x000fffff 64bit pref]
[    0.459811] pci 0000:07:00.0: enabling Extended Tags
[    0.460001] pci 0000:07:00.0: supports D1 D2
[    0.460003] pci 0000:07:00.0: PME# supported from D0 D1 D2 D3hot D3cold
[    0.460138] pci 0000:07:00.0: 8.000 Gb/s available PCIe bandwidth, limited by 2.5 GT/s PCIe x4 link at 0000:05:01.0 (capable of 31.504 Gb/s with 8.0 GT/s PCIe x4 link)
[    0.469937] pci 0000:05:01.0: PCI bridge to [bus 07-2b]
[    0.469955] pci 0000:07:00.0: bridge configuration invalid ([bus 00-00]), reconfiguring
[    0.470110] pci 0000:08:01.0: [8086:15d3] type 01 class 0x060400 PCIe Switch Downstream Port
[    0.470167] pci 0000:08:01.0: PCI bridge to [bus 00]
[    0.470181] pci 0000:08:01.0:   bridge window [io  0x0000-0x0fff]
[    0.470189] pci 0000:08:01.0:   bridge window [mem 0x00000000-0x000fffff]
[    0.470213] pci 0000:08:01.0:   bridge window [mem 0x00000000-0x000fffff 64bit pref]
[    0.470245] pci 0000:08:01.0: enabling Extended Tags
[    0.470440] pci 0000:08:01.0: supports D1 D2
[    0.470442] pci 0000:08:01.0: PME# supported from D0 D1 D2 D3hot D3cold
[    0.470761] pci 0000:08:04.0: [8086:15d3] type 01 class 0x060400 PCIe Switch Downstream Port
[    0.470817] pci 0000:08:04.0: PCI bridge to [bus 00]
[    0.470831] pci 0000:08:04.0:   bridge window [io  0x0000-0x0fff]
[    0.470839] pci 0000:08:04.0:   bridge window [mem 0x00000000-0x000fffff]
[    0.470863] pci 0000:08:04.0:   bridge window [mem 0x00000000-0x000fffff 64bit pref]
[    0.470895] pci 0000:08:04.0: enabling Extended Tags
[    0.471090] pci 0000:08:04.0: supports D1 D2
[    0.471093] pci 0000:08:04.0: PME# supported from D0 D1 D2 D3hot D3cold
[    0.471415] pci 0000:07:00.0: PCI bridge to [bus 08-2b]
[    0.471443] pci 0000:08:01.0: bridge configuration invalid ([bus 00-00]), reconfiguring
[    0.471459] pci 0000:08:04.0: bridge configuration invalid ([bus 00-00]), reconfiguring
[    0.471595] pci 0000:09:00.0: [10de:2204] type 00 class 0x030000 PCIe Legacy Endpoint
[    0.471630] pci 0000:09:00.0: BAR 0 [mem 0x00000000-0x00ffffff]
[    0.471659] pci 0000:09:00.0: BAR 1 [mem 0x00000000-0x0fffffff 64bit pref]
[    0.471688] pci 0000:09:00.0: BAR 3 [mem 0x00000000-0x01ffffff 64bit pref]
[    0.471705] pci 0000:09:00.0: BAR 5 [io  0x0000-0x007f]
[    0.471722] pci 0000:09:00.0: ROM [mem 0x00000000-0x0007ffff pref]
[    0.471946] pci 0000:09:00.0: PME# supported from D0 D3hot
[    0.472196] pci 0000:09:00.0: 8.000 Gb/s available PCIe bandwidth, limited by 2.5 GT/s PCIe x4 link at 0000:05:01.0 (capable of 252.048 Gb/s with 16.0 GT/s PCIe x16 link)
[    0.472508] pci 0000:09:00.1: [10de:1aef] type 00 class 0x040300 PCIe Endpoint
[    0.472543] pci 0000:09:00.1: BAR 0 [mem 0x00000000-0x00003fff]
[    0.473114] pci 0000:08:01.0: PCI bridge to [bus 09-2b]
[    0.473142] pci_bus 0000:09: busn_res: [bus 09-2b] end is updated to 09
[    0.473319] pci 0000:08:04.0: PCI bridge to [bus 0a-2b]
[    0.473347] pci_bus 0000:0a: busn_res: [bus 0a-2b] end is updated to 2b
[    0.473355] pci_bus 0000:08: busn_res: [bus 08-2b] end is updated to 2b
[    0.473470] pci 0000:2c:00.0: [8086:15ec] type 00 class 0x0c0330 PCIe Endpoint
[    0.473495] pci 0000:2c:00.0: BAR 0 [mem 0xb0000000-0xb000ffff]
[    0.473573] pci 0000:2c:00.0: enabling Extended Tags
[    0.473694] pci 0000:2c:00.0: supports D1 D2
[    0.473696] pci 0000:2c:00.0: PME# supported from D0 D1 D2 D3hot D3cold
[    0.473793] pci 0000:2c:00.0: 8.000 Gb/s available PCIe bandwidth, limited by 2.5 GT/s PCIe x4 link at 0000:05:02.0 (capable of 31.504 Gb/s with 8.0 GT/s PCIe x4 link)
[    0.474033] pci 0000:05:02.0: PCI bridge to [bus 2c]
[    0.474132] pci 0000:05:04.0: PCI bridge to [bus 2d-51]
[    0.474185] pci_bus 0000:00: on NUMA node 0
[    0.476557] ACPI: EC: interrupt unblocked
[    0.476561] ACPI: EC: event unblocked
[    0.476588] ACPI: EC: EC_CMD/EC_SC=0x66, EC_DATA=0x62
[    0.476590] ACPI: EC: GPE=0x16
[    0.476593] ACPI: \_SB_.PCI0.LPCB.EC__: Boot ECDT EC initialization complete
[    0.476596] ACPI: \_SB_.PCI0.LPCB.EC__: EC: Used to handle transactions and events
[    0.476656] iommu: Default domain type: Translated
[    0.476658] iommu: DMA domain TLB invalidation policy: lazy mode
[    0.476705] SCSI subsystem initialized
[    0.476724] ACPI: bus type USB registered
[    0.476736] usbcore: registered new interface driver usbfs
[    0.476743] usbcore: registered new interface driver hub
[    0.476752] usbcore: registered new device driver usb
[    0.476807] efivars: Registered efivars operations
[    0.476807] Bluetooth: Core ver 2.22
[    0.476807] NET: Registered PF_BLUETOOTH protocol family
[    0.476807] Bluetooth: HCI device and connection manager initialized
[    0.476807] Bluetooth: HCI socket layer initialized
[    0.476807] Bluetooth: L2CAP socket layer initialized
[    0.476807] Bluetooth: SCO socket layer initialized
[    0.476807] PCI: Using ACPI for IRQ routing
[    0.489240] PCI: pci_cache_line_size set to 64 bytes
[    0.489742] e820: reserve RAM buffer [mem 0x0009f000-0x0009ffff]
[    0.489744] e820: reserve RAM buffer [mem 0x6f23c000-0x6fffffff]
[    0.489746] e820: reserve RAM buffer [mem 0x7a793000-0x7bffffff]
[    0.489747] e820: reserve RAM buffer [mem 0x7fd10000-0x7fffffff]
[    0.489748] e820: reserve RAM buffer [mem 0x88800000-0x8bffffff]
[    0.489749] e820: reserve RAM buffer [mem 0x106e800000-0x106fffffff]
[    0.489774] pci 0000:00:02.0: vgaarb: setting as boot VGA device
[    0.489774] pci 0000:00:02.0: vgaarb: bridge control possible
[    0.489774] pci 0000:00:02.0: vgaarb: VGA device added: decodes=io+mem,owns=mem,locks=none
[    0.489774] pci 0000:01:00.0: vgaarb: bridge control possible
[    0.489774] pci 0000:01:00.0: vgaarb: VGA device added: decodes=io+mem,owns=none,locks=none
[    0.489774] pci 0000:09:00.0: vgaarb: bridge control possible
[    0.489774] pci 0000:09:00.0: vgaarb: VGA device added: decodes=io+mem,owns=none,locks=none
[    0.489774] vgaarb: loaded
[    0.490725] clocksource: Switched to clocksource tsc-early
[    0.490831] pnp: PnP ACPI init
[    0.490906] system 00:00: [mem 0x40000000-0x403fffff] could not be reserved
[    0.491164] system 00:01: [io  0x1800-0x18fe] has been reserved
[    0.491169] system 00:01: [mem 0xfd000000-0xfd69ffff] has been reserved
[    0.491172] system 00:01: [mem 0xfd6c0000-0xfd6cffff] has been reserved
[    0.491175] system 00:01: [mem 0xfd6f0000-0xfdffffff] has been reserved
[    0.491178] system 00:01: [mem 0xfe000000-0xfe01ffff] could not be reserved
[    0.491181] system 00:01: [mem 0xfe200000-0xfe7fffff] has been reserved
[    0.491184] system 00:01: [mem 0xff000000-0xffffffff] has been reserved
[    0.491426] system 00:02: [io  0xff00-0xfffe] has been reserved
[    0.491490] pnp 00:03: disabling [io  0x002e-0x002f] because it overlaps 0000:09:00.0 BAR 5 [io  0x0000-0x007f]
[    0.491490] pnp 00:03: disabling [io  0x004e-0x004f] because it overlaps 0000:09:00.0 BAR 5 [io  0x0000-0x007f]
[    0.491490] pnp 00:03: disabling [io  0x0061] because it overlaps 0000:09:00.0 BAR 5 [io  0x0000-0x007f]
[    0.491490] pnp 00:03: disabling [io  0x0063] because it overlaps 0000:09:00.0 BAR 5 [io  0x0000-0x007f]
[    0.491490] pnp 00:03: disabling [io  0x0065] because it overlaps 0000:09:00.0 BAR 5 [io  0x0000-0x007f]
[    0.491490] pnp 00:03: disabling [io  0x0067] because it overlaps 0000:09:00.0 BAR 5 [io  0x0000-0x007f]
[    0.491490] pnp 00:03: disabling [io  0x0070] because it overlaps 0000:09:00.0 BAR 5 [io  0x0000-0x007f]
[    0.491490] system 00:03: [io  0x0680-0x069f] has been reserved
[    0.491490] system 00:03: [io  0x164e-0x164f] has been reserved
[    0.491490] system 00:05: [io  0x1854-0x1857] has been reserved
[    0.491490] pnp 00:08: disabling [io  0x0010-0x001f] because it overlaps 0000:09:00.0 BAR 5 [io  0x0000-0x007f]
[    0.491490] pnp 00:08: disabling [io  0x0024-0x0025] because it overlaps 0000:09:00.0 BAR 5 [io  0x0000-0x007f]
[    0.491490] pnp 00:08: disabling [io  0x0028-0x0029] because it overlaps 0000:09:00.0 BAR 5 [io  0x0000-0x007f]
[    0.491490] pnp 00:08: disabling [io  0x002c-0x002d] because it overlaps 0000:09:00.0 BAR 5 [io  0x0000-0x007f]
[    0.491490] pnp 00:08: disabling [io  0x0030-0x0031] because it overlaps 0000:09:00.0 BAR 5 [io  0x0000-0x007f]
[    0.491490] pnp 00:08: disabling [io  0x0034-0x0035] because it overlaps 0000:09:00.0 BAR 5 [io  0x0000-0x007f]
[    0.491490] pnp 00:08: disabling [io  0x0038-0x0039] because it overlaps 0000:09:00.0 BAR 5 [io  0x0000-0x007f]
[    0.491490] pnp 00:08: disabling [io  0x003c-0x003d] because it overlaps 0000:09:00.0 BAR 5 [io  0x0000-0x007f]
[    0.491490] pnp 00:08: disabling [io  0x0050-0x0053] because it overlaps 0000:09:00.0 BAR 5 [io  0x0000-0x007f]
[    0.491490] pnp 00:08: disabling [io  0x0072-0x0077] because it overlaps 0000:09:00.0 BAR 5 [io  0x0000-0x007f]
[    0.491490] system 00:08: [io  0x1800-0x189f] could not be reserved
[    0.491490] system 00:08: [io  0x0800-0x087f] has been reserved
[    0.491490] system 00:08: [io  0x0880-0x08ff] has been reserved
[    0.491490] system 00:08: [io  0x0900-0x097f] has been reserved
[    0.491490] system 00:08: [io  0x0980-0x09ff] has been reserved
[    0.491490] system 00:08: [io  0x0a00-0x0a7f] has been reserved
[    0.491490] system 00:08: [io  0x0a80-0x0aff] has been reserved
[    0.491490] system 00:08: [io  0x0b00-0x0b7f] has been reserved
[    0.491490] system 00:08: [io  0x0b80-0x0bff] has been reserved
[    0.491490] system 00:08: [io  0x15e0-0x15ef] has been reserved
[    0.491490] system 00:08: [io  0x1600-0x167f] could not be reserved
[    0.491490] system 00:08: [io  0x1640-0x165f] could not be reserved
[    0.491490] system 00:08: [mem 0xf0000000-0xf7ffffff] has been reserved
[    0.491490] system 00:08: [mem 0xfed10000-0xfed13fff] has been reserved
[    0.491490] system 00:08: [mem 0xfed18000-0xfed18fff] has been reserved
[    0.491490] system 00:08: [mem 0xfed19000-0xfed19fff] has been reserved
[    0.491490] system 00:08: [mem 0xfeb00000-0xfebfffff] has been reserved
[    0.491490] system 00:08: [mem 0xfed20000-0xfed3ffff] has been reserved
[    0.491490] system 00:08: [mem 0xfed90000-0xfed93fff] could not be reserved
[    0.492810] system 00:0a: [mem 0xfed10000-0xfed17fff] could not be reserved
[    0.492816] system 00:0a: [mem 0xfed18000-0xfed18fff] has been reserved
[    0.492819] system 00:0a: [mem 0xfed19000-0xfed19fff] has been reserved
[    0.492822] system 00:0a: [mem 0xf0000000-0xf7ffffff] has been reserved
[    0.492825] system 00:0a: [mem 0xfed20000-0xfed3ffff] has been reserved
[    0.492828] system 00:0a: [mem 0xfed90000-0xfed93fff] could not be reserved
[    0.492831] system 00:0a: [mem 0xfed45000-0xfed8ffff] has been reserved
[    0.492834] system 00:0a: [mem 0xfee00000-0xfeefffff] has been reserved
[    0.492997] pnp 00:0b: disabling [mem 0x000c0000-0x000c3fff] because it overlaps 0000:00:02.0 BAR 6 [mem 0x000c0000-0x000dffff]
[    0.493003] pnp 00:0b: disabling [mem 0x000c8000-0x000cbfff] because it overlaps 0000:00:02.0 BAR 6 [mem 0x000c0000-0x000dffff]
[    0.493007] pnp 00:0b: disabling [mem 0x000d0000-0x000d3fff] because it overlaps 0000:00:02.0 BAR 6 [mem 0x000c0000-0x000dffff]
[    0.493011] pnp 00:0b: disabling [mem 0x000d8000-0x000dbfff] because it overlaps 0000:00:02.0 BAR 6 [mem 0x000c0000-0x000dffff]
[    0.493027] pnp 00:0b: disabling [mem 0x00000000-0x0009ffff] because it overlaps 0000:09:00.0 BAR 0 [mem 0x00000000-0x00ffffff]
[    0.493031] pnp 00:0b: disabling [mem 0x000c0000-0x000c3fff disabled] because it overlaps 0000:09:00.0 BAR 0 [mem 0x00000000-0x00ffffff]
[    0.493036] pnp 00:0b: disabling [mem 0x000c8000-0x000cbfff disabled] because it overlaps 0000:09:00.0 BAR 0 [mem 0x00000000-0x00ffffff]
[    0.493040] pnp 00:0b: disabling [mem 0x000d0000-0x000d3fff disabled] because it overlaps 0000:09:00.0 BAR 0 [mem 0x00000000-0x00ffffff]
[    0.493044] pnp 00:0b: disabling [mem 0x000d8000-0x000dbfff disabled] because it overlaps 0000:09:00.0 BAR 0 [mem 0x00000000-0x00ffffff]
[    0.493049] pnp 00:0b: disabling [mem 0x000e0000-0x000e3fff] because it overlaps 0000:09:00.0 BAR 0 [mem 0x00000000-0x00ffffff]
[    0.493053] pnp 00:0b: disabling [mem 0x000e8000-0x000ebfff] because it overlaps 0000:09:00.0 BAR 0 [mem 0x00000000-0x00ffffff]
[    0.493057] pnp 00:0b: disabling [mem 0x000f0000-0x000fffff] because it overlaps 0000:09:00.0 BAR 0 [mem 0x00000000-0x00ffffff]
[    0.493061] pnp 00:0b: disabling [mem 0x00100000-0x8f7fffff] because it overlaps 0000:09:00.0 BAR 0 [mem 0x00000000-0x00ffffff]
[    0.493065] pnp 00:0b: disabling [mem 0x00000000-0x0009ffff disabled] because it overlaps 0000:09:00.0 BAR 1 [mem 0x00000000-0x0fffffff 64bit pref]
[    0.493070] pnp 00:0b: disabling [mem 0x000c0000-0x000c3fff disabled] because it overlaps 0000:09:00.0 BAR 1 [mem 0x00000000-0x0fffffff 64bit pref]
[    0.493074] pnp 00:0b: disabling [mem 0x000c8000-0x000cbfff disabled] because it overlaps 0000:09:00.0 BAR 1 [mem 0x00000000-0x0fffffff 64bit pref]
[    0.493079] pnp 00:0b: disabling [mem 0x000d0000-0x000d3fff disabled] because it overlaps 0000:09:00.0 BAR 1 [mem 0x00000000-0x0fffffff 64bit pref]
[    0.493083] pnp 00:0b: disabling [mem 0x000d8000-0x000dbfff disabled] because it overlaps 0000:09:00.0 BAR 1 [mem 0x00000000-0x0fffffff 64bit pref]
[    0.493088] pnp 00:0b: disabling [mem 0x000e0000-0x000e3fff disabled] because it overlaps 0000:09:00.0 BAR 1 [mem 0x00000000-0x0fffffff 64bit pref]
[    0.493092] pnp 00:0b: disabling [mem 0x000e8000-0x000ebfff disabled] because it overlaps 0000:09:00.0 BAR 1 [mem 0x00000000-0x0fffffff 64bit pref]
[    0.493097] pnp 00:0b: disabling [mem 0x000f0000-0x000fffff disabled] because it overlaps 0000:09:00.0 BAR 1 [mem 0x00000000-0x0fffffff 64bit pref]
[    0.493101] pnp 00:0b: disabling [mem 0x00100000-0x8f7fffff disabled] because it overlaps 0000:09:00.0 BAR 1 [mem 0x00000000-0x0fffffff 64bit pref]
[    0.493106] pnp 00:0b: disabling [mem 0x00000000-0x0009ffff disabled] because it overlaps 0000:09:00.0 BAR 3 [mem 0x00000000-0x01ffffff 64bit pref]
[    0.493110] pnp 00:0b: disabling [mem 0x000c0000-0x000c3fff disabled] because it overlaps 0000:09:00.0 BAR 3 [mem 0x00000000-0x01ffffff 64bit pref]
[    0.493114] pnp 00:0b: disabling [mem 0x000c8000-0x000cbfff disabled] because it overlaps 0000:09:00.0 BAR 3 [mem 0x00000000-0x01ffffff 64bit pref]
[    0.493119] pnp 00:0b: disabling [mem 0x000d0000-0x000d3fff disabled] because it overlaps 0000:09:00.0 BAR 3 [mem 0x00000000-0x01ffffff 64bit pref]
[    0.493123] pnp 00:0b: disabling [mem 0x000d8000-0x000dbfff disabled] because it overlaps 0000:09:00.0 BAR 3 [mem 0x00000000-0x01ffffff 64bit pref]
[    0.493128] pnp 00:0b: disabling [mem 0x000e0000-0x000e3fff disabled] because it overlaps 0000:09:00.0 BAR 3 [mem 0x00000000-0x01ffffff 64bit pref]
[    0.493132] pnp 00:0b: disabling [mem 0x000e8000-0x000ebfff disabled] because it overlaps 0000:09:00.0 BAR 3 [mem 0x00000000-0x01ffffff 64bit pref]
[    0.493137] pnp 00:0b: disabling [mem 0x000f0000-0x000fffff disabled] because it overlaps 0000:09:00.0 BAR 3 [mem 0x00000000-0x01ffffff 64bit pref]
[    0.493141] pnp 00:0b: disabling [mem 0x00100000-0x8f7fffff disabled] because it overlaps 0000:09:00.0 BAR 3 [mem 0x00000000-0x01ffffff 64bit pref]
[    0.493163] system 00:0b: [mem 0xfec00000-0xfed3ffff] could not be reserved
[    0.493166] system 00:0b: [mem 0xfed4c000-0xffffffff] could not be reserved
[    0.493223] pnp: PnP ACPI: found 12 devices
[    0.498829] clocksource: acpi_pm: mask: 0xffffff max_cycles: 0xffffff, max_idle_ns: 2085701024 ns
[    0.498934] NET: Registered PF_INET protocol family
[    0.499081] IP idents hash table entries: 262144 (order: 9, 2097152 bytes, linear)
[    0.502232] tcp_listen_portaddr_hash hash table entries: 32768 (order: 7, 524288 bytes, linear)
[    0.502278] Table-perturb hash table entries: 65536 (order: 6, 262144 bytes, linear)
[    0.502288] TCP established hash table entries: 524288 (order: 10, 4194304 bytes, linear)
[    0.502740] TCP bind hash table entries: 65536 (order: 9, 2097152 bytes, linear)
[    0.503027] TCP: Hash tables configured (established 524288 bind 65536)
[    0.503051] UDP hash table entries: 32768 (order: 8, 1048576 bytes, linear)
[    0.503160] UDP-Lite hash table entries: 32768 (order: 8, 1048576 bytes, linear)
[    0.503286] NET: Registered PF_UNIX/PF_LOCAL protocol family
[    0.503522] pci 0000:01:00.0: ROM [mem 0xfff80000-0xffffffff pref]: can't claim; no compatible bridge window
[    0.503531] pci_bus 0000:00: max bus depth: 5 pci_try_num: 6
[    0.503545] pci 0000:00:1c.0: bridge window [io  size 0x41000]: can't assign; no space
[    0.503549] pci 0000:00:1c.0: bridge window [io  size 0x41000]: failed to assign
[    0.503554] pci 0000:01:00.0: ROM [mem 0xbe080000-0xbe0fffff pref]: assigned
[    0.503558] pci 0000:00:01.0: PCI bridge to [bus 01]
[    0.503561] pci 0000:00:01.0:   bridge window [io  0x2000-0x2fff]
[    0.503566] pci 0000:00:01.0:   bridge window [mem 0xbd000000-0xbe0fffff]
[    0.503570] pci 0000:00:01.0:   bridge window [mem 0x90000000-0xa1ffffff 64bit pref]
[    0.503576] pci 0000:00:1b.0: PCI bridge to [bus 02]
[    0.503590] pci 0000:00:1b.0:   bridge window [mem 0xbe100000-0xbe1fffff]
[    0.503598] pci 0000:04:00.0: bridge window [io  size 0x31000]: can't assign; no space
[    0.503601] pci 0000:04:00.0: bridge window [io  size 0x31000]: failed to assign
[    0.503605] pci 0000:05:01.0: bridge window [io  size 0x21000]: can't assign; no space
[    0.503608] pci 0000:05:01.0: bridge window [io  size 0x21000]: failed to assign
[    0.503611] pci 0000:05:04.0: bridge window [io  size 0x10000]: can't assign; no space
[    0.503614] pci 0000:05:04.0: bridge window [io  size 0x10000]: failed to assign
[    0.503617] pci 0000:05:00.0: PCI bridge to [bus 06]
[    0.503650] pci 0000:05:00.0:   bridge window [mem 0xbc100000-0xbc1fffff]
[    0.503661] pci 0000:07:00.0: bridge window [mem size 0x1018000000 64bit pref]: can't assign; no space
[    0.503664] pci 0000:07:00.0: bridge window [mem size 0x1018000000 64bit pref]: failed to assign
[    0.503668] pci 0000:07:00.0: bridge window [mem 0xa4000000-0xafffffff]: assigned
[    0.503671] pci 0000:07:00.0: bridge window [io  size 0x21000]: can't assign; no space
[    0.503674] pci 0000:07:00.0: bridge window [io  size 0x21000]: failed to assign
[    0.503679] pci 0000:08:01.0: bridge window [mem size 0x18000000 64bit pref]: can't assign; no space
[    0.503682] pci 0000:08:01.0: bridge window [mem size 0x18000000 64bit pref]: failed to assign
[    0.503686] pci 0000:08:01.0: bridge window [mem 0xa4000000-0xa57fffff]: assigned
[    0.503689] pci 0000:08:04.0: bridge window [mem 0xa5800000-0xafffffff]: assigned
[    0.503692] pci 0000:08:04.0: bridge window [mem size 0x1000000000 64bit pref]: can't assign; no space
[    0.503695] pci 0000:08:04.0: bridge window [mem size 0x1000000000 64bit pref]: failed to assign
[    0.503699] pci 0000:08:01.0: bridge window [io  size 0x1000]: can't assign; no space
[    0.503702] pci 0000:08:01.0: bridge window [io  size 0x1000]: failed to assign
[    0.503705] pci 0000:08:04.0: bridge window [io  size 0x20000]: can't assign; no space
[    0.503708] pci 0000:08:04.0: bridge window [io  size 0x20000]: failed to assign
[    0.503713] pci 0000:09:00.0: BAR 1 [mem size 0x10000000 64bit pref]: can't assign; no space
[    0.503716] pci 0000:09:00.0: BAR 1 [mem size 0x10000000 64bit pref]: failed to assign
[    0.503719] pci 0000:09:00.0: BAR 3 [mem size 0x02000000 64bit pref]: can't assign; no space
[    0.503723] pci 0000:09:00.0: BAR 3 [mem size 0x02000000 64bit pref]: failed to assign
[    0.503726] pci 0000:09:00.0: BAR 0 [mem 0xa4000000-0xa4ffffff]: assigned
[    0.503761] pci 0000:09:00.0: ROM [mem 0xa5000000-0xa507ffff pref]: assigned
[    0.503765] pci 0000:09:00.1: BAR 0 [mem 0xa5080000-0xa5083fff]: assigned
[    0.503773] pci 0000:09:00.0: BAR 5 [io  size 0x0080]: can't assign; no space
[    0.503776] pci 0000:09:00.0: BAR 5 [io  size 0x0080]: failed to assign
[    0.503779] pci 0000:08:01.0: PCI bridge to [bus 09]
[    0.503789] pci 0000:08:01.0:   bridge window [mem 0xa4000000-0xa57fffff]
[    0.503806] pci 0000:08:04.0: PCI bridge to [bus 0a-2b]
[    0.503816] pci 0000:08:04.0:   bridge window [mem 0xa5800000-0xafffffff]
[    0.503833] pci 0000:07:00.0: PCI bridge to [bus 08-2b]
[    0.503842] pci 0000:07:00.0:   bridge window [mem 0xa4000000-0xafffffff]
[    0.503859] pci 0000:05:01.0: PCI bridge to [bus 07-2b]
[    0.503865] pci 0000:05:01.0:   bridge window [mem 0xa4000000-0xafffffff]
[    0.503870] pci 0000:05:01.0:   bridge window [mem 0x6000000000-0x601fffffff 64bit pref]
[    0.503879] pci 0000:05:02.0: PCI bridge to [bus 2c]
[    0.503884] pci 0000:05:02.0:   bridge window [mem 0xb0000000-0xb00fffff]
[    0.503894] pci 0000:05:04.0: PCI bridge to [bus 2d-51]
[    0.503900] pci 0000:05:04.0:   bridge window [mem 0xb0100000-0xbc0fffff]
[    0.503905] pci 0000:05:04.0:   bridge window [mem 0x6020000000-0x603fffffff 64bit pref]
[    0.503913] pci 0000:04:00.0: PCI bridge to [bus 05-51]
[    0.503919] pci 0000:04:00.0:   bridge window [mem 0xa4000000-0xbc1fffff]
[    0.503924] pci 0000:04:00.0:   bridge window [mem 0x6000000000-0x603fffffff 64bit pref]
[    0.503932] pci 0000:00:1c.0: PCI bridge to [bus 04-51]
[    0.503936] pci 0000:00:1c.0:   bridge window [mem 0xa4000000-0xbc1fffff]
[    0.503941] pci 0000:00:1c.0:   bridge window [mem 0x6000000000-0x603fffffff 64bit pref]
[    0.503947] pci_bus 0000:00: No. 2 try to assign unassigned res
[    0.503950] release child resource [mem 0xa4000000-0xa4ffffff]
[    0.503952] release child resource [mem 0xa5000000-0xa507ffff pref]
[    0.503953] release child resource [mem 0xa5080000-0xa5083fff]
[    0.503954] pci 0000:08:01.0: resource 14 [mem 0xa4000000-0xa57fffff] released
[    0.503957] pci 0000:08:01.0: PCI bridge to [bus 09]
[    0.503998] pci 0000:00:1c.0: bridge window [io  size 0x51000]: can't assign; no space
[    0.504001] pci 0000:00:1c.0: bridge window [io  size 0x51000]: failed to assign
[    0.504005] pci 0000:00:01.0: PCI bridge to [bus 01]
[    0.504008] pci 0000:00:01.0:   bridge window [io  0x2000-0x2fff]
[    0.504011] pci 0000:00:01.0:   bridge window [mem 0xbd000000-0xbe0fffff]
[    0.504015] pci 0000:00:01.0:   bridge window [mem 0x90000000-0xa1ffffff 64bit pref]
[    0.504021] pci 0000:00:1b.0: PCI bridge to [bus 02]
[    0.504034] pci 0000:00:1b.0:   bridge window [mem 0xbe100000-0xbe1fffff]
[    0.504042] pci 0000:04:00.0: bridge window [io  size 0x41000]: can't assign; no space
[    0.504045] pci 0000:04:00.0: bridge window [io  size 0x41000]: failed to assign
[    0.504049] pci 0000:05:01.0: bridge window [io  size 0x31000]: can't assign; no space
[    0.504052] pci 0000:05:01.0: bridge window [io  size 0x31000]: failed to assign
[    0.504055] pci 0000:05:04.0: bridge window [io  size 0x10000]: can't assign; no space
[    0.504058] pci 0000:05:04.0: bridge window [io  size 0x10000]: failed to assign
[    0.504061] pci 0000:05:00.0: PCI bridge to [bus 06]
[    0.504093] pci 0000:05:00.0:   bridge window [mem 0xbc100000-0xbc1fffff]
[    0.504104] pci 0000:07:00.0: bridge window [mem size 0x1018000000 64bit pref]: can't assign; no space
[    0.504107] pci 0000:07:00.0: bridge window [mem size 0x1018000000 64bit pref]: failed to assign
[    0.504111] pci 0000:07:00.0: bridge window [io  size 0x21000]: can't assign; no space
[    0.504114] pci 0000:07:00.0: bridge window [io  size 0x21000]: failed to assign
[    0.504118] pci 0000:08:01.0: bridge window [mem size 0x18000000 64bit pref]: can't assign; no space
[    0.504121] pci 0000:08:01.0: bridge window [mem size 0x18000000 64bit pref]: failed to assign
[    0.504124] pci 0000:08:01.0: bridge window [mem 0xa4000000-0xa57fffff]: assigned
[    0.504128] pci 0000:08:04.0: bridge window [mem size 0x1000000000 64bit pref]: can't assign; no space
[    0.504131] pci 0000:08:04.0: bridge window [mem size 0x1000000000 64bit pref]: failed to assign
[    0.504135] pci 0000:08:01.0: bridge window [io  size 0x1000]: can't assign; no space
[    0.504138] pci 0000:08:01.0: bridge window [io  size 0x1000]: failed to assign
[    0.504141] pci 0000:08:04.0: bridge window [io  size 0x20000]: can't assign; no space
[    0.504149] pci 0000:08:04.0: bridge window [io  size 0x20000]: failed to assign
[    0.504153] pci 0000:09:00.0: BAR 1 [mem size 0x10000000 64bit pref]: can't assign; no space
[    0.504156] pci 0000:09:00.0: BAR 1 [mem size 0x10000000 64bit pref]: failed to assign
[    0.504160] pci 0000:09:00.0: BAR 3 [mem size 0x02000000 64bit pref]: can't assign; no space
[    0.504163] pci 0000:09:00.0: BAR 3 [mem size 0x02000000 64bit pref]: failed to assign
[    0.504166] pci 0000:09:00.0: BAR 0 [mem 0xa4000000-0xa4ffffff]: assigned
[    0.504202] pci 0000:09:00.0: ROM [mem 0xa5000000-0xa507ffff pref]: assigned
[    0.504205] pci 0000:09:00.1: BAR 0 [mem 0xa5080000-0xa5083fff]: assigned
[    0.504213] pci 0000:09:00.0: BAR 5 [io  size 0x0080]: can't assign; no space
[    0.504216] pci 0000:09:00.0: BAR 5 [io  size 0x0080]: failed to assign
[    0.504219] pci 0000:08:01.0: PCI bridge to [bus 09]
[    0.504229] pci 0000:08:01.0:   bridge window [mem 0xa4000000-0xa57fffff]
[    0.504246] pci 0000:08:04.0: PCI bridge to [bus 0a-2b]
[    0.504255] pci 0000:08:04.0:   bridge window [mem 0xa5800000-0xafffffff]
[    0.504273] pci 0000:07:00.0: PCI bridge to [bus 08-2b]
[    0.504282] pci 0000:07:00.0:   bridge window [mem 0xa4000000-0xafffffff]
[    0.504299] pci 0000:05:01.0: PCI bridge to [bus 07-2b]
[    0.504305] pci 0000:05:01.0:   bridge window [mem 0xa4000000-0xafffffff]
[    0.504310] pci 0000:05:01.0:   bridge window [mem 0x6000000000-0x601fffffff 64bit pref]
[    0.504318] pci 0000:05:02.0: PCI bridge to [bus 2c]
[    0.504324] pci 0000:05:02.0:   bridge window [mem 0xb0000000-0xb00fffff]
[    0.504334] pci 0000:05:04.0: PCI bridge to [bus 2d-51]
[    0.504340] pci 0000:05:04.0:   bridge window [mem 0xb0100000-0xbc0fffff]
[    0.504345] pci 0000:05:04.0:   bridge window [mem 0x6020000000-0x603fffffff 64bit pref]
[    0.504353] pci 0000:04:00.0: PCI bridge to [bus 05-51]
[    0.504359] pci 0000:04:00.0:   bridge window [mem 0xa4000000-0xbc1fffff]
[    0.504364] pci 0000:04:00.0:   bridge window [mem 0x6000000000-0x603fffffff 64bit pref]
[    0.504371] pci 0000:00:1c.0: PCI bridge to [bus 04-51]
[    0.504376] pci 0000:00:1c.0:   bridge window [mem 0xa4000000-0xbc1fffff]
[    0.504380] pci 0000:00:1c.0:   bridge window [mem 0x6000000000-0x603fffffff 64bit pref]
[    0.504386] pci_bus 0000:00: No. 3 try to assign unassigned res
[    0.504389] release child resource [mem 0xa4000000-0xa4ffffff]
[    0.504390] release child resource [mem 0xa5000000-0xa507ffff pref]
[    0.504391] release child resource [mem 0xa5080000-0xa5083fff]
[    0.504392] pci 0000:08:01.0: resource 14 [mem 0xa4000000-0xa57fffff] released
[    0.504395] pci 0000:08:01.0: PCI bridge to [bus 09]
[    0.504429] pci 0000:08:04.0: resource 14 [mem 0xa5800000-0xafffffff] released
[    0.504432] pci 0000:08:04.0: PCI bridge to [bus 0a-2b]
[    0.504439] pci 0000:07:00.0: resource 14 [mem 0xa4000000-0xafffffff] released
[    0.504442] pci 0000:07:00.0: PCI bridge to [bus 08-2b]
[    0.504449] pci 0000:05:01.0: resource 15 [mem 0x6000000000-0x601fffffff 64bit pref] released
[    0.504453] pci 0000:05:01.0: PCI bridge to [bus 07-2b]
[    0.504462] release child resource [io  0x2000-0x207f]
[    0.504463] pci 0000:00:01.0: resource 13 [io  0x2000-0x2fff] released
[    0.504466] pci 0000:00:01.0: PCI bridge to [bus 01]
[    0.504477] pci 0000:00:01.0: bridge window [io  0x2000-0x2fff]: assigned
[    0.504481] pci 0000:00:1c.0: bridge window [io  size 0x51000]: can't assign; no space
[    0.504484] pci 0000:00:1c.0: bridge window [io  size 0x51000]: failed to assign
[    0.504488] pci 0000:01:00.0: BAR 5 [io  0x2000-0x207f]: assigned
[    0.504494] pci 0000:00:01.0: PCI bridge to [bus 01]
[    0.504497] pci 0000:00:01.0:   bridge window [io  0x2000-0x2fff]
[    0.504500] pci 0000:00:01.0:   bridge window [mem 0xbd000000-0xbe0fffff]
[    0.504504] pci 0000:00:01.0:   bridge window [mem 0x90000000-0xa1ffffff 64bit pref]
[    0.504510] pci 0000:00:1b.0: PCI bridge to [bus 02]
[    0.504523] pci 0000:00:1b.0:   bridge window [mem 0xbe100000-0xbe1fffff]
[    0.504531] pci 0000:04:00.0: bridge window [io  size 0x41000]: can't assign; no space
[    0.504534] pci 0000:04:00.0: bridge window [io  size 0x41000]: failed to assign
[    0.504539] pci 0000:05:01.0: bridge window [mem size 0x1018000000 64bit pref]: can't assign; no space
[    0.504542] pci 0000:05:01.0: bridge window [mem size 0x1018000000 64bit pref]: failed to assign
[    0.504546] pci 0000:05:01.0: bridge window [io  size 0x31000]: can't assign; no space
[    0.504549] pci 0000:05:01.0: bridge window [io  size 0x31000]: failed to assign
[    0.504552] pci 0000:05:04.0: bridge window [io  size 0x10000]: can't assign; no space
[    0.504555] pci 0000:05:04.0: bridge window [io  size 0x10000]: failed to assign
[    0.504558] pci 0000:05:00.0: PCI bridge to [bus 06]
[    0.504590] pci 0000:05:00.0:   bridge window [mem 0xbc100000-0xbc1fffff]
[    0.504601] pci 0000:07:00.0: bridge window [mem size 0x1018000000 64bit pref]: can't assign; no space
[    0.504604] pci 0000:07:00.0: bridge window [mem size 0x1018000000 64bit pref]: failed to assign
[    0.504608] pci 0000:07:00.0: bridge window [mem 0xa4000000-0xafffffff]: assigned
[    0.504611] pci 0000:07:00.0: bridge window [io  size 0x31000]: can't assign; no space
[    0.504614] pci 0000:07:00.0: bridge window [io  size 0x31000]: failed to assign
[    0.504618] pci 0000:08:01.0: bridge window [mem size 0x18000000 64bit pref]: can't assign; no space
[    0.504621] pci 0000:08:01.0: bridge window [mem size 0x18000000 64bit pref]: failed to assign
[    0.504625] pci 0000:08:01.0: bridge window [mem 0xa4000000-0xa57fffff]: assigned
[    0.504628] pci 0000:08:04.0: bridge window [mem 0xa5800000-0xafffffff]: assigned
[    0.504631] pci 0000:08:04.0: bridge window [mem size 0x1000000000 64bit pref]: can't assign; no space
[    0.504635] pci 0000:08:04.0: bridge window [mem size 0x1000000000 64bit pref]: failed to assign
[    0.504638] pci 0000:08:01.0: bridge window [io  size 0x1000]: can't assign; no space
[    0.504641] pci 0000:08:01.0: bridge window [io  size 0x1000]: failed to assign
[    0.504644] pci 0000:08:04.0: bridge window [io  size 0x30000]: can't assign; no space
[    0.504647] pci 0000:08:04.0: bridge window [io  size 0x30000]: failed to assign
[    0.504651] pci 0000:09:00.0: BAR 1 [mem size 0x10000000 64bit pref]: can't assign; no space
[    0.504654] pci 0000:09:00.0: BAR 1 [mem size 0x10000000 64bit pref]: failed to assign
[    0.504658] pci 0000:09:00.0: BAR 3 [mem size 0x02000000 64bit pref]: can't assign; no space
[    0.504661] pci 0000:09:00.0: BAR 3 [mem size 0x02000000 64bit pref]: failed to assign
[    0.504664] pci 0000:09:00.0: BAR 0 [mem 0xa4000000-0xa4ffffff]: assigned
[    0.504699] pci 0000:09:00.0: ROM [mem 0xa5000000-0xa507ffff pref]: assigned
[    0.504703] pci 0000:09:00.1: BAR 0 [mem 0xa5080000-0xa5083fff]: assigned
[    0.504711] pci 0000:09:00.0: BAR 5 [io  size 0x0080]: can't assign; no space
[    0.504714] pci 0000:09:00.0: BAR 5 [io  size 0x0080]: failed to assign
[    0.504717] pci 0000:08:01.0: PCI bridge to [bus 09]
[    0.504726] pci 0000:08:01.0:   bridge window [mem 0xa4000000-0xa57fffff]
[    0.504744] pci 0000:08:04.0: PCI bridge to [bus 0a-2b]
[    0.504753] pci 0000:08:04.0:   bridge window [mem 0xa5800000-0xafffffff]
[    0.504770] pci 0000:07:00.0: PCI bridge to [bus 08-2b]
[    0.504780] pci 0000:07:00.0:   bridge window [mem 0xa4000000-0xafffffff]
[    0.504797] pci 0000:05:01.0: PCI bridge to [bus 07-2b]
[    0.504803] pci 0000:05:01.0:   bridge window [mem 0xa4000000-0xafffffff]
[    0.504813] pci 0000:05:02.0: PCI bridge to [bus 2c]
[    0.504818] pci 0000:05:02.0:   bridge window [mem 0xb0000000-0xb00fffff]
[    0.504828] pci 0000:05:04.0: PCI bridge to [bus 2d-51]
[    0.504834] pci 0000:05:04.0:   bridge window [mem 0xb0100000-0xbc0fffff]
[    0.504839] pci 0000:05:04.0:   bridge window [mem 0x6020000000-0x603fffffff 64bit pref]
[    0.504847] pci 0000:04:00.0: PCI bridge to [bus 05-51]
[    0.504853] pci 0000:04:00.0:   bridge window [mem 0xa4000000-0xbc1fffff]
[    0.504858] pci 0000:04:00.0:   bridge window [mem 0x6000000000-0x603fffffff 64bit pref]
[    0.504866] pci 0000:00:1c.0: PCI bridge to [bus 04-51]
[    0.504870] pci 0000:00:1c.0:   bridge window [mem 0xa4000000-0xbc1fffff]
[    0.504874] pci 0000:00:1c.0:   bridge window [mem 0x6000000000-0x603fffffff 64bit pref]
[    0.504881] pci_bus 0000:00: No. 4 try to assign unassigned res
[    0.504883] release child resource [mem 0xa4000000-0xa4ffffff]
[    0.504884] release child resource [mem 0xa5000000-0xa507ffff pref]
[    0.504885] release child resource [mem 0xa5080000-0xa5083fff]
[    0.504886] pci 0000:08:01.0: resource 14 [mem 0xa4000000-0xa57fffff] released
[    0.504889] pci 0000:08:01.0: PCI bridge to [bus 09]
[    0.504923] pci 0000:08:04.0: resource 14 [mem 0xa5800000-0xafffffff] released
[    0.504926] pci 0000:08:04.0: PCI bridge to [bus 0a-2b]
[    0.504933] pci 0000:07:00.0: resource 14 [mem 0xa4000000-0xafffffff] released
[    0.504936] pci 0000:07:00.0: PCI bridge to [bus 08-2b]
[    0.504944] pci 0000:05:01.0: resource 14 [mem 0xa4000000-0xafffffff] released
[    0.504947] pci 0000:05:01.0: PCI bridge to [bus 07-2b]
[    0.504952] release child resource [mem 0xbc100000-0xbc13ffff]
[    0.504952] release child resource [mem 0xbc140000-0xbc140fff]
[    0.504954] pci 0000:05:00.0: resource 14 [mem 0xbc100000-0xbc1fffff] released
[    0.504957] pci 0000:05:00.0: PCI bridge to [bus 06]
[    0.504961] release child resource [mem 0xb0000000-0xb000ffff]
[    0.504962] pci 0000:05:02.0: resource 14 [mem 0xb0000000-0xb00fffff] released
[    0.504965] pci 0000:05:02.0: PCI bridge to [bus 2c]
[    0.504970] pci 0000:05:04.0: resource 15 [mem 0x6020000000-0x603fffffff 64bit pref] released
[    0.504973] pci 0000:05:04.0: PCI bridge to [bus 2d-51]
[    0.504982] pci 0000:04:00.0: resource 15 [mem 0x6000000000-0x603fffffff 64bit pref] released
[    0.504985] pci 0000:04:00.0: PCI bridge to [bus 05-51]
[    0.504993] release child resource [io  0x2000-0x207f]
[    0.504994] pci 0000:00:01.0: resource 13 [io  0x2000-0x2fff] released
[    0.504997] pci 0000:00:01.0: PCI bridge to [bus 01]
[    0.505008] pci 0000:00:01.0: bridge window [io  0x2000-0x2fff]: assigned
[    0.505011] pci 0000:00:1c.0: bridge window [io  size 0x61000]: can't assign; no space
[    0.505014] pci 0000:00:1c.0: bridge window [io  size 0x61000]: failed to assign
[    0.505018] pci 0000:01:00.0: BAR 5 [io  0x2000-0x207f]: assigned
[    0.505024] pci 0000:00:01.0: PCI bridge to [bus 01]
[    0.505027] pci 0000:00:01.0:   bridge window [io  0x2000-0x2fff]
[    0.505031] pci 0000:00:01.0:   bridge window [mem 0xbd000000-0xbe0fffff]
[    0.505034] pci 0000:00:01.0:   bridge window [mem 0x90000000-0xa1ffffff 64bit pref]
[    0.505040] pci 0000:00:1b.0: PCI bridge to [bus 02]
[    0.505053] pci 0000:00:1b.0:   bridge window [mem 0xbe100000-0xbe1fffff]
[    0.505062] pci 0000:04:00.0: bridge window [mem size 0x2018000000 64bit pref]: can't assign; no space
[    0.505066] pci 0000:04:00.0: bridge window [mem size 0x2018000000 64bit pref]: failed to assign
[    0.505069] pci 0000:04:00.0: bridge window [io  size 0x51000]: can't assign; no space
[    0.505072] pci 0000:04:00.0: bridge window [io  size 0x51000]: failed to assign
[    0.505077] pci 0000:05:01.0: bridge window [mem size 0x1018000000 64bit pref]: can't assign; no space
[    0.505080] pci 0000:05:01.0: bridge window [mem size 0x1018000000 64bit pref]: failed to assign
[    0.505084] pci 0000:05:01.0: bridge window [mem 0xa4000000-0xafffffff]: assigned
[    0.505087] pci 0000:05:00.0: bridge window [mem 0xb0000000-0xb00fffff]: assigned
[    0.505090] pci 0000:05:02.0: bridge window [mem 0xbc100000-0xbc1fffff]: assigned
[    0.505094] pci 0000:05:04.0: bridge window [mem size 0x1000000000 64bit pref]: can't assign; no space
[    0.505097] pci 0000:05:04.0: bridge window [mem size 0x1000000000 64bit pref]: failed to assign
[    0.505100] pci 0000:05:01.0: bridge window [io  size 0x41000]: can't assign; no space
[    0.505103] pci 0000:05:01.0: bridge window [io  size 0x41000]: failed to assign
[    0.505106] pci 0000:05:04.0: bridge window [io  size 0x10000]: can't assign; no space
[    0.505109] pci 0000:05:04.0: bridge window [io  size 0x10000]: failed to assign
[    0.505113] pci 0000:06:00.0: BAR 0 [mem 0xb0000000-0xb003ffff]: assigned
[    0.505145] pci 0000:06:00.0: BAR 1 [mem 0xb0040000-0xb0040fff]: assigned
[    0.505151] pci 0000:05:00.0: PCI bridge to [bus 06]
[    0.505157] pci 0000:05:00.0:   bridge window [mem 0xb0000000-0xb00fffff]
[    0.505167] pci 0000:07:00.0: bridge window [mem size 0x1018000000 64bit pref]: can't assign; no space
[    0.505171] pci 0000:07:00.0: bridge window [mem size 0x1018000000 64bit pref]: failed to assign
[    0.505174] pci 0000:07:00.0: bridge window [mem 0xa4000000-0xafffffff]: assigned
[    0.505177] pci 0000:07:00.0: bridge window [io  size 0x31000]: can't assign; no space
[    0.505180] pci 0000:07:00.0: bridge window [io  size 0x31000]: failed to assign
[    0.505184] pci 0000:08:01.0: bridge window [mem size 0x18000000 64bit pref]: can't assign; no space
[    0.505187] pci 0000:08:01.0: bridge window [mem size 0x18000000 64bit pref]: failed to assign
[    0.505191] pci 0000:08:01.0: bridge window [mem 0xa4000000-0xa57fffff]: assigned
[    0.505194] pci 0000:08:04.0: bridge window [mem 0xa5800000-0xafffffff]: assigned
[    0.505197] pci 0000:08:04.0: bridge window [mem size 0x1000000000 64bit pref]: can't assign; no space
[    0.505201] pci 0000:08:04.0: bridge window [mem size 0x1000000000 64bit pref]: failed to assign
[    0.505204] pci 0000:08:01.0: bridge window [io  size 0x1000]: can't assign; no space
[    0.505207] pci 0000:08:01.0: bridge window [io  size 0x1000]: failed to assign
[    0.505210] pci 0000:08:04.0: bridge window [io  size 0x30000]: can't assign; no space
[    0.505213] pci 0000:08:04.0: bridge window [io  size 0x30000]: failed to assign
[    0.505217] pci 0000:09:00.0: BAR 1 [mem size 0x10000000 64bit pref]: can't assign; no space
[    0.505220] pci 0000:09:00.0: BAR 1 [mem size 0x10000000 64bit pref]: failed to assign
[    0.505224] pci 0000:09:00.0: BAR 3 [mem size 0x02000000 64bit pref]: can't assign; no space
[    0.505227] pci 0000:09:00.0: BAR 3 [mem size 0x02000000 64bit pref]: failed to assign
[    0.505230] pci 0000:09:00.0: BAR 0 [mem 0xa4000000-0xa4ffffff]: assigned
[    0.505265] pci 0000:09:00.0: ROM [mem 0xa5000000-0xa507ffff pref]: assigned
[    0.505268] pci 0000:09:00.1: BAR 0 [mem 0xa5080000-0xa5083fff]: assigned
[    0.505277] pci 0000:09:00.0: BAR 5 [io  size 0x0080]: can't assign; no space
[    0.505280] pci 0000:09:00.0: BAR 5 [io  size 0x0080]: failed to assign
[    0.505283] pci 0000:08:01.0: PCI bridge to [bus 09]
[    0.505292] pci 0000:08:01.0:   bridge window [mem 0xa4000000-0xa57fffff]
[    0.505309] pci 0000:08:04.0: PCI bridge to [bus 0a-2b]
[    0.505319] pci 0000:08:04.0:   bridge window [mem 0xa5800000-0xafffffff]
[    0.505336] pci 0000:07:00.0: PCI bridge to [bus 08-2b]
[    0.505346] pci 0000:07:00.0:   bridge window [mem 0xa4000000-0xafffffff]
[    0.505363] pci 0000:05:01.0: PCI bridge to [bus 07-2b]
[    0.505368] pci 0000:05:01.0:   bridge window [mem 0xa4000000-0xafffffff]
[    0.505379] pci 0000:2c:00.0: BAR 0 [mem 0xbc100000-0xbc10ffff]: assigned
[    0.505385] pci 0000:05:02.0: PCI bridge to [bus 2c]
[    0.505391] pci 0000:05:02.0:   bridge window [mem 0xbc100000-0xbc1fffff]
[    0.505401] pci 0000:05:04.0: PCI bridge to [bus 2d-51]
[    0.505407] pci 0000:05:04.0:   bridge window [mem 0xb0100000-0xbc0fffff]
[    0.505417] pci 0000:04:00.0: PCI bridge to [bus 05-51]
[    0.505422] pci 0000:04:00.0:   bridge window [mem 0xa4000000-0xbc1fffff]
[    0.505432] pci 0000:00:1c.0: PCI bridge to [bus 04-51]
[    0.505436] pci 0000:00:1c.0:   bridge window [mem 0xa4000000-0xbc1fffff]
[    0.505441] pci 0000:00:1c.0:   bridge window [mem 0x6000000000-0x603fffffff 64bit pref]
[    0.505447] pci_bus 0000:00: No. 5 try to assign unassigned res
[    0.505450] release child resource [mem 0xa4000000-0xa4ffffff]
[    0.505450] release child resource [mem 0xa5000000-0xa507ffff pref]
[    0.505451] release child resource [mem 0xa5080000-0xa5083fff]
[    0.505452] pci 0000:08:01.0: resource 14 [mem 0xa4000000-0xa57fffff] released
[    0.505455] pci 0000:08:01.0: PCI bridge to [bus 09]
[    0.505489] pci 0000:08:04.0: resource 14 [mem 0xa5800000-0xafffffff] released
[    0.505492] pci 0000:08:04.0: PCI bridge to [bus 0a-2b]
[    0.505499] pci 0000:07:00.0: resource 14 [mem 0xa4000000-0xafffffff] released
[    0.505502] pci 0000:07:00.0: PCI bridge to [bus 08-2b]
[    0.505510] pci 0000:05:01.0: resource 14 [mem 0xa4000000-0xafffffff] released
[    0.505513] pci 0000:05:01.0: PCI bridge to [bus 07-2b]
[    0.505517] release child resource [mem 0xb0000000-0xb003ffff]
[    0.505518] release child resource [mem 0xb0040000-0xb0040fff]
[    0.505519] pci 0000:05:00.0: resource 14 [mem 0xb0000000-0xb00fffff] released
[    0.505522] pci 0000:05:00.0: PCI bridge to [bus 06]
[    0.505527] release child resource [mem 0xbc100000-0xbc10ffff]
[    0.505528] pci 0000:05:02.0: resource 14 [mem 0xbc100000-0xbc1fffff] released
[    0.505531] pci 0000:05:02.0: PCI bridge to [bus 2c]
[    0.505535] pci 0000:05:04.0: resource 14 [mem 0xb0100000-0xbc0fffff] released
[    0.505538] pci 0000:05:04.0: PCI bridge to [bus 2d-51]
[    0.505543] pci 0000:04:00.0: resource 14 [mem 0xa4000000-0xbc1fffff] released
[    0.505546] pci 0000:04:00.0: PCI bridge to [bus 05-51]
[    0.505551] pci 0000:00:1c.0: resource 15 [mem 0x6000000000-0x603fffffff 64bit pref] released
[    0.505555] pci 0000:00:1c.0: PCI bridge to [bus 04-51]
[    0.505561] release child resource [io  0x2000-0x207f]
[    0.505562] pci 0000:00:01.0: resource 13 [io  0x2000-0x2fff] released
[    0.505565] pci 0000:00:01.0: PCI bridge to [bus 01]
[    0.505577] pci 0000:00:1c.0: bridge window [mem 0x4010000000-0x6027ffffff 64bit pref]: assigned
[    0.505581] pci 0000:00:01.0: bridge window [io  0x2000-0x2fff]: assigned
[    0.505585] pci 0000:00:1c.0: bridge window [io  size 0x61000]: can't assign; no space
[    0.505588] pci 0000:00:1c.0: bridge window [io  size 0x61000]: failed to assign
[    0.505591] pci 0000:01:00.0: BAR 5 [io  0x2000-0x207f]: assigned
[    0.505597] pci 0000:00:01.0: PCI bridge to [bus 01]
[    0.505600] pci 0000:00:01.0:   bridge window [io  0x2000-0x2fff]
[    0.505604] pci 0000:00:01.0:   bridge window [mem 0xbd000000-0xbe0fffff]
[    0.505608] pci 0000:00:01.0:   bridge window [mem 0x90000000-0xa1ffffff 64bit pref]
[    0.505613] pci 0000:00:1b.0: PCI bridge to [bus 02]
[    0.505626] pci 0000:00:1b.0:   bridge window [mem 0xbe100000-0xbe1fffff]
[    0.505635] pci 0000:04:00.0: bridge window [mem 0x4010000000-0x6027ffffff 64bit pref]: assigned
[    0.505638] pci 0000:04:00.0: bridge window [mem 0xa4000000-0xbc1fffff]: assigned
[    0.505642] pci 0000:04:00.0: bridge window [io  size 0x61000]: can't assign; no space
[    0.505645] pci 0000:04:00.0: bridge window [io  size 0x61000]: failed to assign
[    0.505649] pci 0000:05:01.0: bridge window [mem 0x4010000000-0x5027ffffff 64bit pref]: assigned
[    0.505652] pci 0000:05:01.0: bridge window [mem 0xa4000000-0xaf9fffff]: assigned
[    0.505656] pci 0000:05:00.0: bridge window [mem 0xafa00000-0xafafffff]: assigned
[    0.505659] pci 0000:05:02.0: bridge window [mem 0xafb00000-0xafbfffff]: assigned
[    0.505662] pci 0000:05:04.0: bridge window [mem 0xafc00000-0xbbbfffff]: assigned
[    0.505665] pci 0000:05:04.0: bridge window [mem 0x5028000000-0x6027ffffff 64bit pref]: assigned
[    0.505669] pci 0000:05:01.0: bridge window [io  size 0x49000]: can't assign; no space
[    0.505672] pci 0000:05:01.0: bridge window [io  size 0x49000]: failed to assign
[    0.505675] pci 0000:05:04.0: bridge window [io  size 0x18000]: can't assign; no space
[    0.505678] pci 0000:05:04.0: bridge window [io  size 0x18000]: failed to assign
[    0.505681] pci 0000:06:00.0: BAR 0 [mem 0xafa00000-0xafa3ffff]: assigned
[    0.505714] pci 0000:06:00.0: BAR 1 [mem 0xafa40000-0xafa40fff]: assigned
[    0.505720] pci 0000:05:00.0: PCI bridge to [bus 06]
[    0.505725] pci 0000:05:00.0:   bridge window [mem 0xafa00000-0xafafffff]
[    0.505736] pci 0000:07:00.0: bridge window [mem 0x4010000000-0x5027ffffff 64bit pref]: assigned
[    0.505739] pci 0000:07:00.0: bridge window [mem 0xa4000000-0xaf9fffff]: assigned
[    0.505742] pci 0000:07:00.0: bridge window [io  size 0x49000]: can't assign; no space
[    0.505745] pci 0000:07:00.0: bridge window [io  size 0x49000]: failed to assign
[    0.505749] pci 0000:08:01.0: bridge window [mem 0x4010000000-0x4027ffffff 64bit pref]: assigned
[    0.505753] pci 0000:08:01.0: bridge window [mem 0xa4000000-0xa57fffff]: assigned
[    0.505756] pci 0000:08:04.0: bridge window [mem size 0x0a800000]: can't assign; no space
[    0.505759] pci 0000:08:04.0: bridge window [mem size 0x0a800000]: failed to assign
[    0.505762] pci 0000:08:04.0: bridge window [mem 0x4028000000-0x5027ffffff 64bit pref]: assigned
[    0.505766] pci 0000:08:01.0: bridge window [io  size 0x1000]: can't assign; no space
[    0.505769] pci 0000:08:01.0: bridge window [io  size 0x1000]: failed to assign
[    0.505772] pci 0000:08:04.0: bridge window [io  size 0x48000]: can't assign; no space
[    0.505775] pci 0000:08:04.0: bridge window [io  size 0x48000]: failed to assign
[    0.505779] pci 0000:09:00.0: BAR 1 [mem 0x4010000000-0x401fffffff 64bit pref]: assigned
[    0.505829] pci 0000:09:00.0: BAR 3 [mem 0x4020000000-0x4021ffffff 64bit pref]: assigned
[    0.505852] pci 0000:09:00.0: BAR 0 [mem 0xa4000000-0xa4ffffff]: assigned
[    0.505861] pci 0000:09:00.0: ROM [mem 0xa5000000-0xa507ffff pref]: assigned
[    0.505864] pci 0000:09:00.1: BAR 0 [mem 0xa5080000-0xa5083fff]: assigned
[    0.505873] pci 0000:09:00.0: BAR 5 [io  size 0x0080]: can't assign; no space
[    0.505876] pci 0000:09:00.0: BAR 5 [io  size 0x0080]: failed to assign
[    0.505879] pci 0000:08:01.0: PCI bridge to [bus 09]
[    0.505888] pci 0000:08:01.0:   bridge window [mem 0xa4000000-0xa57fffff]
[    0.505896] pci 0000:08:01.0:   bridge window [mem 0x4010000000-0x4027ffffff 64bit pref]
[    0.505909] pci 0000:08:04.0: PCI bridge to [bus 0a-2b]
[    0.505923] pci 0000:08:04.0:   bridge window [mem 0x4028000000-0x5027ffffff 64bit pref]
[    0.505936] pci 0000:07:00.0: PCI bridge to [bus 08-2b]
[    0.505946] pci 0000:07:00.0:   bridge window [mem 0xa4000000-0xaf9fffff]
[    0.505953] pci 0000:07:00.0:   bridge window [mem 0x4010000000-0x5027ffffff 64bit pref]
[    0.505966] pci 0000:05:01.0: PCI bridge to [bus 07-2b]
[    0.505972] pci 0000:05:01.0:   bridge window [mem 0xa4000000-0xaf9fffff]
[    0.505977] pci 0000:05:01.0:   bridge window [mem 0x4010000000-0x5027ffffff 64bit pref]
[    0.505985] pci 0000:2c:00.0: BAR 0 [mem 0xafb00000-0xafb0ffff]: assigned
[    0.505992] pci 0000:05:02.0: PCI bridge to [bus 2c]
[    0.505998] pci 0000:05:02.0:   bridge window [mem 0xafb00000-0xafbfffff]
[    0.506007] pci 0000:05:04.0: PCI bridge to [bus 2d-51]
[    0.506013] pci 0000:05:04.0:   bridge window [mem 0xafc00000-0xbbbfffff]
[    0.506018] pci 0000:05:04.0:   bridge window [mem 0x5028000000-0x6027ffffff 64bit pref]
[    0.506026] pci 0000:04:00.0: PCI bridge to [bus 05-51]
[    0.506032] pci 0000:04:00.0:   bridge window [mem 0xa4000000-0xbc1fffff]
[    0.506037] pci 0000:04:00.0:   bridge window [mem 0x4010000000-0x6027ffffff 64bit pref]
[    0.506045] pci 0000:00:1c.0: PCI bridge to [bus 04-51]
[    0.506050] pci 0000:00:1c.0:   bridge window [mem 0xa4000000-0xbc1fffff]
[    0.506054] pci 0000:00:1c.0:   bridge window [mem 0x4010000000-0x6027ffffff 64bit pref]
[    0.506060] pci_bus 0000:00: No. 6 try to assign unassigned res
[    0.506063] release child resource [mem 0xa4000000-0xa4ffffff]
[    0.506064] release child resource [mem 0xa5000000-0xa507ffff pref]
[    0.506065] release child resource [mem 0xa5080000-0xa5083fff]
[    0.506066] pci 0000:08:01.0: resource 14 [mem 0xa4000000-0xa57fffff] released
[    0.506069] pci 0000:08:01.0: PCI bridge to [bus 09]
[    0.506102] pci 0000:07:00.0: resource 14 [mem 0xa4000000-0xaf9fffff] released
[    0.506105] pci 0000:07:00.0: PCI bridge to [bus 08-2b]
[    0.506112] release child resource [io  0x2000-0x207f]
[    0.506113] pci 0000:00:01.0: resource 13 [io  0x2000-0x2fff] released
[    0.506116] pci 0000:00:01.0: PCI bridge to [bus 01]
[    0.506126] pci 0000:00:01.0: bridge window [io  0x2000-0x2fff]: assigned
[    0.506130] pci 0000:00:1c.0: bridge window [io  size 0x61000]: can't assign; no space
[    0.506133] pci 0000:00:1c.0: bridge window [io  size 0x61000]: failed to assign
[    0.506136] pci 0000:01:00.0: BAR 5 [io  0x2000-0x207f]: assigned
[    0.506142] pci 0000:00:01.0: PCI bridge to [bus 01]
[    0.506145] pci 0000:00:01.0:   bridge window [io  0x2000-0x2fff]
[    0.506149] pci 0000:00:01.0:   bridge window [mem 0xbd000000-0xbe0fffff]
[    0.506152] pci 0000:00:01.0:   bridge window [mem 0x90000000-0xa1ffffff 64bit pref]
[    0.506158] pci 0000:00:1b.0: PCI bridge to [bus 02]
[    0.506171] pci 0000:00:1b.0:   bridge window [mem 0xbe100000-0xbe1fffff]
[    0.506179] pci 0000:04:00.0: bridge window [io  size 0x61000]: can't assign; no space
[    0.506183] pci 0000:04:00.0: bridge window [io  size 0x61000]: failed to assign
[    0.506186] pci 0000:05:01.0: bridge window [io  size 0x49000]: can't assign; no space
[    0.506189] pci 0000:05:01.0: bridge window [io  size 0x49000]: failed to assign
[    0.506192] pci 0000:05:04.0: bridge window [io  size 0x18000]: can't assign; no space
[    0.506195] pci 0000:05:04.0: bridge window [io  size 0x18000]: failed to assign
[    0.506198] pci 0000:05:00.0: PCI bridge to [bus 06]
[    0.506231] pci 0000:05:00.0:   bridge window [mem 0xafa00000-0xafafffff]
[    0.506241] pci 0000:07:00.0: bridge window [mem size 0x0c000000]: can't assign; no space
[    0.506244] pci 0000:07:00.0: bridge window [mem size 0x0c000000]: failed to assign
[    0.506247] pci 0000:07:00.0: bridge window [io  size 0x49000]: can't assign; no space
[    0.506250] pci 0000:07:00.0: bridge window [io  size 0x49000]: failed to assign
[    0.506254] pci 0000:08:01.0: bridge window [mem size 0x01800000]: can't assign; no space
[    0.506257] pci 0000:08:01.0: bridge window [mem size 0x01800000]: failed to assign
[    0.506260] pci 0000:08:04.0: bridge window [mem size 0x0a800000]: can't assign; no space
[    0.506263] pci 0000:08:04.0: bridge window [mem size 0x0a800000]: failed to assign
[    0.506266] pci 0000:08:01.0: bridge window [io  size 0x1000]: can't assign; no space
[    0.506269] pci 0000:08:01.0: bridge window [io  size 0x1000]: failed to assign
[    0.506272] pci 0000:08:04.0: bridge window [io  size 0x48000]: can't assign; no space
[    0.506275] pci 0000:08:04.0: bridge window [io  size 0x48000]: failed to assign
[    0.506279] pci 0000:09:00.0: BAR 0 [mem size 0x01000000]: can't assign; no space
[    0.506282] pci 0000:09:00.0: BAR 0 [mem size 0x01000000]: failed to assign
[    0.506285] pci 0000:09:00.0: ROM [mem size 0x00080000 pref]: can't assign; no space
[    0.506288] pci 0000:09:00.0: ROM [mem size 0x00080000 pref]: failed to assign
[    0.506291] pci 0000:09:00.1: BAR 0 [mem size 0x00004000]: can't assign; no space
[    0.506295] pci 0000:09:00.1: BAR 0 [mem size 0x00004000]: failed to assign
[    0.506298] pci 0000:09:00.0: BAR 5 [io  size 0x0080]: can't assign; no space
[    0.506300] pci 0000:09:00.0: BAR 5 [io  size 0x0080]: failed to assign
[    0.506303] pci 0000:08:01.0: PCI bridge to [bus 09]
[    0.506344] pci 0000:08:01.0:   bridge window [mem 0x4010000000-0x4027ffffff 64bit pref]
[    0.506357] pci 0000:08:04.0: PCI bridge to [bus 0a-2b]
[    0.506371] pci 0000:08:04.0:   bridge window [mem 0x4028000000-0x5027ffffff 64bit pref]
[    0.506384] pci 0000:07:00.0: PCI bridge to [bus 08-2b]
[    0.506398] pci 0000:07:00.0:   bridge window [mem 0x4010000000-0x5027ffffff 64bit pref]
[    0.506411] pci 0000:05:01.0: PCI bridge to [bus 07-2b]
[    0.506417] pci 0000:05:01.0:   bridge window [mem 0xa4000000-0xaf9fffff]
[    0.506422] pci 0000:05:01.0:   bridge window [mem 0x4010000000-0x5027ffffff 64bit pref]
[    0.506430] pci 0000:05:02.0: PCI bridge to [bus 2c]
[    0.506436] pci 0000:05:02.0:   bridge window [mem 0xafb00000-0xafbfffff]
[    0.506446] pci 0000:05:04.0: PCI bridge to [bus 2d-51]
[    0.506452] pci 0000:05:04.0:   bridge window [mem 0xafc00000-0xbbbfffff]
[    0.506457] pci 0000:05:04.0:   bridge window [mem 0x5028000000-0x6027ffffff 64bit pref]
[    0.506465] pci 0000:04:00.0: PCI bridge to [bus 05-51]
[    0.506470] pci 0000:04:00.0:   bridge window [mem 0xa4000000-0xbc1fffff]
[    0.506475] pci 0000:04:00.0:   bridge window [mem 0x4010000000-0x6027ffffff 64bit pref]
[    0.506483] pci 0000:00:1c.0: PCI bridge to [bus 04-51]
[    0.506488] pci 0000:00:1c.0:   bridge window [mem 0xa4000000-0xbc1fffff]
[    0.506492] pci 0000:00:1c.0:   bridge window [mem 0x4010000000-0x6027ffffff 64bit pref]
[    0.506498] pci_bus 0000:00: resource 4 [io  0x0000-0x0cf7 window]
[    0.506502] pci_bus 0000:00: resource 5 [io  0x0d00-0xffff window]
[    0.506504] pci_bus 0000:00: resource 6 [mem 0x000a0000-0x000bffff window]
[    0.506507] pci_bus 0000:00: resource 7 [mem 0x8f800000-0xefffffff window]
[    0.506510] pci_bus 0000:00: resource 8 [mem 0x4000000000-0x7fffffffff window]
[    0.506514] pci_bus 0000:00: resource 9 [mem 0xfc800000-0xfe7fffff window]
[    0.506516] pci_bus 0000:01: resource 0 [io  0x2000-0x2fff]
[    0.506519] pci_bus 0000:01: resource 1 [mem 0xbd000000-0xbe0fffff]
[    0.506522] pci_bus 0000:01: resource 2 [mem 0x90000000-0xa1ffffff 64bit pref]
[    0.506525] pci_bus 0000:02: resource 1 [mem 0xbe100000-0xbe1fffff]
[    0.506528] pci_bus 0000:04: resource 1 [mem 0xa4000000-0xbc1fffff]
[    0.506531] pci_bus 0000:04: resource 2 [mem 0x4010000000-0x6027ffffff 64bit pref]
[    0.506534] pci_bus 0000:05: resource 1 [mem 0xa4000000-0xbc1fffff]
[    0.506537] pci_bus 0000:05: resource 2 [mem 0x4010000000-0x6027ffffff 64bit pref]
[    0.506540] pci_bus 0000:06: resource 1 [mem 0xafa00000-0xafafffff]
[    0.506542] pci_bus 0000:07: resource 1 [mem 0xa4000000-0xaf9fffff]
[    0.506545] pci_bus 0000:07: resource 2 [mem 0x4010000000-0x5027ffffff 64bit pref]
[    0.506548] pci_bus 0000:08: resource 2 [mem 0x4010000000-0x5027ffffff 64bit pref]
[    0.506551] pci_bus 0000:09: resource 2 [mem 0x4010000000-0x4027ffffff 64bit pref]
[    0.506555] pci_bus 0000:0a: resource 2 [mem 0x4028000000-0x5027ffffff 64bit pref]
[    0.506558] pci_bus 0000:2c: resource 1 [mem 0xafb00000-0xafbfffff]
[    0.506560] pci_bus 0000:2d: resource 1 [mem 0xafc00000-0xbbbfffff]
[    0.506563] pci_bus 0000:2d: resource 2 [mem 0x5028000000-0x6027ffffff 64bit pref]
[    0.506987] pci 0000:01:00.1: extending delay after power-on from D3hot to 20 msec
[    0.507017] pci 0000:01:00.1: D0 power state depends on 0000:01:00.0
[    0.507104] pci 0000:01:00.2: D0 power state depends on 0000:01:00.0
[    0.507241] pci 0000:01:00.2: enabling device (0000 -> 0002)
[    0.507372] pci 0000:01:00.3: D0 power state depends on 0000:01:00.0
[    0.507620] pci 0000:09:00.1: extending delay after power-on from D3hot to 20 msec
[    0.507700] pci 0000:09:00.1: D0 power state depends on 0000:09:00.0
[    0.508284] PCI: CLS 128 bytes, default 64
[    0.508304] DMAR: No ATSR found
[    0.508306] DMAR: No SATC found
[    0.508308] DMAR: IOMMU feature fl1gp_support inconsistent
[    0.508309] DMAR: IOMMU feature pgsel_inv inconsistent
[    0.508312] DMAR: IOMMU feature nwfs inconsistent
[    0.508314] DMAR: IOMMU feature pasid inconsistent
[    0.508316] DMAR: IOMMU feature eafs inconsistent
[    0.508318] DMAR: IOMMU feature prs inconsistent
[    0.508320] DMAR: IOMMU feature nest inconsistent
[    0.508322] DMAR: IOMMU feature mts inconsistent
[    0.508324] DMAR: IOMMU feature sc_support inconsistent
[    0.508325] DMAR: IOMMU feature dev_iotlb_support inconsistent
[    0.508328] DMAR: dmar0: Using Queued invalidation
[    0.508333] DMAR: dmar1: Using Queued invalidation
[    0.508604] pci 0000:00:02.0: Adding to iommu group 0
[    0.509091] pci 0000:00:00.0: Adding to iommu group 1
[    0.509113] pci 0000:00:01.0: Adding to iommu group 2
[    0.509126] pci 0000:00:04.0: Adding to iommu group 3
[    0.509139] pci 0000:00:08.0: Adding to iommu group 4
[    0.509157] pci 0000:00:12.0: Adding to iommu group 5
[    0.509183] pci 0000:00:14.0: Adding to iommu group 6
[    0.509195] pci 0000:00:14.2: Adding to iommu group 6
[    0.509221] pci 0000:00:15.0: Adding to iommu group 7
[    0.509234] pci 0000:00:15.1: Adding to iommu group 7
[    0.509259] pci 0000:00:16.0: Adding to iommu group 8
[    0.509272] pci 0000:00:16.3: Adding to iommu group 8
[    0.509295] pci 0000:00:1b.0: Adding to iommu group 9
[    0.509317] pci 0000:00:1c.0: Adding to iommu group 10
[    0.509336] pci 0000:00:1e.0: Adding to iommu group 11
[    0.509373] pci 0000:00:1f.0: Adding to iommu group 12
[    0.509387] pci 0000:00:1f.4: Adding to iommu group 12
[    0.509400] pci 0000:00:1f.5: Adding to iommu group 12
[    0.509414] pci 0000:00:1f.6: Adding to iommu group 12
[    0.509419] pci 0000:01:00.0: Adding to iommu group 2
[    0.509425] pci 0000:01:00.1: Adding to iommu group 2
[    0.509430] pci 0000:01:00.2: Adding to iommu group 2
[    0.509434] pci 0000:01:00.3: Adding to iommu group 2
[    0.509457] pci 0000:02:00.0: Adding to iommu group 13
[    0.509479] pci 0000:04:00.0: Adding to iommu group 14
[    0.509501] pci 0000:05:00.0: Adding to iommu group 15
[    0.509522] pci 0000:05:01.0: Adding to iommu group 16
[    0.509543] pci 0000:05:02.0: Adding to iommu group 17
[    0.509565] pci 0000:05:04.0: Adding to iommu group 18
[    0.509607] pci 0000:06:00.0: Adding to iommu group 19
[    0.509634] pci 0000:07:00.0: Adding to iommu group 20
[    0.509671] pci 0000:08:01.0: Adding to iommu group 21
[    0.509699] pci 0000:08:04.0: Adding to iommu group 22
[    0.509704] pci 0000:09:00.0: Adding to iommu group 21
[    0.509708] pci 0000:09:00.1: Adding to iommu group 21
[    0.509751] pci 0000:2c:00.0: Adding to iommu group 23
[    0.510716] DMAR: Intel(R) Virtualization Technology for Directed I/O
[    0.510719] PCI-DMA: Using software bounce buffering for IO (SWIOTLB)
[    0.510722] software IO TLB: mapped [mem 0x000000006f757000-0x0000000073757000] (64MB)
[    0.510817] RAPL PMU: API unit is 2^-32 Joules, 4 fixed counters, 655360 ms ovfl timer
[    0.510821] RAPL PMU: hw unit of domain pp0-core 2^-14 Joules
[    0.510824] RAPL PMU: hw unit of domain package 2^-14 Joules
[    0.510826] RAPL PMU: hw unit of domain dram 2^-14 Joules
[    0.510828] RAPL PMU: hw unit of domain pp1-gpu 2^-14 Joules
[    0.510887] resource: resource sanity check: requesting [mem 0x00000000fed10000-0x00000000fed15fff], which spans more than pnp 00:08 [mem 0xfed10000-0xfed13fff]
[    0.510893] caller snb_uncore_imc_init_box+0x73/0xd0 mapping multiple BARs
[    0.512235] Initialise system trusted keyrings
[    0.512267] workingset: timestamp_bits=46 max_order=24 bucket_order=0
[    0.525323] NET: Registered PF_ALG protocol family
[    0.525328] Key type asymmetric registered
[    0.525331] Asymmetric key parser 'x509' registered
[    0.525333] Asymmetric key parser 'pkcs8' registered
[    0.525343] Block layer SCSI generic (bsg) driver version 0.4 loaded (major 252)
[    0.525371] io scheduler mq-deadline registered
[    0.525373] io scheduler kyber registered
[    0.525547] gpio_it87: no device
[    0.525739] pcieport 0000:00:01.0: PME: Signaling with IRQ 122
[    0.525932] pcieport 0000:00:1b.0: PME: Signaling with IRQ 123
[    0.526059] pcieport 0000:00:1c.0: PME: Signaling with IRQ 124
[    0.526088] pcieport 0000:00:1c.0: pciehp: Slot #0 AttnBtn- PwrCtrl- MRL- AttnInd- PwrInd- HotPlug+ Surprise+ Interlock- NoCompl+ IbPresDis- LLActRep+
[    0.526648] pcieport 0000:05:01.0: pciehp: Slot #1 AttnBtn- PwrCtrl- MRL- AttnInd- PwrInd- HotPlug+ Surprise+ Interlock- NoCompl+ IbPresDis- LLActRep+
[    0.527095] pcieport 0000:05:04.0: pciehp: Slot #4 AttnBtn- PwrCtrl- MRL- AttnInd- PwrInd- HotPlug+ Surprise+ Interlock- NoCompl+ IbPresDis- LLActRep+
[    0.527298] pcieport 0000:07:00.0: enabling device (0000 -> 0002)
[    0.527556] pcieport 0000:08:01.0: enabling device (0000 -> 0002)
[    0.527894] pcieport 0000:08:04.0: enabling device (0000 -> 0002)
[    0.528101] pcieport 0000:08:04.0: pciehp: Slot #4 AttnBtn- PwrCtrl- MRL- AttnInd- PwrInd- HotPlug+ Surprise+ Interlock- NoCompl+ IbPresDis- LLActRep+
[    0.529817] ACPI: AC: AC Adapter [AC] (on-line)
[    0.529878] input: Sleep Button as /devices/LNXSYSTM:00/LNXSYBUS:00/PNP0C0E:00/input/input0
[    0.529989] ACPI: button: Sleep Button [SLPB]
[    0.530032] input: Lid Switch as /devices/LNXSYSTM:00/LNXSYBUS:00/PNP0C0D:00/input/input1
[    0.530145] ACPI: button: Lid Switch [LID]
[    0.530185] input: Power Button as /devices/LNXSYSTM:00/LNXPWRBN:00/input/input2
[    0.530304] ACPI: button: Power Button [PWRF]
[    0.536272] thermal LNXTHERM:00: registered as thermal_zone0
[    0.536277] ACPI: thermal: Thermal Zone [THM0] (59 C)
[    0.536411] Non-volatile memory driver v1.3
[    0.536414] Linux agpgart interface v0.103
[    0.536420] ACPI: bus type drm_connector registered
[    0.536486] i915 0000:00:02.0: enabling device (0006 -> 0007)
[    0.537284] i915 0000:00:02.0: [drm] VT-d active for gfx access
[    0.537289] i915 0000:00:02.0: vgaarb: deactivate vga console
[    0.537327] i915 0000:00:02.0: [drm] Using Transparent Hugepages
[    0.538859] i915 0000:00:02.0: vgaarb: VGA decodes changed: olddecodes=io+mem,decodes=none:owns=mem
[    0.538886] Loading firmware: i915/kbl_dmc_ver1_04.bin
[    0.541649] i915 0000:00:02.0: [drm] Finished loading DMC firmware i915/kbl_dmc_ver1_04.bin (v1.4)
[    0.568880] ACPI: battery: Slot [BAT0] (battery present)
[    0.578125] Loading firmware: i915/kbl_guc_70.1.1.bin
[    0.578193] Loading firmware: i915/kbl_huc_4.0.0.bin
[    0.580656] i915 0000:00:02.0: [drm] GT0: GuC firmware i915/kbl_guc_70.1.1.bin version 70.1.1
[    0.580665] i915 0000:00:02.0: [drm] GT0: HuC firmware i915/kbl_huc_4.0.0.bin version 4.0.0
[    0.603551] i915 0000:00:02.0: [drm] GT0: HuC: authenticated for all workloads
[    0.603557] i915 0000:00:02.0: [drm] GT0: GUC: submission disabled
[    0.603561] i915 0000:00:02.0: [drm] GT0: GUC: SLPC disabled
[    0.605920] [drm] Initialized i915 1.6.0 20230929 for 0000:00:02.0 on minor 0
[    0.606373] ACPI: video: [Firmware Bug]: ACPI(PEGP) defines _DOD but not _DOS
[    0.606420] ACPI: video: Video Device [PEGP] (multi-head: yes  rom: no  post: no)
[    0.606513] input: Video Bus as /devices/LNXSYSTM:00/LNXSYBUS:00/PNP0A08:00/device:00/LNXVIDEO:00/input/input3
[    0.608015] ACPI: video: Video Device [GFX0] (multi-head: yes  rom: no  post: no)
[    0.608145] input: Video Bus as /devices/LNXSYSTM:00/LNXSYBUS:00/PNP0A08:00/LNXVIDEO:01/input/input4
[    0.608221] i915 display info: display version: 9
[    0.608223] i915 display info: cursor_needs_physical: no
[    0.608225] i915 display info: has_cdclk_crawl: no
[    0.608226] i915 display info: has_cdclk_squash: no
[    0.608227] i915 display info: has_ddi: yes
[    0.608228] i915 display info: has_dp_mst: yes
[    0.608229] i915 display info: has_dsb: no
[    0.608229] i915 display info: has_fpga_dbg: yes
[    0.608230] i915 display info: has_gmch: no
[    0.608231] i915 display info: has_hotplug: yes
[    0.608232] i915 display info: has_hti: no
[    0.608233] i915 display info: has_ipc: yes
[    0.608234] i915 display info: has_overlay: no
[    0.608234] i915 display info: has_psr: yes
[    0.608235] i915 display info: has_psr_hw_tracking: yes
[    0.608236] i915 display info: overlay_needs_physical: no
[    0.608237] i915 display info: supports_tv: no
[    0.608238] i915 display info: has_hdcp: yes
[    0.608238] i915 display info: has_dmc: yes
[    0.608239] i915 display info: has_dsc: no
[    0.609304] fbcon: i915drmfb (fb0) is primary device
[    0.610394] loop: module loaded
[    0.610442] mei_me 0000:00:16.0: enabling device (0000 -> 0002)
[    0.610495] intel-lpss 0000:00:15.0: enabling device (0000 -> 0002)
[    0.610740] intel-lpss 0000:00:15.1: enabling device (0000 -> 0002)
[    0.610920] intel-lpss 0000:00:1e.0: enabling device (0000 -> 0002)
[    0.611581] wireguard: WireGuard 1.0.0 loaded. See www.wireguard.com for information.
[    0.611583] wireguard: Copyright (C) 2015-2019 Jason A. Donenfeld <Jason@zx2c4.com>. All Rights Reserved.
[    0.611754] nvme nvme0: pci function 0000:02:00.0
[    0.611755] tun: Universal TUN/TAP device driver, 1.6
[    0.611853] e1000e: Intel(R) PRO/1000 Network Driver
[    0.611855] e1000e: Copyright(c) 1999 - 2015 Intel Corporation.
[    0.612404] e1000e 0000:00:1f.6: Interrupt Throttling Rate (ints/sec) set to dynamic conservative mode
[    0.621257] nvme nvme0: missing or invalid SUBNQN field.
[    0.621481] nvme nvme0: Shutdown timeout set to 8 seconds
[    0.635892] nvme nvme0: 12/0/0 default/read/poll queues
[    0.640688]  nvme0n1: p1 p2 p3 p4
[    0.704689] pcieport 0000:08:04.0: pciehp: Slot(4-1): Card present
[    0.704693] pcieport 0000:08:04.0: pciehp: Slot(4-1): Link Up
