[    0.000000] Linux version 6.8.6-gentoo (root@p53) (gcc (Gentoo 13.2.1_p20240210 p14) 13.2.1 20240210, GNU ld (Gentoo 2.42 p3) 2.42.0) #19 SMP PREEMPT_DYNAMIC Thu Apr 18 08:01:48 -00 2024
[    0.000000] Command line: BOOT_IMAGE=/kernel-6.8.6-gt-000.efi root=PARTUUID=a8f4911b-b44b-466a-9c9c-d30789efbe40 ro
[    0.000000] BIOS-provided physical RAM map:
[    0.000000] BIOS-e820: [mem 0x0000000000000000-0x000000000009efff] usable
[    0.000000] BIOS-e820: [mem 0x000000000009f000-0x00000000000fffff] reserved
[    0.000000] BIOS-e820: [mem 0x0000000000100000-0x000000006f23bfff] usable
[    0.000000] BIOS-e820: [mem 0x000000006f23c000-0x000000006f23cfff] reserved
[    0.000000] BIOS-e820: [mem 0x000000006f23d000-0x000000007a792fff] usable
[    0.000000] BIOS-e820: [mem 0x000000007a793000-0x000000007fa6cfff] reserved
[    0.000000] BIOS-e820: [mem 0x000000007fa6d000-0x000000007fca9fff] ACPI NVS
[    0.000000] BIOS-e820: [mem 0x000000007fcaa000-0x000000007fd0efff] ACPI data
[    0.000000] BIOS-e820: [mem 0x000000007fd0f000-0x000000007fd0ffff] usable
[    0.000000] BIOS-e820: [mem 0x000000007fd10000-0x0000000087ffffff] reserved
[    0.000000] BIOS-e820: [mem 0x0000000088000000-0x00000000887fffff] usable
[    0.000000] BIOS-e820: [mem 0x0000000088800000-0x000000008f7fffff] reserved
[    0.000000] BIOS-e820: [mem 0x00000000fe010000-0x00000000fe010fff] reserved
[    0.000000] BIOS-e820: [mem 0x0000000100000000-0x000000106e7fffff] usable
[    0.000000] NX (Execute Disable) protection: active
[    0.000000] APIC: Static calls initialized
[    0.000000] efi: EFI v2.6 by Lenovo
[    0.000000] efi: SMBIOS=0x7cebe000 SMBIOS 3.0=0x7ceb1000 ACPI=0x7fd0e000 ACPI 2.0=0x7fd0e014 MEMATTR=0x74fd4018 ESRT=0x7cc96000 RNG=0x7fd0d018 
[    0.000000] random: crng init done
[    0.000000] efi: Not removing mem58: MMIO range=[0xfe010000-0xfe010fff] (4KB) from e820 map
[    0.000000] SMBIOS 3.1.1 present.
[    0.000000] DMI: LENOVO 20QQS1H508/20QQS1H508, BIOS N2NET59W (1.44 ) 02/21/2024
[    0.000000] tsc: Detected 2600.000 MHz processor
[    0.000000] tsc: Detected 2599.992 MHz TSC
[    0.000003] e820: update [mem 0x00000000-0x00000fff] usable ==> reserved
[    0.000006] e820: remove [mem 0x000a0000-0x000fffff] usable
[    0.000011] last_pfn = 0x106e800 max_arch_pfn = 0x400000000
[    0.000015] MTRR map: 5 entries (3 fixed + 2 variable; max 23), built from 10 variable MTRRs
[    0.000017] x86/PAT: Configuration [0-7]: WB  WC  UC- UC  WB  WP  UC- WT  
[    0.000364] last_pfn = 0x88800 max_arch_pfn = 0x400000000
[    0.008186] esrt: Reserving ESRT space from 0x000000007cc96000 to 0x000000007cc960b0.
[    0.008192] Using GB pages for direct mapping
[    0.008406] Secure boot disabled
[    0.008407] ACPI: Early table checksum verification disabled
[    0.008409] ACPI: RSDP 0x000000007FD0E014 000024 (v02 LENOVO)
[    0.008413] ACPI: XSDT 0x000000007FD0C188 000114 (v01 LENOVO TP-N2N   00001440 PTEC 00000002)
[    0.008419] ACPI: FACP 0x000000007CCC9000 000114 (v06 LENOVO TP-N2N   00001440 PTEC 00000002)
[    0.008423] ACPI: DSDT 0x000000007CC9D000 027A69 (v02 LENOVO CFL      20170001 INTL 20160422)
[    0.008426] ACPI: FACS 0x000000007FAEB000 000040
[    0.008429] ACPI: SSDT 0x000000007CD20000 001B26 (v02 LENOVO CpuSsdt  00003000 INTL 20160527)
[    0.008431] ACPI: SSDT 0x000000007CD1F000 00056D (v02 LENOVO CtdpB    00001000 INTL 20160527)
[    0.008434] ACPI: SSDT 0x000000007CCE5000 004020 (v02 LENOVO DptfTabl 00001000 INTL 20160527)
[    0.008437] ACPI: SSDT 0x000000007CCCF000 003189 (v02 LENOVO SaSsdt   00003000 INTL 20160527)
[    0.008439] ACPI: SSDT 0x000000007CCCC000 002A59 (v02 LENOVO PegSsdt  00001000 INTL 20160527)
[    0.008442] ACPI: UEFI 0x000000007FB0C000 000042 (v01 LENOVO TP-N2N   00001440 PTEC 00000002)
[    0.008445] ACPI: SSDT 0x000000007CCCA000 000530 (v02 LENOVO PerfTune 00001000 INTL 20160527)
[    0.008447] ACPI: HPET 0x000000007CCC8000 000038 (v01 LENOVO TP-N2N   00001440 PTEC 00000002)
[    0.008450] ACPI: APIC 0x000000007CCC7000 00012C (v03 LENOVO TP-N2N   00001440 PTEC 00000002)
[    0.008452] ACPI: MCFG 0x000000007CCC6000 00003C (v01 LENOVO TP-N2N   00001440 PTEC 00000002)
[    0.008455] ACPI: ECDT 0x000000007CCC5000 000053 (v01 LENOVO TP-N2N   00001440 PTEC 00000002)
[    0.008457] ACPI: SSDT 0x000000007CC9B000 001A5F (v02 LENOVO CflH_Tbt 00001000 INTL 20160527)
[    0.008460] ACPI: SSDT 0x000000007CC98000 002990 (v02 LENOVO ProjSsdt 00000010 INTL 20160527)
[    0.008463] ACPI: BOOT 0x000000007CC97000 000028 (v01 LENOVO TP-N2N   00001440 PTEC 00000002)
[    0.008465] ACPI: SLIC 0x000000007CC95000 000176 (v01 LENOVO TP-N2N   00001440 PTEC 00000002)
[    0.008468] ACPI: SSDT 0x000000007CC94000 000E8A (v02 LENOVO UsbCTabl 00001000 INTL 20160527)
[    0.008470] ACPI: LPIT 0x000000007CC93000 000094 (v01 LENOVO TP-N2N   00001440 PTEC 00000002)
[    0.008473] ACPI: WSMT 0x000000007CC92000 000028 (v01 LENOVO TP-N2N   00001440 PTEC 00000002)
[    0.008476] ACPI: SSDT 0x000000007CC90000 001667 (v02 LENOVO TbtTypeC 00000000 INTL 20160527)
[    0.008479] ACPI: DBGP 0x000000007CC8F000 000034 (v01 LENOVO TP-N2N   00001440 PTEC 00000002)
[    0.008482] ACPI: DBG2 0x000000007CC8E000 000054 (v00 LENOVO TP-N2N   00001440 PTEC 00000002)
[    0.008485] ACPI: MSDM 0x000000007CC8D000 000055 (v03 LENOVO TP-N2N   00001440 PTEC 00000002)
[    0.008487] ACPI: BATB 0x000000007CAAF000 00004A (v02 LENOVO TP-N2N   00001440 PTEC 00000002)
[    0.008490] ACPI: SSDT 0x000000007ACA7000 001DB5 (v01 LENOVO NvOptTbl 00001000 INTL 20160527)
[    0.008493] ACPI: SSDT 0x000000007ACA6000 0000AE (v02 LENOVO SgPeg    00001000 INTL 20160527)
[    0.008495] ACPI: DMAR 0x000000007ACA9000 0000C8 (v01 LENOVO TP-N2N   00001440 PTEC 00000002)
[    0.008498] ACPI: ASF! 0x000000007ACA5000 0000A0 (v32 LENOVO TP-N2N   00001440 PTEC 00000002)
[    0.008500] ACPI: FPDT 0x000000007ACA4000 000034 (v01 LENOVO TP-N2N   00001440 PTEC 00000002)
[    0.008503] ACPI: UEFI 0x000000007FAB7000 00012A (v01 LENOVO TP-N2N   00001440 PTEC 00000002)
[    0.008505] ACPI: Reserving FACP table memory at [mem 0x7ccc9000-0x7ccc9113]
[    0.008507] ACPI: Reserving DSDT table memory at [mem 0x7cc9d000-0x7ccc4a68]
[    0.008508] ACPI: Reserving FACS table memory at [mem 0x7faeb000-0x7faeb03f]
[    0.008509] ACPI: Reserving SSDT table memory at [mem 0x7cd20000-0x7cd21b25]
[    0.008510] ACPI: Reserving SSDT table memory at [mem 0x7cd1f000-0x7cd1f56c]
[    0.008510] ACPI: Reserving SSDT table memory at [mem 0x7cce5000-0x7cce901f]
[    0.008511] ACPI: Reserving SSDT table memory at [mem 0x7cccf000-0x7ccd2188]
[    0.008512] ACPI: Reserving SSDT table memory at [mem 0x7cccc000-0x7cccea58]
[    0.008513] ACPI: Reserving UEFI table memory at [mem 0x7fb0c000-0x7fb0c041]
[    0.008514] ACPI: Reserving SSDT table memory at [mem 0x7ccca000-0x7ccca52f]
[    0.008515] ACPI: Reserving HPET table memory at [mem 0x7ccc8000-0x7ccc8037]
[    0.008516] ACPI: Reserving APIC table memory at [mem 0x7ccc7000-0x7ccc712b]
[    0.008517] ACPI: Reserving MCFG table memory at [mem 0x7ccc6000-0x7ccc603b]
[    0.008517] ACPI: Reserving ECDT table memory at [mem 0x7ccc5000-0x7ccc5052]
[    0.008518] ACPI: Reserving SSDT table memory at [mem 0x7cc9b000-0x7cc9ca5e]
[    0.008519] ACPI: Reserving SSDT table memory at [mem 0x7cc98000-0x7cc9a98f]
[    0.008520] ACPI: Reserving BOOT table memory at [mem 0x7cc97000-0x7cc97027]
[    0.008521] ACPI: Reserving SLIC table memory at [mem 0x7cc95000-0x7cc95175]
[    0.008522] ACPI: Reserving SSDT table memory at [mem 0x7cc94000-0x7cc94e89]
[    0.008523] ACPI: Reserving LPIT table memory at [mem 0x7cc93000-0x7cc93093]
[    0.008524] ACPI: Reserving WSMT table memory at [mem 0x7cc92000-0x7cc92027]
[    0.008525] ACPI: Reserving SSDT table memory at [mem 0x7cc90000-0x7cc91666]
[    0.008525] ACPI: Reserving DBGP table memory at [mem 0x7cc8f000-0x7cc8f033]
[    0.008526] ACPI: Reserving DBG2 table memory at [mem 0x7cc8e000-0x7cc8e053]
[    0.008527] ACPI: Reserving MSDM table memory at [mem 0x7cc8d000-0x7cc8d054]
[    0.008528] ACPI: Reserving BATB table memory at [mem 0x7caaf000-0x7caaf049]
[    0.008529] ACPI: Reserving SSDT table memory at [mem 0x7aca7000-0x7aca8db4]
[    0.008530] ACPI: Reserving SSDT table memory at [mem 0x7aca6000-0x7aca60ad]
[    0.008531] ACPI: Reserving DMAR table memory at [mem 0x7aca9000-0x7aca90c7]
[    0.008532] ACPI: Reserving ASF! table memory at [mem 0x7aca5000-0x7aca509f]
[    0.008533] ACPI: Reserving FPDT table memory at [mem 0x7aca4000-0x7aca4033]
[    0.008533] ACPI: Reserving UEFI table memory at [mem 0x7fab7000-0x7fab7129]
[    0.008601] Zone ranges:
[    0.008602]   DMA      [mem 0x0000000000001000-0x0000000000ffffff]
[    0.008604]   DMA32    [mem 0x0000000001000000-0x00000000ffffffff]
[    0.008606]   Normal   [mem 0x0000000100000000-0x000000106e7fffff]
[    0.008607] Movable zone start for each node
[    0.008608] Early memory node ranges
[    0.008608]   node   0: [mem 0x0000000000001000-0x000000000009efff]
[    0.008610]   node   0: [mem 0x0000000000100000-0x000000006f23bfff]
[    0.008611]   node   0: [mem 0x000000006f23d000-0x000000007a792fff]
[    0.008612]   node   0: [mem 0x000000007fd0f000-0x000000007fd0ffff]
[    0.008613]   node   0: [mem 0x0000000088000000-0x00000000887fffff]
[    0.008614]   node   0: [mem 0x0000000100000000-0x000000106e7fffff]
[    0.008619] Initmem setup node 0 [mem 0x0000000000001000-0x000000106e7fffff]
[    0.008622] On node 0, zone DMA: 1 pages in unavailable ranges
[    0.008645] On node 0, zone DMA: 97 pages in unavailable ranges
[    0.011320] On node 0, zone DMA32: 1 pages in unavailable ranges
[    0.011636] On node 0, zone DMA32: 21884 pages in unavailable ranges
[    0.011659] On node 0, zone DMA32: 752 pages in unavailable ranges
[    0.099222] On node 0, zone Normal: 30720 pages in unavailable ranges
[    0.099309] On node 0, zone Normal: 6144 pages in unavailable ranges
[    0.099362] Reserving Intel graphics memory at [mem 0x8b800000-0x8f7fffff]
[    0.100023] ACPI: PM-Timer IO Port: 0x1808
[    0.100029] ACPI: LAPIC_NMI (acpi_id[0x01] high edge lint[0x1])
[    0.100030] ACPI: LAPIC_NMI (acpi_id[0x02] high edge lint[0x1])
[    0.100031] ACPI: LAPIC_NMI (acpi_id[0x03] high edge lint[0x1])
[    0.100032] ACPI: LAPIC_NMI (acpi_id[0x04] high edge lint[0x1])
[    0.100033] ACPI: LAPIC_NMI (acpi_id[0x05] high edge lint[0x1])
[    0.100034] ACPI: LAPIC_NMI (acpi_id[0x06] high edge lint[0x1])
[    0.100034] ACPI: LAPIC_NMI (acpi_id[0x07] high edge lint[0x1])
[    0.100035] ACPI: LAPIC_NMI (acpi_id[0x08] high edge lint[0x1])
[    0.100036] ACPI: LAPIC_NMI (acpi_id[0x09] high edge lint[0x1])
[    0.100037] ACPI: LAPIC_NMI (acpi_id[0x0a] high edge lint[0x1])
[    0.100037] ACPI: LAPIC_NMI (acpi_id[0x0b] high edge lint[0x1])
[    0.100038] ACPI: LAPIC_NMI (acpi_id[0x0c] high edge lint[0x1])
[    0.100039] ACPI: LAPIC_NMI (acpi_id[0x0d] high edge lint[0x1])
[    0.100040] ACPI: LAPIC_NMI (acpi_id[0x0e] high edge lint[0x1])
[    0.100040] ACPI: LAPIC_NMI (acpi_id[0x0f] high edge lint[0x1])
[    0.100041] ACPI: LAPIC_NMI (acpi_id[0x10] high edge lint[0x1])
[    0.100077] IOAPIC[0]: apic_id 2, version 32, address 0xfec00000, GSI 0-119
[    0.100080] ACPI: INT_SRC_OVR (bus 0 bus_irq 0 global_irq 2 dfl dfl)
[    0.100081] ACPI: INT_SRC_OVR (bus 0 bus_irq 9 global_irq 9 high level)
[    0.100085] ACPI: Using ACPI (MADT) for SMP configuration information
[    0.100086] ACPI: HPET id: 0x8086a201 base: 0xfed00000
[    0.100089] TSC deadline timer available
[    0.100089] smpboot: Allowing 12 CPUs, 0 hotplug CPUs
[    0.100102] [mem 0x8f800000-0xfe00ffff] available for PCI devices
[    0.100104] clocksource: refined-jiffies: mask: 0xffffffff max_cycles: 0xffffffff, max_idle_ns: 6370452778343963 ns
[    0.106769] setup_percpu: NR_CPUS:16 nr_cpumask_bits:12 nr_cpu_ids:12 nr_node_ids:1
[    0.107332] percpu: Embedded 55 pages/cpu s187240 r8192 d29848 u262144
[    0.107338] pcpu-alloc: s187240 r8192 d29848 u262144 alloc=1*2097152
[    0.107340] pcpu-alloc: [0] 00 01 02 03 04 05 06 07 [0] 08 09 10 11 -- -- -- -- 
[    0.107362] Kernel command line: root=/dev/nvme0n1p2 net.ifnames=0 vt.global_cursor_default=0 consoleblank=180 init=/lib/systemd/systemd button.lid_init_state=open i915.enable_guc=2 i915.enable_fbc=1 pci=realloc=on,hpiosize=64K,hpmemsize=64M,pcie_scan_all,hpbussize=0x33 BOOT_IMAGE=/kernel-6.8.6-gt-000.efi root=PARTUUID=a8f4911b-b44b-466a-9c9c-d30789efbe40 ro
[    0.107383] ACPI: button: Initial lid state set to 'open'
[    0.107385] Setting dangerous option i915.enable_guc - tainting kernel
[    0.107387] Setting dangerous option i915.enable_fbc - tainting kernel
[    0.107412] Unknown kernel command line parameters "BOOT_IMAGE=/kernel-6.8.6-gt-000.efi", will be passed to user space.
[    0.107440] printk: log_buf_len individual max cpu contribution: 65536 bytes
[    0.107441] printk: log_buf_len total cpu_extra contributions: 720896 bytes
[    0.107442] printk: log_buf_len min size: 262144 bytes
[    0.108122] printk: log_buf_len: 1048576 bytes
[    0.108123] printk: early log buf free: 249984(95%)
[    0.113451] Dentry cache hash table entries: 8388608 (order: 14, 67108864 bytes, linear)
[    0.116127] Inode-cache hash table entries: 4194304 (order: 13, 33554432 bytes, linear)
[    0.116251] Built 1 zonelists, mobility grouping on.  Total pages: 16423988
[    0.116253] mem auto-init: stack:off, heap alloc:off, heap free:off
[    0.116258] software IO TLB: area num 16.
[    0.236390] Memory: 65392616K/66739396K available (16384K kernel code, 2479K rwdata, 6976K rodata, 1304K init, 1140K bss, 1346520K reserved, 0K cma-reserved)
[    0.236442] SLUB: HWalign=64, Order=0-3, MinObjects=0, CPUs=12, Nodes=1
[    0.237363] Dynamic Preempt: voluntary
[    0.237408] rcu: Preemptible hierarchical RCU implementation.
[    0.237408] rcu: 	RCU restricting CPUs from NR_CPUS=16 to nr_cpu_ids=12.
[    0.237410] 	Trampoline variant of Tasks RCU enabled.
[    0.237410] 	Tracing variant of Tasks RCU enabled.
[    0.237411] rcu: RCU calculated value of scheduler-enlistment delay is 30 jiffies.
[    0.237412] rcu: Adjusting geometry for rcu_fanout_leaf=16, nr_cpu_ids=12
[    0.238621] NR_IRQS: 4352, nr_irqs: 2152, preallocated irqs: 16
[    0.238890] rcu: srcu_init: Setting srcu_struct sizes based on contention.
[    0.239104] Console: colour dummy device 80x25
[    0.239106] printk: legacy console [tty0] enabled
[    0.239446] ACPI: Core revision 20230628
[    0.239743] hpet: HPET dysfunctional in PC10. Force disabled.
[    0.239746] APIC: Switch to symmetric I/O mode setup
[    0.239749] DMAR: Host address width 39
[    0.239751] DMAR: DRHD base: 0x000000fed90000 flags: 0x0
[    0.239759] DMAR: dmar0: reg_base_addr fed90000 ver 1:0 cap 1c0000c40660462 ecap 19e2ff0505e
[    0.239764] DMAR: DRHD base: 0x000000fed91000 flags: 0x1
[    0.239769] DMAR: dmar1: reg_base_addr fed91000 ver 1:0 cap d2008c40660462 ecap f050da
[    0.239773] DMAR: RMRR base: 0x0000007f9aa000 end: 0x0000007f9c9fff
[    0.239776] DMAR: RMRR base: 0x0000008b000000 end: 0x0000008f7fffff
[    0.239779] DMAR: RMRR base: 0x0000007f9db000 end: 0x0000007fa5afff
[    0.239782] DMAR-IR: IOAPIC id 2 under DRHD base  0xfed91000 IOMMU 1
[    0.239786] DMAR-IR: HPET id 0 under DRHD base 0xfed91000
[    0.241528] DMAR-IR: Enabled IRQ remapping in xapic mode
[    0.241550] APIC: Switched APIC routing to: physical flat
[    0.246525] clocksource: tsc-early: mask: 0xffffffffffffffff max_cycles: 0x257a34a6eea, max_idle_ns: 440795264358 ns
[    0.246532] Calibrating delay loop (skipped), value calculated using timer frequency.. 5202.65 BogoMIPS (lpj=8666640)
[    0.246561] CPU0: Thermal monitoring enabled (TM1)
[    0.246614] process: using mwait in idle threads
[    0.246618] Last level iTLB entries: 4KB 64, 2MB 8, 4MB 8
[    0.246621] Last level dTLB entries: 4KB 64, 2MB 0, 4MB 0, 1GB 4
[    0.246625] Spectre V1 : Mitigation: usercopy/swapgs barriers and __user pointer sanitization
[    0.246631] Spectre V2 : WARNING: Unprivileged eBPF is enabled with eIBRS on, data leaks possible via Spectre v2 BHB attacks!
[    0.246634] Spectre V2 : Spectre BHI mitigation: SW BHB clearing on vm exit
[    0.246637] Spectre V2 : Mitigation: Enhanced / Automatic IBRS
[    0.246639] Spectre V2 : Spectre v2 / SpectreRSB mitigation: Filling RSB on context switch
[    0.246642] Spectre V2 : Spectre v2 / PBRSB-eIBRS: Retire a single CALL on VMEXIT
[    0.246644] RETBleed: Mitigation: Enhanced IBRS
[    0.246647] Spectre V2 : mitigation: Enabling conditional Indirect Branch Prediction Barrier
[    0.246652] Speculative Store Bypass: Mitigation: Speculative Store Bypass disabled via prctl
[    0.246656] TAA: Mitigation: TSX disabled
[    0.246657] MMIO Stale Data: Mitigation: Clear CPU buffers
[    0.246660] SRBDS: Mitigation: Microcode
[    0.246664] GDS: Mitigation: Microcode
[    0.246669] x86/fpu: Supporting XSAVE feature 0x001: 'x87 floating point registers'
[    0.246673] x86/fpu: Supporting XSAVE feature 0x002: 'SSE registers'
[    0.246675] x86/fpu: Supporting XSAVE feature 0x004: 'AVX registers'
[    0.246678] x86/fpu: Supporting XSAVE feature 0x008: 'MPX bounds registers'
[    0.246680] x86/fpu: Supporting XSAVE feature 0x010: 'MPX CSR'
[    0.246683] x86/fpu: xstate_offset[2]:  576, xstate_sizes[2]:  256
[    0.246686] x86/fpu: xstate_offset[3]:  832, xstate_sizes[3]:   64
[    0.246688] x86/fpu: xstate_offset[4]:  896, xstate_sizes[4]:   64
[    0.246691] x86/fpu: Enabled xstate features 0x1f, context size is 960 bytes, using 'compacted' format.
[    0.247161] Freeing SMP alternatives memory: 48K
[    0.247164] pid_max: default: 32768 minimum: 301
[    0.249865] Mount-cache hash table entries: 131072 (order: 8, 1048576 bytes, linear)
[    0.249865] Mountpoint-cache hash table entries: 131072 (order: 8, 1048576 bytes, linear)
[    0.249865] smpboot: CPU0: Intel(R) Core(TM) i7-9850H CPU @ 2.60GHz (family: 0x6, model: 0x9e, stepping: 0xd)
[    0.249865] RCU Tasks: Setting shift to 4 and lim to 1 rcu_task_cb_adjust=1.
[    0.249865] RCU Tasks Trace: Setting shift to 4 and lim to 1 rcu_task_cb_adjust=1.
[    0.249865] Performance Events: PEBS fmt3+, Skylake events, 32-deep LBR, full-width counters, Intel PMU driver.
[    0.249865] ... version:                4
[    0.249865] ... bit width:              48
[    0.249865] ... generic registers:      4
[    0.249865] ... value mask:             0000ffffffffffff
[    0.249865] ... max period:             00007fffffffffff
[    0.249865] ... fixed-purpose events:   3
[    0.249865] ... event mask:             000000070000000f
[    0.249865] signal: max sigframe size: 2032
[    0.249865] Estimated ratio of average max frequency by base frequency (times 1024): 1693
[    0.249865] rcu: Hierarchical SRCU implementation.
[    0.249865] rcu: 	Max phase no-delay instances is 1000.
[    0.249865] smp: Bringing up secondary CPUs ...
[    0.249865] smpboot: x86: Booting SMP configuration:
[    0.249865] .... node  #0, CPUs:        #1  #2  #3  #4  #5  #6  #7  #8  #9 #10 #11
[    0.250697] MMIO Stale Data CPU bug present and SMT on, data leak possible. See https://www.kernel.org/doc/html/latest/admin-guide/hw-vuln/processor_mmio_stale_data.html for more details.
[    0.250697] smp: Brought up 1 node, 12 CPUs
[    0.250697] smpboot: Max logical packages: 1
[    0.250697] smpboot: Total of 12 processors activated (62424.80 BogoMIPS)
[    0.255403] devtmpfs: initialized
[    0.255403] ACPI: PM: Registering ACPI NVS region [mem 0x7fa6d000-0x7fca9fff] (2347008 bytes)
[    0.255403] clocksource: jiffies: mask: 0xffffffff max_cycles: 0xffffffff, max_idle_ns: 6370867519511994 ns
[    0.255403] futex hash table entries: 4096 (order: 6, 262144 bytes, linear)
[    0.255403] pinctrl core: initialized pinctrl subsystem
[    0.255403] NET: Registered PF_NETLINK/PF_ROUTE protocol family
[    0.255403] thermal_sys: Registered thermal governor 'step_wise'
[    0.255403] thermal_sys: Registered thermal governor 'user_space'
[    0.255403] cpuidle: using governor ladder
[    0.255403] cpuidle: using governor menu
[    0.255403] Simple Boot Flag at 0x47 set to 0x1
[    0.255403] ACPI FADT declares the system doesn't support PCIe ASPM, so disable it
[    0.255403] acpiphp: ACPI Hot Plug PCI Controller Driver version: 0.5
[    0.256553] PCI: ECAM [mem 0xf0000000-0xf7ffffff] (base 0xf0000000) for domain 0000 [bus 00-7f]
[    0.256560] PCI: not using ECAM ([mem 0xf0000000-0xf7ffffff] not reserved)
[    0.256563] PCI: Using configuration type 1 for base access
[    0.256660] HugeTLB: registered 1.00 GiB page size, pre-allocated 0 pages
[    0.256660] HugeTLB: 16380 KiB vmemmap can be freed for a 1.00 GiB page
[    0.256660] HugeTLB: registered 2.00 MiB page size, pre-allocated 0 pages
[    0.256660] HugeTLB: 28 KiB vmemmap can be freed for a 2.00 MiB page
[    0.256660] cryptd: max_cpu_qlen set to 1000
[    0.256660] gpio-f7188x: Unsupported Fintek device 0xffff
[    0.256674] gpio-f7188x: Unsupported Fintek device 0x2011
[    0.256716] ACPI: Added _OSI(Module Device)
[    0.256718] ACPI: Added _OSI(Processor Device)
[    0.256720] ACPI: Added _OSI(3.0 _SCP Extensions)
[    0.256723] ACPI: Added _OSI(Processor Aggregator Device)
[    0.300385] ACPI: 13 ACPI AML tables successfully acquired and loaded
[    0.301322] ACPI: EC: EC started
[    0.301324] ACPI: EC: interrupt blocked
[    0.302002] ACPI: EC: EC_CMD/EC_SC=0x66, EC_DATA=0x62
[    0.302005] ACPI: EC: Boot ECDT EC used to handle transactions
[    0.303266] ACPI: [Firmware Bug]: BIOS _OSI(Linux) query ignored
[    0.403684] ACPI: Dynamic OEM Table Load:
[    0.403697] ACPI: SSDT 0xFFFF9A6981047800 000400 (v02 PmRef  Cpu0Cst  00003001 INTL 20160527)
[    0.404670] ACPI: Dynamic OEM Table Load:
[    0.404680] ACPI: SSDT 0xFFFF9A698104D800 000600 (v02 PmRef  Cpu0Ist  00003000 INTL 20160527)
[    0.405666] ACPI: Dynamic OEM Table Load:
[    0.405675] ACPI: SSDT 0xFFFF9A69801E8500 0000F4 (v02 PmRef  Cpu0Psd  00003000 INTL 20160527)
[    0.407035] ACPI: Dynamic OEM Table Load:
[    0.407043] ACPI: SSDT 0xFFFF9A69801C9E00 000149 (v02 PmRef  Cpu0Hwp  00003000 INTL 20160527)
[    0.407928] ACPI: Dynamic OEM Table Load:
[    0.407938] ACPI: SSDT 0xFFFF9A698104E000 000724 (v02 PmRef  HwpLvt   00003000 INTL 20160527)
[    0.409007] ACPI: Dynamic OEM Table Load:
[    0.409018] ACPI: SSDT 0xFFFF9A698104F800 0005FC (v02 PmRef  ApIst    00003000 INTL 20160527)
[    0.410044] ACPI: Dynamic OEM Table Load:
[    0.410054] ACPI: SSDT 0xFFFF9A6981047C00 000317 (v02 PmRef  ApHwp    00003000 INTL 20160527)
[    0.411059] ACPI: Dynamic OEM Table Load:
[    0.411069] ACPI: SSDT 0xFFFF9A698012E000 000AB0 (v02 PmRef  ApPsd    00003000 INTL 20160527)
[    0.412422] ACPI: Dynamic OEM Table Load:
[    0.412431] ACPI: SSDT 0xFFFF9A6981220000 00030A (v02 PmRef  ApCst    00003000 INTL 20160527)
[    0.416235] ACPI: _OSC evaluated successfully for all CPUs
[    0.416239] ACPI: Interpreter enabled
[    0.416271] ACPI: PM: (supports S0 S3 S5)
[    0.416273] ACPI: Using IOAPIC for interrupt routing
[    0.416307] PCI: ECAM [mem 0xf0000000-0xf7ffffff] (base 0xf0000000) for domain 0000 [bus 00-7f]
[    0.417204] PCI: ECAM [mem 0xf0000000-0xf7ffffff] reserved as ACPI motherboard resource
[    0.417215] PCI: Using host bridge windows from ACPI; if necessary, use "pci=nocrs" and report a bug
[    0.417219] PCI: Ignoring E820 reservations for host bridge windows
[    0.417612] ACPI: Enabled 13 GPEs in block 00 to 7F
[    0.418912] ACPI: \_SB_.PCI0.PEG0.PG00: New power resource
[    0.419976] ACPI: \_SB_.PCI0.PEG1.PG01: New power resource
[    0.420252] ACPI: \_SB_.PCI0.PEG2.PG02: New power resource
[    0.424035] ACPI: \_SB_.PCI0.XHC_.PUBS: New power resource
[    0.426385] ACPI: \_SB_.PCI0.XDCI.USBC: New power resource
[    0.426789] ACPI: \_SB_.PCI0.RP01.PXP_: New power resource
[    0.429765] ACPI: \_SB_.PCI0.RP07.PXP_: New power resource
[    0.433918] ACPI: \_SB_.PCI0.SAT0.VOL0.V0PR: New power resource
[    0.434072] ACPI: \_SB_.PCI0.SAT0.VOL1.V1PR: New power resource
[    0.434221] ACPI: \_SB_.PCI0.SAT0.VOL2.V2PR: New power resource
[    0.439012] ACPI: \_SB_.PCI0.CNVW.WRST: New power resource
[    0.441761] ACPI: \PIN_: New power resource
[    0.441785] ACPI: \PINP: New power resource
[    0.442216] ACPI: PCI Root Bridge [PCI0] (domain 0000 [bus 00-7e])
[    0.442224] acpi PNP0A08:00: _OSC: OS supports [ExtendedConfig ASPM ClockPM Segments MSI HPX-Type3]
[    0.443603] acpi PNP0A08:00: _OSC: platform does not support [AER]
[    0.446300] acpi PNP0A08:00: _OSC: OS now controls [PCIeHotplug PME PCIeCapability LTR]
[    0.446304] acpi PNP0A08:00: FADT indicates ASPM is unsupported, using BIOS configuration
[    0.448720] PCI host bridge to bus 0000:00
[    0.448724] pci_bus 0000:00: root bus resource [io  0x0000-0x0cf7 window]
[    0.448728] pci_bus 0000:00: root bus resource [io  0x0d00-0xffff window]
[    0.448732] pci_bus 0000:00: root bus resource [mem 0x000a0000-0x000bffff window]
[    0.448735] pci_bus 0000:00: root bus resource [mem 0x8f800000-0xefffffff window]
[    0.448738] pci_bus 0000:00: root bus resource [mem 0x4000000000-0x7fffffffff window]
[    0.448742] pci_bus 0000:00: root bus resource [mem 0xfc800000-0xfe7fffff window]
[    0.448745] pci_bus 0000:00: root bus resource [bus 00-7e]
[    0.448774] pci 0000:00:00.0: [8086:3ec4] type 00 class 0x060000 conventional PCI endpoint
[    0.448851] pci 0000:00:01.0: [8086:1901] type 01 class 0x060400 PCIe Root Port
[    0.448867] pci 0000:00:01.0: PCI bridge to [bus 01]
[    0.448871] pci 0000:00:01.0:   bridge window [io  0x2000-0x2fff]
[    0.448875] pci 0000:00:01.0:   bridge window [mem 0xbd000000-0xbe0fffff]
[    0.448881] pci 0000:00:01.0:   bridge window [mem 0x90000000-0xa1ffffff 64bit pref]
[    0.448911] pci 0000:00:01.0: PME# supported from D0 D3hot D3cold
[    0.449254] pci 0000:00:02.0: [8086:3e9b] type 00 class 0x030000 PCIe Root Complex Integrated Endpoint
[    0.449265] pci 0000:00:02.0: BAR 0 [mem 0x6040000000-0x6040ffffff 64bit]
[    0.449273] pci 0000:00:02.0: BAR 2 [mem 0x4000000000-0x400fffffff 64bit pref]
[    0.449279] pci 0000:00:02.0: BAR 4 [io  0x3000-0x303f]
[    0.449296] pci 0000:00:02.0: BAR 2: assigned to efifb
[    0.449300] pci 0000:00:02.0: Video device with shadowed ROM at [mem 0x000c0000-0x000dffff]
[    0.449450] pci 0000:00:04.0: [8086:1903] type 00 class 0x118000 conventional PCI endpoint
[    0.449461] pci 0000:00:04.0: BAR 0 [mem 0x6041000000-0x6041007fff 64bit]
[    0.449734] pci 0000:00:08.0: [8086:1911] type 00 class 0x088000 conventional PCI endpoint
[    0.449745] pci 0000:00:08.0: BAR 0 [mem 0x6041011000-0x6041011fff 64bit]
[    0.449865] pci 0000:00:12.0: [8086:a379] type 00 class 0x118000 conventional PCI endpoint
[    0.449886] pci 0000:00:12.0: BAR 0 [mem 0x6041010000-0x6041010fff 64bit]
[    0.450048] pci 0000:00:14.0: [8086:a36d] type 00 class 0x0c0330 conventional PCI endpoint
[    0.450066] pci 0000:00:14.0: BAR 0 [mem 0xbe220000-0xbe22ffff 64bit]
[    0.450125] pci 0000:00:14.0: PME# supported from D3hot D3cold
[    0.450534] pci 0000:00:14.2: [8086:a36f] type 00 class 0x050000 conventional PCI endpoint
[    0.450567] pci 0000:00:14.2: BAR 0 [mem 0x6041008000-0x6041009fff 64bit]
[    0.450579] pci 0000:00:14.2: BAR 2 [mem 0x604100f000-0x604100ffff 64bit]
[    0.450696] pci 0000:00:15.0: [8086:a368] type 00 class 0x0c8000 conventional PCI endpoint
[    0.450721] pci 0000:00:15.0: BAR 0 [mem 0x604100e000-0x604100efff 64bit]
[    0.451028] pci 0000:00:15.1: [8086:a369] type 00 class 0x0c8000 conventional PCI endpoint
[    0.451063] pci 0000:00:15.1: BAR 0 [mem 0x604100d000-0x604100dfff 64bit]
[    0.451389] pci 0000:00:16.0: [8086:a360] type 00 class 0x078000 conventional PCI endpoint
[    0.451414] pci 0000:00:16.0: BAR 0 [mem 0x604100c000-0x604100cfff 64bit]
[    0.451475] pci 0000:00:16.0: PME# supported from D3hot
[    0.451714] pci 0000:00:16.3: [8086:a363] type 00 class 0x070002 conventional PCI endpoint
[    0.451729] pci 0000:00:16.3: BAR 0 [io  0x3060-0x3067]
[    0.451737] pci 0000:00:16.3: BAR 1 [mem 0xbe231000-0xbe231fff]
[    0.451909] pci 0000:00:1b.0: [8086:a340] type 01 class 0x060400 PCIe Root Port
[    0.451943] pci 0000:00:1b.0: PCI bridge to [bus 02]
[    0.451950] pci 0000:00:1b.0:   bridge window [mem 0xbe100000-0xbe1fffff]
[    0.452024] pci 0000:00:1b.0: PME# supported from D0 D3hot D3cold
[    0.452575] pci 0000:00:1c.0: [8086:a338] type 01 class 0x060400 PCIe Root Port
[    0.452607] pci 0000:00:1c.0: PCI bridge to [bus 04-51]
[    0.452615] pci 0000:00:1c.0:   bridge window [mem 0xa4000000-0xbc1fffff]
[    0.452625] pci 0000:00:1c.0:   bridge window [mem 0x6000000000-0x603fffffff 64bit pref]
[    0.452701] pci 0000:00:1c.0: PME# supported from D0 D3hot D3cold
[    0.453256] pci 0000:00:1e.0: [8086:a328] type 00 class 0x078000 conventional PCI endpoint
[    0.453292] pci 0000:00:1e.0: BAR 0 [mem 0x604100b000-0x604100bfff 64bit]
[    0.453664] pci 0000:00:1f.0: [8086:a30e] type 00 class 0x060100 conventional PCI endpoint
[    0.454146] pci 0000:00:1f.4: [8086:a323] type 00 class 0x0c0500 conventional PCI endpoint
[    0.454171] pci 0000:00:1f.4: BAR 0 [mem 0x604100a000-0x604100a0ff 64bit]
[    0.454193] pci 0000:00:1f.4: BAR 4 [io  0xefa0-0xefbf]
[    0.454449] pci 0000:00:1f.5: [8086:a324] type 00 class 0x0c8000 conventional PCI endpoint
[    0.454466] pci 0000:00:1f.5: BAR 0 [mem 0xfe010000-0xfe010fff]
[    0.454587] pci 0000:00:1f.6: [8086:15bb] type 00 class 0x020000 conventional PCI endpoint
[    0.454620] pci 0000:00:1f.6: BAR 0 [mem 0xbe200000-0xbe21ffff]
[    0.454775] pci 0000:00:1f.6: PME# supported from D0 D3hot D3cold
[    0.454912] pci 0000:01:00.0: [10de:1f36] type 00 class 0x030000 PCIe Legacy Endpoint
[    0.454933] pci 0000:01:00.0: BAR 0 [mem 0xbd000000-0xbdffffff]
[    0.454950] pci 0000:01:00.0: BAR 1 [mem 0x90000000-0x9fffffff 64bit pref]
[    0.454967] pci 0000:01:00.0: BAR 3 [mem 0xa0000000-0xa1ffffff 64bit pref]
[    0.454978] pci 0000:01:00.0: BAR 5 [io  0x2000-0x207f]
[    0.454988] pci 0000:01:00.0: ROM [mem 0xfff80000-0xffffffff pref]
[    0.455074] pci 0000:01:00.0: PME# supported from D0 D3hot
[    0.455322] pci 0000:01:00.1: [10de:10f9] type 00 class 0x040300 PCIe Endpoint
[    0.455343] pci 0000:01:00.1: BAR 0 [mem 0xbe050000-0xbe053fff]
[    0.455554] pci 0000:01:00.2: [10de:1ada] type 00 class 0x0c0330 PCIe Endpoint
[    0.455581] pci 0000:01:00.2: BAR 0 [mem 0xbe000000-0xbe03ffff 64bit pref]
[    0.455606] pci 0000:01:00.2: BAR 3 [mem 0xbe040000-0xbe04ffff 64bit pref]
[    0.455697] pci 0000:01:00.2: PME# supported from D0 D3hot
[    0.455798] pci 0000:01:00.3: [10de:1adb] type 00 class 0x0c8000 PCIe Endpoint
[    0.455819] pci 0000:01:00.3: BAR 0 [mem 0xbe054000-0xbe054fff]
[    0.455941] pci 0000:01:00.3: PME# supported from D0 D3hot
[    0.456054] pci 0000:00:01.0: PCI bridge to [bus 01]
[    0.456293] pci 0000:02:00.0: [144d:a808] type 00 class 0x010802 PCIe Endpoint
[    0.456315] pci 0000:02:00.0: BAR 0 [mem 0xbe100000-0xbe103fff 64bit]
[    0.456636] pci 0000:00:1b.0: PCI bridge to [bus 02]
[    0.456736] pci 0000:04:00.0: [8086:15ea] type 01 class 0x060400 PCIe Switch Upstream Port
[    0.456771] pci 0000:04:00.0: PCI bridge to [bus 05-51]
[    0.456782] pci 0000:04:00.0:   bridge window [mem 0xa4000000-0xbc1fffff]
[    0.456795] pci 0000:04:00.0:   bridge window [mem 0x6000000000-0x603fffffff 64bit pref]
[    0.456811] pci 0000:04:00.0: enabling Extended Tags
[    0.456912] pci 0000:04:00.0: supports D1 D2
[    0.456914] pci 0000:04:00.0: PME# supported from D0 D1 D2 D3hot D3cold
[    0.457212] pci 0000:00:1c.0: PCI bridge to [bus 04-51]
[    0.457334] pci 0000:05:00.0: [8086:15ea] type 01 class 0x060400 PCIe Switch Downstream Port
[    0.457370] pci 0000:05:00.0: PCI bridge to [bus 06]
[    0.457381] pci 0000:05:00.0:   bridge window [mem 0xbc100000-0xbc1fffff]
[    0.457408] pci 0000:05:00.0: enabling Extended Tags
[    0.457509] pci 0000:05:00.0: supports D1 D2
[    0.457511] pci 0000:05:00.0: PME# supported from D0 D1 D2 D3hot D3cold
[    0.457711] pci 0000:05:01.0: [8086:15ea] type 01 class 0x060400 PCIe Switch Downstream Port
[    0.457747] pci 0000:05:01.0: PCI bridge to [bus 07-2b]
[    0.457757] pci 0000:05:01.0:   bridge window [mem 0xa4000000-0xafffffff]
[    0.457770] pci 0000:05:01.0:   bridge window [mem 0x6000000000-0x601fffffff 64bit pref]
[    0.457787] pci 0000:05:01.0: enabling Extended Tags
[    0.457889] pci 0000:05:01.0: supports D1 D2
[    0.457891] pci 0000:05:01.0: PME# supported from D0 D1 D2 D3hot D3cold
[    0.458091] pci 0000:05:02.0: [8086:15ea] type 01 class 0x060400 PCIe Switch Downstream Port
[    0.458127] pci 0000:05:02.0: PCI bridge to [bus 2c]
[    0.458138] pci 0000:05:02.0:   bridge window [mem 0xb0000000-0xb00fffff]
[    0.458165] pci 0000:05:02.0: enabling Extended Tags
[    0.458263] pci 0000:05:02.0: supports D1 D2
[    0.458265] pci 0000:05:02.0: PME# supported from D0 D1 D2 D3hot D3cold
[    0.458486] pci 0000:05:04.0: [8086:15ea] type 01 class 0x060400 PCIe Switch Downstream Port
[    0.458522] pci 0000:05:04.0: PCI bridge to [bus 2d-51]
[    0.458533] pci 0000:05:04.0:   bridge window [mem 0xb0100000-0xbc0fffff]
[    0.458546] pci 0000:05:04.0:   bridge window [mem 0x6020000000-0x603fffffff 64bit pref]
[    0.458563] pci 0000:05:04.0: enabling Extended Tags
[    0.458668] pci 0000:05:04.0: supports D1 D2
[    0.458671] pci 0000:05:04.0: PME# supported from D0 D1 D2 D3hot D3cold
[    0.458861] pci 0000:04:00.0: PCI bridge to [bus 05-51]
[    0.458946] pci 0000:06:00.0: [8086:15eb] type 00 class 0x088000 PCIe Endpoint
[    0.458969] pci 0000:06:00.0: BAR 0 [mem 0xbc100000-0xbc13ffff]
[    0.458982] pci 0000:06:00.0: BAR 1 [mem 0xbc140000-0xbc140fff]
[    0.459043] pci 0000:06:00.0: enabling Extended Tags
[    0.459148] pci 0000:06:00.0: supports D1 D2
[    0.459150] pci 0000:06:00.0: PME# supported from D0 D1 D2 D3hot D3cold
[    0.459368] pci 0000:05:00.0: PCI bridge to [bus 06]
[    0.459471] pci 0000:07:00.0: [8086:15d3] type 01 class 0x060400 PCIe Switch Upstream Port
[    0.459527] pci 0000:07:00.0: PCI bridge to [bus 00]
[    0.459541] pci 0000:07:00.0:   bridge window [io  0x0000-0x0fff]
[    0.459549] pci 0000:07:00.0:   bridge window [mem 0x00000000-0x000fffff]
[    0.459573] pci 0000:07:00.0:   bridge window [mem 0x00000000-0x000fffff 64bit pref]
[    0.459601] pci 0000:07:00.0: enabling Extended Tags
[    0.459787] pci 0000:07:00.0: supports D1 D2
[    0.459789] pci 0000:07:00.0: PME# supported from D0 D1 D2 D3hot D3cold
[    0.459924] pci 0000:07:00.0: 8.000 Gb/s available PCIe bandwidth, limited by 2.5 GT/s PCIe x4 link at 0000:05:01.0 (capable of 31.504 Gb/s with 8.0 GT/s PCIe x4 link)
[    0.469947] pci 0000:05:01.0: PCI bridge to [bus 07-2b]
[    0.469966] pci 0000:07:00.0: bridge configuration invalid ([bus 00-00]), reconfiguring
[    0.470122] pci 0000:08:01.0: [8086:15d3] type 01 class 0x060400 PCIe Switch Downstream Port
[    0.470179] pci 0000:08:01.0: PCI bridge to [bus 00]
[    0.470193] pci 0000:08:01.0:   bridge window [io  0x0000-0x0fff]
[    0.470201] pci 0000:08:01.0:   bridge window [mem 0x00000000-0x000fffff]
[    0.470225] pci 0000:08:01.0:   bridge window [mem 0x00000000-0x000fffff 64bit pref]
[    0.470257] pci 0000:08:01.0: enabling Extended Tags
[    0.470453] pci 0000:08:01.0: supports D1 D2
[    0.470455] pci 0000:08:01.0: PME# supported from D0 D1 D2 D3hot D3cold
[    0.470773] pci 0000:08:04.0: [8086:15d3] type 01 class 0x060400 PCIe Switch Downstream Port
[    0.470830] pci 0000:08:04.0: PCI bridge to [bus 00]
[    0.470844] pci 0000:08:04.0:   bridge window [io  0x0000-0x0fff]
[    0.470852] pci 0000:08:04.0:   bridge window [mem 0x00000000-0x000fffff]
[    0.470876] pci 0000:08:04.0:   bridge window [mem 0x00000000-0x000fffff 64bit pref]
[    0.470908] pci 0000:08:04.0: enabling Extended Tags
[    0.471104] pci 0000:08:04.0: supports D1 D2
[    0.471106] pci 0000:08:04.0: PME# supported from D0 D1 D2 D3hot D3cold
[    0.471432] pci 0000:07:00.0: PCI bridge to [bus 08-2b]
[    0.471461] pci 0000:08:01.0: bridge configuration invalid ([bus 00-00]), reconfiguring
[    0.471476] pci 0000:08:04.0: bridge configuration invalid ([bus 00-00]), reconfiguring
[    0.471613] pci 0000:09:00.0: [10de:2204] type 00 class 0x030000 PCIe Legacy Endpoint
[    0.471648] pci 0000:09:00.0: BAR 0 [mem 0x00000000-0x00ffffff]
[    0.471676] pci 0000:09:00.0: BAR 1 [mem 0x00000000-0x0fffffff 64bit pref]
[    0.471705] pci 0000:09:00.0: BAR 3 [mem 0x00000000-0x01ffffff 64bit pref]
[    0.471722] pci 0000:09:00.0: BAR 5 [io  0x0000-0x007f]
[    0.471739] pci 0000:09:00.0: ROM [mem 0x00000000-0x0007ffff pref]
[    0.471964] pci 0000:09:00.0: PME# supported from D0 D3hot
[    0.472213] pci 0000:09:00.0: 8.000 Gb/s available PCIe bandwidth, limited by 2.5 GT/s PCIe x4 link at 0000:05:01.0 (capable of 252.048 Gb/s with 16.0 GT/s PCIe x16 link)
[    0.472536] pci 0000:09:00.1: [10de:1aef] type 00 class 0x040300 PCIe Endpoint
[    0.472571] pci 0000:09:00.1: BAR 0 [mem 0x00000000-0x00003fff]
[    0.473142] pci 0000:08:01.0: PCI bridge to [bus 09-2b]
[    0.473169] pci_bus 0000:09: busn_res: [bus 09-2b] end is updated to 09
[    0.473345] pci 0000:08:04.0: PCI bridge to [bus 0a-2b]
[    0.473373] pci_bus 0000:0a: busn_res: [bus 0a-2b] end is updated to 2b
[    0.473382] pci_bus 0000:08: busn_res: [bus 08-2b] end is updated to 2b
[    0.473495] pci 0000:2c:00.0: [8086:15ec] type 00 class 0x0c0330 PCIe Endpoint
[    0.473520] pci 0000:2c:00.0: BAR 0 [mem 0xb0000000-0xb000ffff]
[    0.473598] pci 0000:2c:00.0: enabling Extended Tags
[    0.473720] pci 0000:2c:00.0: supports D1 D2
[    0.473722] pci 0000:2c:00.0: PME# supported from D0 D1 D2 D3hot D3cold
[    0.473819] pci 0000:2c:00.0: 8.000 Gb/s available PCIe bandwidth, limited by 2.5 GT/s PCIe x4 link at 0000:05:02.0 (capable of 31.504 Gb/s with 8.0 GT/s PCIe x4 link)
[    0.474049] pci 0000:05:02.0: PCI bridge to [bus 2c]
[    0.474143] pci 0000:05:04.0: PCI bridge to [bus 2d-51]
[    0.474196] pci_bus 0000:00: on NUMA node 0
[    0.476565] ACPI: EC: interrupt unblocked
[    0.476569] ACPI: EC: event unblocked
[    0.476595] ACPI: EC: EC_CMD/EC_SC=0x66, EC_DATA=0x62
[    0.476598] ACPI: EC: GPE=0x16
[    0.476600] ACPI: \_SB_.PCI0.LPCB.EC__: Boot ECDT EC initialization complete
[    0.476604] ACPI: \_SB_.PCI0.LPCB.EC__: EC: Used to handle transactions and events
[    0.476663] iommu: Default domain type: Translated
[    0.476665] iommu: DMA domain TLB invalidation policy: lazy mode
[    0.476712] SCSI subsystem initialized
[    0.476731] ACPI: bus type USB registered
[    0.476743] usbcore: registered new interface driver usbfs
[    0.476750] usbcore: registered new interface driver hub
[    0.476758] usbcore: registered new device driver usb
[    0.476811] efivars: Registered efivars operations
[    0.476811] Bluetooth: Core ver 2.22
[    0.476811] NET: Registered PF_BLUETOOTH protocol family
[    0.476811] Bluetooth: HCI device and connection manager initialized
[    0.476811] Bluetooth: HCI socket layer initialized
[    0.476811] Bluetooth: L2CAP socket layer initialized
[    0.476811] Bluetooth: SCO socket layer initialized
[    0.476811] PCI: Using ACPI for IRQ routing
[    0.489251] PCI: pci_cache_line_size set to 64 bytes
[    0.489756] e820: reserve RAM buffer [mem 0x0009f000-0x0009ffff]
[    0.489758] e820: reserve RAM buffer [mem 0x6f23c000-0x6fffffff]
[    0.489759] e820: reserve RAM buffer [mem 0x7a793000-0x7bffffff]
[    0.489760] e820: reserve RAM buffer [mem 0x7fd10000-0x7fffffff]
[    0.489761] e820: reserve RAM buffer [mem 0x88800000-0x8bffffff]
[    0.489762] e820: reserve RAM buffer [mem 0x106e800000-0x106fffffff]
[    0.489787] pci 0000:00:02.0: vgaarb: setting as boot VGA device
[    0.489787] pci 0000:00:02.0: vgaarb: bridge control possible
[    0.489787] pci 0000:00:02.0: vgaarb: VGA device added: decodes=io+mem,owns=mem,locks=none
[    0.489787] pci 0000:01:00.0: vgaarb: bridge control possible
[    0.489787] pci 0000:01:00.0: vgaarb: VGA device added: decodes=io+mem,owns=none,locks=none
[    0.489787] pci 0000:09:00.0: vgaarb: bridge control possible
[    0.489787] pci 0000:09:00.0: vgaarb: VGA device added: decodes=io+mem,owns=none,locks=none
[    0.489787] vgaarb: loaded
[    0.490744] clocksource: Switched to clocksource tsc-early
[    0.490858] pnp: PnP ACPI init
[    0.490933] system 00:00: [mem 0x40000000-0x403fffff] could not be reserved
[    0.491191] system 00:01: [io  0x1800-0x18fe] has been reserved
[    0.491196] system 00:01: [mem 0xfd000000-0xfd69ffff] has been reserved
[    0.491199] system 00:01: [mem 0xfd6c0000-0xfd6cffff] has been reserved
[    0.491202] system 00:01: [mem 0xfd6f0000-0xfdffffff] has been reserved
[    0.491205] system 00:01: [mem 0xfe000000-0xfe01ffff] could not be reserved
[    0.491208] system 00:01: [mem 0xfe200000-0xfe7fffff] has been reserved
[    0.491211] system 00:01: [mem 0xff000000-0xffffffff] has been reserved
[    0.491454] system 00:02: [io  0xff00-0xfffe] has been reserved
[    0.491517] pnp 00:03: disabling [io  0x002e-0x002f] because it overlaps 0000:09:00.0 BAR 5 [io  0x0000-0x007f]
[    0.491517] pnp 00:03: disabling [io  0x004e-0x004f] because it overlaps 0000:09:00.0 BAR 5 [io  0x0000-0x007f]
[    0.491517] pnp 00:03: disabling [io  0x0061] because it overlaps 0000:09:00.0 BAR 5 [io  0x0000-0x007f]
[    0.491517] pnp 00:03: disabling [io  0x0063] because it overlaps 0000:09:00.0 BAR 5 [io  0x0000-0x007f]
[    0.491517] pnp 00:03: disabling [io  0x0065] because it overlaps 0000:09:00.0 BAR 5 [io  0x0000-0x007f]
[    0.491517] pnp 00:03: disabling [io  0x0067] because it overlaps 0000:09:00.0 BAR 5 [io  0x0000-0x007f]
[    0.491517] pnp 00:03: disabling [io  0x0070] because it overlaps 0000:09:00.0 BAR 5 [io  0x0000-0x007f]
[    0.491517] system 00:03: [io  0x0680-0x069f] has been reserved
[    0.491517] system 00:03: [io  0x164e-0x164f] has been reserved
[    0.491517] system 00:05: [io  0x1854-0x1857] has been reserved
[    0.491517] pnp 00:08: disabling [io  0x0010-0x001f] because it overlaps 0000:09:00.0 BAR 5 [io  0x0000-0x007f]
[    0.491517] pnp 00:08: disabling [io  0x0024-0x0025] because it overlaps 0000:09:00.0 BAR 5 [io  0x0000-0x007f]
[    0.491517] pnp 00:08: disabling [io  0x0028-0x0029] because it overlaps 0000:09:00.0 BAR 5 [io  0x0000-0x007f]
[    0.491517] pnp 00:08: disabling [io  0x002c-0x002d] because it overlaps 0000:09:00.0 BAR 5 [io  0x0000-0x007f]
[    0.491517] pnp 00:08: disabling [io  0x0030-0x0031] because it overlaps 0000:09:00.0 BAR 5 [io  0x0000-0x007f]
[    0.491517] pnp 00:08: disabling [io  0x0034-0x0035] because it overlaps 0000:09:00.0 BAR 5 [io  0x0000-0x007f]
[    0.491517] pnp 00:08: disabling [io  0x0038-0x0039] because it overlaps 0000:09:00.0 BAR 5 [io  0x0000-0x007f]
[    0.491517] pnp 00:08: disabling [io  0x003c-0x003d] because it overlaps 0000:09:00.0 BAR 5 [io  0x0000-0x007f]
[    0.491517] pnp 00:08: disabling [io  0x0050-0x0053] because it overlaps 0000:09:00.0 BAR 5 [io  0x0000-0x007f]
[    0.491517] pnp 00:08: disabling [io  0x0072-0x0077] because it overlaps 0000:09:00.0 BAR 5 [io  0x0000-0x007f]
[    0.491517] system 00:08: [io  0x1800-0x189f] could not be reserved
[    0.491517] system 00:08: [io  0x0800-0x087f] has been reserved
[    0.491517] system 00:08: [io  0x0880-0x08ff] has been reserved
[    0.491517] system 00:08: [io  0x0900-0x097f] has been reserved
[    0.491517] system 00:08: [io  0x0980-0x09ff] has been reserved
[    0.491517] system 00:08: [io  0x0a00-0x0a7f] has been reserved
[    0.491517] system 00:08: [io  0x0a80-0x0aff] has been reserved
[    0.491517] system 00:08: [io  0x0b00-0x0b7f] has been reserved
[    0.491517] system 00:08: [io  0x0b80-0x0bff] has been reserved
[    0.491517] system 00:08: [io  0x15e0-0x15ef] has been reserved
[    0.491517] system 00:08: [io  0x1600-0x167f] could not be reserved
[    0.491517] system 00:08: [io  0x1640-0x165f] could not be reserved
[    0.491517] system 00:08: [mem 0xf0000000-0xf7ffffff] has been reserved
[    0.491517] system 00:08: [mem 0xfed10000-0xfed13fff] has been reserved
[    0.491517] system 00:08: [mem 0xfed18000-0xfed18fff] has been reserved
[    0.491517] system 00:08: [mem 0xfed19000-0xfed19fff] has been reserved
[    0.491517] system 00:08: [mem 0xfeb00000-0xfebfffff] has been reserved
[    0.491517] system 00:08: [mem 0xfed20000-0xfed3ffff] has been reserved
[    0.491517] system 00:08: [mem 0xfed90000-0xfed93fff] could not be reserved
[    0.492822] system 00:0a: [mem 0xfed10000-0xfed17fff] could not be reserved
[    0.492827] system 00:0a: [mem 0xfed18000-0xfed18fff] has been reserved
[    0.492830] system 00:0a: [mem 0xfed19000-0xfed19fff] has been reserved
[    0.492833] system 00:0a: [mem 0xf0000000-0xf7ffffff] has been reserved
[    0.492836] system 00:0a: [mem 0xfed20000-0xfed3ffff] has been reserved
[    0.492840] system 00:0a: [mem 0xfed90000-0xfed93fff] could not be reserved
[    0.492843] system 00:0a: [mem 0xfed45000-0xfed8ffff] has been reserved
[    0.492846] system 00:0a: [mem 0xfee00000-0xfeefffff] has been reserved
[    0.493008] pnp 00:0b: disabling [mem 0x000c0000-0x000c3fff] because it overlaps 0000:00:02.0 BAR 6 [mem 0x000c0000-0x000dffff]
[    0.493014] pnp 00:0b: disabling [mem 0x000c8000-0x000cbfff] because it overlaps 0000:00:02.0 BAR 6 [mem 0x000c0000-0x000dffff]
[    0.493019] pnp 00:0b: disabling [mem 0x000d0000-0x000d3fff] because it overlaps 0000:00:02.0 BAR 6 [mem 0x000c0000-0x000dffff]
[    0.493023] pnp 00:0b: disabling [mem 0x000d8000-0x000dbfff] because it overlaps 0000:00:02.0 BAR 6 [mem 0x000c0000-0x000dffff]
[    0.493038] pnp 00:0b: disabling [mem 0x00000000-0x0009ffff] because it overlaps 0000:09:00.0 BAR 0 [mem 0x00000000-0x00ffffff]
[    0.493043] pnp 00:0b: disabling [mem 0x000c0000-0x000c3fff disabled] because it overlaps 0000:09:00.0 BAR 0 [mem 0x00000000-0x00ffffff]
[    0.493047] pnp 00:0b: disabling [mem 0x000c8000-0x000cbfff disabled] because it overlaps 0000:09:00.0 BAR 0 [mem 0x00000000-0x00ffffff]
[    0.493052] pnp 00:0b: disabling [mem 0x000d0000-0x000d3fff disabled] because it overlaps 0000:09:00.0 BAR 0 [mem 0x00000000-0x00ffffff]
[    0.493056] pnp 00:0b: disabling [mem 0x000d8000-0x000dbfff disabled] because it overlaps 0000:09:00.0 BAR 0 [mem 0x00000000-0x00ffffff]
[    0.493060] pnp 00:0b: disabling [mem 0x000e0000-0x000e3fff] because it overlaps 0000:09:00.0 BAR 0 [mem 0x00000000-0x00ffffff]
[    0.493064] pnp 00:0b: disabling [mem 0x000e8000-0x000ebfff] because it overlaps 0000:09:00.0 BAR 0 [mem 0x00000000-0x00ffffff]
[    0.493068] pnp 00:0b: disabling [mem 0x000f0000-0x000fffff] because it overlaps 0000:09:00.0 BAR 0 [mem 0x00000000-0x00ffffff]
[    0.493072] pnp 00:0b: disabling [mem 0x00100000-0x8f7fffff] because it overlaps 0000:09:00.0 BAR 0 [mem 0x00000000-0x00ffffff]
[    0.493076] pnp 00:0b: disabling [mem 0x00000000-0x0009ffff disabled] because it overlaps 0000:09:00.0 BAR 1 [mem 0x00000000-0x0fffffff 64bit pref]
[    0.493081] pnp 00:0b: disabling [mem 0x000c0000-0x000c3fff disabled] because it overlaps 0000:09:00.0 BAR 1 [mem 0x00000000-0x0fffffff 64bit pref]
[    0.493086] pnp 00:0b: disabling [mem 0x000c8000-0x000cbfff disabled] because it overlaps 0000:09:00.0 BAR 1 [mem 0x00000000-0x0fffffff 64bit pref]
[    0.493090] pnp 00:0b: disabling [mem 0x000d0000-0x000d3fff disabled] because it overlaps 0000:09:00.0 BAR 1 [mem 0x00000000-0x0fffffff 64bit pref]
[    0.493095] pnp 00:0b: disabling [mem 0x000d8000-0x000dbfff disabled] because it overlaps 0000:09:00.0 BAR 1 [mem 0x00000000-0x0fffffff 64bit pref]
[    0.493099] pnp 00:0b: disabling [mem 0x000e0000-0x000e3fff disabled] because it overlaps 0000:09:00.0 BAR 1 [mem 0x00000000-0x0fffffff 64bit pref]
[    0.493103] pnp 00:0b: disabling [mem 0x000e8000-0x000ebfff disabled] because it overlaps 0000:09:00.0 BAR 1 [mem 0x00000000-0x0fffffff 64bit pref]
[    0.493108] pnp 00:0b: disabling [mem 0x000f0000-0x000fffff disabled] because it overlaps 0000:09:00.0 BAR 1 [mem 0x00000000-0x0fffffff 64bit pref]
[    0.493112] pnp 00:0b: disabling [mem 0x00100000-0x8f7fffff disabled] because it overlaps 0000:09:00.0 BAR 1 [mem 0x00000000-0x0fffffff 64bit pref]
[    0.493117] pnp 00:0b: disabling [mem 0x00000000-0x0009ffff disabled] because it overlaps 0000:09:00.0 BAR 3 [mem 0x00000000-0x01ffffff 64bit pref]
[    0.493121] pnp 00:0b: disabling [mem 0x000c0000-0x000c3fff disabled] because it overlaps 0000:09:00.0 BAR 3 [mem 0x00000000-0x01ffffff 64bit pref]
[    0.493126] pnp 00:0b: disabling [mem 0x000c8000-0x000cbfff disabled] because it overlaps 0000:09:00.0 BAR 3 [mem 0x00000000-0x01ffffff 64bit pref]
[    0.493130] pnp 00:0b: disabling [mem 0x000d0000-0x000d3fff disabled] because it overlaps 0000:09:00.0 BAR 3 [mem 0x00000000-0x01ffffff 64bit pref]
[    0.493134] pnp 00:0b: disabling [mem 0x000d8000-0x000dbfff disabled] because it overlaps 0000:09:00.0 BAR 3 [mem 0x00000000-0x01ffffff 64bit pref]
[    0.493139] pnp 00:0b: disabling [mem 0x000e0000-0x000e3fff disabled] because it overlaps 0000:09:00.0 BAR 3 [mem 0x00000000-0x01ffffff 64bit pref]
[    0.493143] pnp 00:0b: disabling [mem 0x000e8000-0x000ebfff disabled] because it overlaps 0000:09:00.0 BAR 3 [mem 0x00000000-0x01ffffff 64bit pref]
[    0.493148] pnp 00:0b: disabling [mem 0x000f0000-0x000fffff disabled] because it overlaps 0000:09:00.0 BAR 3 [mem 0x00000000-0x01ffffff 64bit pref]
[    0.493152] pnp 00:0b: disabling [mem 0x00100000-0x8f7fffff disabled] because it overlaps 0000:09:00.0 BAR 3 [mem 0x00000000-0x01ffffff 64bit pref]
[    0.493174] system 00:0b: [mem 0xfec00000-0xfed3ffff] could not be reserved
[    0.493177] system 00:0b: [mem 0xfed4c000-0xffffffff] could not be reserved
[    0.493234] pnp: PnP ACPI: found 12 devices
[    0.498847] clocksource: acpi_pm: mask: 0xffffff max_cycles: 0xffffff, max_idle_ns: 2085701024 ns
[    0.498945] NET: Registered PF_INET protocol family
[    0.499097] IP idents hash table entries: 262144 (order: 9, 2097152 bytes, linear)
[    0.502236] tcp_listen_portaddr_hash hash table entries: 32768 (order: 7, 524288 bytes, linear)
[    0.502282] Table-perturb hash table entries: 65536 (order: 6, 262144 bytes, linear)
[    0.502293] TCP established hash table entries: 524288 (order: 10, 4194304 bytes, linear)
[    0.502747] TCP bind hash table entries: 65536 (order: 9, 2097152 bytes, linear)
[    0.503035] TCP: Hash tables configured (established 524288 bind 65536)
[    0.503059] UDP hash table entries: 32768 (order: 8, 1048576 bytes, linear)
[    0.503167] UDP-Lite hash table entries: 32768 (order: 8, 1048576 bytes, linear)
[    0.503292] NET: Registered PF_UNIX/PF_LOCAL protocol family
[    0.503519] pci 0000:01:00.0: ROM [mem 0xfff80000-0xffffffff pref]: can't claim; no compatible bridge window
[    0.503527] pci_bus 0000:00: max bus depth: 5 pci_try_num: 6
[    0.503542] pci 0000:00:1c.0: bridge window [io  size 0x41000]: can't assign; no space
[    0.503546] pci 0000:00:1c.0: bridge window [io  size 0x41000]: failed to assign
[    0.503551] pci 0000:01:00.0: ROM [mem 0xbe080000-0xbe0fffff pref]: assigned
[    0.503555] pci 0000:00:01.0: PCI bridge to [bus 01]
[    0.503558] pci 0000:00:01.0:   bridge window [io  0x2000-0x2fff]
[    0.503562] pci 0000:00:01.0:   bridge window [mem 0xbd000000-0xbe0fffff]
[    0.503566] pci 0000:00:01.0:   bridge window [mem 0x90000000-0xa1ffffff 64bit pref]
[    0.503572] pci 0000:00:1b.0: PCI bridge to [bus 02]
[    0.503586] pci 0000:00:1b.0:   bridge window [mem 0xbe100000-0xbe1fffff]
[    0.503594] pci 0000:04:00.0: bridge window [io  size 0x31000]: can't assign; no space
[    0.503598] pci 0000:04:00.0: bridge window [io  size 0x31000]: failed to assign
[    0.503601] pci 0000:05:01.0: bridge window [io  size 0x21000]: can't assign; no space
[    0.503604] pci 0000:05:01.0: bridge window [io  size 0x21000]: failed to assign
[    0.503607] pci 0000:05:04.0: bridge window [io  size 0x10000]: can't assign; no space
[    0.503610] pci 0000:05:04.0: bridge window [io  size 0x10000]: failed to assign
[    0.503614] pci 0000:05:00.0: PCI bridge to [bus 06]
[    0.503646] pci 0000:05:00.0:   bridge window [mem 0xbc100000-0xbc1fffff]
[    0.503657] pci 0000:07:00.0: bridge window [mem 0x6000000000-0x601fffffff 64bit pref]: assigned
[    0.503661] pci 0000:07:00.0: bridge window [mem 0xa4000000-0xafffffff]: assigned
[    0.503664] pci 0000:07:00.0: bridge window [io  size 0x21000]: can't assign; no space
[    0.503667] pci 0000:07:00.0: bridge window [io  size 0x21000]: failed to assign
[    0.503671] pci 0000:08:01.0: bridge window [mem 0x6000000000-0x6017ffffff 64bit pref]: assigned
[    0.503675] pci 0000:08:01.0: bridge window [mem 0xa4000000-0xa57fffff]: assigned
[    0.503678] pci 0000:08:04.0: bridge window [mem 0xa5800000-0xafffffff]: assigned
[    0.503681] pci 0000:08:04.0: bridge window [mem 0x6018000000-0x601fffffff 64bit pref]: assigned
[    0.503685] pci 0000:08:01.0: bridge window [io  size 0x1000]: can't assign; no space
[    0.503688] pci 0000:08:01.0: bridge window [io  size 0x1000]: failed to assign
[    0.503691] pci 0000:08:04.0: bridge window [io  size 0x20000]: can't assign; no space
[    0.503694] pci 0000:08:04.0: bridge window [io  size 0x20000]: failed to assign
[    0.503698] pci 0000:09:00.0: BAR 1 [mem 0x6000000000-0x600fffffff 64bit pref]: assigned
[    0.503748] pci 0000:09:00.0: BAR 3 [mem 0x6010000000-0x6011ffffff 64bit pref]: assigned
[    0.503772] pci 0000:09:00.0: BAR 0 [mem 0xa4000000-0xa4ffffff]: assigned
[    0.503780] pci 0000:09:00.0: ROM [mem 0xa5000000-0xa507ffff pref]: assigned
[    0.503784] pci 0000:09:00.1: BAR 0 [mem 0xa5080000-0xa5083fff]: assigned
[    0.503792] pci 0000:09:00.0: BAR 5 [io  size 0x0080]: can't assign; no space
[    0.503795] pci 0000:09:00.0: BAR 5 [io  size 0x0080]: failed to assign
[    0.503798] pci 0000:08:01.0: PCI bridge to [bus 09]
[    0.503812] pci 0000:08:01.0:   bridge window [mem 0xa4000000-0xa57fffff]
[    0.503820] pci 0000:08:01.0:   bridge window [mem 0x6000000000-0x6017ffffff 64bit pref]
[    0.503833] pci 0000:08:04.0: PCI bridge to [bus 0a-2b]
[    0.503843] pci 0000:08:04.0:   bridge window [mem 0xa5800000-0xafffffff]
[    0.503850] pci 0000:08:04.0:   bridge window [mem 0x6018000000-0x601fffffff 64bit pref]
[    0.503863] pci 0000:07:00.0: PCI bridge to [bus 08-2b]
[    0.503873] pci 0000:07:00.0:   bridge window [mem 0xa4000000-0xafffffff]
[    0.503880] pci 0000:07:00.0:   bridge window [mem 0x6000000000-0x601fffffff 64bit pref]
[    0.503893] pci 0000:05:01.0: PCI bridge to [bus 07-2b]
[    0.503899] pci 0000:05:01.0:   bridge window [mem 0xa4000000-0xafffffff]
[    0.503904] pci 0000:05:01.0:   bridge window [mem 0x6000000000-0x601fffffff 64bit pref]
[    0.503912] pci 0000:05:02.0: PCI bridge to [bus 2c]
[    0.503918] pci 0000:05:02.0:   bridge window [mem 0xb0000000-0xb00fffff]
[    0.503928] pci 0000:05:04.0: PCI bridge to [bus 2d-51]
[    0.503934] pci 0000:05:04.0:   bridge window [mem 0xb0100000-0xbc0fffff]
[    0.503939] pci 0000:05:04.0:   bridge window [mem 0x6020000000-0x603fffffff 64bit pref]
[    0.503946] pci 0000:04:00.0: PCI bridge to [bus 05-51]
[    0.503952] pci 0000:04:00.0:   bridge window [mem 0xa4000000-0xbc1fffff]
[    0.503957] pci 0000:04:00.0:   bridge window [mem 0x6000000000-0x603fffffff 64bit pref]
[    0.503965] pci 0000:00:1c.0: PCI bridge to [bus 04-51]
[    0.503970] pci 0000:00:1c.0:   bridge window [mem 0xa4000000-0xbc1fffff]
[    0.503974] pci 0000:00:1c.0:   bridge window [mem 0x6000000000-0x603fffffff 64bit pref]
[    0.503980] pci_bus 0000:00: No. 2 try to assign unassigned res
[    0.503989] pci 0000:00:1c.0: bridge window [io  size 0x51000]: can't assign; no space
[    0.503992] pci 0000:00:1c.0: bridge window [io  size 0x51000]: failed to assign
[    0.503996] pci 0000:00:01.0: PCI bridge to [bus 01]
[    0.503998] pci 0000:00:01.0:   bridge window [io  0x2000-0x2fff]
[    0.504002] pci 0000:00:01.0:   bridge window [mem 0xbd000000-0xbe0fffff]
[    0.504006] pci 0000:00:01.0:   bridge window [mem 0x90000000-0xa1ffffff 64bit pref]
[    0.504012] pci 0000:00:1b.0: PCI bridge to [bus 02]
[    0.504025] pci 0000:00:1b.0:   bridge window [mem 0xbe100000-0xbe1fffff]
[    0.504033] pci 0000:04:00.0: bridge window [io  size 0x41000]: can't assign; no space
[    0.504036] pci 0000:04:00.0: bridge window [io  size 0x41000]: failed to assign
[    0.504040] pci 0000:05:01.0: bridge window [io  size 0x31000]: can't assign; no space
[    0.504043] pci 0000:05:01.0: bridge window [io  size 0x31000]: failed to assign
[    0.504046] pci 0000:05:04.0: bridge window [io  size 0x10000]: can't assign; no space
[    0.504049] pci 0000:05:04.0: bridge window [io  size 0x10000]: failed to assign
[    0.504052] pci 0000:05:00.0: PCI bridge to [bus 06]
[    0.504084] pci 0000:05:00.0:   bridge window [mem 0xbc100000-0xbc1fffff]
[    0.504094] pci 0000:07:00.0: bridge window [io  size 0x21000]: can't assign; no space
[    0.504097] pci 0000:07:00.0: bridge window [io  size 0x21000]: failed to assign
[    0.504100] pci 0000:08:01.0: bridge window [io  size 0x1000]: can't assign; no space
[    0.504104] pci 0000:08:01.0: bridge window [io  size 0x1000]: failed to assign
[    0.504107] pci 0000:08:04.0: bridge window [io  size 0x20000]: can't assign; no space
[    0.504110] pci 0000:08:04.0: bridge window [io  size 0x20000]: failed to assign
[    0.504113] pci 0000:09:00.0: BAR 5 [io  size 0x0080]: can't assign; no space
[    0.504116] pci 0000:09:00.0: BAR 5 [io  size 0x0080]: failed to assign
[    0.504119] pci 0000:08:01.0: PCI bridge to [bus 09]
[    0.504159] pci 0000:08:01.0:   bridge window [mem 0xa4000000-0xa57fffff]
[    0.504167] pci 0000:08:01.0:   bridge window [mem 0x6000000000-0x6017ffffff 64bit pref]
[    0.504180] pci 0000:08:04.0: PCI bridge to [bus 0a-2b]
[    0.504189] pci 0000:08:04.0:   bridge window [mem 0xa5800000-0xafffffff]
[    0.504197] pci 0000:08:04.0:   bridge window [mem 0x6018000000-0x601fffffff 64bit pref]
[    0.504210] pci 0000:07:00.0: PCI bridge to [bus 08-2b]
[    0.504219] pci 0000:07:00.0:   bridge window [mem 0xa4000000-0xafffffff]
[    0.504227] pci 0000:07:00.0:   bridge window [mem 0x6000000000-0x601fffffff 64bit pref]
[    0.504240] pci 0000:05:01.0: PCI bridge to [bus 07-2b]
[    0.504245] pci 0000:05:01.0:   bridge window [mem 0xa4000000-0xafffffff]
[    0.504250] pci 0000:05:01.0:   bridge window [mem 0x6000000000-0x601fffffff 64bit pref]
[    0.504258] pci 0000:05:02.0: PCI bridge to [bus 2c]
[    0.504264] pci 0000:05:02.0:   bridge window [mem 0xb0000000-0xb00fffff]
[    0.504274] pci 0000:05:04.0: PCI bridge to [bus 2d-51]
[    0.504280] pci 0000:05:04.0:   bridge window [mem 0xb0100000-0xbc0fffff]
[    0.504285] pci 0000:05:04.0:   bridge window [mem 0x6020000000-0x603fffffff 64bit pref]
[    0.504293] pci 0000:04:00.0: PCI bridge to [bus 05-51]
[    0.504299] pci 0000:04:00.0:   bridge window [mem 0xa4000000-0xbc1fffff]
[    0.504304] pci 0000:04:00.0:   bridge window [mem 0x6000000000-0x603fffffff 64bit pref]
[    0.504312] pci 0000:00:1c.0: PCI bridge to [bus 04-51]
[    0.504316] pci 0000:00:1c.0:   bridge window [mem 0xa4000000-0xbc1fffff]
[    0.504320] pci 0000:00:1c.0:   bridge window [mem 0x6000000000-0x603fffffff 64bit pref]
[    0.504327] pci_bus 0000:00: No. 3 try to assign unassigned res
[    0.504330] release child resource [io  0x2000-0x207f]
[    0.504332] pci 0000:00:01.0: resource 13 [io  0x2000-0x2fff] released
[    0.504335] pci 0000:00:01.0: PCI bridge to [bus 01]
[    0.504344] pci 0000:00:01.0: bridge window [io  0x2000-0x2fff]: assigned
[    0.504347] pci 0000:00:1c.0: bridge window [io  size 0x51000]: can't assign; no space
[    0.504350] pci 0000:00:1c.0: bridge window [io  size 0x51000]: failed to assign
[    0.504354] pci 0000:01:00.0: BAR 5 [io  0x2000-0x207f]: assigned
[    0.504360] pci 0000:00:01.0: PCI bridge to [bus 01]
[    0.504363] pci 0000:00:01.0:   bridge window [io  0x2000-0x2fff]
[    0.504366] pci 0000:00:01.0:   bridge window [mem 0xbd000000-0xbe0fffff]
[    0.504370] pci 0000:00:01.0:   bridge window [mem 0x90000000-0xa1ffffff 64bit pref]
[    0.504375] pci 0000:00:1b.0: PCI bridge to [bus 02]
[    0.504389] pci 0000:00:1b.0:   bridge window [mem 0xbe100000-0xbe1fffff]
[    0.504397] pci 0000:04:00.0: bridge window [io  size 0x41000]: can't assign; no space
[    0.504400] pci 0000:04:00.0: bridge window [io  size 0x41000]: failed to assign
[    0.504403] pci 0000:05:01.0: bridge window [io  size 0x31000]: can't assign; no space
[    0.504407] pci 0000:05:01.0: bridge window [io  size 0x31000]: failed to assign
[    0.504410] pci 0000:05:04.0: bridge window [io  size 0x10000]: can't assign; no space
[    0.504413] pci 0000:05:04.0: bridge window [io  size 0x10000]: failed to assign
[    0.504416] pci 0000:05:00.0: PCI bridge to [bus 06]
[    0.504448] pci 0000:05:00.0:   bridge window [mem 0xbc100000-0xbc1fffff]
[    0.504458] pci 0000:07:00.0: bridge window [io  size 0x21000]: can't assign; no space
[    0.504461] pci 0000:07:00.0: bridge window [io  size 0x21000]: failed to assign
[    0.504464] pci 0000:08:01.0: bridge window [io  size 0x1000]: can't assign; no space
[    0.504467] pci 0000:08:01.0: bridge window [io  size 0x1000]: failed to assign
[    0.504470] pci 0000:08:04.0: bridge window [io  size 0x20000]: can't assign; no space
[    0.504473] pci 0000:08:04.0: bridge window [io  size 0x20000]: failed to assign
[    0.504477] pci 0000:09:00.0: BAR 5 [io  size 0x0080]: can't assign; no space
[    0.504479] pci 0000:09:00.0: BAR 5 [io  size 0x0080]: failed to assign
[    0.504482] pci 0000:08:01.0: PCI bridge to [bus 09]
[    0.504518] pci 0000:08:01.0:   bridge window [mem 0xa4000000-0xa57fffff]
[    0.504526] pci 0000:08:01.0:   bridge window [mem 0x6000000000-0x6017ffffff 64bit pref]
[    0.504539] pci 0000:08:04.0: PCI bridge to [bus 0a-2b]
[    0.504548] pci 0000:08:04.0:   bridge window [mem 0xa5800000-0xafffffff]
[    0.504556] pci 0000:08:04.0:   bridge window [mem 0x6018000000-0x601fffffff 64bit pref]
[    0.504569] pci 0000:07:00.0: PCI bridge to [bus 08-2b]
[    0.504578] pci 0000:07:00.0:   bridge window [mem 0xa4000000-0xafffffff]
[    0.504586] pci 0000:07:00.0:   bridge window [mem 0x6000000000-0x601fffffff 64bit pref]
[    0.504599] pci 0000:05:01.0: PCI bridge to [bus 07-2b]
[    0.504604] pci 0000:05:01.0:   bridge window [mem 0xa4000000-0xafffffff]
[    0.504609] pci 0000:05:01.0:   bridge window [mem 0x6000000000-0x601fffffff 64bit pref]
[    0.504617] pci 0000:05:02.0: PCI bridge to [bus 2c]
[    0.504623] pci 0000:05:02.0:   bridge window [mem 0xb0000000-0xb00fffff]
[    0.504633] pci 0000:05:04.0: PCI bridge to [bus 2d-51]
[    0.504639] pci 0000:05:04.0:   bridge window [mem 0xb0100000-0xbc0fffff]
[    0.504644] pci 0000:05:04.0:   bridge window [mem 0x6020000000-0x603fffffff 64bit pref]
[    0.504652] pci 0000:04:00.0: PCI bridge to [bus 05-51]
[    0.504658] pci 0000:04:00.0:   bridge window [mem 0xa4000000-0xbc1fffff]
[    0.504663] pci 0000:04:00.0:   bridge window [mem 0x6000000000-0x603fffffff 64bit pref]
[    0.504671] pci 0000:00:1c.0: PCI bridge to [bus 04-51]
[    0.504675] pci 0000:00:1c.0:   bridge window [mem 0xa4000000-0xbc1fffff]
[    0.504679] pci 0000:00:1c.0:   bridge window [mem 0x6000000000-0x603fffffff 64bit pref]
[    0.504686] pci_bus 0000:00: No. 4 try to assign unassigned res
[    0.504688] release child resource [io  0x2000-0x207f]
[    0.504689] pci 0000:00:01.0: resource 13 [io  0x2000-0x2fff] released
[    0.504692] pci 0000:00:01.0: PCI bridge to [bus 01]
[    0.504700] pci 0000:00:01.0: bridge window [io  0x2000-0x2fff]: assigned
[    0.504703] pci 0000:00:1c.0: bridge window [io  size 0x51000]: can't assign; no space
[    0.504706] pci 0000:00:1c.0: bridge window [io  size 0x51000]: failed to assign
[    0.504710] pci 0000:01:00.0: BAR 5 [io  0x2000-0x207f]: assigned
[    0.504716] pci 0000:00:01.0: PCI bridge to [bus 01]
[    0.504719] pci 0000:00:01.0:   bridge window [io  0x2000-0x2fff]
[    0.504722] pci 0000:00:01.0:   bridge window [mem 0xbd000000-0xbe0fffff]
[    0.504726] pci 0000:00:01.0:   bridge window [mem 0x90000000-0xa1ffffff 64bit pref]
[    0.504731] pci 0000:00:1b.0: PCI bridge to [bus 02]
[    0.504745] pci 0000:00:1b.0:   bridge window [mem 0xbe100000-0xbe1fffff]
[    0.504753] pci 0000:04:00.0: bridge window [io  size 0x41000]: can't assign; no space
[    0.504756] pci 0000:04:00.0: bridge window [io  size 0x41000]: failed to assign
[    0.504759] pci 0000:05:01.0: bridge window [io  size 0x31000]: can't assign; no space
[    0.504763] pci 0000:05:01.0: bridge window [io  size 0x31000]: failed to assign
[    0.504766] pci 0000:05:04.0: bridge window [io  size 0x10000]: can't assign; no space
[    0.504769] pci 0000:05:04.0: bridge window [io  size 0x10000]: failed to assign
[    0.504772] pci 0000:05:00.0: PCI bridge to [bus 06]
[    0.504804] pci 0000:05:00.0:   bridge window [mem 0xbc100000-0xbc1fffff]
[    0.504814] pci 0000:07:00.0: bridge window [io  size 0x21000]: can't assign; no space
[    0.504817] pci 0000:07:00.0: bridge window [io  size 0x21000]: failed to assign
[    0.504820] pci 0000:08:01.0: bridge window [io  size 0x1000]: can't assign; no space
[    0.504823] pci 0000:08:01.0: bridge window [io  size 0x1000]: failed to assign
[    0.504826] pci 0000:08:04.0: bridge window [io  size 0x20000]: can't assign; no space
[    0.504829] pci 0000:08:04.0: bridge window [io  size 0x20000]: failed to assign
[    0.504832] pci 0000:09:00.0: BAR 5 [io  size 0x0080]: can't assign; no space
[    0.504835] pci 0000:09:00.0: BAR 5 [io  size 0x0080]: failed to assign
[    0.504838] pci 0000:08:01.0: PCI bridge to [bus 09]
[    0.504874] pci 0000:08:01.0:   bridge window [mem 0xa4000000-0xa57fffff]
[    0.504881] pci 0000:08:01.0:   bridge window [mem 0x6000000000-0x6017ffffff 64bit pref]
[    0.504894] pci 0000:08:04.0: PCI bridge to [bus 0a-2b]
[    0.504904] pci 0000:08:04.0:   bridge window [mem 0xa5800000-0xafffffff]
[    0.504911] pci 0000:08:04.0:   bridge window [mem 0x6018000000-0x601fffffff 64bit pref]
[    0.504924] pci 0000:07:00.0: PCI bridge to [bus 08-2b]
[    0.504934] pci 0000:07:00.0:   bridge window [mem 0xa4000000-0xafffffff]
[    0.504941] pci 0000:07:00.0:   bridge window [mem 0x6000000000-0x601fffffff 64bit pref]
[    0.504954] pci 0000:05:01.0: PCI bridge to [bus 07-2b]
[    0.504960] pci 0000:05:01.0:   bridge window [mem 0xa4000000-0xafffffff]
[    0.504965] pci 0000:05:01.0:   bridge window [mem 0x6000000000-0x601fffffff 64bit pref]
[    0.504973] pci 0000:05:02.0: PCI bridge to [bus 2c]
[    0.504979] pci 0000:05:02.0:   bridge window [mem 0xb0000000-0xb00fffff]
[    0.504988] pci 0000:05:04.0: PCI bridge to [bus 2d-51]
[    0.504994] pci 0000:05:04.0:   bridge window [mem 0xb0100000-0xbc0fffff]
[    0.504999] pci 0000:05:04.0:   bridge window [mem 0x6020000000-0x603fffffff 64bit pref]
[    0.505007] pci 0000:04:00.0: PCI bridge to [bus 05-51]
[    0.505013] pci 0000:04:00.0:   bridge window [mem 0xa4000000-0xbc1fffff]
[    0.505018] pci 0000:04:00.0:   bridge window [mem 0x6000000000-0x603fffffff 64bit pref]
[    0.505026] pci 0000:00:1c.0: PCI bridge to [bus 04-51]
[    0.505030] pci 0000:00:1c.0:   bridge window [mem 0xa4000000-0xbc1fffff]
[    0.505035] pci 0000:00:1c.0:   bridge window [mem 0x6000000000-0x603fffffff 64bit pref]
[    0.505041] pci_bus 0000:00: No. 5 try to assign unassigned res
[    0.505044] release child resource [io  0x2000-0x207f]
[    0.505045] pci 0000:00:01.0: resource 13 [io  0x2000-0x2fff] released
[    0.505047] pci 0000:00:01.0: PCI bridge to [bus 01]
[    0.505055] pci 0000:00:01.0: bridge window [io  0x2000-0x2fff]: assigned
[    0.505058] pci 0000:00:1c.0: bridge window [io  size 0x51000]: can't assign; no space
[    0.505061] pci 0000:00:1c.0: bridge window [io  size 0x51000]: failed to assign
[    0.505064] pci 0000:01:00.0: BAR 5 [io  0x2000-0x207f]: assigned
[    0.505070] pci 0000:00:01.0: PCI bridge to [bus 01]
[    0.505073] pci 0000:00:01.0:   bridge window [io  0x2000-0x2fff]
[    0.505077] pci 0000:00:01.0:   bridge window [mem 0xbd000000-0xbe0fffff]
[    0.505080] pci 0000:00:01.0:   bridge window [mem 0x90000000-0xa1ffffff 64bit pref]
[    0.505086] pci 0000:00:1b.0: PCI bridge to [bus 02]
[    0.505099] pci 0000:00:1b.0:   bridge window [mem 0xbe100000-0xbe1fffff]
[    0.505107] pci 0000:04:00.0: bridge window [io  size 0x41000]: can't assign; no space
[    0.505110] pci 0000:04:00.0: bridge window [io  size 0x41000]: failed to assign
[    0.505114] pci 0000:05:01.0: bridge window [io  size 0x31000]: can't assign; no space
[    0.505117] pci 0000:05:01.0: bridge window [io  size 0x31000]: failed to assign
[    0.505120] pci 0000:05:04.0: bridge window [io  size 0x10000]: can't assign; no space
[    0.505123] pci 0000:05:04.0: bridge window [io  size 0x10000]: failed to assign
[    0.505126] pci 0000:05:00.0: PCI bridge to [bus 06]
[    0.505158] pci 0000:05:00.0:   bridge window [mem 0xbc100000-0xbc1fffff]
[    0.505168] pci 0000:07:00.0: bridge window [io  size 0x21000]: can't assign; no space
[    0.505171] pci 0000:07:00.0: bridge window [io  size 0x21000]: failed to assign
[    0.505174] pci 0000:08:01.0: bridge window [io  size 0x1000]: can't assign; no space
[    0.505177] pci 0000:08:01.0: bridge window [io  size 0x1000]: failed to assign
[    0.505180] pci 0000:08:04.0: bridge window [io  size 0x20000]: can't assign; no space
[    0.505183] pci 0000:08:04.0: bridge window [io  size 0x20000]: failed to assign
[    0.505186] pci 0000:09:00.0: BAR 5 [io  size 0x0080]: can't assign; no space
[    0.505189] pci 0000:09:00.0: BAR 5 [io  size 0x0080]: failed to assign
[    0.505192] pci 0000:08:01.0: PCI bridge to [bus 09]
[    0.505228] pci 0000:08:01.0:   bridge window [mem 0xa4000000-0xa57fffff]
[    0.505235] pci 0000:08:01.0:   bridge window [mem 0x6000000000-0x6017ffffff 64bit pref]
[    0.505248] pci 0000:08:04.0: PCI bridge to [bus 0a-2b]
[    0.505258] pci 0000:08:04.0:   bridge window [mem 0xa5800000-0xafffffff]
[    0.505265] pci 0000:08:04.0:   bridge window [mem 0x6018000000-0x601fffffff 64bit pref]
[    0.505278] pci 0000:07:00.0: PCI bridge to [bus 08-2b]
[    0.505288] pci 0000:07:00.0:   bridge window [mem 0xa4000000-0xafffffff]
[    0.505295] pci 0000:07:00.0:   bridge window [mem 0x6000000000-0x601fffffff 64bit pref]
[    0.505308] pci 0000:05:01.0: PCI bridge to [bus 07-2b]
[    0.505314] pci 0000:05:01.0:   bridge window [mem 0xa4000000-0xafffffff]
[    0.505319] pci 0000:05:01.0:   bridge window [mem 0x6000000000-0x601fffffff 64bit pref]
[    0.505327] pci 0000:05:02.0: PCI bridge to [bus 2c]
[    0.505333] pci 0000:05:02.0:   bridge window [mem 0xb0000000-0xb00fffff]
[    0.505342] pci 0000:05:04.0: PCI bridge to [bus 2d-51]
[    0.505348] pci 0000:05:04.0:   bridge window [mem 0xb0100000-0xbc0fffff]
[    0.505353] pci 0000:05:04.0:   bridge window [mem 0x6020000000-0x603fffffff 64bit pref]
[    0.505361] pci 0000:04:00.0: PCI bridge to [bus 05-51]
[    0.505367] pci 0000:04:00.0:   bridge window [mem 0xa4000000-0xbc1fffff]
[    0.505372] pci 0000:04:00.0:   bridge window [mem 0x6000000000-0x603fffffff 64bit pref]
[    0.505380] pci 0000:00:1c.0: PCI bridge to [bus 04-51]
[    0.505384] pci 0000:00:1c.0:   bridge window [mem 0xa4000000-0xbc1fffff]
[    0.505388] pci 0000:00:1c.0:   bridge window [mem 0x6000000000-0x603fffffff 64bit pref]
[    0.505395] pci_bus 0000:00: No. 6 try to assign unassigned res
[    0.505397] release child resource [io  0x2000-0x207f]
[    0.505398] pci 0000:00:01.0: resource 13 [io  0x2000-0x2fff] released
[    0.505401] pci 0000:00:01.0: PCI bridge to [bus 01]
[    0.505410] pci 0000:00:01.0: bridge window [io  0x2000-0x2fff]: assigned
[    0.505413] pci 0000:00:1c.0: bridge window [io  size 0x51000]: can't assign; no space
[    0.505416] pci 0000:00:1c.0: bridge window [io  size 0x51000]: failed to assign
[    0.505419] pci 0000:01:00.0: BAR 5 [io  0x2000-0x207f]: assigned
[    0.505425] pci 0000:00:01.0: PCI bridge to [bus 01]
[    0.505428] pci 0000:00:01.0:   bridge window [io  0x2000-0x2fff]
[    0.505432] pci 0000:00:01.0:   bridge window [mem 0xbd000000-0xbe0fffff]
[    0.505435] pci 0000:00:01.0:   bridge window [mem 0x90000000-0xa1ffffff 64bit pref]
[    0.505441] pci 0000:00:1b.0: PCI bridge to [bus 02]
[    0.505455] pci 0000:00:1b.0:   bridge window [mem 0xbe100000-0xbe1fffff]
[    0.505462] pci 0000:04:00.0: bridge window [io  size 0x41000]: can't assign; no space
[    0.505466] pci 0000:04:00.0: bridge window [io  size 0x41000]: failed to assign
[    0.505469] pci 0000:05:01.0: bridge window [io  size 0x31000]: can't assign; no space
[    0.505472] pci 0000:05:01.0: bridge window [io  size 0x31000]: failed to assign
[    0.505475] pci 0000:05:04.0: bridge window [io  size 0x10000]: can't assign; no space
[    0.505478] pci 0000:05:04.0: bridge window [io  size 0x10000]: failed to assign
[    0.505481] pci 0000:05:00.0: PCI bridge to [bus 06]
[    0.505514] pci 0000:05:00.0:   bridge window [mem 0xbc100000-0xbc1fffff]
[    0.505523] pci 0000:07:00.0: bridge window [io  size 0x21000]: can't assign; no space
[    0.505527] pci 0000:07:00.0: bridge window [io  size 0x21000]: failed to assign
[    0.505530] pci 0000:08:01.0: bridge window [io  size 0x1000]: can't assign; no space
[    0.505533] pci 0000:08:01.0: bridge window [io  size 0x1000]: failed to assign
[    0.505536] pci 0000:08:04.0: bridge window [io  size 0x20000]: can't assign; no space
[    0.505539] pci 0000:08:04.0: bridge window [io  size 0x20000]: failed to assign
[    0.505542] pci 0000:09:00.0: BAR 5 [io  size 0x0080]: can't assign; no space
[    0.505545] pci 0000:09:00.0: BAR 5 [io  size 0x0080]: failed to assign
[    0.505548] pci 0000:08:01.0: PCI bridge to [bus 09]
[    0.505584] pci 0000:08:01.0:   bridge window [mem 0xa4000000-0xa57fffff]
[    0.505591] pci 0000:08:01.0:   bridge window [mem 0x6000000000-0x6017ffffff 64bit pref]
[    0.505604] pci 0000:08:04.0: PCI bridge to [bus 0a-2b]
[    0.505614] pci 0000:08:04.0:   bridge window [mem 0xa5800000-0xafffffff]
[    0.505621] pci 0000:08:04.0:   bridge window [mem 0x6018000000-0x601fffffff 64bit pref]
[    0.505634] pci 0000:07:00.0: PCI bridge to [bus 08-2b]
[    0.505644] pci 0000:07:00.0:   bridge window [mem 0xa4000000-0xafffffff]
[    0.505651] pci 0000:07:00.0:   bridge window [mem 0x6000000000-0x601fffffff 64bit pref]
[    0.505664] pci 0000:05:01.0: PCI bridge to [bus 07-2b]
[    0.505670] pci 0000:05:01.0:   bridge window [mem 0xa4000000-0xafffffff]
[    0.505675] pci 0000:05:01.0:   bridge window [mem 0x6000000000-0x601fffffff 64bit pref]
[    0.505683] pci 0000:05:02.0: PCI bridge to [bus 2c]
[    0.505689] pci 0000:05:02.0:   bridge window [mem 0xb0000000-0xb00fffff]
[    0.505699] pci 0000:05:04.0: PCI bridge to [bus 2d-51]
[    0.505705] pci 0000:05:04.0:   bridge window [mem 0xb0100000-0xbc0fffff]
[    0.505710] pci 0000:05:04.0:   bridge window [mem 0x6020000000-0x603fffffff 64bit pref]
[    0.505718] pci 0000:04:00.0: PCI bridge to [bus 05-51]
[    0.505724] pci 0000:04:00.0:   bridge window [mem 0xa4000000-0xbc1fffff]
[    0.505729] pci 0000:04:00.0:   bridge window [mem 0x6000000000-0x603fffffff 64bit pref]
[    0.505736] pci 0000:00:1c.0: PCI bridge to [bus 04-51]
[    0.505741] pci 0000:00:1c.0:   bridge window [mem 0xa4000000-0xbc1fffff]
[    0.505745] pci 0000:00:1c.0:   bridge window [mem 0x6000000000-0x603fffffff 64bit pref]
[    0.505752] pci_bus 0000:00: resource 4 [io  0x0000-0x0cf7 window]
[    0.505755] pci_bus 0000:00: resource 5 [io  0x0d00-0xffff window]
[    0.505758] pci_bus 0000:00: resource 6 [mem 0x000a0000-0x000bffff window]
[    0.505761] pci_bus 0000:00: resource 7 [mem 0x8f800000-0xefffffff window]
[    0.505764] pci_bus 0000:00: resource 8 [mem 0x4000000000-0x7fffffffff window]
[    0.505767] pci_bus 0000:00: resource 9 [mem 0xfc800000-0xfe7fffff window]
[    0.505770] pci_bus 0000:01: resource 0 [io  0x2000-0x2fff]
[    0.505772] pci_bus 0000:01: resource 1 [mem 0xbd000000-0xbe0fffff]
[    0.505775] pci_bus 0000:01: resource 2 [mem 0x90000000-0xa1ffffff 64bit pref]
[    0.505779] pci_bus 0000:02: resource 1 [mem 0xbe100000-0xbe1fffff]
[    0.505781] pci_bus 0000:04: resource 1 [mem 0xa4000000-0xbc1fffff]
[    0.505784] pci_bus 0000:04: resource 2 [mem 0x6000000000-0x603fffffff 64bit pref]
[    0.505787] pci_bus 0000:05: resource 1 [mem 0xa4000000-0xbc1fffff]
[    0.505790] pci_bus 0000:05: resource 2 [mem 0x6000000000-0x603fffffff 64bit pref]
[    0.505793] pci_bus 0000:06: resource 1 [mem 0xbc100000-0xbc1fffff]
[    0.505796] pci_bus 0000:07: resource 1 [mem 0xa4000000-0xafffffff]
[    0.505798] pci_bus 0000:07: resource 2 [mem 0x6000000000-0x601fffffff 64bit pref]
[    0.505802] pci_bus 0000:08: resource 1 [mem 0xa4000000-0xafffffff]
[    0.505804] pci_bus 0000:08: resource 2 [mem 0x6000000000-0x601fffffff 64bit pref]
[    0.505807] pci_bus 0000:09: resource 1 [mem 0xa4000000-0xa57fffff]
[    0.505810] pci_bus 0000:09: resource 2 [mem 0x6000000000-0x6017ffffff 64bit pref]
[    0.505813] pci_bus 0000:0a: resource 1 [mem 0xa5800000-0xafffffff]
[    0.505816] pci_bus 0000:0a: resource 2 [mem 0x6018000000-0x601fffffff 64bit pref]
[    0.505819] pci_bus 0000:2c: resource 1 [mem 0xb0000000-0xb00fffff]
[    0.505822] pci_bus 0000:2d: resource 1 [mem 0xb0100000-0xbc0fffff]
[    0.505825] pci_bus 0000:2d: resource 2 [mem 0x6020000000-0x603fffffff 64bit pref]
[    0.506241] pci 0000:01:00.1: extending delay after power-on from D3hot to 20 msec
[    0.506271] pci 0000:01:00.1: D0 power state depends on 0000:01:00.0
[    0.506301] pci 0000:01:00.2: D0 power state depends on 0000:01:00.0
[    0.506389] pci 0000:01:00.2: enabling device (0000 -> 0002)
[    0.506520] pci 0000:01:00.3: D0 power state depends on 0000:01:00.0
[    0.506763] pci 0000:09:00.1: extending delay after power-on from D3hot to 20 msec
[    0.506795] pci 0000:09:00.1: D0 power state depends on 0000:09:00.0
[    0.507270] PCI: CLS 128 bytes, default 64
[    0.507290] DMAR: No ATSR found
[    0.507292] DMAR: No SATC found
[    0.507294] DMAR: IOMMU feature fl1gp_support inconsistent
[    0.507295] DMAR: IOMMU feature pgsel_inv inconsistent
[    0.507298] DMAR: IOMMU feature nwfs inconsistent
[    0.507300] DMAR: IOMMU feature pasid inconsistent
[    0.507302] DMAR: IOMMU feature eafs inconsistent
[    0.507304] DMAR: IOMMU feature prs inconsistent
[    0.507306] DMAR: IOMMU feature nest inconsistent
[    0.507308] DMAR: IOMMU feature mts inconsistent
[    0.507310] DMAR: IOMMU feature sc_support inconsistent
[    0.507312] DMAR: IOMMU feature dev_iotlb_support inconsistent
[    0.507314] DMAR: dmar0: Using Queued invalidation
[    0.507319] DMAR: dmar1: Using Queued invalidation
[    0.507870] pci 0000:00:02.0: Adding to iommu group 0
[    0.508351] pci 0000:00:00.0: Adding to iommu group 1
[    0.508373] pci 0000:00:01.0: Adding to iommu group 2
[    0.508387] pci 0000:00:04.0: Adding to iommu group 3
[    0.508399] pci 0000:00:08.0: Adding to iommu group 4
[    0.508418] pci 0000:00:12.0: Adding to iommu group 5
[    0.508443] pci 0000:00:14.0: Adding to iommu group 6
[    0.508456] pci 0000:00:14.2: Adding to iommu group 6
[    0.508481] pci 0000:00:15.0: Adding to iommu group 7
[    0.508494] pci 0000:00:15.1: Adding to iommu group 7
[    0.508519] pci 0000:00:16.0: Adding to iommu group 8
[    0.508532] pci 0000:00:16.3: Adding to iommu group 8
[    0.508556] pci 0000:00:1b.0: Adding to iommu group 9
[    0.508578] pci 0000:00:1c.0: Adding to iommu group 10
[    0.508597] pci 0000:00:1e.0: Adding to iommu group 11
[    0.508634] pci 0000:00:1f.0: Adding to iommu group 12
[    0.508648] pci 0000:00:1f.4: Adding to iommu group 12
[    0.508662] pci 0000:00:1f.5: Adding to iommu group 12
[    0.508676] pci 0000:00:1f.6: Adding to iommu group 12
[    0.508681] pci 0000:01:00.0: Adding to iommu group 2
[    0.508687] pci 0000:01:00.1: Adding to iommu group 2
[    0.508692] pci 0000:01:00.2: Adding to iommu group 2
[    0.508697] pci 0000:01:00.3: Adding to iommu group 2
[    0.508721] pci 0000:02:00.0: Adding to iommu group 13
[    0.508743] pci 0000:04:00.0: Adding to iommu group 14
[    0.508765] pci 0000:05:00.0: Adding to iommu group 15
[    0.508786] pci 0000:05:01.0: Adding to iommu group 16
[    0.508807] pci 0000:05:02.0: Adding to iommu group 17
[    0.508829] pci 0000:05:04.0: Adding to iommu group 18
[    0.508871] pci 0000:06:00.0: Adding to iommu group 19
[    0.508898] pci 0000:07:00.0: Adding to iommu group 20
[    0.508935] pci 0000:08:01.0: Adding to iommu group 21
[    0.508971] pci 0000:08:04.0: Adding to iommu group 22
[    0.508976] pci 0000:09:00.0: Adding to iommu group 21
[    0.508981] pci 0000:09:00.1: Adding to iommu group 21
[    0.509023] pci 0000:2c:00.0: Adding to iommu group 23
[    0.509987] DMAR: Intel(R) Virtualization Technology for Directed I/O
[    0.509990] PCI-DMA: Using software bounce buffering for IO (SWIOTLB)
[    0.509992] software IO TLB: mapped [mem 0x000000006f757000-0x0000000073757000] (64MB)
[    0.510088] RAPL PMU: API unit is 2^-32 Joules, 4 fixed counters, 655360 ms ovfl timer
[    0.510092] RAPL PMU: hw unit of domain pp0-core 2^-14 Joules
[    0.510095] RAPL PMU: hw unit of domain package 2^-14 Joules
[    0.510097] RAPL PMU: hw unit of domain dram 2^-14 Joules
[    0.510099] RAPL PMU: hw unit of domain pp1-gpu 2^-14 Joules
[    0.510159] resource: resource sanity check: requesting [mem 0x00000000fed10000-0x00000000fed15fff], which spans more than pnp 00:08 [mem 0xfed10000-0xfed13fff]
[    0.510164] caller snb_uncore_imc_init_box+0x73/0xd0 mapping multiple BARs
[    0.511507] Initialise system trusted keyrings
[    0.511535] workingset: timestamp_bits=46 max_order=24 bucket_order=0
[    0.524594] NET: Registered PF_ALG protocol family
[    0.524599] Key type asymmetric registered
[    0.524601] Asymmetric key parser 'x509' registered
[    0.524603] Asymmetric key parser 'pkcs8' registered
[    0.524612] Block layer SCSI generic (bsg) driver version 0.4 loaded (major 252)
[    0.524637] io scheduler mq-deadline registered
[    0.524639] io scheduler kyber registered
[    0.524814] gpio_it87: no device
[    0.525007] pcieport 0000:00:01.0: PME: Signaling with IRQ 122
[    0.525231] pcieport 0000:00:1b.0: PME: Signaling with IRQ 123
[    0.525401] pcieport 0000:00:1c.0: PME: Signaling with IRQ 124
[    0.525445] pcieport 0000:00:1c.0: pciehp: Slot #0 AttnBtn- PwrCtrl- MRL- AttnInd- PwrInd- HotPlug+ Surprise+ Interlock- NoCompl+ IbPresDis- LLActRep+
[    0.526051] pcieport 0000:05:01.0: pciehp: Slot #1 AttnBtn- PwrCtrl- MRL- AttnInd- PwrInd- HotPlug+ Surprise+ Interlock- NoCompl+ IbPresDis- LLActRep+
[    0.526489] pcieport 0000:05:04.0: pciehp: Slot #4 AttnBtn- PwrCtrl- MRL- AttnInd- PwrInd- HotPlug+ Surprise+ Interlock- NoCompl+ IbPresDis- LLActRep+
[    0.526686] pcieport 0000:07:00.0: enabling device (0000 -> 0002)
[    0.526940] pcieport 0000:08:01.0: enabling device (0000 -> 0002)
[    0.527264] pcieport 0000:08:04.0: enabling device (0000 -> 0002)
[    0.527476] pcieport 0000:08:04.0: pciehp: Slot #4 AttnBtn- PwrCtrl- MRL- AttnInd- PwrInd- HotPlug+ Surprise+ Interlock- NoCompl+ IbPresDis- LLActRep+
[    0.529199] ACPI: AC: AC Adapter [AC] (on-line)
[    0.529260] input: Sleep Button as /devices/LNXSYSTM:00/LNXSYBUS:00/PNP0C0E:00/input/input0
[    0.529375] ACPI: button: Sleep Button [SLPB]
[    0.529417] input: Lid Switch as /devices/LNXSYSTM:00/LNXSYBUS:00/PNP0C0D:00/input/input1
[    0.529528] ACPI: button: Lid Switch [LID]
[    0.529568] input: Power Button as /devices/LNXSYSTM:00/LNXPWRBN:00/input/input2
[    0.529690] ACPI: button: Power Button [PWRF]
[    0.536069] thermal LNXTHERM:00: registered as thermal_zone0
[    0.536075] ACPI: thermal: Thermal Zone [THM0] (63 C)
[    0.536353] Non-volatile memory driver v1.3
[    0.536357] Linux agpgart interface v0.103
[    0.536363] ACPI: bus type drm_connector registered
[    0.536434] i915 0000:00:02.0: enabling device (0006 -> 0007)
[    0.537266] i915 0000:00:02.0: [drm] VT-d active for gfx access
[    0.537273] i915 0000:00:02.0: vgaarb: deactivate vga console
[    0.537314] i915 0000:00:02.0: [drm] Using Transparent Hugepages
[    0.538845] i915 0000:00:02.0: vgaarb: VGA decodes changed: olddecodes=io+mem,decodes=none:owns=mem
[    0.538928] Loading firmware: i915/kbl_dmc_ver1_04.bin
[    0.541477] i915 0000:00:02.0: [drm] Finished loading DMC firmware i915/kbl_dmc_ver1_04.bin (v1.4)
[    0.568822] ACPI: battery: Slot [BAT0] (battery present)
[    0.578126] Loading firmware: i915/kbl_guc_70.1.1.bin
[    0.578202] Loading firmware: i915/kbl_huc_4.0.0.bin
[    0.580680] i915 0000:00:02.0: [drm] GT0: GuC firmware i915/kbl_guc_70.1.1.bin version 70.1.1
[    0.580688] i915 0000:00:02.0: [drm] GT0: HuC firmware i915/kbl_huc_4.0.0.bin version 4.0.0
[    0.603542] i915 0000:00:02.0: [drm] GT0: HuC: authenticated for all workloads
[    0.603549] i915 0000:00:02.0: [drm] GT0: GUC: submission disabled
[    0.603552] i915 0000:00:02.0: [drm] GT0: GUC: SLPC disabled
[    0.609384] [drm] Initialized i915 1.6.0 20230929 for 0000:00:02.0 on minor 0
[    0.610191] ACPI: video: [Firmware Bug]: ACPI(PEGP) defines _DOD but not _DOS
[    0.610258] ACPI: video: Video Device [PEGP] (multi-head: yes  rom: no  post: no)
[    0.610350] input: Video Bus as /devices/LNXSYSTM:00/LNXSYBUS:00/PNP0A08:00/device:00/LNXVIDEO:00/input/input3
[    0.611812] ACPI: video: Video Device [GFX0] (multi-head: yes  rom: no  post: no)
[    0.611941] input: Video Bus as /devices/LNXSYSTM:00/LNXSYBUS:00/PNP0A08:00/LNXVIDEO:01/input/input4
[    0.612019] i915 display info: display version: 9
[    0.612021] i915 display info: cursor_needs_physical: no
[    0.612023] i915 display info: has_cdclk_crawl: no
[    0.612024] i915 display info: has_cdclk_squash: no
[    0.612024] i915 display info: has_ddi: yes
[    0.612025] i915 display info: has_dp_mst: yes
[    0.612026] i915 display info: has_dsb: no
[    0.612027] i915 display info: has_fpga_dbg: yes
[    0.612028] i915 display info: has_gmch: no
[    0.612029] i915 display info: has_hotplug: yes
[    0.612030] i915 display info: has_hti: no
[    0.612031] i915 display info: has_ipc: yes
[    0.612031] i915 display info: has_overlay: no
[    0.612032] i915 display info: has_psr: yes
[    0.612033] i915 display info: has_psr_hw_tracking: yes
[    0.612034] i915 display info: overlay_needs_physical: no
[    0.612035] i915 display info: supports_tv: no
[    0.612036] i915 display info: has_hdcp: yes
[    0.612037] i915 display info: has_dmc: yes
[    0.612037] i915 display info: has_dsc: no
[    0.613140] fbcon: i915drmfb (fb0) is primary device
[    0.614209] loop: module loaded
[    0.614308] intel-lpss 0000:00:15.0: enabling device (0000 -> 0002)
[    0.614370] mei_me 0000:00:16.0: enabling device (0000 -> 0002)
[    0.614688] intel-lpss 0000:00:15.1: enabling device (0000 -> 0002)
[    0.614852] intel-lpss 0000:00:1e.0: enabling device (0000 -> 0002)
[    0.615569] wireguard: WireGuard 1.0.0 loaded. See www.wireguard.com for information.
[    0.615571] wireguard: Copyright (C) 2015-2019 Jason A. Donenfeld <Jason@zx2c4.com>. All Rights Reserved.
[    0.615748] tun: Universal TUN/TAP device driver, 1.6
[    0.615778] nvme nvme0: pci function 0000:02:00.0
[    0.615834] e1000e: Intel(R) PRO/1000 Network Driver
[    0.615835] e1000e: Copyright(c) 1999 - 2015 Intel Corporation.
[    0.616563] e1000e 0000:00:1f.6: Interrupt Throttling Rate (ints/sec) set to dynamic conservative mode
[    0.624621] nvme nvme0: missing or invalid SUBNQN field.
[    0.624880] nvme nvme0: Shutdown timeout set to 8 seconds
[    0.640673] nvme nvme0: 12/0/0 default/read/poll queues
[    0.644750]  nvme0n1: p1 p2 p3 p4
[    0.758740] e1000e 0000:00:1f.6 eth0: (PCI Express:2.5GT/s:Width x1) f8:75:a4:2f:92:08
[    0.758745] e1000e 0000:00:1f.6 eth0: Intel(R) PRO/1000 Network Connection
[    0.758805] e1000e 0000:00:1f.6 eth0: MAC: 13, PHY: 12, PBA No: FFFFFF-0FF
[    0.759041] xhci_hcd 0000:00:14.0: xHCI Host Controller
[    0.759047] xhci_hcd 0000:00:14.0: new USB bus registered, assigned bus number 1
[    0.760207] xhci_hcd 0000:00:14.0: hcc params 0x200077c1 hci version 0x110 quirks 0x0000000000009810
[    0.760501] xhci_hcd 0000:00:14.0: xHCI Host Controller
[    0.760503] xhci_hcd 0000:00:14.0: new USB bus registered, assigned bus number 2
[    0.760506] xhci_hcd 0000:00:14.0: Host supports USB 3.1 Enhanced SuperSpeed
[    0.760608] usb usb1: New USB device found, idVendor=1d6b, idProduct=0002, bcdDevice= 6.08
[    0.760612] usb usb1: New USB device strings: Mfr=3, Product=2, SerialNumber=1
[    0.760614] usb usb1: Product: xHCI Host Controller
[    0.760615] usb usb1: Manufacturer: Linux 6.8.6-gentoo xhci-hcd
[    0.760616] usb usb1: SerialNumber: 0000:00:14.0
[    0.760856] hub 1-0:1.0: USB hub found
[    0.760878] hub 1-0:1.0: 16 ports detected
[    0.763211] usb usb2: New USB device found, idVendor=1d6b, idProduct=0003, bcdDevice= 6.08
[    0.763214] usb usb2: New USB device strings: Mfr=3, Product=2, SerialNumber=1
[    0.763215] usb usb2: Product: xHCI Host Controller
[    0.763217] usb usb2: Manufacturer: Linux 6.8.6-gentoo xhci-hcd
[    0.763218] usb usb2: SerialNumber: 0000:00:14.0
[    0.763385] hub 2-0:1.0: USB hub found
[    0.763404] hub 2-0:1.0: 10 ports detected
[    0.765031] xhci_hcd 0000:01:00.2: xHCI Host Controller
[    0.765036] xhci_hcd 0000:01:00.2: new USB bus registered, assigned bus number 3
[    0.765658] xhci_hcd 0000:01:00.2: hcc params 0x0180ff05 hci version 0x110 quirks 0x0000000000000010
[    0.765805] xhci_hcd 0000:01:00.2: xHCI Host Controller
[    0.765808] xhci_hcd 0000:01:00.2: new USB bus registered, assigned bus number 4
[    0.765810] xhci_hcd 0000:01:00.2: Host supports USB 3.1 Enhanced SuperSpeed
[    0.765847] usb usb3: New USB device found, idVendor=1d6b, idProduct=0002, bcdDevice= 6.08
[    0.765850] usb usb3: New USB device strings: Mfr=3, Product=2, SerialNumber=1
[    0.765851] usb usb3: Product: xHCI Host Controller
[    0.765852] usb usb3: Manufacturer: Linux 6.8.6-gentoo xhci-hcd
[    0.765853] usb usb3: SerialNumber: 0000:01:00.2
[    0.766021] hub 3-0:1.0: USB hub found
[    0.766030] hub 3-0:1.0: 2 ports detected
[    0.766340] usb usb4: We don't know the algorithms for LPM for this host, disabling LPM.
[    0.766357] usb usb4: New USB device found, idVendor=1d6b, idProduct=0003, bcdDevice= 6.08
[    0.766359] usb usb4: New USB device strings: Mfr=3, Product=2, SerialNumber=1
[    0.766360] usb usb4: Product: xHCI Host Controller
[    0.766362] usb usb4: Manufacturer: Linux 6.8.6-gentoo xhci-hcd
[    0.766363] usb usb4: SerialNumber: 0000:01:00.2
[    0.766527] hub 4-0:1.0: USB hub found
[    0.766538] hub 4-0:1.0: 4 ports detected
[    0.767225] xhci_hcd 0000:2c:00.0: xHCI Host Controller
[    0.767229] xhci_hcd 0000:2c:00.0: new USB bus registered, assigned bus number 5
[    0.768462] xhci_hcd 0000:2c:00.0: hcc params 0x200077c1 hci version 0x110 quirks 0x0000000200009810
[    0.768827] xhci_hcd 0000:2c:00.0: xHCI Host Controller
[    0.768830] xhci_hcd 0000:2c:00.0: new USB bus registered, assigned bus number 6
[    0.768832] xhci_hcd 0000:2c:00.0: Host supports USB 3.1 Enhanced SuperSpeed
[    0.768860] usb usb5: New USB device found, idVendor=1d6b, idProduct=0002, bcdDevice= 6.08
[    0.768863] usb usb5: New USB device strings: Mfr=3, Product=2, SerialNumber=1
[    0.768864] usb usb5: Product: xHCI Host Controller
[    0.768865] usb usb5: Manufacturer: Linux 6.8.6-gentoo xhci-hcd
[    0.768866] usb usb5: SerialNumber: 0000:2c:00.0
[    0.768984] hub 5-0:1.0: USB hub found
[    0.769018] hub 5-0:1.0: 2 ports detected
[    0.770333] usb usb6: New USB device found, idVendor=1d6b, idProduct=0003, bcdDevice= 6.08
[    0.770336] usb usb6: New USB device strings: Mfr=3, Product=2, SerialNumber=1
[    0.770337] usb usb6: Product: xHCI Host Controller
[    0.770338] usb usb6: Manufacturer: Linux 6.8.6-gentoo xhci-hcd
[    0.770339] usb usb6: SerialNumber: 0000:2c:00.0
[    0.770450] hub 6-0:1.0: USB hub found
[    0.770485] hub 6-0:1.0: 2 ports detected
[    0.772084] i8042: PNP: PS/2 Controller [PNP0303:KBD,PNP0f13:MOU] at 0x60,0x64 irq 1,12
[    0.773613] serio: i8042 KBD port at 0x60,0x64 irq 1
[    0.773617] serio: i8042 AUX port at 0x60,0x64 irq 12
[    0.773713] mousedev: PS/2 mouse device common for all mice
[    0.774014] rtc_cmos 00:04: RTC can wake from S4
[    0.775143] rtc_cmos 00:04: registered as rtc0
[    0.775171] rtc_cmos 00:04: alarms up to one month, y3k, 242 bytes nvram
[    0.775179] i2c_dev: i2c /dev entries driver
[    0.775818] input: AT Translated Set 2 keyboard as /devices/platform/i8042/serio0/input/input5
[    0.776945] Consider using thermal netlink events interface
[    0.780630] proc_thermal 0000:00:04.0: enabling device (0000 -> 0002)
[    0.783591] intel_rapl_common: Found RAPL domain package
[    0.783593] intel_rapl_common: Found RAPL domain dram
[    0.784106] intel_pch_thermal 0000:00:12.0: enabling device (0000 -> 0002)
[    0.784271] intel_tcc_cooling: Programmable TCC Offset detected
[    0.784904] intel_pstate: Intel P-state driver initializing
[    0.785711] intel_pstate: Disabling energy efficiency optimization
[    0.785712] intel_pstate: HWP enabled
[    0.785890] hid: raw HID events driver (C) Jiri Kosina
[    0.785928] usbcore: registered new interface driver usbhid
[    0.785929] usbhid: USB HID core driver
[    0.785971] thinkpad_acpi: ThinkPad ACPI Extras v0.26
[    0.785971] thinkpad_acpi: http://ibm-acpi.sf.net/
[    0.785972] thinkpad_acpi: ThinkPad BIOS N2NET59W (1.44 ), EC N2NHT29W
[    0.785972] thinkpad_acpi: Lenovo ThinkPad P53, model 20QQS1H508
[    0.786078] thinkpad_acpi: radio switch found; radios are enabled
[    0.786081] thinkpad_acpi: This ThinkPad has standard ACPI backlight brightness control, supported by the ACPI video driver
[    0.786082] thinkpad_acpi: Disabling thinkpad-acpi brightness events by default...
[    0.792691] thinkpad_acpi: volume: disabled as there is no ALSA support in this kernel
[    0.795891] thinkpad_acpi: secondary fan control detected & enabled
[    0.799253] thinkpad_acpi: battery 1 registered (start 0, stop 100, behaviours: 0x7)
[    0.799259] ACPI: battery: new extension: ThinkPad Battery Extension
[    0.804060] input: ThinkPad Extra Buttons as /devices/platform/thinkpad_acpi/input/input8
[    0.811320] pcieport 0000:08:04.0: pciehp: Slot(4-1): Card present
[    0.811322] pcieport 0000:08:04.0: pciehp: Slot(4-1): Link Up
[    0.944311] pci 0000:0a:00.0: [8086:15d3] type 01 class 0x060400 PCIe Switch Upstream Port
[    0.944424] pci 0000:0a:00.0: PCI bridge to [bus 00]
[    0.944443] pci 0000:0a:00.0:   bridge window [io  0x0000-0x0fff]
[    0.944456] pci 0000:0a:00.0:   bridge window [mem 0x00000000-0x000fffff]
[    0.944496] pci 0000:0a:00.0:   bridge window [mem 0x00000000-0x000fffff 64bit pref]
[    0.944539] pci 0000:0a:00.0: enabling Extended Tags
[    0.945643] pci 0000:0a:00.0: supports D1 D2
[    0.945645] pci 0000:0a:00.0: PME# supported from D0 D1 D2 D3hot D3cold
[    0.945852] pci 0000:0a:00.0: 8.000 Gb/s available PCIe bandwidth, limited by 2.5 GT/s PCIe x4 link at 0000:05:01.0 (capable of 31.504 Gb/s with 8.0 GT/s PCIe x4 link)
[    0.946070] pci 0000:0a:00.0: Adding to iommu group 22
[    0.946167] pci 0000:0a:00.0: bridge configuration invalid ([bus 00-00]), reconfiguring
[    0.946376] pci 0000:0b:00.0: [8086:15d3] type 01 class 0x060400 PCIe Switch Downstream Port
[    0.946455] pci 0000:0b:00.0: PCI bridge to [bus 00]
[    0.946474] pci 0000:0b:00.0:   bridge window [io  0x0000-0x0fff]
[    0.946482] pci 0000:0b:00.0:   bridge window [mem 0x00000000-0x000fffff]
[    0.946514] pci 0000:0b:00.0:   bridge window [mem 0x00000000-0x000fffff 64bit pref]
[    0.946557] pci 0000:0b:00.0: enabling Extended Tags
[    0.947486] pci 0000:0b:00.0: supports D1 D2
[    0.947488] pci 0000:0b:00.0: PME# supported from D0 D1 D2 D3hot D3cold
[    0.947907] pci 0000:0b:00.0: Adding to iommu group 22
[    0.948016] pci 0000:0b:01.0: [8086:15d3] type 01 class 0x060400 PCIe Switch Downstream Port
[    0.948095] pci 0000:0b:01.0: PCI bridge to [bus 00]
[    0.948114] pci 0000:0b:01.0:   bridge window [io  0x0000-0x0fff]
[    0.948122] pci 0000:0b:01.0:   bridge window [mem 0x00000000-0x000fffff]
[    0.948154] pci 0000:0b:01.0:   bridge window [mem 0x00000000-0x000fffff 64bit pref]
[    0.948197] pci 0000:0b:01.0: enabling Extended Tags
[    0.949049] pci 0000:0b:01.0: supports D1 D2
[    0.949050] pci 0000:0b:01.0: PME# supported from D0 D1 D2 D3hot D3cold
[    0.949399] pci 0000:0b:01.0: Adding to iommu group 22
[    0.949507] pci 0000:0b:02.0: [8086:15d3] type 01 class 0x060400 PCIe Switch Downstream Port
[    0.949586] pci 0000:0b:02.0: PCI bridge to [bus 00]
[    0.949605] pci 0000:0b:02.0:   bridge window [io  0x0000-0x0fff]
[    0.949613] pci 0000:0b:02.0:   bridge window [mem 0x00000000-0x000fffff]
[    0.949645] pci 0000:0b:02.0:   bridge window [mem 0x00000000-0x000fffff 64bit pref]
[    0.949688] pci 0000:0b:02.0: enabling Extended Tags
[    0.950619] pci 0000:0b:02.0: supports D1 D2
[    0.950620] pci 0000:0b:02.0: PME# supported from D0 D1 D2 D3hot D3cold
[    0.950973] pci 0000:0b:02.0: Adding to iommu group 22
[    0.951106] pci 0000:0a:00.0: PCI bridge to [bus 0b-2b]
[    0.951146] pci 0000:0b:00.0: bridge configuration invalid ([bus 00-00]), reconfiguring
[    0.951165] pci 0000:0b:01.0: bridge configuration invalid ([bus 00-00]), reconfiguring
[    0.951183] pci 0000:0b:02.0: bridge configuration invalid ([bus 00-00]), reconfiguring
[    0.951428] pci 0000:0b:00.0: PCI bridge to [bus 0c-2b]
[    0.951464] pci_bus 0000:0c: busn_res: [bus 0c-2b] end is updated to 0c
[    0.951700] pci 0000:0b:01.0: PCI bridge to [bus 0d-2b]
[    0.951736] pci_bus 0000:0d: busn_res: [bus 0d-2b] end is updated to 0d
[    0.951971] pci 0000:0b:02.0: PCI bridge to [bus 0e-2b]
[    0.952007] pci_bus 0000:0e: busn_res: [bus 0e-2b] end is updated to 0e
[    0.952015] pci_bus 0000:0b: busn_res: [bus 0b-2b] end is updated to 0e
[    0.952024] pcieport 0000:08:04.0: bridge window [io  0x1000-0x3fff] to [bus 0a-2b] add_size d000
[    0.952027] pcieport 0000:08:04.0: bridge window [io  size 0x10000]: can't assign; no space
[    0.952028] pcieport 0000:08:04.0: bridge window [io  size 0x10000]: failed to assign
[    0.952029] pcieport 0000:08:04.0: bridge window [io  size 0x3000]: can't assign; no space
[    0.952030] pcieport 0000:08:04.0: bridge window [io  size 0x3000]: failed to assign
[    0.952031] pci 0000:0a:00.0: bridge window [mem 0xa5800000-0xafffffff]: assigned
[    0.952032] pci 0000:0a:00.0: bridge window [mem 0x6018000000-0x601fffffff 64bit pref]: assigned
[    0.952033] pci 0000:0a:00.0: bridge window [io  size 0x3000]: can't assign; no space
[    0.952034] pci 0000:0a:00.0: bridge window [io  size 0x3000]: failed to assign
[    0.952035] pci 0000:0b:00.0: bridge window [mem 0xa5800000-0xa8ffffff]: assigned
[    0.952036] pci 0000:0b:00.0: bridge window [mem 0x6018000000-0x601a9fffff 64bit pref]: assigned
[    0.952037] pci 0000:0b:01.0: bridge window [mem 0xa9000000-0xac7fffff]: assigned
[    0.952038] pci 0000:0b:01.0: bridge window [mem 0x601aa00000-0x601d3fffff 64bit pref]: assigned
[    0.952038] pci 0000:0b:02.0: bridge window [mem 0xac800000-0xafffffff]: assigned
[    0.952039] pci 0000:0b:02.0: bridge window [mem 0x601d400000-0x601fdfffff 64bit pref]: assigned
[    0.952040] pci 0000:0b:00.0: bridge window [io  size 0x1000]: can't assign; no space
[    0.952040] pci 0000:0b:00.0: bridge window [io  size 0x1000]: failed to assign
[    0.952041] pci 0000:0b:01.0: bridge window [io  size 0x1000]: can't assign; no space
[    0.952042] pci 0000:0b:01.0: bridge window [io  size 0x1000]: failed to assign
[    0.952042] pci 0000:0b:02.0: bridge window [io  size 0x1000]: can't assign; no space
[    0.952043] pci 0000:0b:02.0: bridge window [io  size 0x1000]: failed to assign
